[0.000s][warning][gc] -XX:+PrintGCDetails is deprecated. Will use -Xlog:gc* instead.
[0.004s][info   ][gc] Using G1
[0.007s][info   ][gc,init] Version: 17.0.17+10 (release)
[0.007s][info   ][gc,init] CPUs: 12 total, 12 available
[0.007s][info   ][gc,init] Memory: 15656M
[0.007s][info   ][gc,init] Large Page Support: Disabled
[0.007s][info   ][gc,init] NUMA Support: Disabled
[0.007s][info   ][gc,init] Compressed Oops: Enabled (Zero based)
[0.007s][info   ][gc,init] Heap Region Size: 2M
[0.007s][info   ][gc,init] Heap Min Capacity: 8M
[0.007s][info   ][gc,init] Heap Initial Capacity: 246M
[0.007s][info   ][gc,init] Heap Max Capacity: 3916M
[0.007s][info   ][gc,init] Pre-touch: Disabled
[0.007s][info   ][gc,init] Parallel Workers: 10
[0.007s][info   ][gc,init] Concurrent Workers: 3
[0.007s][info   ][gc,init] Concurrent Refinement Workers: 10
[0.007s][info   ][gc,init] Periodic GC: Disabled
[0.015s][info   ][gc,metaspace] CDS archive(s) mapped at: [0x00007f50e7000000-0x00007f50e7bca000-0x00007f50e7bca000), size 12361728, SharedBaseAddress: 0x00007f50e7000000, ArchiveRelocationMode: 1.
[0.015s][info   ][gc,metaspace] Compressed class space mapped at: 0x00007f50e8000000-0x00007f5128000000, reserved size: 1073741824
[0.015s][info   ][gc,metaspace] Narrow klass base: 0x00007f50e7000000, Narrow klass shift: 0, Narrow klass range: 0x100000000
[0.280s][info   ][gc,start    ] GC(0) Pause Full (System.gc())
[0.281s][info   ][gc,task     ] GC(0) Using 6 workers of 10 for full compaction
[0.281s][info   ][gc,phases,start] GC(0) Phase 1: Mark live objects
[0.282s][info   ][gc,phases      ] GC(0) Phase 1: Mark live objects 1.298ms
[0.282s][info   ][gc,phases,start] GC(0) Phase 2: Prepare for compaction
[0.283s][info   ][gc,phases      ] GC(0) Phase 2: Prepare for compaction 0.468ms
[0.283s][info   ][gc,phases,start] GC(0) Phase 3: Adjust pointers
[0.283s][info   ][gc,phases      ] GC(0) Phase 3: Adjust pointers 0.673ms
[0.283s][info   ][gc,phases,start] GC(0) Phase 4: Compact heap
[0.285s][info   ][gc,phases      ] GC(0) Phase 4: Compact heap 1.033ms
[0.286s][info   ][gc,heap        ] GC(0) Eden regions: 10->0(8)
[0.286s][info   ][gc,heap        ] GC(0) Survivor regions: 0->0(0)
[0.286s][info   ][gc,heap        ] GC(0) Old regions: 0->6
[0.286s][info   ][gc,heap        ] GC(0) Archive regions: 2->2
[0.286s][info   ][gc,heap        ] GC(0) Humongous regions: 0->0
[0.286s][info   ][gc,metaspace   ] GC(0) Metaspace: 9512K(9792K)->9512K(9792K) NonClass: 8354K(8512K)->8354K(8512K) Class: 1157K(1280K)->1157K(1280K)
[0.286s][info   ][gc             ] GC(0) Pause Full (System.gc()) 21M->4M(54M) 5.744ms
[0.286s][info   ][gc,cpu         ] GC(0) User=0.02s Sys=0.01s Real=0.01s
[0.287s][info   ][gc,start       ] GC(1) Pause Full (System.gc())
[0.287s][info   ][gc,task        ] GC(1) Using 2 workers of 10 for full compaction
[0.287s][info   ][gc,phases,start] GC(1) Phase 1: Mark live objects
[0.289s][info   ][gc,phases      ] GC(1) Phase 1: Mark live objects 2.042ms
[0.289s][info   ][gc,phases,start] GC(1) Phase 2: Prepare for compaction
[0.290s][info   ][gc,phases      ] GC(1) Phase 2: Prepare for compaction 0.425ms
[0.290s][info   ][gc,phases,start] GC(1) Phase 3: Adjust pointers
[0.291s][info   ][gc,phases      ] GC(1) Phase 3: Adjust pointers 0.921ms
[0.291s][info   ][gc,phases,start] GC(1) Phase 4: Compact heap
[0.291s][info   ][gc,phases      ] GC(1) Phase 4: Compact heap 0.365ms
[0.292s][info   ][gc,heap        ] GC(1) Eden regions: 1->0(3)
[0.292s][info   ][gc,heap        ] GC(1) Survivor regions: 0->0(0)
[0.292s][info   ][gc,heap        ] GC(1) Old regions: 6->2
[0.292s][info   ][gc,heap        ] GC(1) Archive regions: 2->2
[0.292s][info   ][gc,heap        ] GC(1) Humongous regions: 0->0
[0.292s][info   ][gc,metaspace   ] GC(1) Metaspace: 9512K(9792K)->9512K(9792K) NonClass: 8354K(8512K)->8354K(8512K) Class: 1157K(1280K)->1157K(1280K)
[0.292s][info   ][gc             ] GC(1) Pause Full (System.gc()) 5M->4M(28M) 4.784ms
[0.292s][info   ][gc,cpu         ] GC(1) User=0.01s Sys=0.00s Real=0.00s
[0.293s][info   ][gc,start       ] GC(2) Pause Full (System.gc())
[0.293s][info   ][gc,task        ] GC(2) Using 1 workers of 10 for full compaction
[0.293s][info   ][gc,phases,start] GC(2) Phase 1: Mark live objects
[0.296s][info   ][gc,phases      ] GC(2) Phase 1: Mark live objects 3.260ms
[0.296s][info   ][gc,phases,start] GC(2) Phase 2: Prepare for compaction
[0.297s][info   ][gc,phases      ] GC(2) Phase 2: Prepare for compaction 0.669ms
[0.297s][info   ][gc,phases,start] GC(2) Phase 3: Adjust pointers
[0.299s][info   ][gc,phases      ] GC(2) Phase 3: Adjust pointers 1.489ms
[0.299s][info   ][gc,phases,start] GC(2) Phase 4: Compact heap
[0.299s][info   ][gc,phases      ] GC(2) Phase 4: Compact heap 0.467ms
[0.300s][info   ][gc,heap        ] GC(2) Eden regions: 1->0(3)
[0.300s][info   ][gc,heap        ] GC(2) Survivor regions: 0->0(0)
[0.300s][info   ][gc,heap        ] GC(2) Old regions: 2->2
[0.300s][info   ][gc,heap        ] GC(2) Archive regions: 2->2
[0.300s][info   ][gc,heap        ] GC(2) Humongous regions: 0->0
[0.300s][info   ][gc,metaspace   ] GC(2) Metaspace: 9512K(9792K)->9512K(9792K) NonClass: 8354K(8512K)->8354K(8512K) Class: 1157K(1280K)->1157K(1280K)
[0.300s][info   ][gc             ] GC(2) Pause Full (System.gc()) 5M->4M(28M) 6.812ms
[0.300s][info   ][gc,cpu         ] GC(2) User=0.01s Sys=0.00s Real=0.01s
[0.300s][info   ][gc,start       ] GC(3) Pause Full (System.gc())
[0.300s][info   ][gc,task        ] GC(3) Using 1 workers of 10 for full compaction
[0.301s][info   ][gc,phases,start] GC(3) Phase 1: Mark live objects
[0.304s][info   ][gc,phases      ] GC(3) Phase 1: Mark live objects 3.247ms
[0.304s][info   ][gc,phases,start] GC(3) Phase 2: Prepare for compaction
[0.304s][info   ][gc,phases      ] GC(3) Phase 2: Prepare for compaction 0.255ms
[0.304s][info   ][gc,phases,start] GC(3) Phase 3: Adjust pointers
[0.306s][info   ][gc,phases      ] GC(3) Phase 3: Adjust pointers 1.718ms
[0.306s][info   ][gc,phases,start] GC(3) Phase 4: Compact heap
[0.306s][info   ][gc,phases      ] GC(3) Phase 4: Compact heap 0.149ms
[0.307s][info   ][gc,heap        ] GC(3) Eden regions: 1->0(3)
[0.307s][info   ][gc,heap        ] GC(3) Survivor regions: 0->0(0)
[0.307s][info   ][gc,heap        ] GC(3) Old regions: 2->2
[0.307s][info   ][gc,heap        ] GC(3) Archive regions: 2->2
[0.307s][info   ][gc,heap        ] GC(3) Humongous regions: 0->0
[0.307s][info   ][gc,metaspace   ] GC(3) Metaspace: 9512K(9792K)->9512K(9792K) NonClass: 8354K(8512K)->8354K(8512K) Class: 1157K(1280K)->1157K(1280K)
[0.307s][info   ][gc             ] GC(3) Pause Full (System.gc()) 5M->4M(28M) 6.206ms
[0.307s][info   ][gc,cpu         ] GC(3) User=0.02s Sys=0.00s Real=0.01s
[0.308s][info   ][gc,start       ] GC(4) Pause Full (System.gc())
[0.308s][info   ][gc,task        ] GC(4) Using 1 workers of 10 for full compaction
[0.308s][info   ][gc,phases,start] GC(4) Phase 1: Mark live objects
[0.311s][info   ][gc,phases      ] GC(4) Phase 1: Mark live objects 3.052ms
[0.311s][info   ][gc,phases,start] GC(4) Phase 2: Prepare for compaction
[0.311s][info   ][gc,phases      ] GC(4) Phase 2: Prepare for compaction 0.191ms
[0.311s][info   ][gc,phases,start] GC(4) Phase 3: Adjust pointers
[0.313s][info   ][gc,phases      ] GC(4) Phase 3: Adjust pointers 1.637ms
[0.313s][info   ][gc,phases,start] GC(4) Phase 4: Compact heap
[0.313s][info   ][gc,phases      ] GC(4) Phase 4: Compact heap 0.164ms
[0.313s][info   ][gc,heap        ] GC(4) Eden regions: 1->0(3)
[0.313s][info   ][gc,heap        ] GC(4) Survivor regions: 0->0(0)
[0.313s][info   ][gc,heap        ] GC(4) Old regions: 2->2
[0.313s][info   ][gc,heap        ] GC(4) Archive regions: 2->2
[0.313s][info   ][gc,heap        ] GC(4) Humongous regions: 0->0
[0.313s][info   ][gc,metaspace   ] GC(4) Metaspace: 9512K(9792K)->9512K(9792K) NonClass: 8354K(8512K)->8354K(8512K) Class: 1157K(1280K)->1157K(1280K)
[0.313s][info   ][gc             ] GC(4) Pause Full (System.gc()) 6M->4M(28M) 5.710ms
[0.313s][info   ][gc,cpu         ] GC(4) User=0.01s Sys=0.00s Real=0.00s
[0.314s][info   ][gc,start       ] GC(5) Pause Full (System.gc())
[0.314s][info   ][gc,task        ] GC(5) Using 1 workers of 10 for full compaction
[0.314s][info   ][gc,phases,start] GC(5) Phase 1: Mark live objects
[0.317s][info   ][gc,phases      ] GC(5) Phase 1: Mark live objects 3.050ms
[0.317s][info   ][gc,phases,start] GC(5) Phase 2: Prepare for compaction
[0.318s][info   ][gc,phases      ] GC(5) Phase 2: Prepare for compaction 0.265ms
[0.318s][info   ][gc,phases,start] GC(5) Phase 3: Adjust pointers
[0.319s][info   ][gc,phases      ] GC(5) Phase 3: Adjust pointers 1.535ms
[0.319s][info   ][gc,phases,start] GC(5) Phase 4: Compact heap
[0.319s][info   ][gc,phases      ] GC(5) Phase 4: Compact heap 0.155ms
[0.320s][info   ][gc,heap        ] GC(5) Eden regions: 1->0(3)
[0.320s][info   ][gc,heap        ] GC(5) Survivor regions: 0->0(0)
[0.320s][info   ][gc,heap        ] GC(5) Old regions: 2->2
[0.320s][info   ][gc,heap        ] GC(5) Archive regions: 2->2
[0.320s][info   ][gc,heap        ] GC(5) Humongous regions: 0->0
[0.320s][info   ][gc,metaspace   ] GC(5) Metaspace: 9512K(9792K)->9512K(9792K) NonClass: 8354K(8512K)->8354K(8512K) Class: 1157K(1280K)->1157K(1280K)
[0.320s][info   ][gc             ] GC(5) Pause Full (System.gc()) 5M->4M(28M) 5.743ms
[0.320s][info   ][gc,cpu         ] GC(5) User=0.01s Sys=0.00s Real=0.00s
[0.321s][info   ][gc,start       ] GC(6) Pause Full (System.gc())
[0.321s][info   ][gc,task        ] GC(6) Using 1 workers of 10 for full compaction
[0.321s][info   ][gc,phases,start] GC(6) Phase 1: Mark live objects
[0.324s][info   ][gc,phases      ] GC(6) Phase 1: Mark live objects 3.344ms
[0.324s][info   ][gc,phases,start] GC(6) Phase 2: Prepare for compaction
[0.324s][info   ][gc,phases      ] GC(6) Phase 2: Prepare for compaction 0.115ms
[0.324s][info   ][gc,phases,start] GC(6) Phase 3: Adjust pointers
[0.326s][info   ][gc,phases      ] GC(6) Phase 3: Adjust pointers 1.857ms
[0.326s][info   ][gc,phases,start] GC(6) Phase 4: Compact heap
[0.327s][info   ][gc,phases      ] GC(6) Phase 4: Compact heap 0.237ms
[0.327s][info   ][gc,heap        ] GC(6) Eden regions: 1->0(3)
[0.327s][info   ][gc,heap        ] GC(6) Survivor regions: 0->0(0)
[0.327s][info   ][gc,heap        ] GC(6) Old regions: 2->2
[0.327s][info   ][gc,heap        ] GC(6) Archive regions: 2->2
[0.327s][info   ][gc,heap        ] GC(6) Humongous regions: 0->0
[0.327s][info   ][gc,metaspace   ] GC(6) Metaspace: 9512K(9792K)->9512K(9792K) NonClass: 8354K(8512K)->8354K(8512K) Class: 1157K(1280K)->1157K(1280K)
[0.327s][info   ][gc             ] GC(6) Pause Full (System.gc()) 5M->4M(28M) 6.260ms
[0.327s][info   ][gc,cpu         ] GC(6) User=0.01s Sys=0.00s Real=0.01s
[0.328s][info   ][gc,start       ] GC(7) Pause Full (System.gc())
[0.328s][info   ][gc,task        ] GC(7) Using 1 workers of 10 for full compaction
[0.328s][info   ][gc,phases,start] GC(7) Phase 1: Mark live objects
[0.332s][info   ][gc,phases      ] GC(7) Phase 1: Mark live objects 3.454ms
[0.332s][info   ][gc,phases,start] GC(7) Phase 2: Prepare for compaction
[0.332s][info   ][gc,phases      ] GC(7) Phase 2: Prepare for compaction 0.156ms
[0.332s][info   ][gc,phases,start] GC(7) Phase 3: Adjust pointers
[0.334s][info   ][gc,phases      ] GC(7) Phase 3: Adjust pointers 1.941ms
[0.334s][info   ][gc,phases,start] GC(7) Phase 4: Compact heap
[0.334s][info   ][gc,phases      ] GC(7) Phase 4: Compact heap 0.063ms
[0.334s][info   ][gc,heap        ] GC(7) Eden regions: 1->0(3)
[0.334s][info   ][gc,heap        ] GC(7) Survivor regions: 0->0(0)
[0.334s][info   ][gc,heap        ] GC(7) Old regions: 2->2
[0.334s][info   ][gc,heap        ] GC(7) Archive regions: 2->2
[0.334s][info   ][gc,heap        ] GC(7) Humongous regions: 0->0
[0.334s][info   ][gc,metaspace   ] GC(7) Metaspace: 9512K(9792K)->9512K(9792K) NonClass: 8354K(8512K)->8354K(8512K) Class: 1157K(1280K)->1157K(1280K)
[0.334s][info   ][gc             ] GC(7) Pause Full (System.gc()) 5M->4M(28M) 6.193ms
[0.334s][info   ][gc,cpu         ] GC(7) User=0.01s Sys=0.00s Real=0.01s
[0.335s][info   ][gc,start       ] GC(8) Pause Full (System.gc())
[0.335s][info   ][gc,task        ] GC(8) Using 1 workers of 10 for full compaction
[0.335s][info   ][gc,phases,start] GC(8) Phase 1: Mark live objects
[0.339s][info   ][gc,phases      ] GC(8) Phase 1: Mark live objects 3.362ms
[0.339s][info   ][gc,phases,start] GC(8) Phase 2: Prepare for compaction
[0.339s][info   ][gc,phases      ] GC(8) Phase 2: Prepare for compaction 0.182ms
[0.339s][info   ][gc,phases,start] GC(8) Phase 3: Adjust pointers
[0.340s][info   ][gc,phases      ] GC(8) Phase 3: Adjust pointers 1.693ms
[0.340s][info   ][gc,phases,start] GC(8) Phase 4: Compact heap
[0.341s][info   ][gc,phases      ] GC(8) Phase 4: Compact heap 0.087ms
[0.341s][info   ][gc,heap        ] GC(8) Eden regions: 1->0(3)
[0.341s][info   ][gc,heap        ] GC(8) Survivor regions: 0->0(0)
[0.341s][info   ][gc,heap        ] GC(8) Old regions: 2->2
[0.341s][info   ][gc,heap        ] GC(8) Archive regions: 2->2
[0.341s][info   ][gc,heap        ] GC(8) Humongous regions: 0->0
[0.341s][info   ][gc,metaspace   ] GC(8) Metaspace: 9512K(9792K)->9512K(9792K) NonClass: 8354K(8512K)->8354K(8512K) Class: 1157K(1280K)->1157K(1280K)
[0.341s][info   ][gc             ] GC(8) Pause Full (System.gc()) 5M->4M(28M) 5.995ms
[0.341s][info   ][gc,cpu         ] GC(8) User=0.00s Sys=0.00s Real=0.00s
[0.342s][info   ][gc,start       ] GC(9) Pause Full (System.gc())
[0.342s][info   ][gc,task        ] GC(9) Using 1 workers of 10 for full compaction
[0.342s][info   ][gc,phases,start] GC(9) Phase 1: Mark live objects
[0.345s][info   ][gc,phases      ] GC(9) Phase 1: Mark live objects 3.172ms
[0.345s][info   ][gc,phases,start] GC(9) Phase 2: Prepare for compaction
[0.345s][info   ][gc,phases      ] GC(9) Phase 2: Prepare for compaction 0.280ms
[0.345s][info   ][gc,phases,start] GC(9) Phase 3: Adjust pointers
[0.347s][info   ][gc,phases      ] GC(9) Phase 3: Adjust pointers 1.874ms
[0.347s][info   ][gc,phases,start] GC(9) Phase 4: Compact heap
[0.348s][info   ][gc,phases      ] GC(9) Phase 4: Compact heap 0.160ms
[0.348s][info   ][gc,heap        ] GC(9) Eden regions: 1->0(3)
[0.348s][info   ][gc,heap        ] GC(9) Survivor regions: 0->0(0)
[0.348s][info   ][gc,heap        ] GC(9) Old regions: 2->2
[0.348s][info   ][gc,heap        ] GC(9) Archive regions: 2->2
[0.348s][info   ][gc,heap        ] GC(9) Humongous regions: 0->0
[0.348s][info   ][gc,metaspace   ] GC(9) Metaspace: 9512K(9792K)->9512K(9792K) NonClass: 8354K(8512K)->8354K(8512K) Class: 1157K(1280K)->1157K(1280K)
[0.348s][info   ][gc             ] GC(9) Pause Full (System.gc()) 5M->4M(28M) 6.146ms
[0.348s][info   ][gc,cpu         ] GC(9) User=0.00s Sys=0.00s Real=0.01s
[0.349s][info   ][gc,start       ] GC(10) Pause Full (System.gc())
[0.349s][info   ][gc,task        ] GC(10) Using 1 workers of 10 for full compaction
[0.349s][info   ][gc,phases,start] GC(10) Phase 1: Mark live objects
[0.352s][info   ][gc,phases      ] GC(10) Phase 1: Mark live objects 3.225ms
[0.352s][info   ][gc,phases,start] GC(10) Phase 2: Prepare for compaction
[0.352s][info   ][gc,phases      ] GC(10) Phase 2: Prepare for compaction 0.172ms
[0.352s][info   ][gc,phases,start] GC(10) Phase 3: Adjust pointers
[0.354s][info   ][gc,phases      ] GC(10) Phase 3: Adjust pointers 1.589ms
[0.354s][info   ][gc,phases,start] GC(10) Phase 4: Compact heap
[0.354s][info   ][gc,phases      ] GC(10) Phase 4: Compact heap 0.153ms
[0.355s][info   ][gc,heap        ] GC(10) Eden regions: 1->0(3)
[0.355s][info   ][gc,heap        ] GC(10) Survivor regions: 0->0(0)
[0.355s][info   ][gc,heap        ] GC(10) Old regions: 2->2
[0.355s][info   ][gc,heap        ] GC(10) Archive regions: 2->2
[0.355s][info   ][gc,heap        ] GC(10) Humongous regions: 0->0
[0.355s][info   ][gc,metaspace   ] GC(10) Metaspace: 9512K(9792K)->9512K(9792K) NonClass: 8354K(8512K)->8354K(8512K) Class: 1157K(1280K)->1157K(1280K)
[0.355s][info   ][gc             ] GC(10) Pause Full (System.gc()) 5M->4M(28M) 5.820ms
[0.355s][info   ][gc,cpu         ] GC(10) User=0.01s Sys=0.00s Real=0.01s
[0.356s][info   ][gc,start       ] GC(11) Pause Full (System.gc())
[0.356s][info   ][gc,task        ] GC(11) Using 1 workers of 10 for full compaction
[0.356s][info   ][gc,phases,start] GC(11) Phase 1: Mark live objects
[0.359s][info   ][gc,phases      ] GC(11) Phase 1: Mark live objects 3.366ms
[0.359s][info   ][gc,phases,start] GC(11) Phase 2: Prepare for compaction
[0.359s][info   ][gc,phases      ] GC(11) Phase 2: Prepare for compaction 0.182ms
[0.359s][info   ][gc,phases,start] GC(11) Phase 3: Adjust pointers
[0.361s][info   ][gc,phases      ] GC(11) Phase 3: Adjust pointers 1.687ms
[0.361s][info   ][gc,phases,start] GC(11) Phase 4: Compact heap
[0.361s][info   ][gc,phases      ] GC(11) Phase 4: Compact heap 0.100ms
[0.362s][info   ][gc,heap        ] GC(11) Eden regions: 1->0(3)
[0.362s][info   ][gc,heap        ] GC(11) Survivor regions: 0->0(0)
[0.362s][info   ][gc,heap        ] GC(11) Old regions: 2->2
[0.362s][info   ][gc,heap        ] GC(11) Archive regions: 2->2
[0.362s][info   ][gc,heap        ] GC(11) Humongous regions: 0->0
[0.362s][info   ][gc,metaspace   ] GC(11) Metaspace: 9512K(9792K)->9512K(9792K) NonClass: 8354K(8512K)->8354K(8512K) Class: 1157K(1280K)->1157K(1280K)
[0.362s][info   ][gc             ] GC(11) Pause Full (System.gc()) 5M->4M(28M) 5.921ms
[0.362s][info   ][gc,cpu         ] GC(11) User=0.01s Sys=0.00s Real=0.00s
[0.362s][info   ][gc,start       ] GC(12) Pause Full (System.gc())
[0.362s][info   ][gc,task        ] GC(12) Using 1 workers of 10 for full compaction
[0.362s][info   ][gc,phases,start] GC(12) Phase 1: Mark live objects
[0.366s][info   ][gc,phases      ] GC(12) Phase 1: Mark live objects 4.008ms
[0.366s][info   ][gc,phases,start] GC(12) Phase 2: Prepare for compaction
[0.367s][info   ][gc,phases      ] GC(12) Phase 2: Prepare for compaction 0.175ms
[0.367s][info   ][gc,phases,start] GC(12) Phase 3: Adjust pointers
[0.369s][info   ][gc,phases      ] GC(12) Phase 3: Adjust pointers 1.968ms
[0.369s][info   ][gc,phases,start] GC(12) Phase 4: Compact heap
[0.369s][info   ][gc,phases      ] GC(12) Phase 4: Compact heap 0.199ms
[0.369s][info   ][gc,heap        ] GC(12) Eden regions: 1->0(3)
[0.369s][info   ][gc,heap        ] GC(12) Survivor regions: 0->0(0)
[0.369s][info   ][gc,heap        ] GC(12) Old regions: 2->2
[0.369s][info   ][gc,heap        ] GC(12) Archive regions: 2->2
[0.369s][info   ][gc,heap        ] GC(12) Humongous regions: 0->0
[0.369s][info   ][gc,metaspace   ] GC(12) Metaspace: 9512K(9792K)->9512K(9792K) NonClass: 8354K(8512K)->8354K(8512K) Class: 1157K(1280K)->1157K(1280K)
[0.369s][info   ][gc             ] GC(12) Pause Full (System.gc()) 4M->4M(28M) 6.969ms
[0.369s][info   ][gc,cpu         ] GC(12) User=0.00s Sys=0.00s Real=0.01s
[0.370s][info   ][gc,start       ] GC(13) Pause Full (System.gc())
[0.370s][info   ][gc,task        ] GC(13) Using 1 workers of 10 for full compaction
[0.370s][info   ][gc,phases,start] GC(13) Phase 1: Mark live objects
[0.374s][info   ][gc,phases      ] GC(13) Phase 1: Mark live objects 4.045ms
[0.374s][info   ][gc,phases,start] GC(13) Phase 2: Prepare for compaction
[0.374s][info   ][gc,phases      ] GC(13) Phase 2: Prepare for compaction 0.249ms
[0.374s][info   ][gc,phases,start] GC(13) Phase 3: Adjust pointers
[0.376s][info   ][gc,phases      ] GC(13) Phase 3: Adjust pointers 1.964ms
[0.376s][info   ][gc,phases,start] GC(13) Phase 4: Compact heap
[0.376s][info   ][gc,phases      ] GC(13) Phase 4: Compact heap 0.171ms
[0.377s][info   ][gc,heap        ] GC(13) Eden regions: 0->0(3)
[0.377s][info   ][gc,heap        ] GC(13) Survivor regions: 0->0(0)
[0.377s][info   ][gc,heap        ] GC(13) Old regions: 2->2
[0.377s][info   ][gc,heap        ] GC(13) Archive regions: 2->2
[0.377s][info   ][gc,heap        ] GC(13) Humongous regions: 0->0
[0.377s][info   ][gc,metaspace   ] GC(13) Metaspace: 9512K(9792K)->9512K(9792K) NonClass: 8354K(8512K)->8354K(8512K) Class: 1157K(1280K)->1157K(1280K)
[0.377s][info   ][gc             ] GC(13) Pause Full (System.gc()) 4M->4M(28M) 6.934ms
[0.377s][info   ][gc,cpu         ] GC(13) User=0.01s Sys=0.00s Real=0.01s
[0.377s][info   ][gc,start       ] GC(14) Pause Full (System.gc())
[0.377s][info   ][gc,task        ] GC(14) Using 1 workers of 10 for full compaction
[0.377s][info   ][gc,phases,start] GC(14) Phase 1: Mark live objects
[0.380s][info   ][gc,phases      ] GC(14) Phase 1: Mark live objects 3.234ms
[0.380s][info   ][gc,phases,start] GC(14) Phase 2: Prepare for compaction
[0.380s][info   ][gc,phases      ] GC(14) Phase 2: Prepare for compaction 0.256ms
[0.380s][info   ][gc,phases,start] GC(14) Phase 3: Adjust pointers
[0.382s][info   ][gc,phases      ] GC(14) Phase 3: Adjust pointers 2.127ms
[0.382s][info   ][gc,phases,start] GC(14) Phase 4: Compact heap
[0.383s][info   ][gc,phases      ] GC(14) Phase 4: Compact heap 0.190ms
[0.383s][info   ][gc,heap        ] GC(14) Eden regions: 0->0(3)
[0.383s][info   ][gc,heap        ] GC(14) Survivor regions: 0->0(0)
[0.383s][info   ][gc,heap        ] GC(14) Old regions: 2->2
[0.383s][info   ][gc,heap        ] GC(14) Archive regions: 2->2
[0.383s][info   ][gc,heap        ] GC(14) Humongous regions: 0->0
[0.383s][info   ][gc,metaspace   ] GC(14) Metaspace: 9512K(9792K)->9512K(9792K) NonClass: 8354K(8512K)->8354K(8512K) Class: 1157K(1280K)->1157K(1280K)
[0.383s][info   ][gc             ] GC(14) Pause Full (System.gc()) 4M->4M(28M) 6.322ms
[0.383s][info   ][gc,cpu         ] GC(14) User=0.00s Sys=0.00s Real=0.00s
[0.384s][info   ][gc,start       ] GC(15) Pause Full (System.gc())
[0.384s][info   ][gc,task        ] GC(15) Using 1 workers of 10 for full compaction
[0.384s][info   ][gc,phases,start] GC(15) Phase 1: Mark live objects
[0.387s][info   ][gc,phases      ] GC(15) Phase 1: Mark live objects 3.609ms
[0.387s][info   ][gc,phases,start] GC(15) Phase 2: Prepare for compaction
[0.388s][info   ][gc,phases      ] GC(15) Phase 2: Prepare for compaction 0.280ms
[0.388s][info   ][gc,phases,start] GC(15) Phase 3: Adjust pointers
[0.390s][info   ][gc,phases      ] GC(15) Phase 3: Adjust pointers 2.689ms
[0.390s][info   ][gc,phases,start] GC(15) Phase 4: Compact heap
[0.391s][info   ][gc,phases      ] GC(15) Phase 4: Compact heap 0.206ms
[0.391s][info   ][gc,heap        ] GC(15) Eden regions: 1->0(3)
[0.391s][info   ][gc,heap        ] GC(15) Survivor regions: 0->0(0)
[0.391s][info   ][gc,heap        ] GC(15) Old regions: 2->2
[0.391s][info   ][gc,heap        ] GC(15) Archive regions: 2->2
[0.391s][info   ][gc,heap        ] GC(15) Humongous regions: 0->0
[0.391s][info   ][gc,metaspace   ] GC(15) Metaspace: 9512K(9792K)->9512K(9792K) NonClass: 8354K(8512K)->8354K(8512K) Class: 1157K(1280K)->1157K(1280K)
[0.391s][info   ][gc             ] GC(15) Pause Full (System.gc()) 4M->4M(28M) 7.517ms
[0.391s][info   ][gc,cpu         ] GC(15) User=0.01s Sys=0.00s Real=0.00s
[0.391s][info   ][gc,start       ] GC(16) Pause Full (System.gc())
[0.391s][info   ][gc,task        ] GC(16) Using 1 workers of 10 for full compaction
[0.391s][info   ][gc,phases,start] GC(16) Phase 1: Mark live objects
[0.396s][info   ][gc,phases      ] GC(16) Phase 1: Mark live objects 4.701ms
[0.396s][info   ][gc,phases,start] GC(16) Phase 2: Prepare for compaction
[0.397s][info   ][gc,phases      ] GC(16) Phase 2: Prepare for compaction 0.428ms
[0.397s][info   ][gc,phases,start] GC(16) Phase 3: Adjust pointers
[0.399s][info   ][gc,phases      ] GC(16) Phase 3: Adjust pointers 2.212ms
[0.399s][info   ][gc,phases,start] GC(16) Phase 4: Compact heap
[0.399s][info   ][gc,phases      ] GC(16) Phase 4: Compact heap 0.334ms
[0.400s][info   ][gc,heap        ] GC(16) Eden regions: 0->0(3)
[0.400s][info   ][gc,heap        ] GC(16) Survivor regions: 0->0(0)
[0.400s][info   ][gc,heap        ] GC(16) Old regions: 2->2
[0.400s][info   ][gc,heap        ] GC(16) Archive regions: 2->2
[0.400s][info   ][gc,heap        ] GC(16) Humongous regions: 0->0
[0.400s][info   ][gc,metaspace   ] GC(16) Metaspace: 9512K(9792K)->9512K(9792K) NonClass: 8354K(8512K)->8354K(8512K) Class: 1157K(1280K)->1157K(1280K)
[0.400s][info   ][gc             ] GC(16) Pause Full (System.gc()) 4M->4M(28M) 8.482ms
[0.400s][info   ][gc,cpu         ] GC(16) User=0.01s Sys=0.00s Real=0.01s
[0.401s][info   ][gc,start       ] GC(17) Pause Full (System.gc())
[0.401s][info   ][gc,task        ] GC(17) Using 1 workers of 10 for full compaction
[0.401s][info   ][gc,phases,start] GC(17) Phase 1: Mark live objects
[0.406s][info   ][gc,phases      ] GC(17) Phase 1: Mark live objects 5.474ms
[0.406s][info   ][gc,phases,start] GC(17) Phase 2: Prepare for compaction
[0.406s][info   ][gc,phases      ] GC(17) Phase 2: Prepare for compaction 0.272ms
[0.406s][info   ][gc,phases,start] GC(17) Phase 3: Adjust pointers
[0.409s][info   ][gc,phases      ] GC(17) Phase 3: Adjust pointers 2.784ms
[0.409s][info   ][gc,phases,start] GC(17) Phase 4: Compact heap
[0.409s][info   ][gc,phases      ] GC(17) Phase 4: Compact heap 0.108ms
[0.410s][info   ][gc,heap        ] GC(17) Eden regions: 1->0(3)
[0.410s][info   ][gc,heap        ] GC(17) Survivor regions: 0->0(0)
[0.410s][info   ][gc,heap        ] GC(17) Old regions: 2->2
[0.410s][info   ][gc,heap        ] GC(17) Archive regions: 2->2
[0.410s][info   ][gc,heap        ] GC(17) Humongous regions: 0->0
[0.410s][info   ][gc,metaspace   ] GC(17) Metaspace: 9512K(9792K)->9512K(9792K) NonClass: 8354K(8512K)->8354K(8512K) Class: 1157K(1280K)->1157K(1280K)
[0.410s][info   ][gc             ] GC(17) Pause Full (System.gc()) 4M->4M(28M) 9.485ms
[0.410s][info   ][gc,cpu         ] GC(17) User=0.01s Sys=0.00s Real=0.01s
[0.410s][info   ][gc,start       ] GC(18) Pause Full (System.gc())
[0.410s][info   ][gc,task        ] GC(18) Using 1 workers of 10 for full compaction
[0.410s][info   ][gc,phases,start] GC(18) Phase 1: Mark live objects
[0.415s][info   ][gc,phases      ] GC(18) Phase 1: Mark live objects 4.591ms
[0.415s][info   ][gc,phases,start] GC(18) Phase 2: Prepare for compaction
[0.415s][info   ][gc,phases      ] GC(18) Phase 2: Prepare for compaction 0.312ms
[0.415s][info   ][gc,phases,start] GC(18) Phase 3: Adjust pointers
[0.418s][info   ][gc,phases      ] GC(18) Phase 3: Adjust pointers 2.361ms
[0.418s][info   ][gc,phases,start] GC(18) Phase 4: Compact heap
[0.418s][info   ][gc,phases      ] GC(18) Phase 4: Compact heap 0.134ms
[0.419s][info   ][gc,heap        ] GC(18) Eden regions: 1->0(3)
[0.419s][info   ][gc,heap        ] GC(18) Survivor regions: 0->0(0)
[0.419s][info   ][gc,heap        ] GC(18) Old regions: 2->2
[0.419s][info   ][gc,heap        ] GC(18) Archive regions: 2->2
[0.419s][info   ][gc,heap        ] GC(18) Humongous regions: 0->0
[0.419s][info   ][gc,metaspace   ] GC(18) Metaspace: 9512K(9792K)->9512K(9792K) NonClass: 8354K(8512K)->8354K(8512K) Class: 1157K(1280K)->1157K(1280K)
[0.419s][info   ][gc             ] GC(18) Pause Full (System.gc()) 4M->4M(28M) 8.326ms
[0.419s][info   ][gc,cpu         ] GC(18) User=0.00s Sys=0.00s Real=0.01s
[0.419s][info   ][gc,start       ] GC(19) Pause Full (System.gc())
[0.419s][info   ][gc,task        ] GC(19) Using 1 workers of 10 for full compaction
[0.419s][info   ][gc,phases,start] GC(19) Phase 1: Mark live objects
[0.424s][info   ][gc,phases      ] GC(19) Phase 1: Mark live objects 4.975ms
[0.424s][info   ][gc,phases,start] GC(19) Phase 2: Prepare for compaction
[0.424s][info   ][gc,phases      ] GC(19) Phase 2: Prepare for compaction 0.215ms
[0.424s][info   ][gc,phases,start] GC(19) Phase 3: Adjust pointers
[0.427s][info   ][gc,phases      ] GC(19) Phase 3: Adjust pointers 2.327ms
[0.427s][info   ][gc,phases,start] GC(19) Phase 4: Compact heap
[0.427s][info   ][gc,phases      ] GC(19) Phase 4: Compact heap 0.089ms
[0.427s][info   ][gc,heap        ] GC(19) Eden regions: 1->0(3)
[0.427s][info   ][gc,heap        ] GC(19) Survivor regions: 0->0(0)
[0.427s][info   ][gc,heap        ] GC(19) Old regions: 2->2
[0.427s][info   ][gc,heap        ] GC(19) Archive regions: 2->2
[0.427s][info   ][gc,heap        ] GC(19) Humongous regions: 0->0
[0.427s][info   ][gc,metaspace   ] GC(19) Metaspace: 9512K(9792K)->9512K(9792K) NonClass: 8354K(8512K)->8354K(8512K) Class: 1157K(1280K)->1157K(1280K)
[0.427s][info   ][gc             ] GC(19) Pause Full (System.gc()) 4M->4M(28M) 8.225ms
[0.427s][info   ][gc,cpu         ] GC(19) User=0.01s Sys=0.00s Real=0.01s
[0.428s][info   ][gc,start       ] GC(20) Pause Full (System.gc())
[0.428s][info   ][gc,task        ] GC(20) Using 1 workers of 10 for full compaction
[0.428s][info   ][gc,phases,start] GC(20) Phase 1: Mark live objects
[0.433s][info   ][gc,phases      ] GC(20) Phase 1: Mark live objects 5.218ms
[0.433s][info   ][gc,phases,start] GC(20) Phase 2: Prepare for compaction
[0.433s][info   ][gc,phases      ] GC(20) Phase 2: Prepare for compaction 0.284ms
[0.433s][info   ][gc,phases,start] GC(20) Phase 3: Adjust pointers
[0.436s][info   ][gc,phases      ] GC(20) Phase 3: Adjust pointers 3.106ms
[0.436s][info   ][gc,phases,start] GC(20) Phase 4: Compact heap
[0.436s][info   ][gc,phases      ] GC(20) Phase 4: Compact heap 0.086ms
[0.437s][info   ][gc,heap        ] GC(20) Eden regions: 1->0(3)
[0.437s][info   ][gc,heap        ] GC(20) Survivor regions: 0->0(0)
[0.437s][info   ][gc,heap        ] GC(20) Old regions: 2->2
[0.437s][info   ][gc,heap        ] GC(20) Archive regions: 2->2
[0.437s][info   ][gc,heap        ] GC(20) Humongous regions: 0->0
[0.437s][info   ][gc,metaspace   ] GC(20) Metaspace: 9512K(9792K)->9512K(9792K) NonClass: 8354K(8512K)->8354K(8512K) Class: 1157K(1280K)->1157K(1280K)
[0.437s][info   ][gc             ] GC(20) Pause Full (System.gc()) 4M->4M(28M) 9.505ms
[0.437s][info   ][gc,cpu         ] GC(20) User=0.01s Sys=0.00s Real=0.01s
[0.437s][info   ][gc,start       ] GC(21) Pause Full (System.gc())
[0.437s][info   ][gc,task        ] GC(21) Using 1 workers of 10 for full compaction
[0.437s][info   ][gc,phases,start] GC(21) Phase 1: Mark live objects
[0.443s][info   ][gc,phases      ] GC(21) Phase 1: Mark live objects 5.890ms
[0.443s][info   ][gc,phases,start] GC(21) Phase 2: Prepare for compaction
[0.444s][info   ][gc,phases      ] GC(21) Phase 2: Prepare for compaction 0.272ms
[0.444s][info   ][gc,phases,start] GC(21) Phase 3: Adjust pointers
[0.446s][info   ][gc,phases      ] GC(21) Phase 3: Adjust pointers 1.999ms
[0.446s][info   ][gc,phases,start] GC(21) Phase 4: Compact heap
[0.446s][info   ][gc,phases      ] GC(21) Phase 4: Compact heap 0.246ms
[0.447s][info   ][gc,heap        ] GC(21) Eden regions: 1->0(3)
[0.447s][info   ][gc,heap        ] GC(21) Survivor regions: 0->0(0)
[0.447s][info   ][gc,heap        ] GC(21) Old regions: 2->2
[0.447s][info   ][gc,heap        ] GC(21) Archive regions: 2->2
[0.447s][info   ][gc,heap        ] GC(21) Humongous regions: 0->0
[0.447s][info   ][gc,metaspace   ] GC(21) Metaspace: 9512K(9792K)->9512K(9792K) NonClass: 8354K(8512K)->8354K(8512K) Class: 1157K(1280K)->1157K(1280K)
[0.447s][info   ][gc             ] GC(21) Pause Full (System.gc()) 4M->4M(28M) 9.181ms
[0.447s][info   ][gc,cpu         ] GC(21) User=0.01s Sys=0.00s Real=0.01s
[0.447s][info   ][gc,start       ] GC(22) Pause Full (System.gc())
[0.447s][info   ][gc,task        ] GC(22) Using 1 workers of 10 for full compaction
[0.447s][info   ][gc,phases,start] GC(22) Phase 1: Mark live objects
[0.451s][info   ][gc,phases      ] GC(22) Phase 1: Mark live objects 4.290ms
[0.451s][info   ][gc,phases,start] GC(22) Phase 2: Prepare for compaction
[0.452s][info   ][gc,phases      ] GC(22) Phase 2: Prepare for compaction 0.212ms
[0.452s][info   ][gc,phases,start] GC(22) Phase 3: Adjust pointers
[0.454s][info   ][gc,phases      ] GC(22) Phase 3: Adjust pointers 2.860ms
[0.454s][info   ][gc,phases,start] GC(22) Phase 4: Compact heap
[0.455s][info   ][gc,phases      ] GC(22) Phase 4: Compact heap 0.167ms
[0.455s][info   ][gc,heap        ] GC(22) Eden regions: 1->0(3)
[0.455s][info   ][gc,heap        ] GC(22) Survivor regions: 0->0(0)
[0.455s][info   ][gc,heap        ] GC(22) Old regions: 2->2
[0.455s][info   ][gc,heap        ] GC(22) Archive regions: 2->2
[0.455s][info   ][gc,heap        ] GC(22) Humongous regions: 0->0
[0.455s][info   ][gc,metaspace   ] GC(22) Metaspace: 9512K(9792K)->9512K(9792K) NonClass: 8354K(8512K)->8354K(8512K) Class: 1157K(1280K)->1157K(1280K)
[0.455s][info   ][gc             ] GC(22) Pause Full (System.gc()) 4M->4M(28M) 8.287ms
[0.455s][info   ][gc,cpu         ] GC(22) User=0.01s Sys=0.00s Real=0.01s
[0.456s][info   ][gc,start       ] GC(23) Pause Full (System.gc())
[0.456s][info   ][gc,task        ] GC(23) Using 1 workers of 10 for full compaction
[0.456s][info   ][gc,phases,start] GC(23) Phase 1: Mark live objects
[0.461s][info   ][gc,phases      ] GC(23) Phase 1: Mark live objects 4.873ms
[0.461s][info   ][gc,phases,start] GC(23) Phase 2: Prepare for compaction
[0.461s][info   ][gc,phases      ] GC(23) Phase 2: Prepare for compaction 0.276ms
[0.461s][info   ][gc,phases,start] GC(23) Phase 3: Adjust pointers
[0.464s][info   ][gc,phases      ] GC(23) Phase 3: Adjust pointers 2.581ms
[0.464s][info   ][gc,phases,start] GC(23) Phase 4: Compact heap
[0.464s][info   ][gc,phases      ] GC(23) Phase 4: Compact heap 0.194ms
[0.464s][info   ][gc,heap        ] GC(23) Eden regions: 1->0(3)
[0.464s][info   ][gc,heap        ] GC(23) Survivor regions: 0->0(0)
[0.464s][info   ][gc,heap        ] GC(23) Old regions: 2->2
[0.464s][info   ][gc,heap        ] GC(23) Archive regions: 2->2
[0.464s][info   ][gc,heap        ] GC(23) Humongous regions: 0->0
[0.464s][info   ][gc,metaspace   ] GC(23) Metaspace: 9512K(9792K)->9512K(9792K) NonClass: 8354K(8512K)->8354K(8512K) Class: 1157K(1280K)->1157K(1280K)
[0.464s][info   ][gc             ] GC(23) Pause Full (System.gc()) 4M->4M(28M) 8.678ms
[0.464s][info   ][gc,cpu         ] GC(23) User=0.00s Sys=0.01s Real=0.01s
[0.465s][info   ][gc,start       ] GC(24) Pause Full (System.gc())
[0.465s][info   ][gc,task        ] GC(24) Using 1 workers of 10 for full compaction
[0.465s][info   ][gc,phases,start] GC(24) Phase 1: Mark live objects
[0.469s][info   ][gc,phases      ] GC(24) Phase 1: Mark live objects 3.741ms
[0.469s][info   ][gc,phases,start] GC(24) Phase 2: Prepare for compaction
[0.469s][info   ][gc,phases      ] GC(24) Phase 2: Prepare for compaction 0.110ms
[0.469s][info   ][gc,phases,start] GC(24) Phase 3: Adjust pointers
[0.472s][info   ][gc,phases      ] GC(24) Phase 3: Adjust pointers 2.832ms
[0.472s][info   ][gc,phases,start] GC(24) Phase 4: Compact heap
[0.472s][info   ][gc,phases      ] GC(24) Phase 4: Compact heap 0.081ms
[0.472s][info   ][gc,heap        ] GC(24) Eden regions: 1->0(3)
[0.472s][info   ][gc,heap        ] GC(24) Survivor regions: 0->0(0)
[0.472s][info   ][gc,heap        ] GC(24) Old regions: 2->2
[0.472s][info   ][gc,heap        ] GC(24) Archive regions: 2->2
[0.472s][info   ][gc,heap        ] GC(24) Humongous regions: 0->0
[0.472s][info   ][gc,metaspace   ] GC(24) Metaspace: 9512K(9792K)->9512K(9792K) NonClass: 8354K(8512K)->8354K(8512K) Class: 1157K(1280K)->1157K(1280K)
[0.472s][info   ][gc             ] GC(24) Pause Full (System.gc()) 4M->4M(28M) 7.354ms
[0.472s][info   ][gc,cpu         ] GC(24) User=0.01s Sys=0.00s Real=0.00s
[0.472s][info   ][gc,start       ] GC(25) Pause Full (System.gc())
[0.472s][info   ][gc,task        ] GC(25) Using 1 workers of 10 for full compaction
[0.472s][info   ][gc,phases,start] GC(25) Phase 1: Mark live objects
[0.476s][info   ][gc,phases      ] GC(25) Phase 1: Mark live objects 3.274ms
[0.476s][info   ][gc,phases,start] GC(25) Phase 2: Prepare for compaction
[0.476s][info   ][gc,phases      ] GC(25) Phase 2: Prepare for compaction 0.134ms
[0.476s][info   ][gc,phases,start] GC(25) Phase 3: Adjust pointers
[0.477s][info   ][gc,phases      ] GC(25) Phase 3: Adjust pointers 1.432ms
[0.477s][info   ][gc,phases,start] GC(25) Phase 4: Compact heap
[0.477s][info   ][gc,phases      ] GC(25) Phase 4: Compact heap 0.056ms
[0.478s][info   ][gc,heap        ] GC(25) Eden regions: 0->0(3)
[0.478s][info   ][gc,heap        ] GC(25) Survivor regions: 0->0(0)
[0.478s][info   ][gc,heap        ] GC(25) Old regions: 2->2
[0.478s][info   ][gc,heap        ] GC(25) Archive regions: 2->2
[0.478s][info   ][gc,heap        ] GC(25) Humongous regions: 0->0
[0.478s][info   ][gc,metaspace   ] GC(25) Metaspace: 9512K(9792K)->9512K(9792K) NonClass: 8354K(8512K)->8354K(8512K) Class: 1157K(1280K)->1157K(1280K)
[0.478s][info   ][gc             ] GC(25) Pause Full (System.gc()) 4M->4M(28M) 5.309ms
[0.478s][info   ][gc,cpu         ] GC(25) User=0.00s Sys=0.00s Real=0.01s
[0.478s][info   ][gc,start       ] GC(26) Pause Full (System.gc())
[0.478s][info   ][gc,task        ] GC(26) Using 1 workers of 10 for full compaction
[0.478s][info   ][gc,phases,start] GC(26) Phase 1: Mark live objects
[0.482s][info   ][gc,phases      ] GC(26) Phase 1: Mark live objects 3.631ms
[0.482s][info   ][gc,phases,start] GC(26) Phase 2: Prepare for compaction
[0.482s][info   ][gc,phases      ] GC(26) Phase 2: Prepare for compaction 0.135ms
[0.482s][info   ][gc,phases,start] GC(26) Phase 3: Adjust pointers
[0.484s][info   ][gc,phases      ] GC(26) Phase 3: Adjust pointers 2.106ms
[0.484s][info   ][gc,phases,start] GC(26) Phase 4: Compact heap
[0.484s][info   ][gc,phases      ] GC(26) Phase 4: Compact heap 0.163ms
[0.485s][info   ][gc,heap        ] GC(26) Eden regions: 1->0(3)
[0.485s][info   ][gc,heap        ] GC(26) Survivor regions: 0->0(0)
[0.485s][info   ][gc,heap        ] GC(26) Old regions: 2->2
[0.485s][info   ][gc,heap        ] GC(26) Archive regions: 2->2
[0.485s][info   ][gc,heap        ] GC(26) Humongous regions: 0->0
[0.485s][info   ][gc,metaspace   ] GC(26) Metaspace: 9512K(9792K)->9512K(9792K) NonClass: 8354K(8512K)->8354K(8512K) Class: 1157K(1280K)->1157K(1280K)
[0.485s][info   ][gc             ] GC(26) Pause Full (System.gc()) 4M->4M(28M) 6.582ms
[0.485s][info   ][gc,cpu         ] GC(26) User=0.01s Sys=0.00s Real=0.01s
[0.485s][info   ][gc,start       ] GC(27) Pause Full (System.gc())
[0.485s][info   ][gc,task        ] GC(27) Using 1 workers of 10 for full compaction
[0.485s][info   ][gc,phases,start] GC(27) Phase 1: Mark live objects
[0.488s][info   ][gc,phases      ] GC(27) Phase 1: Mark live objects 2.308ms
[0.488s][info   ][gc,phases,start] GC(27) Phase 2: Prepare for compaction
[0.488s][info   ][gc,phases      ] GC(27) Phase 2: Prepare for compaction 0.145ms
[0.488s][info   ][gc,phases,start] GC(27) Phase 3: Adjust pointers
[0.489s][info   ][gc,phases      ] GC(27) Phase 3: Adjust pointers 1.410ms
[0.489s][info   ][gc,phases,start] GC(27) Phase 4: Compact heap
[0.489s][info   ][gc,phases      ] GC(27) Phase 4: Compact heap 0.157ms
[0.490s][info   ][gc,heap        ] GC(27) Eden regions: 1->0(3)
[0.490s][info   ][gc,heap        ] GC(27) Survivor regions: 0->0(0)
[0.490s][info   ][gc,heap        ] GC(27) Old regions: 2->2
[0.490s][info   ][gc,heap        ] GC(27) Archive regions: 2->2
[0.490s][info   ][gc,heap        ] GC(27) Humongous regions: 0->0
[0.490s][info   ][gc,metaspace   ] GC(27) Metaspace: 9512K(9792K)->9512K(9792K) NonClass: 8354K(8512K)->8354K(8512K) Class: 1157K(1280K)->1157K(1280K)
[0.490s][info   ][gc             ] GC(27) Pause Full (System.gc()) 4M->4M(28M) 4.482ms
[0.490s][info   ][gc,cpu         ] GC(27) User=0.01s Sys=0.00s Real=0.00s
[0.490s][info   ][gc,start       ] GC(28) Pause Full (System.gc())
[0.490s][info   ][gc,task        ] GC(28) Using 1 workers of 10 for full compaction
[0.490s][info   ][gc,phases,start] GC(28) Phase 1: Mark live objects
[0.493s][info   ][gc,phases      ] GC(28) Phase 1: Mark live objects 3.463ms
[0.493s][info   ][gc,phases,start] GC(28) Phase 2: Prepare for compaction
[0.494s][info   ][gc,phases      ] GC(28) Phase 2: Prepare for compaction 0.224ms
[0.494s][info   ][gc,phases,start] GC(28) Phase 3: Adjust pointers
[0.495s][info   ][gc,phases      ] GC(28) Phase 3: Adjust pointers 1.770ms
[0.495s][info   ][gc,phases,start] GC(28) Phase 4: Compact heap
[0.496s][info   ][gc,phases      ] GC(28) Phase 4: Compact heap 0.116ms
[0.496s][info   ][gc,heap        ] GC(28) Eden regions: 0->0(3)
[0.496s][info   ][gc,heap        ] GC(28) Survivor regions: 0->0(0)
[0.496s][info   ][gc,heap        ] GC(28) Old regions: 2->2
[0.496s][info   ][gc,heap        ] GC(28) Archive regions: 2->2
[0.496s][info   ][gc,heap        ] GC(28) Humongous regions: 0->0
[0.496s][info   ][gc,metaspace   ] GC(28) Metaspace: 9512K(9792K)->9512K(9792K) NonClass: 8354K(8512K)->8354K(8512K) Class: 1157K(1280K)->1157K(1280K)
[0.496s][info   ][gc             ] GC(28) Pause Full (System.gc()) 4M->4M(28M) 6.175ms
[0.496s][info   ][gc,cpu         ] GC(28) User=0.00s Sys=0.00s Real=0.01s
[0.496s][info   ][gc,start       ] GC(29) Pause Full (System.gc())
[0.496s][info   ][gc,task        ] GC(29) Using 1 workers of 10 for full compaction
[0.496s][info   ][gc,phases,start] GC(29) Phase 1: Mark live objects
[0.501s][info   ][gc,phases      ] GC(29) Phase 1: Mark live objects 4.646ms
[0.501s][info   ][gc,phases,start] GC(29) Phase 2: Prepare for compaction
[0.501s][info   ][gc,phases      ] GC(29) Phase 2: Prepare for compaction 0.253ms
[0.501s][info   ][gc,phases,start] GC(29) Phase 3: Adjust pointers
[0.503s][info   ][gc,phases      ] GC(29) Phase 3: Adjust pointers 2.108ms
[0.503s][info   ][gc,phases,start] GC(29) Phase 4: Compact heap
[0.504s][info   ][gc,phases      ] GC(29) Phase 4: Compact heap 0.123ms
[0.504s][info   ][gc,heap        ] GC(29) Eden regions: 0->0(3)
[0.504s][info   ][gc,heap        ] GC(29) Survivor regions: 0->0(0)
[0.504s][info   ][gc,heap        ] GC(29) Old regions: 2->2
[0.504s][info   ][gc,heap        ] GC(29) Archive regions: 2->2
[0.504s][info   ][gc,heap        ] GC(29) Humongous regions: 0->0
[0.504s][info   ][gc,metaspace   ] GC(29) Metaspace: 9512K(9792K)->9512K(9792K) NonClass: 8354K(8512K)->8354K(8512K) Class: 1157K(1280K)->1157K(1280K)
[0.504s][info   ][gc             ] GC(29) Pause Full (System.gc()) 4M->4M(28M) 7.703ms
[0.504s][info   ][gc,cpu         ] GC(29) User=0.01s Sys=0.00s Real=0.01s
[0.504s][info   ][gc,start       ] GC(30) Pause Full (System.gc())
[0.504s][info   ][gc,task        ] GC(30) Using 1 workers of 10 for full compaction
[0.504s][info   ][gc,phases,start] GC(30) Phase 1: Mark live objects
[0.508s][info   ][gc,phases      ] GC(30) Phase 1: Mark live objects 4.088ms
[0.508s][info   ][gc,phases,start] GC(30) Phase 2: Prepare for compaction
[0.509s][info   ][gc,phases      ] GC(30) Phase 2: Prepare for compaction 0.219ms
[0.509s][info   ][gc,phases,start] GC(30) Phase 3: Adjust pointers
[0.510s][info   ][gc,phases      ] GC(30) Phase 3: Adjust pointers 1.681ms
[0.510s][info   ][gc,phases,start] GC(30) Phase 4: Compact heap
[0.510s][info   ][gc,phases      ] GC(30) Phase 4: Compact heap 0.062ms
[0.511s][info   ][gc,heap        ] GC(30) Eden regions: 0->0(3)
[0.511s][info   ][gc,heap        ] GC(30) Survivor regions: 0->0(0)
[0.511s][info   ][gc,heap        ] GC(30) Old regions: 2->2
[0.511s][info   ][gc,heap        ] GC(30) Archive regions: 2->2
[0.511s][info   ][gc,heap        ] GC(30) Humongous regions: 0->0
[0.511s][info   ][gc,metaspace   ] GC(30) Metaspace: 9512K(9792K)->9512K(9792K) NonClass: 8354K(8512K)->8354K(8512K) Class: 1157K(1280K)->1157K(1280K)
[0.511s][info   ][gc             ] GC(30) Pause Full (System.gc()) 4M->4M(28M) 6.510ms
[0.511s][info   ][gc,cpu         ] GC(30) User=0.01s Sys=0.00s Real=0.00s
[0.511s][info   ][gc,start       ] GC(31) Pause Full (System.gc())
[0.511s][info   ][gc,task        ] GC(31) Using 1 workers of 10 for full compaction
[0.511s][info   ][gc,phases,start] GC(31) Phase 1: Mark live objects
[0.515s][info   ][gc,phases      ] GC(31) Phase 1: Mark live objects 3.866ms
[0.515s][info   ][gc,phases,start] GC(31) Phase 2: Prepare for compaction
[0.516s][info   ][gc,phases      ] GC(31) Phase 2: Prepare for compaction 0.261ms
[0.516s][info   ][gc,phases,start] GC(31) Phase 3: Adjust pointers
[0.518s][info   ][gc,phases      ] GC(31) Phase 3: Adjust pointers 2.514ms
[0.518s][info   ][gc,phases,start] GC(31) Phase 4: Compact heap
[0.518s][info   ][gc,phases      ] GC(31) Phase 4: Compact heap 0.213ms
[0.519s][info   ][gc,heap        ] GC(31) Eden regions: 1->0(3)
[0.519s][info   ][gc,heap        ] GC(31) Survivor regions: 0->0(0)
[0.519s][info   ][gc,heap        ] GC(31) Old regions: 2->2
[0.519s][info   ][gc,heap        ] GC(31) Archive regions: 2->2
[0.519s][info   ][gc,heap        ] GC(31) Humongous regions: 0->0
[0.519s][info   ][gc,metaspace   ] GC(31) Metaspace: 9512K(9792K)->9512K(9792K) NonClass: 8354K(8512K)->8354K(8512K) Class: 1157K(1280K)->1157K(1280K)
[0.519s][info   ][gc             ] GC(31) Pause Full (System.gc()) 4M->4M(28M) 7.533ms
[0.519s][info   ][gc,cpu         ] GC(31) User=0.00s Sys=0.00s Real=0.01s
[0.519s][info   ][gc,start       ] GC(32) Pause Full (System.gc())
[0.519s][info   ][gc,task        ] GC(32) Using 1 workers of 10 for full compaction
[0.519s][info   ][gc,phases,start] GC(32) Phase 1: Mark live objects
[0.524s][info   ][gc,phases      ] GC(32) Phase 1: Mark live objects 4.400ms
[0.524s][info   ][gc,phases,start] GC(32) Phase 2: Prepare for compaction
[0.524s][info   ][gc,phases      ] GC(32) Phase 2: Prepare for compaction 0.251ms
[0.524s][info   ][gc,phases,start] GC(32) Phase 3: Adjust pointers
[0.526s][info   ][gc,phases      ] GC(32) Phase 3: Adjust pointers 2.004ms
[0.526s][info   ][gc,phases,start] GC(32) Phase 4: Compact heap
[0.526s][info   ][gc,phases      ] GC(32) Phase 4: Compact heap 0.205ms
[0.527s][info   ][gc,heap        ] GC(32) Eden regions: 1->0(3)
[0.527s][info   ][gc,heap        ] GC(32) Survivor regions: 0->0(0)
[0.527s][info   ][gc,heap        ] GC(32) Old regions: 2->2
[0.527s][info   ][gc,heap        ] GC(32) Archive regions: 2->2
[0.527s][info   ][gc,heap        ] GC(32) Humongous regions: 0->0
[0.527s][info   ][gc,metaspace   ] GC(32) Metaspace: 9512K(9792K)->9512K(9792K) NonClass: 8354K(8512K)->8354K(8512K) Class: 1157K(1280K)->1157K(1280K)
[0.527s][info   ][gc             ] GC(32) Pause Full (System.gc()) 4M->4M(28M) 7.371ms
[0.527s][info   ][gc,cpu         ] GC(32) User=0.01s Sys=0.00s Real=0.01s
[0.527s][info   ][gc,start       ] GC(33) Pause Full (System.gc())
[0.527s][info   ][gc,task        ] GC(33) Using 1 workers of 10 for full compaction
[0.527s][info   ][gc,phases,start] GC(33) Phase 1: Mark live objects
[0.530s][info   ][gc,phases      ] GC(33) Phase 1: Mark live objects 3.343ms
[0.530s][info   ][gc,phases,start] GC(33) Phase 2: Prepare for compaction
[0.530s][info   ][gc,phases      ] GC(33) Phase 2: Prepare for compaction 0.189ms
[0.530s][info   ][gc,phases,start] GC(33) Phase 3: Adjust pointers
[0.532s][info   ][gc,phases      ] GC(33) Phase 3: Adjust pointers 1.702ms
[0.532s][info   ][gc,phases,start] GC(33) Phase 4: Compact heap
[0.532s][info   ][gc,phases      ] GC(33) Phase 4: Compact heap 0.046ms
[0.533s][info   ][gc,heap        ] GC(33) Eden regions: 1->0(3)
[0.533s][info   ][gc,heap        ] GC(33) Survivor regions: 0->0(0)
[0.533s][info   ][gc,heap        ] GC(33) Old regions: 2->2
[0.533s][info   ][gc,heap        ] GC(33) Archive regions: 2->2
[0.533s][info   ][gc,heap        ] GC(33) Humongous regions: 0->0
[0.533s][info   ][gc,metaspace   ] GC(33) Metaspace: 9512K(9792K)->9512K(9792K) NonClass: 8354K(8512K)->8354K(8512K) Class: 1157K(1280K)->1157K(1280K)
[0.533s][info   ][gc             ] GC(33) Pause Full (System.gc()) 4M->4M(28M) 5.847ms
[0.533s][info   ][gc,cpu         ] GC(33) User=0.00s Sys=0.00s Real=0.00s
[0.533s][info   ][gc,start       ] GC(34) Pause Full (System.gc())
[0.533s][info   ][gc,task        ] GC(34) Using 1 workers of 10 for full compaction
[0.533s][info   ][gc,phases,start] GC(34) Phase 1: Mark live objects
[0.536s][info   ][gc,phases      ] GC(34) Phase 1: Mark live objects 2.552ms
[0.536s][info   ][gc,phases,start] GC(34) Phase 2: Prepare for compaction
[0.536s][info   ][gc,phases      ] GC(34) Phase 2: Prepare for compaction 0.195ms
[0.536s][info   ][gc,phases,start] GC(34) Phase 3: Adjust pointers
[0.537s][info   ][gc,phases      ] GC(34) Phase 3: Adjust pointers 1.072ms
[0.537s][info   ][gc,phases,start] GC(34) Phase 4: Compact heap
[0.537s][info   ][gc,phases      ] GC(34) Phase 4: Compact heap 0.172ms
[0.538s][info   ][gc,heap        ] GC(34) Eden regions: 1->0(3)
[0.538s][info   ][gc,heap        ] GC(34) Survivor regions: 0->0(0)
[0.538s][info   ][gc,heap        ] GC(34) Old regions: 2->2
[0.538s][info   ][gc,heap        ] GC(34) Archive regions: 2->2
[0.538s][info   ][gc,heap        ] GC(34) Humongous regions: 0->0
[0.538s][info   ][gc,metaspace   ] GC(34) Metaspace: 9512K(9792K)->9512K(9792K) NonClass: 8354K(8512K)->8354K(8512K) Class: 1157K(1280K)->1157K(1280K)
[0.538s][info   ][gc             ] GC(34) Pause Full (System.gc()) 4M->4M(28M) 4.451ms
[0.538s][info   ][gc,cpu         ] GC(34) User=0.01s Sys=0.00s Real=0.01s
[0.538s][info   ][gc,start       ] GC(35) Pause Full (System.gc())
[0.538s][info   ][gc,task        ] GC(35) Using 1 workers of 10 for full compaction
[0.538s][info   ][gc,phases,start] GC(35) Phase 1: Mark live objects
[0.540s][info   ][gc,phases      ] GC(35) Phase 1: Mark live objects 2.558ms
[0.540s][info   ][gc,phases,start] GC(35) Phase 2: Prepare for compaction
[0.541s][info   ][gc,phases      ] GC(35) Phase 2: Prepare for compaction 0.146ms
[0.541s][info   ][gc,phases,start] GC(35) Phase 3: Adjust pointers
[0.543s][info   ][gc,phases      ] GC(35) Phase 3: Adjust pointers 2.351ms
[0.543s][info   ][gc,phases,start] GC(35) Phase 4: Compact heap
[0.543s][info   ][gc,phases      ] GC(35) Phase 4: Compact heap 0.194ms
[0.544s][info   ][gc,heap        ] GC(35) Eden regions: 1->0(3)
[0.544s][info   ][gc,heap        ] GC(35) Survivor regions: 0->0(0)
[0.544s][info   ][gc,heap        ] GC(35) Old regions: 2->2
[0.544s][info   ][gc,heap        ] GC(35) Archive regions: 2->2
[0.544s][info   ][gc,heap        ] GC(35) Humongous regions: 0->0
[0.544s][info   ][gc,metaspace   ] GC(35) Metaspace: 9512K(9792K)->9512K(9792K) NonClass: 8354K(8512K)->8354K(8512K) Class: 1157K(1280K)->1157K(1280K)
[0.544s][info   ][gc             ] GC(35) Pause Full (System.gc()) 4M->4M(28M) 5.752ms
[0.544s][info   ][gc,cpu         ] GC(35) User=0.00s Sys=0.00s Real=0.01s
[0.544s][info   ][gc,start       ] GC(36) Pause Full (System.gc())
[0.544s][info   ][gc,task        ] GC(36) Using 1 workers of 10 for full compaction
[0.544s][info   ][gc,phases,start] GC(36) Phase 1: Mark live objects
[0.547s][info   ][gc,phases      ] GC(36) Phase 1: Mark live objects 2.758ms
[0.547s][info   ][gc,phases,start] GC(36) Phase 2: Prepare for compaction
[0.547s][info   ][gc,phases      ] GC(36) Phase 2: Prepare for compaction 0.133ms
[0.547s][info   ][gc,phases,start] GC(36) Phase 3: Adjust pointers
[0.548s][info   ][gc,phases      ] GC(36) Phase 3: Adjust pointers 1.369ms
[0.548s][info   ][gc,phases,start] GC(36) Phase 4: Compact heap
[0.548s][info   ][gc,phases      ] GC(36) Phase 4: Compact heap 0.098ms
[0.549s][info   ][gc,heap        ] GC(36) Eden regions: 1->0(3)
[0.549s][info   ][gc,heap        ] GC(36) Survivor regions: 0->0(0)
[0.549s][info   ][gc,heap        ] GC(36) Old regions: 2->2
[0.549s][info   ][gc,heap        ] GC(36) Archive regions: 2->2
[0.549s][info   ][gc,heap        ] GC(36) Humongous regions: 0->0
[0.549s][info   ][gc,metaspace   ] GC(36) Metaspace: 9512K(9792K)->9512K(9792K) NonClass: 8354K(8512K)->8354K(8512K) Class: 1157K(1280K)->1157K(1280K)
[0.549s][info   ][gc             ] GC(36) Pause Full (System.gc()) 4M->4M(28M) 4.774ms
[0.549s][info   ][gc,cpu         ] GC(36) User=0.00s Sys=0.00s Real=0.00s
[0.549s][info   ][gc,start       ] GC(37) Pause Full (System.gc())
[0.549s][info   ][gc,task        ] GC(37) Using 1 workers of 10 for full compaction
[0.549s][info   ][gc,phases,start] GC(37) Phase 1: Mark live objects
[0.551s][info   ][gc,phases      ] GC(37) Phase 1: Mark live objects 2.341ms
[0.551s][info   ][gc,phases,start] GC(37) Phase 2: Prepare for compaction
[0.552s][info   ][gc,phases      ] GC(37) Phase 2: Prepare for compaction 0.201ms
[0.552s][info   ][gc,phases,start] GC(37) Phase 3: Adjust pointers
[0.553s][info   ][gc,phases      ] GC(37) Phase 3: Adjust pointers 1.408ms
[0.553s][info   ][gc,phases,start] GC(37) Phase 4: Compact heap
[0.553s][info   ][gc,phases      ] GC(37) Phase 4: Compact heap 0.120ms
[0.553s][info   ][gc,heap        ] GC(37) Eden regions: 1->0(3)
[0.553s][info   ][gc,heap        ] GC(37) Survivor regions: 0->0(0)
[0.553s][info   ][gc,heap        ] GC(37) Old regions: 2->2
[0.553s][info   ][gc,heap        ] GC(37) Archive regions: 2->2
[0.553s][info   ][gc,heap        ] GC(37) Humongous regions: 0->0
[0.553s][info   ][gc,metaspace   ] GC(37) Metaspace: 9512K(9792K)->9512K(9792K) NonClass: 8354K(8512K)->8354K(8512K) Class: 1157K(1280K)->1157K(1280K)
[0.553s][info   ][gc             ] GC(37) Pause Full (System.gc()) 4M->4M(28M) 4.519ms
[0.553s][info   ][gc,cpu         ] GC(37) User=0.00s Sys=0.00s Real=0.00s
[0.554s][info   ][gc,start       ] GC(38) Pause Full (System.gc())
[0.554s][info   ][gc,task        ] GC(38) Using 1 workers of 10 for full compaction
[0.554s][info   ][gc,phases,start] GC(38) Phase 1: Mark live objects
[0.557s][info   ][gc,phases      ] GC(38) Phase 1: Mark live objects 2.989ms
[0.557s][info   ][gc,phases,start] GC(38) Phase 2: Prepare for compaction
[0.557s][info   ][gc,phases      ] GC(38) Phase 2: Prepare for compaction 0.145ms
[0.557s][info   ][gc,phases,start] GC(38) Phase 3: Adjust pointers
[0.558s][info   ][gc,phases      ] GC(38) Phase 3: Adjust pointers 1.224ms
[0.558s][info   ][gc,phases,start] GC(38) Phase 4: Compact heap
[0.558s][info   ][gc,phases      ] GC(38) Phase 4: Compact heap 0.102ms
[0.558s][info   ][gc,heap        ] GC(38) Eden regions: 0->0(3)
[0.558s][info   ][gc,heap        ] GC(38) Survivor regions: 0->0(0)
[0.558s][info   ][gc,heap        ] GC(38) Old regions: 2->2
[0.558s][info   ][gc,heap        ] GC(38) Archive regions: 2->2
[0.558s][info   ][gc,heap        ] GC(38) Humongous regions: 0->0
[0.558s][info   ][gc,metaspace   ] GC(38) Metaspace: 9512K(9792K)->9512K(9792K) NonClass: 8354K(8512K)->8354K(8512K) Class: 1157K(1280K)->1157K(1280K)
[0.558s][info   ][gc             ] GC(38) Pause Full (System.gc()) 4M->4M(28M) 4.889ms
[0.558s][info   ][gc,cpu         ] GC(38) User=0.01s Sys=0.00s Real=0.00s
[0.559s][info   ][gc,start       ] GC(39) Pause Full (System.gc())
[0.559s][info   ][gc,task        ] GC(39) Using 1 workers of 10 for full compaction
[0.559s][info   ][gc,phases,start] GC(39) Phase 1: Mark live objects
[0.562s][info   ][gc,phases      ] GC(39) Phase 1: Mark live objects 2.728ms
[0.562s][info   ][gc,phases,start] GC(39) Phase 2: Prepare for compaction
[0.562s][info   ][gc,phases      ] GC(39) Phase 2: Prepare for compaction 0.221ms
[0.562s][info   ][gc,phases,start] GC(39) Phase 3: Adjust pointers
[0.564s][info   ][gc,phases      ] GC(39) Phase 3: Adjust pointers 1.645ms
[0.564s][info   ][gc,phases,start] GC(39) Phase 4: Compact heap
[0.564s][info   ][gc,phases      ] GC(39) Phase 4: Compact heap 0.094ms
[0.564s][info   ][gc,heap        ] GC(39) Eden regions: 1->0(3)
[0.564s][info   ][gc,heap        ] GC(39) Survivor regions: 0->0(0)
[0.564s][info   ][gc,heap        ] GC(39) Old regions: 2->2
[0.564s][info   ][gc,heap        ] GC(39) Archive regions: 2->2
[0.564s][info   ][gc,heap        ] GC(39) Humongous regions: 0->0
[0.564s][info   ][gc,metaspace   ] GC(39) Metaspace: 9512K(9792K)->9512K(9792K) NonClass: 8354K(8512K)->8354K(8512K) Class: 1157K(1280K)->1157K(1280K)
[0.564s][info   ][gc             ] GC(39) Pause Full (System.gc()) 4M->4M(28M) 5.246ms
[0.564s][info   ][gc,cpu         ] GC(39) User=0.00s Sys=0.00s Real=0.01s
[0.564s][info   ][gc,start       ] GC(40) Pause Full (System.gc())
[0.564s][info   ][gc,task        ] GC(40) Using 1 workers of 10 for full compaction
[0.564s][info   ][gc,phases,start] GC(40) Phase 1: Mark live objects
[0.567s][info   ][gc,phases      ] GC(40) Phase 1: Mark live objects 2.486ms
[0.567s][info   ][gc,phases,start] GC(40) Phase 2: Prepare for compaction
[0.567s][info   ][gc,phases      ] GC(40) Phase 2: Prepare for compaction 0.209ms
[0.567s][info   ][gc,phases,start] GC(40) Phase 3: Adjust pointers
[0.569s][info   ][gc,phases      ] GC(40) Phase 3: Adjust pointers 1.682ms
[0.569s][info   ][gc,phases,start] GC(40) Phase 4: Compact heap
[0.569s][info   ][gc,phases      ] GC(40) Phase 4: Compact heap 0.173ms
[0.569s][info   ][gc,heap        ] GC(40) Eden regions: 0->0(3)
[0.570s][info   ][gc,heap        ] GC(40) Survivor regions: 0->0(0)
[0.570s][info   ][gc,heap        ] GC(40) Old regions: 2->2
[0.570s][info   ][gc,heap        ] GC(40) Archive regions: 2->2
[0.570s][info   ][gc,heap        ] GC(40) Humongous regions: 0->0
[0.570s][info   ][gc,metaspace   ] GC(40) Metaspace: 9512K(9792K)->9512K(9792K) NonClass: 8354K(8512K)->8354K(8512K) Class: 1157K(1280K)->1157K(1280K)
[0.570s][info   ][gc             ] GC(40) Pause Full (System.gc()) 4M->4M(28M) 5.091ms
[0.570s][info   ][gc,cpu         ] GC(40) User=0.01s Sys=0.00s Real=0.00s
[0.570s][info   ][gc,start       ] GC(41) Pause Full (System.gc())
[0.570s][info   ][gc,task        ] GC(41) Using 1 workers of 10 for full compaction
[0.570s][info   ][gc,phases,start] GC(41) Phase 1: Mark live objects
[0.574s][info   ][gc,phases      ] GC(41) Phase 1: Mark live objects 3.744ms
[0.574s][info   ][gc,phases,start] GC(41) Phase 2: Prepare for compaction
[0.574s][info   ][gc,phases      ] GC(41) Phase 2: Prepare for compaction 0.168ms
[0.574s][info   ][gc,phases,start] GC(41) Phase 3: Adjust pointers
[0.576s][info   ][gc,phases      ] GC(41) Phase 3: Adjust pointers 2.091ms
[0.576s][info   ][gc,phases,start] GC(41) Phase 4: Compact heap
[0.576s][info   ][gc,phases      ] GC(41) Phase 4: Compact heap 0.156ms
[0.577s][info   ][gc,heap        ] GC(41) Eden regions: 1->0(3)
[0.577s][info   ][gc,heap        ] GC(41) Survivor regions: 0->0(0)
[0.577s][info   ][gc,heap        ] GC(41) Old regions: 2->2
[0.577s][info   ][gc,heap        ] GC(41) Archive regions: 2->2
[0.577s][info   ][gc,heap        ] GC(41) Humongous regions: 0->0
[0.577s][info   ][gc,metaspace   ] GC(41) Metaspace: 9512K(9792K)->9512K(9792K) NonClass: 8354K(8512K)->8354K(8512K) Class: 1157K(1280K)->1157K(1280K)
[0.577s][info   ][gc             ] GC(41) Pause Full (System.gc()) 4M->4M(28M) 6.802ms
[0.577s][info   ][gc,cpu         ] GC(41) User=0.00s Sys=0.00s Real=0.01s
[0.577s][info   ][gc,start       ] GC(42) Pause Full (System.gc())
[0.577s][info   ][gc,task        ] GC(42) Using 1 workers of 10 for full compaction
[0.577s][info   ][gc,phases,start] GC(42) Phase 1: Mark live objects
[0.580s][info   ][gc,phases      ] GC(42) Phase 1: Mark live objects 3.121ms
[0.580s][info   ][gc,phases,start] GC(42) Phase 2: Prepare for compaction
[0.580s][info   ][gc,phases      ] GC(42) Phase 2: Prepare for compaction 0.141ms
[0.580s][info   ][gc,phases,start] GC(42) Phase 3: Adjust pointers
[0.582s][info   ][gc,phases      ] GC(42) Phase 3: Adjust pointers 1.257ms
[0.582s][info   ][gc,phases,start] GC(42) Phase 4: Compact heap
[0.582s][info   ][gc,phases      ] GC(42) Phase 4: Compact heap 0.087ms
[0.582s][info   ][gc,heap        ] GC(42) Eden regions: 1->0(3)
[0.582s][info   ][gc,heap        ] GC(42) Survivor regions: 0->0(0)
[0.582s][info   ][gc,heap        ] GC(42) Old regions: 2->2
[0.582s][info   ][gc,heap        ] GC(42) Archive regions: 2->2
[0.582s][info   ][gc,heap        ] GC(42) Humongous regions: 0->0
[0.582s][info   ][gc,metaspace   ] GC(42) Metaspace: 9512K(9792K)->9512K(9792K) NonClass: 8354K(8512K)->8354K(8512K) Class: 1157K(1280K)->1157K(1280K)
[0.582s][info   ][gc             ] GC(42) Pause Full (System.gc()) 4M->4M(28M) 5.255ms
[0.582s][info   ][gc,cpu         ] GC(42) User=0.01s Sys=0.00s Real=0.00s
[0.583s][info   ][gc,start       ] GC(43) Pause Full (System.gc())
[0.583s][info   ][gc,task        ] GC(43) Using 1 workers of 10 for full compaction
[0.583s][info   ][gc,phases,start] GC(43) Phase 1: Mark live objects
[0.586s][info   ][gc,phases      ] GC(43) Phase 1: Mark live objects 2.987ms
[0.586s][info   ][gc,phases,start] GC(43) Phase 2: Prepare for compaction
[0.586s][info   ][gc,phases      ] GC(43) Phase 2: Prepare for compaction 0.180ms
[0.586s][info   ][gc,phases,start] GC(43) Phase 3: Adjust pointers
[0.588s][info   ][gc,phases      ] GC(43) Phase 3: Adjust pointers 1.485ms
[0.588s][info   ][gc,phases,start] GC(43) Phase 4: Compact heap
[0.588s][info   ][gc,phases      ] GC(43) Phase 4: Compact heap 0.102ms
[0.588s][info   ][gc,heap        ] GC(43) Eden regions: 1->0(3)
[0.588s][info   ][gc,heap        ] GC(43) Survivor regions: 0->0(0)
[0.588s][info   ][gc,heap        ] GC(43) Old regions: 2->2
[0.588s][info   ][gc,heap        ] GC(43) Archive regions: 2->2
[0.588s][info   ][gc,heap        ] GC(43) Humongous regions: 0->0
[0.588s][info   ][gc,metaspace   ] GC(43) Metaspace: 9512K(9792K)->9512K(9792K) NonClass: 8354K(8512K)->8354K(8512K) Class: 1157K(1280K)->1157K(1280K)
[0.588s][info   ][gc             ] GC(43) Pause Full (System.gc()) 4M->4M(28M) 5.523ms
[0.588s][info   ][gc,cpu         ] GC(43) User=0.00s Sys=0.00s Real=0.01s
[0.589s][info   ][gc,start       ] GC(44) Pause Full (System.gc())
[0.589s][info   ][gc,task        ] GC(44) Using 1 workers of 10 for full compaction
[0.589s][info   ][gc,phases,start] GC(44) Phase 1: Mark live objects
[0.592s][info   ][gc,phases      ] GC(44) Phase 1: Mark live objects 3.339ms
[0.592s][info   ][gc,phases,start] GC(44) Phase 2: Prepare for compaction
[0.592s][info   ][gc,phases      ] GC(44) Phase 2: Prepare for compaction 0.161ms
[0.593s][info   ][gc,phases,start] GC(44) Phase 3: Adjust pointers
[0.595s][info   ][gc,phases      ] GC(44) Phase 3: Adjust pointers 2.011ms
[0.595s][info   ][gc,phases,start] GC(44) Phase 4: Compact heap
[0.595s][info   ][gc,phases      ] GC(44) Phase 4: Compact heap 0.150ms
[0.595s][info   ][gc,heap        ] GC(44) Eden regions: 1->0(3)
[0.595s][info   ][gc,heap        ] GC(44) Survivor regions: 0->0(0)
[0.595s][info   ][gc,heap        ] GC(44) Old regions: 2->2
[0.595s][info   ][gc,heap        ] GC(44) Archive regions: 2->2
[0.595s][info   ][gc,heap        ] GC(44) Humongous regions: 0->0
[0.595s][info   ][gc,metaspace   ] GC(44) Metaspace: 9512K(9792K)->9512K(9792K) NonClass: 8354K(8512K)->8354K(8512K) Class: 1157K(1280K)->1157K(1280K)
[0.595s][info   ][gc             ] GC(44) Pause Full (System.gc()) 4M->4M(28M) 6.260ms
[0.595s][info   ][gc,cpu         ] GC(44) User=0.01s Sys=0.00s Real=0.01s
[0.595s][info   ][gc,start       ] GC(45) Pause Full (System.gc())
[0.595s][info   ][gc,task        ] GC(45) Using 1 workers of 10 for full compaction
[0.595s][info   ][gc,phases,start] GC(45) Phase 1: Mark live objects
[0.598s][info   ][gc,phases      ] GC(45) Phase 1: Mark live objects 2.729ms
[0.598s][info   ][gc,phases,start] GC(45) Phase 2: Prepare for compaction
[0.598s][info   ][gc,phases      ] GC(45) Phase 2: Prepare for compaction 0.219ms
[0.598s][info   ][gc,phases,start] GC(45) Phase 3: Adjust pointers
[0.600s][info   ][gc,phases      ] GC(45) Phase 3: Adjust pointers 1.716ms
[0.600s][info   ][gc,phases,start] GC(45) Phase 4: Compact heap
[0.600s][info   ][gc,phases      ] GC(45) Phase 4: Compact heap 0.204ms
[0.601s][info   ][gc,heap        ] GC(45) Eden regions: 1->0(3)
[0.601s][info   ][gc,heap        ] GC(45) Survivor regions: 0->0(0)
[0.601s][info   ][gc,heap        ] GC(45) Old regions: 2->2
[0.601s][info   ][gc,heap        ] GC(45) Archive regions: 2->2
[0.601s][info   ][gc,heap        ] GC(45) Humongous regions: 0->0
[0.601s][info   ][gc,metaspace   ] GC(45) Metaspace: 9512K(9792K)->9512K(9792K) NonClass: 8354K(8512K)->8354K(8512K) Class: 1157K(1280K)->1157K(1280K)
[0.601s][info   ][gc             ] GC(45) Pause Full (System.gc()) 4M->4M(28M) 5.479ms
[0.601s][info   ][gc,cpu         ] GC(45) User=0.01s Sys=0.00s Real=0.00s
[0.601s][info   ][gc,start       ] GC(46) Pause Full (System.gc())
[0.601s][info   ][gc,task        ] GC(46) Using 1 workers of 10 for full compaction
[0.601s][info   ][gc,phases,start] GC(46) Phase 1: Mark live objects
[0.604s][info   ][gc,phases      ] GC(46) Phase 1: Mark live objects 2.568ms
[0.604s][info   ][gc,phases,start] GC(46) Phase 2: Prepare for compaction
[0.604s][info   ][gc,phases      ] GC(46) Phase 2: Prepare for compaction 0.160ms
[0.604s][info   ][gc,phases,start] GC(46) Phase 3: Adjust pointers
[0.605s][info   ][gc,phases      ] GC(46) Phase 3: Adjust pointers 1.336ms
[0.605s][info   ][gc,phases,start] GC(46) Phase 4: Compact heap
[0.605s][info   ][gc,phases      ] GC(46) Phase 4: Compact heap 0.133ms
[0.606s][info   ][gc,heap        ] GC(46) Eden regions: 0->0(3)
[0.606s][info   ][gc,heap        ] GC(46) Survivor regions: 0->0(0)
[0.606s][info   ][gc,heap        ] GC(46) Old regions: 2->2
[0.606s][info   ][gc,heap        ] GC(46) Archive regions: 2->2
[0.606s][info   ][gc,heap        ] GC(46) Humongous regions: 0->0
[0.606s][info   ][gc,metaspace   ] GC(46) Metaspace: 9512K(9792K)->9512K(9792K) NonClass: 8354K(8512K)->8354K(8512K) Class: 1157K(1280K)->1157K(1280K)
[0.606s][info   ][gc             ] GC(46) Pause Full (System.gc()) 4M->4M(28M) 4.729ms
[0.606s][info   ][gc,cpu         ] GC(46) User=0.00s Sys=0.00s Real=0.01s
[0.606s][info   ][gc,start       ] GC(47) Pause Full (System.gc())
[0.606s][info   ][gc,task        ] GC(47) Using 1 workers of 10 for full compaction
[0.606s][info   ][gc,phases,start] GC(47) Phase 1: Mark live objects
[0.609s][info   ][gc,phases      ] GC(47) Phase 1: Mark live objects 2.425ms
[0.609s][info   ][gc,phases,start] GC(47) Phase 2: Prepare for compaction
[0.609s][info   ][gc,phases      ] GC(47) Phase 2: Prepare for compaction 0.127ms
[0.609s][info   ][gc,phases,start] GC(47) Phase 3: Adjust pointers
[0.611s][info   ][gc,phases      ] GC(47) Phase 3: Adjust pointers 1.662ms
[0.611s][info   ][gc,phases,start] GC(47) Phase 4: Compact heap
[0.611s][info   ][gc,phases      ] GC(47) Phase 4: Compact heap 0.122ms
[0.611s][info   ][gc,heap        ] GC(47) Eden regions: 1->0(3)
[0.611s][info   ][gc,heap        ] GC(47) Survivor regions: 0->0(0)
[0.611s][info   ][gc,heap        ] GC(47) Old regions: 2->2
[0.611s][info   ][gc,heap        ] GC(47) Archive regions: 2->2
[0.611s][info   ][gc,heap        ] GC(47) Humongous regions: 0->0
[0.611s][info   ][gc,metaspace   ] GC(47) Metaspace: 9512K(9792K)->9512K(9792K) NonClass: 8354K(8512K)->8354K(8512K) Class: 1157K(1280K)->1157K(1280K)
[0.611s][info   ][gc             ] GC(47) Pause Full (System.gc()) 4M->4M(28M) 4.870ms
[0.611s][info   ][gc,cpu         ] GC(47) User=0.01s Sys=0.00s Real=0.00s
[0.611s][info   ][gc,start       ] GC(48) Pause Full (System.gc())
[0.611s][info   ][gc,task        ] GC(48) Using 1 workers of 10 for full compaction
[0.612s][info   ][gc,phases,start] GC(48) Phase 1: Mark live objects
[0.614s][info   ][gc,phases      ] GC(48) Phase 1: Mark live objects 2.311ms
[0.614s][info   ][gc,phases,start] GC(48) Phase 2: Prepare for compaction
[0.614s][info   ][gc,phases      ] GC(48) Phase 2: Prepare for compaction 0.273ms
[0.614s][info   ][gc,phases,start] GC(48) Phase 3: Adjust pointers
[0.616s][info   ][gc,phases      ] GC(48) Phase 3: Adjust pointers 1.690ms
[0.616s][info   ][gc,phases,start] GC(48) Phase 4: Compact heap
[0.616s][info   ][gc,phases      ] GC(48) Phase 4: Compact heap 0.192ms
[0.617s][info   ][gc,heap        ] GC(48) Eden regions: 1->0(3)
[0.617s][info   ][gc,heap        ] GC(48) Survivor regions: 0->0(0)
[0.617s][info   ][gc,heap        ] GC(48) Old regions: 2->2
[0.617s][info   ][gc,heap        ] GC(48) Archive regions: 2->2
[0.617s][info   ][gc,heap        ] GC(48) Humongous regions: 0->0
[0.617s][info   ][gc,metaspace   ] GC(48) Metaspace: 9512K(9792K)->9512K(9792K) NonClass: 8354K(8512K)->8354K(8512K) Class: 1157K(1280K)->1157K(1280K)
[0.617s][info   ][gc             ] GC(48) Pause Full (System.gc()) 4M->4M(28M) 5.090ms
[0.617s][info   ][gc,cpu         ] GC(48) User=0.00s Sys=0.00s Real=0.01s
[0.617s][info   ][gc,start       ] GC(49) Pause Full (System.gc())
[0.617s][info   ][gc,task        ] GC(49) Using 1 workers of 10 for full compaction
[0.617s][info   ][gc,phases,start] GC(49) Phase 1: Mark live objects
[0.619s][info   ][gc,phases      ] GC(49) Phase 1: Mark live objects 2.288ms
[0.619s][info   ][gc,phases,start] GC(49) Phase 2: Prepare for compaction
[0.619s][info   ][gc,phases      ] GC(49) Phase 2: Prepare for compaction 0.170ms
[0.619s][info   ][gc,phases,start] GC(49) Phase 3: Adjust pointers
[0.621s][info   ][gc,phases      ] GC(49) Phase 3: Adjust pointers 1.666ms
[0.621s][info   ][gc,phases,start] GC(49) Phase 4: Compact heap
[0.621s][info   ][gc,phases      ] GC(49) Phase 4: Compact heap 0.214ms
[0.622s][info   ][gc,heap        ] GC(49) Eden regions: 0->0(3)
[0.622s][info   ][gc,heap        ] GC(49) Survivor regions: 0->0(0)
[0.622s][info   ][gc,heap        ] GC(49) Old regions: 2->2
[0.622s][info   ][gc,heap        ] GC(49) Archive regions: 2->2
[0.622s][info   ][gc,heap        ] GC(49) Humongous regions: 0->0
[0.622s][info   ][gc,metaspace   ] GC(49) Metaspace: 9512K(9792K)->9512K(9792K) NonClass: 8354K(8512K)->8354K(8512K) Class: 1157K(1280K)->1157K(1280K)
[0.622s][info   ][gc             ] GC(49) Pause Full (System.gc()) 4M->4M(28M) 5.034ms
[0.622s][info   ][gc,cpu         ] GC(49) User=0.00s Sys=0.00s Real=0.00s
[0.622s][info   ][gc,start       ] GC(50) Pause Full (System.gc())
[0.622s][info   ][gc,task        ] GC(50) Using 1 workers of 10 for full compaction
[0.622s][info   ][gc,phases,start] GC(50) Phase 1: Mark live objects
[0.624s][info   ][gc,phases      ] GC(50) Phase 1: Mark live objects 2.165ms
[0.624s][info   ][gc,phases,start] GC(50) Phase 2: Prepare for compaction
[0.625s][info   ][gc,phases      ] GC(50) Phase 2: Prepare for compaction 0.264ms
[0.625s][info   ][gc,phases,start] GC(50) Phase 3: Adjust pointers
[0.627s][info   ][gc,phases      ] GC(50) Phase 3: Adjust pointers 1.870ms
[0.627s][info   ][gc,phases,start] GC(50) Phase 4: Compact heap
[0.627s][info   ][gc,phases      ] GC(50) Phase 4: Compact heap 0.115ms
[0.627s][info   ][gc,heap        ] GC(50) Eden regions: 1->0(3)
[0.627s][info   ][gc,heap        ] GC(50) Survivor regions: 0->0(0)
[0.627s][info   ][gc,heap        ] GC(50) Old regions: 2->2
[0.627s][info   ][gc,heap        ] GC(50) Archive regions: 2->2
[0.627s][info   ][gc,heap        ] GC(50) Humongous regions: 0->0
[0.627s][info   ][gc,metaspace   ] GC(50) Metaspace: 9512K(9792K)->9512K(9792K) NonClass: 8354K(8512K)->8354K(8512K) Class: 1157K(1280K)->1157K(1280K)
[0.627s][info   ][gc             ] GC(50) Pause Full (System.gc()) 4M->4M(28M) 5.015ms
[0.627s][info   ][gc,cpu         ] GC(50) User=0.00s Sys=0.00s Real=0.01s
[0.627s][info   ][gc,start       ] GC(51) Pause Full (System.gc())
[0.627s][info   ][gc,task        ] GC(51) Using 1 workers of 10 for full compaction
[0.627s][info   ][gc,phases,start] GC(51) Phase 1: Mark live objects
[0.630s][info   ][gc,phases      ] GC(51) Phase 1: Mark live objects 2.796ms
[0.630s][info   ][gc,phases,start] GC(51) Phase 2: Prepare for compaction
[0.631s][info   ][gc,phases      ] GC(51) Phase 2: Prepare for compaction 0.279ms
[0.631s][info   ][gc,phases,start] GC(51) Phase 3: Adjust pointers
[0.632s][info   ][gc,phases      ] GC(51) Phase 3: Adjust pointers 1.912ms
[0.633s][info   ][gc,phases,start] GC(51) Phase 4: Compact heap
[0.633s][info   ][gc,phases      ] GC(51) Phase 4: Compact heap 0.119ms
[0.633s][info   ][gc,heap        ] GC(51) Eden regions: 0->0(3)
[0.633s][info   ][gc,heap        ] GC(51) Survivor regions: 0->0(0)
[0.633s][info   ][gc,heap        ] GC(51) Old regions: 2->2
[0.633s][info   ][gc,heap        ] GC(51) Archive regions: 2->2
[0.633s][info   ][gc,heap        ] GC(51) Humongous regions: 0->0
[0.633s][info   ][gc,metaspace   ] GC(51) Metaspace: 9512K(9792K)->9512K(9792K) NonClass: 8354K(8512K)->8354K(8512K) Class: 1157K(1280K)->1157K(1280K)
[0.633s][info   ][gc             ] GC(51) Pause Full (System.gc()) 4M->4M(28M) 5.633ms
[0.633s][info   ][gc,cpu         ] GC(51) User=0.00s Sys=0.00s Real=0.00s
[0.633s][info   ][gc,start       ] GC(52) Pause Full (System.gc())
[0.633s][info   ][gc,task        ] GC(52) Using 1 workers of 10 for full compaction
[0.633s][info   ][gc,phases,start] GC(52) Phase 1: Mark live objects
[0.636s][info   ][gc,phases      ] GC(52) Phase 1: Mark live objects 2.368ms
[0.636s][info   ][gc,phases,start] GC(52) Phase 2: Prepare for compaction
[0.636s][info   ][gc,phases      ] GC(52) Phase 2: Prepare for compaction 0.175ms
[0.636s][info   ][gc,phases,start] GC(52) Phase 3: Adjust pointers
[0.637s][info   ][gc,phases      ] GC(52) Phase 3: Adjust pointers 1.283ms
[0.637s][info   ][gc,phases,start] GC(52) Phase 4: Compact heap
[0.637s][info   ][gc,phases      ] GC(52) Phase 4: Compact heap 0.139ms
[0.638s][info   ][gc,heap        ] GC(52) Eden regions: 0->0(3)
[0.638s][info   ][gc,heap        ] GC(52) Survivor regions: 0->0(0)
[0.638s][info   ][gc,heap        ] GC(52) Old regions: 2->2
[0.638s][info   ][gc,heap        ] GC(52) Archive regions: 2->2
[0.638s][info   ][gc,heap        ] GC(52) Humongous regions: 0->0
[0.638s][info   ][gc,metaspace   ] GC(52) Metaspace: 9512K(9792K)->9512K(9792K) NonClass: 8354K(8512K)->8354K(8512K) Class: 1157K(1280K)->1157K(1280K)
[0.638s][info   ][gc             ] GC(52) Pause Full (System.gc()) 4M->4M(28M) 4.485ms
[0.638s][info   ][gc,cpu         ] GC(52) User=0.01s Sys=0.00s Real=0.01s
[0.638s][info   ][gc,start       ] GC(53) Pause Full (System.gc())
[0.638s][info   ][gc,task        ] GC(53) Using 1 workers of 10 for full compaction
[0.638s][info   ][gc,phases,start] GC(53) Phase 1: Mark live objects
[0.640s][info   ][gc,phases      ] GC(53) Phase 1: Mark live objects 2.438ms
[0.640s][info   ][gc,phases,start] GC(53) Phase 2: Prepare for compaction
[0.641s][info   ][gc,phases      ] GC(53) Phase 2: Prepare for compaction 0.260ms
[0.641s][info   ][gc,phases,start] GC(53) Phase 3: Adjust pointers
[0.642s][info   ][gc,phases      ] GC(53) Phase 3: Adjust pointers 1.272ms
[0.642s][info   ][gc,phases,start] GC(53) Phase 4: Compact heap
[0.642s][info   ][gc,phases      ] GC(53) Phase 4: Compact heap 0.113ms
[0.643s][info   ][gc,heap        ] GC(53) Eden regions: 1->0(3)
[0.643s][info   ][gc,heap        ] GC(53) Survivor regions: 0->0(0)
[0.643s][info   ][gc,heap        ] GC(53) Old regions: 2->2
[0.643s][info   ][gc,heap        ] GC(53) Archive regions: 2->2
[0.643s][info   ][gc,heap        ] GC(53) Humongous regions: 0->0
[0.643s][info   ][gc,metaspace   ] GC(53) Metaspace: 9512K(9792K)->9512K(9792K) NonClass: 8354K(8512K)->8354K(8512K) Class: 1157K(1280K)->1157K(1280K)
[0.643s][info   ][gc             ] GC(53) Pause Full (System.gc()) 4M->4M(28M) 4.667ms
[0.643s][info   ][gc,cpu         ] GC(53) User=0.00s Sys=0.00s Real=0.00s
[0.643s][info   ][gc,start       ] GC(54) Pause Full (System.gc())
[0.643s][info   ][gc,task        ] GC(54) Using 1 workers of 10 for full compaction
[0.643s][info   ][gc,phases,start] GC(54) Phase 1: Mark live objects
[0.646s][info   ][gc,phases      ] GC(54) Phase 1: Mark live objects 2.634ms
[0.646s][info   ][gc,phases,start] GC(54) Phase 2: Prepare for compaction
[0.646s][info   ][gc,phases      ] GC(54) Phase 2: Prepare for compaction 0.155ms
[0.646s][info   ][gc,phases,start] GC(54) Phase 3: Adjust pointers
[0.647s][info   ][gc,phases      ] GC(54) Phase 3: Adjust pointers 1.388ms
[0.647s][info   ][gc,phases,start] GC(54) Phase 4: Compact heap
[0.647s][info   ][gc,phases      ] GC(54) Phase 4: Compact heap 0.101ms
[0.648s][info   ][gc,heap        ] GC(54) Eden regions: 1->0(3)
[0.648s][info   ][gc,heap        ] GC(54) Survivor regions: 0->0(0)
[0.648s][info   ][gc,heap        ] GC(54) Old regions: 2->2
[0.648s][info   ][gc,heap        ] GC(54) Archive regions: 2->2
[0.648s][info   ][gc,heap        ] GC(54) Humongous regions: 0->0
[0.648s][info   ][gc,metaspace   ] GC(54) Metaspace: 9512K(9792K)->9512K(9792K) NonClass: 8354K(8512K)->8354K(8512K) Class: 1157K(1280K)->1157K(1280K)
[0.648s][info   ][gc             ] GC(54) Pause Full (System.gc()) 4M->4M(28M) 4.980ms
[0.648s][info   ][gc,cpu         ] GC(54) User=0.01s Sys=0.00s Real=0.01s
[0.648s][info   ][gc,start       ] GC(55) Pause Full (System.gc())
[0.648s][info   ][gc,task        ] GC(55) Using 1 workers of 10 for full compaction
[0.648s][info   ][gc,phases,start] GC(55) Phase 1: Mark live objects
[0.651s][info   ][gc,phases      ] GC(55) Phase 1: Mark live objects 3.003ms
[0.651s][info   ][gc,phases,start] GC(55) Phase 2: Prepare for compaction
[0.652s][info   ][gc,phases      ] GC(55) Phase 2: Prepare for compaction 0.249ms
[0.652s][info   ][gc,phases,start] GC(55) Phase 3: Adjust pointers
[0.653s][info   ][gc,phases      ] GC(55) Phase 3: Adjust pointers 1.699ms
[0.653s][info   ][gc,phases,start] GC(55) Phase 4: Compact heap
[0.653s][info   ][gc,phases      ] GC(55) Phase 4: Compact heap 0.105ms
[0.654s][info   ][gc,heap        ] GC(55) Eden regions: 0->0(3)
[0.654s][info   ][gc,heap        ] GC(55) Survivor regions: 0->0(0)
[0.654s][info   ][gc,heap        ] GC(55) Old regions: 2->2
[0.654s][info   ][gc,heap        ] GC(55) Archive regions: 2->2
[0.654s][info   ][gc,heap        ] GC(55) Humongous regions: 0->0
[0.654s][info   ][gc,metaspace   ] GC(55) Metaspace: 9512K(9792K)->9512K(9792K) NonClass: 8354K(8512K)->8354K(8512K) Class: 1157K(1280K)->1157K(1280K)
[0.654s][info   ][gc             ] GC(55) Pause Full (System.gc()) 4M->4M(28M) 5.713ms
[0.654s][info   ][gc,cpu         ] GC(55) User=0.00s Sys=0.01s Real=0.01s
[0.654s][info   ][gc,start       ] GC(56) Pause Full (System.gc())
[0.654s][info   ][gc,task        ] GC(56) Using 1 workers of 10 for full compaction
[0.654s][info   ][gc,phases,start] GC(56) Phase 1: Mark live objects
[0.657s][info   ][gc,phases      ] GC(56) Phase 1: Mark live objects 3.154ms
[0.657s][info   ][gc,phases,start] GC(56) Phase 2: Prepare for compaction
[0.658s][info   ][gc,phases      ] GC(56) Phase 2: Prepare for compaction 0.280ms
[0.658s][info   ][gc,phases,start] GC(56) Phase 3: Adjust pointers
[0.660s][info   ][gc,phases      ] GC(56) Phase 3: Adjust pointers 1.989ms
[0.660s][info   ][gc,phases,start] GC(56) Phase 4: Compact heap
[0.660s][info   ][gc,phases      ] GC(56) Phase 4: Compact heap 0.063ms
[0.660s][info   ][gc,heap        ] GC(56) Eden regions: 1->0(3)
[0.660s][info   ][gc,heap        ] GC(56) Survivor regions: 0->0(0)
[0.660s][info   ][gc,heap        ] GC(56) Old regions: 2->2
[0.660s][info   ][gc,heap        ] GC(56) Archive regions: 2->2
[0.660s][info   ][gc,heap        ] GC(56) Humongous regions: 0->0
[0.660s][info   ][gc,metaspace   ] GC(56) Metaspace: 9512K(9792K)->9512K(9792K) NonClass: 8354K(8512K)->8354K(8512K) Class: 1157K(1280K)->1157K(1280K)
[0.660s][info   ][gc             ] GC(56) Pause Full (System.gc()) 4M->4M(28M) 6.144ms
[0.660s][info   ][gc,cpu         ] GC(56) User=0.01s Sys=0.00s Real=0.00s
[0.661s][info   ][gc,start       ] GC(57) Pause Full (System.gc())
[0.661s][info   ][gc,task        ] GC(57) Using 1 workers of 10 for full compaction
[0.661s][info   ][gc,phases,start] GC(57) Phase 1: Mark live objects
[0.664s][info   ][gc,phases      ] GC(57) Phase 1: Mark live objects 2.974ms
[0.664s][info   ][gc,phases,start] GC(57) Phase 2: Prepare for compaction
[0.664s][info   ][gc,phases      ] GC(57) Phase 2: Prepare for compaction 0.210ms
[0.664s][info   ][gc,phases,start] GC(57) Phase 3: Adjust pointers
[0.666s][info   ][gc,phases      ] GC(57) Phase 3: Adjust pointers 1.565ms
[0.666s][info   ][gc,phases,start] GC(57) Phase 4: Compact heap
[0.666s][info   ][gc,phases      ] GC(57) Phase 4: Compact heap 0.105ms
[0.666s][info   ][gc,heap        ] GC(57) Eden regions: 1->0(3)
[0.666s][info   ][gc,heap        ] GC(57) Survivor regions: 0->0(0)
[0.666s][info   ][gc,heap        ] GC(57) Old regions: 2->2
[0.666s][info   ][gc,heap        ] GC(57) Archive regions: 2->2
[0.666s][info   ][gc,heap        ] GC(57) Humongous regions: 0->0
[0.666s][info   ][gc,metaspace   ] GC(57) Metaspace: 9512K(9792K)->9512K(9792K) NonClass: 8354K(8512K)->8354K(8512K) Class: 1157K(1280K)->1157K(1280K)
[0.666s][info   ][gc             ] GC(57) Pause Full (System.gc()) 4M->4M(28M) 5.548ms
[0.666s][info   ][gc,cpu         ] GC(57) User=0.00s Sys=0.00s Real=0.01s
[0.667s][info   ][gc,start       ] GC(58) Pause Full (System.gc())
[0.667s][info   ][gc,task        ] GC(58) Using 1 workers of 10 for full compaction
[0.667s][info   ][gc,phases,start] GC(58) Phase 1: Mark live objects
[0.670s][info   ][gc,phases      ] GC(58) Phase 1: Mark live objects 3.512ms
[0.670s][info   ][gc,phases,start] GC(58) Phase 2: Prepare for compaction
[0.671s][info   ][gc,phases      ] GC(58) Phase 2: Prepare for compaction 0.350ms
[0.671s][info   ][gc,phases,start] GC(58) Phase 3: Adjust pointers
[0.672s][info   ][gc,phases      ] GC(58) Phase 3: Adjust pointers 1.819ms
[0.672s][info   ][gc,phases,start] GC(58) Phase 4: Compact heap
[0.673s][info   ][gc,phases      ] GC(58) Phase 4: Compact heap 0.162ms
[0.673s][info   ][gc,heap        ] GC(58) Eden regions: 0->0(3)
[0.673s][info   ][gc,heap        ] GC(58) Survivor regions: 0->0(0)
[0.673s][info   ][gc,heap        ] GC(58) Old regions: 2->2
[0.673s][info   ][gc,heap        ] GC(58) Archive regions: 2->2
[0.673s][info   ][gc,heap        ] GC(58) Humongous regions: 0->0
[0.673s][info   ][gc,metaspace   ] GC(58) Metaspace: 9512K(9792K)->9512K(9792K) NonClass: 8354K(8512K)->8354K(8512K) Class: 1157K(1280K)->1157K(1280K)
[0.673s][info   ][gc             ] GC(58) Pause Full (System.gc()) 4M->4M(28M) 6.627ms
[0.673s][info   ][gc,cpu         ] GC(58) User=0.01s Sys=0.00s Real=0.00s
[0.674s][info   ][gc,start       ] GC(59) Pause Full (System.gc())
[0.674s][info   ][gc,task        ] GC(59) Using 1 workers of 10 for full compaction
[0.674s][info   ][gc,phases,start] GC(59) Phase 1: Mark live objects
[0.677s][info   ][gc,phases      ] GC(59) Phase 1: Mark live objects 3.206ms
[0.677s][info   ][gc,phases,start] GC(59) Phase 2: Prepare for compaction
[0.677s][info   ][gc,phases      ] GC(59) Phase 2: Prepare for compaction 0.234ms
[0.677s][info   ][gc,phases,start] GC(59) Phase 3: Adjust pointers
[0.679s][info   ][gc,phases      ] GC(59) Phase 3: Adjust pointers 1.698ms
[0.679s][info   ][gc,phases,start] GC(59) Phase 4: Compact heap
[0.679s][info   ][gc,phases      ] GC(59) Phase 4: Compact heap 0.200ms
[0.680s][info   ][gc,heap        ] GC(59) Eden regions: 1->0(3)
[0.680s][info   ][gc,heap        ] GC(59) Survivor regions: 0->0(0)
[0.680s][info   ][gc,heap        ] GC(59) Old regions: 2->2
[0.680s][info   ][gc,heap        ] GC(59) Archive regions: 2->2
[0.680s][info   ][gc,heap        ] GC(59) Humongous regions: 0->0
[0.680s][info   ][gc,metaspace   ] GC(59) Metaspace: 9512K(9792K)->9512K(9792K) NonClass: 8354K(8512K)->8354K(8512K) Class: 1157K(1280K)->1157K(1280K)
[0.680s][info   ][gc             ] GC(59) Pause Full (System.gc()) 4M->4M(28M) 6.057ms
[0.680s][info   ][gc,cpu         ] GC(59) User=0.00s Sys=0.00s Real=0.00s
[0.680s][info   ][gc,start       ] GC(60) Pause Full (System.gc())
[0.680s][info   ][gc,task        ] GC(60) Using 1 workers of 10 for full compaction
[0.680s][info   ][gc,phases,start] GC(60) Phase 1: Mark live objects
[0.683s][info   ][gc,phases      ] GC(60) Phase 1: Mark live objects 2.799ms
[0.683s][info   ][gc,phases,start] GC(60) Phase 2: Prepare for compaction
[0.683s][info   ][gc,phases      ] GC(60) Phase 2: Prepare for compaction 0.189ms
[0.683s][info   ][gc,phases,start] GC(60) Phase 3: Adjust pointers
[0.685s][info   ][gc,phases      ] GC(60) Phase 3: Adjust pointers 1.317ms
[0.685s][info   ][gc,phases,start] GC(60) Phase 4: Compact heap
[0.685s][info   ][gc,phases      ] GC(60) Phase 4: Compact heap 0.192ms
[0.685s][info   ][gc,heap        ] GC(60) Eden regions: 1->0(3)
[0.685s][info   ][gc,heap        ] GC(60) Survivor regions: 0->0(0)
[0.685s][info   ][gc,heap        ] GC(60) Old regions: 2->2
[0.685s][info   ][gc,heap        ] GC(60) Archive regions: 2->2
[0.685s][info   ][gc,heap        ] GC(60) Humongous regions: 0->0
[0.685s][info   ][gc,metaspace   ] GC(60) Metaspace: 9512K(9792K)->9512K(9792K) NonClass: 8354K(8512K)->8354K(8512K) Class: 1157K(1280K)->1157K(1280K)
[0.685s][info   ][gc             ] GC(60) Pause Full (System.gc()) 4M->4M(28M) 5.076ms
[0.685s][info   ][gc,cpu         ] GC(60) User=0.01s Sys=0.00s Real=0.01s
[0.685s][info   ][gc,start       ] GC(61) Pause Full (System.gc())
[0.685s][info   ][gc,task        ] GC(61) Using 1 workers of 10 for full compaction
[0.685s][info   ][gc,phases,start] GC(61) Phase 1: Mark live objects
[0.688s][info   ][gc,phases      ] GC(61) Phase 1: Mark live objects 2.953ms
[0.688s][info   ][gc,phases,start] GC(61) Phase 2: Prepare for compaction
[0.689s][info   ][gc,phases      ] GC(61) Phase 2: Prepare for compaction 0.284ms
[0.689s][info   ][gc,phases,start] GC(61) Phase 3: Adjust pointers
[0.691s][info   ][gc,phases      ] GC(61) Phase 3: Adjust pointers 1.766ms
[0.691s][info   ][gc,phases,start] GC(61) Phase 4: Compact heap
[0.691s][info   ][gc,phases      ] GC(61) Phase 4: Compact heap 0.218ms
[0.691s][info   ][gc,heap        ] GC(61) Eden regions: 0->0(3)
[0.691s][info   ][gc,heap        ] GC(61) Survivor regions: 0->0(0)
[0.691s][info   ][gc,heap        ] GC(61) Old regions: 2->2
[0.691s][info   ][gc,heap        ] GC(61) Archive regions: 2->2
[0.691s][info   ][gc,heap        ] GC(61) Humongous regions: 0->0
[0.691s][info   ][gc,metaspace   ] GC(61) Metaspace: 9512K(9792K)->9512K(9792K) NonClass: 8354K(8512K)->8354K(8512K) Class: 1157K(1280K)->1157K(1280K)
[0.691s][info   ][gc             ] GC(61) Pause Full (System.gc()) 4M->4M(28M) 5.832ms
[0.691s][info   ][gc,cpu         ] GC(61) User=0.00s Sys=0.00s Real=0.00s
[0.692s][info   ][gc,start       ] GC(62) Pause Full (System.gc())
[0.692s][info   ][gc,task        ] GC(62) Using 1 workers of 10 for full compaction
[0.692s][info   ][gc,phases,start] GC(62) Phase 1: Mark live objects
[0.695s][info   ][gc,phases      ] GC(62) Phase 1: Mark live objects 2.765ms
[0.695s][info   ][gc,phases,start] GC(62) Phase 2: Prepare for compaction
[0.695s][info   ][gc,phases      ] GC(62) Phase 2: Prepare for compaction 0.139ms
[0.695s][info   ][gc,phases,start] GC(62) Phase 3: Adjust pointers
[0.696s][info   ][gc,phases      ] GC(62) Phase 3: Adjust pointers 1.274ms
[0.696s][info   ][gc,phases,start] GC(62) Phase 4: Compact heap
[0.696s][info   ][gc,phases      ] GC(62) Phase 4: Compact heap 0.109ms
[0.697s][info   ][gc,heap        ] GC(62) Eden regions: 1->0(3)
[0.697s][info   ][gc,heap        ] GC(62) Survivor regions: 0->0(0)
[0.697s][info   ][gc,heap        ] GC(62) Old regions: 2->2
[0.697s][info   ][gc,heap        ] GC(62) Archive regions: 2->2
[0.697s][info   ][gc,heap        ] GC(62) Humongous regions: 0->0
[0.697s][info   ][gc,metaspace   ] GC(62) Metaspace: 9512K(9792K)->9512K(9792K) NonClass: 8354K(8512K)->8354K(8512K) Class: 1157K(1280K)->1157K(1280K)
[0.697s][info   ][gc             ] GC(62) Pause Full (System.gc()) 4M->4M(28M) 4.849ms
[0.697s][info   ][gc,cpu         ] GC(62) User=0.01s Sys=0.00s Real=0.01s
[0.697s][info   ][gc,start       ] GC(63) Pause Full (System.gc())
[0.697s][info   ][gc,task        ] GC(63) Using 1 workers of 10 for full compaction
[0.697s][info   ][gc,phases,start] GC(63) Phase 1: Mark live objects
[0.700s][info   ][gc,phases      ] GC(63) Phase 1: Mark live objects 2.833ms
[0.700s][info   ][gc,phases,start] GC(63) Phase 2: Prepare for compaction
[0.700s][info   ][gc,phases      ] GC(63) Phase 2: Prepare for compaction 0.143ms
[0.700s][info   ][gc,phases,start] GC(63) Phase 3: Adjust pointers
[0.702s][info   ][gc,phases      ] GC(63) Phase 3: Adjust pointers 1.772ms
[0.702s][info   ][gc,phases,start] GC(63) Phase 4: Compact heap
[0.702s][info   ][gc,phases      ] GC(63) Phase 4: Compact heap 0.138ms
[0.703s][info   ][gc,heap        ] GC(63) Eden regions: 1->0(3)
[0.703s][info   ][gc,heap        ] GC(63) Survivor regions: 0->0(0)
[0.703s][info   ][gc,heap        ] GC(63) Old regions: 2->2
[0.703s][info   ][gc,heap        ] GC(63) Archive regions: 2->2
[0.703s][info   ][gc,heap        ] GC(63) Humongous regions: 0->0
[0.703s][info   ][gc,metaspace   ] GC(63) Metaspace: 9512K(9792K)->9512K(9792K) NonClass: 8354K(8512K)->8354K(8512K) Class: 1157K(1280K)->1157K(1280K)
[0.703s][info   ][gc             ] GC(63) Pause Full (System.gc()) 4M->4M(28M) 5.714ms
[0.703s][info   ][gc,cpu         ] GC(63) User=0.00s Sys=0.00s Real=0.00s
[0.703s][info   ][gc,start       ] GC(64) Pause Full (System.gc())
[0.703s][info   ][gc,task        ] GC(64) Using 1 workers of 10 for full compaction
[0.703s][info   ][gc,phases,start] GC(64) Phase 1: Mark live objects
[0.705s][info   ][gc,phases      ] GC(64) Phase 1: Mark live objects 2.313ms
[0.705s][info   ][gc,phases,start] GC(64) Phase 2: Prepare for compaction
[0.706s][info   ][gc,phases      ] GC(64) Phase 2: Prepare for compaction 0.242ms
[0.706s][info   ][gc,phases,start] GC(64) Phase 3: Adjust pointers
[0.707s][info   ][gc,phases      ] GC(64) Phase 3: Adjust pointers 1.384ms
[0.707s][info   ][gc,phases,start] GC(64) Phase 4: Compact heap
[0.707s][info   ][gc,phases      ] GC(64) Phase 4: Compact heap 0.202ms
[0.708s][info   ][gc,heap        ] GC(64) Eden regions: 0->0(3)
[0.708s][info   ][gc,heap        ] GC(64) Survivor regions: 0->0(0)
[0.708s][info   ][gc,heap        ] GC(64) Old regions: 2->2
[0.708s][info   ][gc,heap        ] GC(64) Archive regions: 2->2
[0.708s][info   ][gc,heap        ] GC(64) Humongous regions: 0->0
[0.708s][info   ][gc,metaspace   ] GC(64) Metaspace: 9512K(9792K)->9512K(9792K) NonClass: 8354K(8512K)->8354K(8512K) Class: 1157K(1280K)->1157K(1280K)
[0.708s][info   ][gc             ] GC(64) Pause Full (System.gc()) 4M->4M(28M) 4.848ms
[0.708s][info   ][gc,cpu         ] GC(64) User=0.01s Sys=0.00s Real=0.01s
[0.709s][info   ][gc,start       ] GC(65) Pause Full (System.gc())
[0.709s][info   ][gc,task        ] GC(65) Using 1 workers of 10 for full compaction
[0.709s][info   ][gc,phases,start] GC(65) Phase 1: Mark live objects
[0.712s][info   ][gc,phases      ] GC(65) Phase 1: Mark live objects 3.225ms
[0.712s][info   ][gc,phases,start] GC(65) Phase 2: Prepare for compaction
[0.712s][info   ][gc,phases      ] GC(65) Phase 2: Prepare for compaction 0.290ms
[0.712s][info   ][gc,phases,start] GC(65) Phase 3: Adjust pointers
[0.714s][info   ][gc,phases      ] GC(65) Phase 3: Adjust pointers 1.845ms
[0.714s][info   ][gc,phases,start] GC(65) Phase 4: Compact heap
[0.714s][info   ][gc,phases      ] GC(65) Phase 4: Compact heap 0.115ms
[0.715s][info   ][gc,heap        ] GC(65) Eden regions: 1->0(3)
[0.715s][info   ][gc,heap        ] GC(65) Survivor regions: 0->0(0)
[0.715s][info   ][gc,heap        ] GC(65) Old regions: 2->2
[0.715s][info   ][gc,heap        ] GC(65) Archive regions: 2->2
[0.715s][info   ][gc,heap        ] GC(65) Humongous regions: 0->0
[0.715s][info   ][gc,metaspace   ] GC(65) Metaspace: 9512K(9792K)->9512K(9792K) NonClass: 8354K(8512K)->8354K(8512K) Class: 1157K(1280K)->1157K(1280K)
[0.715s][info   ][gc             ] GC(65) Pause Full (System.gc()) 4M->4M(28M) 6.278ms
[0.715s][info   ][gc,cpu         ] GC(65) User=0.00s Sys=0.00s Real=0.01s
[0.715s][info   ][gc,start       ] GC(66) Pause Full (System.gc())
[0.715s][info   ][gc,task        ] GC(66) Using 1 workers of 10 for full compaction
[0.715s][info   ][gc,phases,start] GC(66) Phase 1: Mark live objects
[0.719s][info   ][gc,phases      ] GC(66) Phase 1: Mark live objects 3.667ms
[0.719s][info   ][gc,phases,start] GC(66) Phase 2: Prepare for compaction
[0.719s][info   ][gc,phases      ] GC(66) Phase 2: Prepare for compaction 0.242ms
[0.719s][info   ][gc,phases,start] GC(66) Phase 3: Adjust pointers
[0.721s][info   ][gc,phases      ] GC(66) Phase 3: Adjust pointers 2.014ms
[0.721s][info   ][gc,phases,start] GC(66) Phase 4: Compact heap
[0.722s][info   ][gc,phases      ] GC(66) Phase 4: Compact heap 0.163ms
[0.722s][info   ][gc,heap        ] GC(66) Eden regions: 1->0(3)
[0.722s][info   ][gc,heap        ] GC(66) Survivor regions: 0->0(0)
[0.722s][info   ][gc,heap        ] GC(66) Old regions: 2->2
[0.722s][info   ][gc,heap        ] GC(66) Archive regions: 2->2
[0.722s][info   ][gc,heap        ] GC(66) Humongous regions: 0->0
[0.722s][info   ][gc,metaspace   ] GC(66) Metaspace: 9512K(9792K)->9512K(9792K) NonClass: 8354K(8512K)->8354K(8512K) Class: 1157K(1280K)->1157K(1280K)
[0.722s][info   ][gc             ] GC(66) Pause Full (System.gc()) 4M->4M(28M) 6.905ms
[0.722s][info   ][gc,cpu         ] GC(66) User=0.01s Sys=0.00s Real=0.00s
[0.723s][info   ][gc,start       ] GC(67) Pause Full (System.gc())
[0.723s][info   ][gc,task        ] GC(67) Using 1 workers of 10 for full compaction
[0.723s][info   ][gc,phases,start] GC(67) Phase 1: Mark live objects
[0.728s][info   ][gc,phases      ] GC(67) Phase 1: Mark live objects 4.981ms
[0.728s][info   ][gc,phases,start] GC(67) Phase 2: Prepare for compaction
[0.728s][info   ][gc,phases      ] GC(67) Phase 2: Prepare for compaction 0.236ms
[0.728s][info   ][gc,phases,start] GC(67) Phase 3: Adjust pointers
[0.730s][info   ][gc,phases      ] GC(67) Phase 3: Adjust pointers 2.047ms
[0.730s][info   ][gc,phases,start] GC(67) Phase 4: Compact heap
[0.730s][info   ][gc,phases      ] GC(67) Phase 4: Compact heap 0.128ms
[0.731s][info   ][gc,heap        ] GC(67) Eden regions: 0->0(3)
[0.731s][info   ][gc,heap        ] GC(67) Survivor regions: 0->0(0)
[0.731s][info   ][gc,heap        ] GC(67) Old regions: 2->2
[0.731s][info   ][gc,heap        ] GC(67) Archive regions: 2->2
[0.731s][info   ][gc,heap        ] GC(67) Humongous regions: 0->0
[0.731s][info   ][gc,metaspace   ] GC(67) Metaspace: 9512K(9792K)->9512K(9792K) NonClass: 8354K(8512K)->8354K(8512K) Class: 1157K(1280K)->1157K(1280K)
[0.731s][info   ][gc             ] GC(67) Pause Full (System.gc()) 4M->4M(28M) 8.275ms
[0.731s][info   ][gc,cpu         ] GC(67) User=0.01s Sys=0.00s Real=0.01s
[0.731s][info   ][gc,start       ] GC(68) Pause Full (System.gc())
[0.731s][info   ][gc,task        ] GC(68) Using 1 workers of 10 for full compaction
[0.731s][info   ][gc,phases,start] GC(68) Phase 1: Mark live objects
[0.735s][info   ][gc,phases      ] GC(68) Phase 1: Mark live objects 3.772ms
[0.735s][info   ][gc,phases,start] GC(68) Phase 2: Prepare for compaction
[0.735s][info   ][gc,phases      ] GC(68) Phase 2: Prepare for compaction 0.148ms
[0.735s][info   ][gc,phases,start] GC(68) Phase 3: Adjust pointers
[0.737s][info   ][gc,phases      ] GC(68) Phase 3: Adjust pointers 2.152ms
[0.737s][info   ][gc,phases,start] GC(68) Phase 4: Compact heap
[0.737s][info   ][gc,phases      ] GC(68) Phase 4: Compact heap 0.160ms
[0.738s][info   ][gc,heap        ] GC(68) Eden regions: 0->0(3)
[0.738s][info   ][gc,heap        ] GC(68) Survivor regions: 0->0(0)
[0.738s][info   ][gc,heap        ] GC(68) Old regions: 2->2
[0.738s][info   ][gc,heap        ] GC(68) Archive regions: 2->2
[0.738s][info   ][gc,heap        ] GC(68) Humongous regions: 0->0
[0.738s][info   ][gc,metaspace   ] GC(68) Metaspace: 9512K(9792K)->9512K(9792K) NonClass: 8354K(8512K)->8354K(8512K) Class: 1157K(1280K)->1157K(1280K)
[0.738s][info   ][gc             ] GC(68) Pause Full (System.gc()) 4M->4M(28M) 7.007ms
[0.738s][info   ][gc,cpu         ] GC(68) User=0.00s Sys=0.00s Real=0.01s
[0.739s][info   ][gc,start       ] GC(69) Pause Full (System.gc())
[0.739s][info   ][gc,task        ] GC(69) Using 1 workers of 10 for full compaction
[0.739s][info   ][gc,phases,start] GC(69) Phase 1: Mark live objects
[0.742s][info   ][gc,phases      ] GC(69) Phase 1: Mark live objects 3.429ms
[0.742s][info   ][gc,phases,start] GC(69) Phase 2: Prepare for compaction
[0.743s][info   ][gc,phases      ] GC(69) Phase 2: Prepare for compaction 0.290ms
[0.743s][info   ][gc,phases,start] GC(69) Phase 3: Adjust pointers
[0.745s][info   ][gc,phases      ] GC(69) Phase 3: Adjust pointers 2.625ms
[0.745s][info   ][gc,phases,start] GC(69) Phase 4: Compact heap
[0.745s][info   ][gc,phases      ] GC(69) Phase 4: Compact heap 0.108ms
[0.746s][info   ][gc,heap        ] GC(69) Eden regions: 1->0(3)
[0.746s][info   ][gc,heap        ] GC(69) Survivor regions: 0->0(0)
[0.746s][info   ][gc,heap        ] GC(69) Old regions: 2->2
[0.746s][info   ][gc,heap        ] GC(69) Archive regions: 2->2
[0.746s][info   ][gc,heap        ] GC(69) Humongous regions: 0->0
[0.746s][info   ][gc,metaspace   ] GC(69) Metaspace: 9512K(9792K)->9512K(9792K) NonClass: 8354K(8512K)->8354K(8512K) Class: 1157K(1280K)->1157K(1280K)
[0.746s][info   ][gc             ] GC(69) Pause Full (System.gc()) 4M->4M(28M) 7.235ms
[0.746s][info   ][gc,cpu         ] GC(69) User=0.01s Sys=0.00s Real=0.01s
[0.746s][info   ][gc,start       ] GC(70) Pause Full (System.gc())
[0.746s][info   ][gc,task        ] GC(70) Using 1 workers of 10 for full compaction
[0.746s][info   ][gc,phases,start] GC(70) Phase 1: Mark live objects
[0.749s][info   ][gc,phases      ] GC(70) Phase 1: Mark live objects 3.012ms
[0.749s][info   ][gc,phases,start] GC(70) Phase 2: Prepare for compaction
[0.750s][info   ][gc,phases      ] GC(70) Phase 2: Prepare for compaction 0.195ms
[0.750s][info   ][gc,phases,start] GC(70) Phase 3: Adjust pointers
[0.752s][info   ][gc,phases      ] GC(70) Phase 3: Adjust pointers 2.614ms
[0.752s][info   ][gc,phases,start] GC(70) Phase 4: Compact heap
[0.752s][info   ][gc,phases      ] GC(70) Phase 4: Compact heap 0.125ms
[0.753s][info   ][gc,heap        ] GC(70) Eden regions: 1->0(3)
[0.753s][info   ][gc,heap        ] GC(70) Survivor regions: 0->0(0)
[0.753s][info   ][gc,heap        ] GC(70) Old regions: 2->2
[0.753s][info   ][gc,heap        ] GC(70) Archive regions: 2->2
[0.753s][info   ][gc,heap        ] GC(70) Humongous regions: 0->0
[0.753s][info   ][gc,metaspace   ] GC(70) Metaspace: 9512K(9792K)->9512K(9792K) NonClass: 8354K(8512K)->8354K(8512K) Class: 1157K(1280K)->1157K(1280K)
[0.753s][info   ][gc             ] GC(70) Pause Full (System.gc()) 4M->4M(28M) 6.781ms
[0.753s][info   ][gc,cpu         ] GC(70) User=0.01s Sys=0.00s Real=0.00s
[0.754s][info   ][gc,start       ] GC(71) Pause Full (System.gc())
[0.754s][info   ][gc,task        ] GC(71) Using 1 workers of 10 for full compaction
[0.754s][info   ][gc,phases,start] GC(71) Phase 1: Mark live objects
[0.757s][info   ][gc,phases      ] GC(71) Phase 1: Mark live objects 3.132ms
[0.757s][info   ][gc,phases,start] GC(71) Phase 2: Prepare for compaction
[0.757s][info   ][gc,phases      ] GC(71) Phase 2: Prepare for compaction 0.229ms
[0.757s][info   ][gc,phases,start] GC(71) Phase 3: Adjust pointers
[0.760s][info   ][gc,phases      ] GC(71) Phase 3: Adjust pointers 2.800ms
[0.760s][info   ][gc,phases,start] GC(71) Phase 4: Compact heap
[0.760s][info   ][gc,phases      ] GC(71) Phase 4: Compact heap 0.091ms
[0.761s][info   ][gc,heap        ] GC(71) Eden regions: 1->0(3)
[0.761s][info   ][gc,heap        ] GC(71) Survivor regions: 0->0(0)
[0.761s][info   ][gc,heap        ] GC(71) Old regions: 2->2
[0.761s][info   ][gc,heap        ] GC(71) Archive regions: 2->2
[0.761s][info   ][gc,heap        ] GC(71) Humongous regions: 0->0
[0.761s][info   ][gc,metaspace   ] GC(71) Metaspace: 9512K(9792K)->9512K(9792K) NonClass: 8354K(8512K)->8354K(8512K) Class: 1157K(1280K)->1157K(1280K)
[0.761s][info   ][gc             ] GC(71) Pause Full (System.gc()) 4M->4M(28M) 7.162ms
[0.761s][info   ][gc,cpu         ] GC(71) User=0.00s Sys=0.00s Real=0.00s
[0.761s][info   ][gc,start       ] GC(72) Pause Full (System.gc())
[0.761s][info   ][gc,task        ] GC(72) Using 1 workers of 10 for full compaction
[0.761s][info   ][gc,phases,start] GC(72) Phase 1: Mark live objects
[0.766s][info   ][gc,phases      ] GC(72) Phase 1: Mark live objects 4.206ms
[0.766s][info   ][gc,phases,start] GC(72) Phase 2: Prepare for compaction
[0.766s][info   ][gc,phases      ] GC(72) Phase 2: Prepare for compaction 0.235ms
[0.766s][info   ][gc,phases,start] GC(72) Phase 3: Adjust pointers
[0.769s][info   ][gc,phases      ] GC(72) Phase 3: Adjust pointers 2.680ms
[0.769s][info   ][gc,phases,start] GC(72) Phase 4: Compact heap
[0.769s][info   ][gc,phases      ] GC(72) Phase 4: Compact heap 0.179ms
[0.770s][info   ][gc,heap        ] GC(72) Eden regions: 0->0(3)
[0.770s][info   ][gc,heap        ] GC(72) Survivor regions: 0->0(0)
[0.770s][info   ][gc,heap        ] GC(72) Old regions: 2->2
[0.770s][info   ][gc,heap        ] GC(72) Archive regions: 2->2
[0.770s][info   ][gc,heap        ] GC(72) Humongous regions: 0->0
[0.770s][info   ][gc,metaspace   ] GC(72) Metaspace: 9512K(9792K)->9512K(9792K) NonClass: 8354K(8512K)->8354K(8512K) Class: 1157K(1280K)->1157K(1280K)
[0.770s][info   ][gc             ] GC(72) Pause Full (System.gc()) 4M->4M(28M) 8.352ms
[0.770s][info   ][gc,cpu         ] GC(72) User=0.00s Sys=0.00s Real=0.01s
[0.770s][info   ][gc,start       ] GC(73) Pause Full (System.gc())
[0.770s][info   ][gc,task        ] GC(73) Using 1 workers of 10 for full compaction
[0.770s][info   ][gc,phases,start] GC(73) Phase 1: Mark live objects
[0.774s][info   ][gc,phases      ] GC(73) Phase 1: Mark live objects 4.120ms
[0.774s][info   ][gc,phases,start] GC(73) Phase 2: Prepare for compaction
[0.774s][info   ][gc,phases      ] GC(73) Phase 2: Prepare for compaction 0.252ms
[0.774s][info   ][gc,phases,start] GC(73) Phase 3: Adjust pointers
[0.777s][info   ][gc,phases      ] GC(73) Phase 3: Adjust pointers 2.863ms
[0.777s][info   ][gc,phases,start] GC(73) Phase 4: Compact heap
[0.777s][info   ][gc,phases      ] GC(73) Phase 4: Compact heap 0.205ms
[0.778s][info   ][gc,heap        ] GC(73) Eden regions: 0->0(3)
[0.778s][info   ][gc,heap        ] GC(73) Survivor regions: 0->0(0)
[0.778s][info   ][gc,heap        ] GC(73) Old regions: 2->2
[0.778s][info   ][gc,heap        ] GC(73) Archive regions: 2->2
[0.778s][info   ][gc,heap        ] GC(73) Humongous regions: 0->0
[0.778s][info   ][gc,metaspace   ] GC(73) Metaspace: 9512K(9792K)->9512K(9792K) NonClass: 8354K(8512K)->8354K(8512K) Class: 1157K(1280K)->1157K(1280K)
[0.778s][info   ][gc             ] GC(73) Pause Full (System.gc()) 4M->4M(28M) 8.407ms
[0.778s][info   ][gc,cpu         ] GC(73) User=0.01s Sys=0.00s Real=0.01s
[0.779s][info   ][gc,start       ] GC(74) Pause Full (System.gc())
[0.779s][info   ][gc,task        ] GC(74) Using 1 workers of 10 for full compaction
[0.779s][info   ][gc,phases,start] GC(74) Phase 1: Mark live objects
[0.784s][info   ][gc,phases      ] GC(74) Phase 1: Mark live objects 4.807ms
[0.784s][info   ][gc,phases,start] GC(74) Phase 2: Prepare for compaction
[0.784s][info   ][gc,phases      ] GC(74) Phase 2: Prepare for compaction 0.190ms
[0.784s][info   ][gc,phases,start] GC(74) Phase 3: Adjust pointers
[0.787s][info   ][gc,phases      ] GC(74) Phase 3: Adjust pointers 2.295ms
[0.787s][info   ][gc,phases,start] GC(74) Phase 4: Compact heap
[0.787s][info   ][gc,phases      ] GC(74) Phase 4: Compact heap 0.172ms
[0.787s][info   ][gc,heap        ] GC(74) Eden regions: 1->0(3)
[0.787s][info   ][gc,heap        ] GC(74) Survivor regions: 0->0(0)
[0.787s][info   ][gc,heap        ] GC(74) Old regions: 2->2
[0.788s][info   ][gc,heap        ] GC(74) Archive regions: 2->2
[0.788s][info   ][gc,heap        ] GC(74) Humongous regions: 0->0
[0.788s][info   ][gc,metaspace   ] GC(74) Metaspace: 9512K(9792K)->9512K(9792K) NonClass: 8354K(8512K)->8354K(8512K) Class: 1157K(1280K)->1157K(1280K)
[0.788s][info   ][gc             ] GC(74) Pause Full (System.gc()) 4M->4M(28M) 8.447ms
[0.788s][info   ][gc,cpu         ] GC(74) User=0.01s Sys=0.00s Real=0.01s
[0.788s][info   ][gc,start       ] GC(75) Pause Full (System.gc())
[0.788s][info   ][gc,task        ] GC(75) Using 1 workers of 10 for full compaction
[0.788s][info   ][gc,phases,start] GC(75) Phase 1: Mark live objects
[0.791s][info   ][gc,phases      ] GC(75) Phase 1: Mark live objects 2.851ms
[0.791s][info   ][gc,phases,start] GC(75) Phase 2: Prepare for compaction
[0.791s][info   ][gc,phases      ] GC(75) Phase 2: Prepare for compaction 0.188ms
[0.791s][info   ][gc,phases,start] GC(75) Phase 3: Adjust pointers
[0.792s][info   ][gc,phases      ] GC(75) Phase 3: Adjust pointers 1.397ms
[0.792s][info   ][gc,phases,start] GC(75) Phase 4: Compact heap
[0.792s][info   ][gc,phases      ] GC(75) Phase 4: Compact heap 0.099ms
[0.793s][info   ][gc,heap        ] GC(75) Eden regions: 0->0(3)
[0.793s][info   ][gc,heap        ] GC(75) Survivor regions: 0->0(0)
[0.793s][info   ][gc,heap        ] GC(75) Old regions: 2->2
[0.793s][info   ][gc,heap        ] GC(75) Archive regions: 2->2
[0.793s][info   ][gc,heap        ] GC(75) Humongous regions: 0->0
[0.793s][info   ][gc,metaspace   ] GC(75) Metaspace: 9512K(9792K)->9512K(9792K) NonClass: 8354K(8512K)->8354K(8512K) Class: 1157K(1280K)->1157K(1280K)
[0.793s][info   ][gc             ] GC(75) Pause Full (System.gc()) 4M->4M(28M) 5.299ms
[0.793s][info   ][gc,cpu         ] GC(75) User=0.00s Sys=0.00s Real=0.00s
[0.794s][info   ][gc,start       ] GC(76) Pause Full (System.gc())
[0.794s][info   ][gc,task        ] GC(76) Using 1 workers of 10 for full compaction
[0.794s][info   ][gc,phases,start] GC(76) Phase 1: Mark live objects
[0.797s][info   ][gc,phases      ] GC(76) Phase 1: Mark live objects 2.786ms
[0.797s][info   ][gc,phases,start] GC(76) Phase 2: Prepare for compaction
[0.797s][info   ][gc,phases      ] GC(76) Phase 2: Prepare for compaction 0.149ms
[0.797s][info   ][gc,phases,start] GC(76) Phase 3: Adjust pointers
[0.799s][info   ][gc,phases      ] GC(76) Phase 3: Adjust pointers 2.066ms
[0.799s][info   ][gc,phases,start] GC(76) Phase 4: Compact heap
[0.799s][info   ][gc,phases      ] GC(76) Phase 4: Compact heap 0.113ms
[0.800s][info   ][gc,heap        ] GC(76) Eden regions: 1->0(3)
[0.800s][info   ][gc,heap        ] GC(76) Survivor regions: 0->0(0)
[0.800s][info   ][gc,heap        ] GC(76) Old regions: 2->2
[0.800s][info   ][gc,heap        ] GC(76) Archive regions: 2->2
[0.800s][info   ][gc,heap        ] GC(76) Humongous regions: 0->0
[0.800s][info   ][gc,metaspace   ] GC(76) Metaspace: 9512K(9792K)->9512K(9792K) NonClass: 8354K(8512K)->8354K(8512K) Class: 1157K(1280K)->1157K(1280K)
[0.800s][info   ][gc             ] GC(76) Pause Full (System.gc()) 4M->4M(28M) 5.996ms
[0.800s][info   ][gc,cpu         ] GC(76) User=0.01s Sys=0.00s Real=0.00s
[0.800s][info   ][gc,start       ] GC(77) Pause Full (System.gc())
[0.800s][info   ][gc,task        ] GC(77) Using 1 workers of 10 for full compaction
[0.800s][info   ][gc,phases,start] GC(77) Phase 1: Mark live objects
[0.804s][info   ][gc,phases      ] GC(77) Phase 1: Mark live objects 4.524ms
[0.804s][info   ][gc,phases,start] GC(77) Phase 2: Prepare for compaction
[0.805s][info   ][gc,phases      ] GC(77) Phase 2: Prepare for compaction 0.196ms
[0.805s][info   ][gc,phases,start] GC(77) Phase 3: Adjust pointers
[0.807s][info   ][gc,phases      ] GC(77) Phase 3: Adjust pointers 2.542ms
[0.807s][info   ][gc,phases,start] GC(77) Phase 4: Compact heap
[0.807s][info   ][gc,phases      ] GC(77) Phase 4: Compact heap 0.210ms
[0.808s][info   ][gc,heap        ] GC(77) Eden regions: 0->0(3)
[0.808s][info   ][gc,heap        ] GC(77) Survivor regions: 0->0(0)
[0.808s][info   ][gc,heap        ] GC(77) Old regions: 2->2
[0.808s][info   ][gc,heap        ] GC(77) Archive regions: 2->2
[0.808s][info   ][gc,heap        ] GC(77) Humongous regions: 0->0
[0.808s][info   ][gc,metaspace   ] GC(77) Metaspace: 9512K(9792K)->9512K(9792K) NonClass: 8354K(8512K)->8354K(8512K) Class: 1157K(1280K)->1157K(1280K)
[0.808s][info   ][gc             ] GC(77) Pause Full (System.gc()) 4M->4M(28M) 8.339ms
[0.808s][info   ][gc,cpu         ] GC(77) User=0.00s Sys=0.00s Real=0.01s
[0.808s][info   ][gc,start       ] GC(78) Pause Full (System.gc())
[0.808s][info   ][gc,task        ] GC(78) Using 1 workers of 10 for full compaction
[0.808s][info   ][gc,phases,start] GC(78) Phase 1: Mark live objects
[0.812s][info   ][gc,phases      ] GC(78) Phase 1: Mark live objects 3.259ms
[0.812s][info   ][gc,phases,start] GC(78) Phase 2: Prepare for compaction
[0.812s][info   ][gc,phases      ] GC(78) Phase 2: Prepare for compaction 0.207ms
[0.812s][info   ][gc,phases,start] GC(78) Phase 3: Adjust pointers
[0.814s][info   ][gc,phases      ] GC(78) Phase 3: Adjust pointers 1.578ms
[0.814s][info   ][gc,phases,start] GC(78) Phase 4: Compact heap
[0.814s][info   ][gc,phases      ] GC(78) Phase 4: Compact heap 0.132ms
[0.814s][info   ][gc,heap        ] GC(78) Eden regions: 0->0(3)
[0.814s][info   ][gc,heap        ] GC(78) Survivor regions: 0->0(0)
[0.814s][info   ][gc,heap        ] GC(78) Old regions: 2->2
[0.814s][info   ][gc,heap        ] GC(78) Archive regions: 2->2
[0.814s][info   ][gc,heap        ] GC(78) Humongous regions: 0->0
[0.814s][info   ][gc,metaspace   ] GC(78) Metaspace: 9512K(9792K)->9512K(9792K) NonClass: 8354K(8512K)->8354K(8512K) Class: 1157K(1280K)->1157K(1280K)
[0.814s][info   ][gc             ] GC(78) Pause Full (System.gc()) 4M->4M(28M) 6.030ms
[0.814s][info   ][gc,cpu         ] GC(78) User=0.01s Sys=0.00s Real=0.01s
[0.815s][info   ][gc,start       ] GC(79) Pause Full (System.gc())
[0.815s][info   ][gc,task        ] GC(79) Using 1 workers of 10 for full compaction
[0.815s][info   ][gc,phases,start] GC(79) Phase 1: Mark live objects
[0.819s][info   ][gc,phases      ] GC(79) Phase 1: Mark live objects 3.366ms
[0.819s][info   ][gc,phases,start] GC(79) Phase 2: Prepare for compaction
[0.819s][info   ][gc,phases      ] GC(79) Phase 2: Prepare for compaction 0.275ms
[0.819s][info   ][gc,phases,start] GC(79) Phase 3: Adjust pointers
[0.821s][info   ][gc,phases      ] GC(79) Phase 3: Adjust pointers 2.015ms
[0.821s][info   ][gc,phases,start] GC(79) Phase 4: Compact heap
[0.821s][info   ][gc,phases      ] GC(79) Phase 4: Compact heap 0.134ms
[0.822s][info   ][gc,heap        ] GC(79) Eden regions: 1->0(3)
[0.822s][info   ][gc,heap        ] GC(79) Survivor regions: 0->0(0)
[0.822s][info   ][gc,heap        ] GC(79) Old regions: 2->2
[0.822s][info   ][gc,heap        ] GC(79) Archive regions: 2->2
[0.822s][info   ][gc,heap        ] GC(79) Humongous regions: 0->0
[0.822s][info   ][gc,metaspace   ] GC(79) Metaspace: 9512K(9792K)->9512K(9792K) NonClass: 8354K(8512K)->8354K(8512K) Class: 1157K(1280K)->1157K(1280K)
[0.822s][info   ][gc             ] GC(79) Pause Full (System.gc()) 4M->4M(28M) 6.686ms
[0.822s][info   ][gc,cpu         ] GC(79) User=0.01s Sys=0.00s Real=0.00s
[0.822s][info   ][gc,start       ] GC(80) Pause Full (System.gc())
[0.822s][info   ][gc,task        ] GC(80) Using 1 workers of 10 for full compaction
[0.822s][info   ][gc,phases,start] GC(80) Phase 1: Mark live objects
[0.825s][info   ][gc,phases      ] GC(80) Phase 1: Mark live objects 2.489ms
[0.825s][info   ][gc,phases,start] GC(80) Phase 2: Prepare for compaction
[0.825s][info   ][gc,phases      ] GC(80) Phase 2: Prepare for compaction 0.225ms
[0.825s][info   ][gc,phases,start] GC(80) Phase 3: Adjust pointers
[0.827s][info   ][gc,phases      ] GC(80) Phase 3: Adjust pointers 1.552ms
[0.827s][info   ][gc,phases,start] GC(80) Phase 4: Compact heap
[0.827s][info   ][gc,phases      ] GC(80) Phase 4: Compact heap 0.101ms
[0.827s][info   ][gc,heap        ] GC(80) Eden regions: 0->0(3)
[0.827s][info   ][gc,heap        ] GC(80) Survivor regions: 0->0(0)
[0.827s][info   ][gc,heap        ] GC(80) Old regions: 2->2
[0.827s][info   ][gc,heap        ] GC(80) Archive regions: 2->2
[0.827s][info   ][gc,heap        ] GC(80) Humongous regions: 0->0
[0.827s][info   ][gc,metaspace   ] GC(80) Metaspace: 9512K(9792K)->9512K(9792K) NonClass: 8354K(8512K)->8354K(8512K) Class: 1157K(1280K)->1157K(1280K)
[0.827s][info   ][gc             ] GC(80) Pause Full (System.gc()) 4M->4M(28M) 5.168ms
[0.827s][info   ][gc,cpu         ] GC(80) User=0.00s Sys=0.00s Real=0.01s
[0.828s][info   ][gc,start       ] GC(81) Pause Full (System.gc())
[0.828s][info   ][gc,task        ] GC(81) Using 1 workers of 10 for full compaction
[0.828s][info   ][gc,phases,start] GC(81) Phase 1: Mark live objects
[0.831s][info   ][gc,phases      ] GC(81) Phase 1: Mark live objects 3.125ms
[0.831s][info   ][gc,phases,start] GC(81) Phase 2: Prepare for compaction
[0.831s][info   ][gc,phases      ] GC(81) Phase 2: Prepare for compaction 0.270ms
[0.831s][info   ][gc,phases,start] GC(81) Phase 3: Adjust pointers
[0.834s][info   ][gc,phases      ] GC(81) Phase 3: Adjust pointers 2.755ms
[0.834s][info   ][gc,phases,start] GC(81) Phase 4: Compact heap
[0.834s][info   ][gc,phases      ] GC(81) Phase 4: Compact heap 0.236ms
[0.835s][info   ][gc,heap        ] GC(81) Eden regions: 1->0(3)
[0.835s][info   ][gc,heap        ] GC(81) Survivor regions: 0->0(0)
[0.835s][info   ][gc,heap        ] GC(81) Old regions: 2->2
[0.835s][info   ][gc,heap        ] GC(81) Archive regions: 2->2
[0.835s][info   ][gc,heap        ] GC(81) Humongous regions: 0->0
[0.835s][info   ][gc,metaspace   ] GC(81) Metaspace: 9512K(9792K)->9512K(9792K) NonClass: 8354K(8512K)->8354K(8512K) Class: 1157K(1280K)->1157K(1280K)
[0.835s][info   ][gc             ] GC(81) Pause Full (System.gc()) 4M->4M(28M) 7.328ms
[0.835s][info   ][gc,cpu         ] GC(81) User=0.01s Sys=0.01s Real=0.01s
[0.835s][info   ][gc,start       ] GC(82) Pause Full (System.gc())
[0.835s][info   ][gc,task        ] GC(82) Using 1 workers of 10 for full compaction
[0.835s][info   ][gc,phases,start] GC(82) Phase 1: Mark live objects
[0.840s][info   ][gc,phases      ] GC(82) Phase 1: Mark live objects 4.302ms
[0.840s][info   ][gc,phases,start] GC(82) Phase 2: Prepare for compaction
[0.840s][info   ][gc,phases      ] GC(82) Phase 2: Prepare for compaction 0.228ms
[0.840s][info   ][gc,phases,start] GC(82) Phase 3: Adjust pointers
[0.843s][info   ][gc,phases      ] GC(82) Phase 3: Adjust pointers 2.533ms
[0.843s][info   ][gc,phases,start] GC(82) Phase 4: Compact heap
[0.843s][info   ][gc,phases      ] GC(82) Phase 4: Compact heap 0.145ms
[0.843s][info   ][gc,heap        ] GC(82) Eden regions: 0->0(3)
[0.843s][info   ][gc,heap        ] GC(82) Survivor regions: 0->0(0)
[0.843s][info   ][gc,heap        ] GC(82) Old regions: 2->2
[0.843s][info   ][gc,heap        ] GC(82) Archive regions: 2->2
[0.843s][info   ][gc,heap        ] GC(82) Humongous regions: 0->0
[0.843s][info   ][gc,metaspace   ] GC(82) Metaspace: 9512K(9792K)->9512K(9792K) NonClass: 8354K(8512K)->8354K(8512K) Class: 1157K(1280K)->1157K(1280K)
[0.843s][info   ][gc             ] GC(82) Pause Full (System.gc()) 4M->4M(28M) 7.965ms
[0.843s][info   ][gc,cpu         ] GC(82) User=0.01s Sys=0.00s Real=0.00s
[0.844s][info   ][gc,start       ] GC(83) Pause Full (System.gc())
[0.844s][info   ][gc,task        ] GC(83) Using 1 workers of 10 for full compaction
[0.844s][info   ][gc,phases,start] GC(83) Phase 1: Mark live objects
[0.848s][info   ][gc,phases      ] GC(83) Phase 1: Mark live objects 3.664ms
[0.848s][info   ][gc,phases,start] GC(83) Phase 2: Prepare for compaction
[0.848s][info   ][gc,phases      ] GC(83) Phase 2: Prepare for compaction 0.157ms
[0.848s][info   ][gc,phases,start] GC(83) Phase 3: Adjust pointers
[0.850s][info   ][gc,phases      ] GC(83) Phase 3: Adjust pointers 2.682ms
[0.850s][info   ][gc,phases,start] GC(83) Phase 4: Compact heap
[0.851s][info   ][gc,phases      ] GC(83) Phase 4: Compact heap 0.232ms
[0.851s][info   ][gc,heap        ] GC(83) Eden regions: 1->0(3)
[0.851s][info   ][gc,heap        ] GC(83) Survivor regions: 0->0(0)
[0.851s][info   ][gc,heap        ] GC(83) Old regions: 2->2
[0.851s][info   ][gc,heap        ] GC(83) Archive regions: 2->2
[0.851s][info   ][gc,heap        ] GC(83) Humongous regions: 0->0
[0.851s][info   ][gc,metaspace   ] GC(83) Metaspace: 9512K(9792K)->9512K(9792K) NonClass: 8354K(8512K)->8354K(8512K) Class: 1157K(1280K)->1157K(1280K)
[0.852s][info   ][gc             ] GC(83) Pause Full (System.gc()) 4M->4M(28M) 7.691ms
[0.852s][info   ][gc,cpu         ] GC(83) User=0.00s Sys=0.00s Real=0.00s
[0.852s][info   ][gc,start       ] GC(84) Pause Full (System.gc())
[0.852s][info   ][gc,task        ] GC(84) Using 1 workers of 10 for full compaction
[0.852s][info   ][gc,phases,start] GC(84) Phase 1: Mark live objects
[0.856s][info   ][gc,phases      ] GC(84) Phase 1: Mark live objects 4.211ms
[0.856s][info   ][gc,phases,start] GC(84) Phase 2: Prepare for compaction
[0.856s][info   ][gc,phases      ] GC(84) Phase 2: Prepare for compaction 0.310ms
[0.856s][info   ][gc,phases,start] GC(84) Phase 3: Adjust pointers
[0.859s][info   ][gc,phases      ] GC(84) Phase 3: Adjust pointers 2.195ms
[0.859s][info   ][gc,phases,start] GC(84) Phase 4: Compact heap
[0.859s][info   ][gc,phases      ] GC(84) Phase 4: Compact heap 0.113ms
[0.859s][info   ][gc,heap        ] GC(84) Eden regions: 0->0(3)
[0.859s][info   ][gc,heap        ] GC(84) Survivor regions: 0->0(0)
[0.859s][info   ][gc,heap        ] GC(84) Old regions: 2->2
[0.859s][info   ][gc,heap        ] GC(84) Archive regions: 2->2
[0.859s][info   ][gc,heap        ] GC(84) Humongous regions: 0->0
[0.859s][info   ][gc,metaspace   ] GC(84) Metaspace: 9512K(9792K)->9512K(9792K) NonClass: 8354K(8512K)->8354K(8512K) Class: 1157K(1280K)->1157K(1280K)
[0.859s][info   ][gc             ] GC(84) Pause Full (System.gc()) 4M->4M(28M) 7.750ms
[0.859s][info   ][gc,cpu         ] GC(84) User=0.01s Sys=0.00s Real=0.01s
[0.860s][info   ][gc,start       ] GC(85) Pause Full (System.gc())
[0.861s][info   ][gc,task        ] GC(85) Using 1 workers of 10 for full compaction
[0.861s][info   ][gc,phases,start] GC(85) Phase 1: Mark live objects
[0.864s][info   ][gc,phases      ] GC(85) Phase 1: Mark live objects 3.155ms
[0.864s][info   ][gc,phases,start] GC(85) Phase 2: Prepare for compaction
[0.864s][info   ][gc,phases      ] GC(85) Phase 2: Prepare for compaction 0.182ms
[0.864s][info   ][gc,phases,start] GC(85) Phase 3: Adjust pointers
[0.866s][info   ][gc,phases      ] GC(85) Phase 3: Adjust pointers 2.383ms
[0.866s][info   ][gc,phases,start] GC(85) Phase 4: Compact heap
[0.867s][info   ][gc,phases      ] GC(85) Phase 4: Compact heap 0.220ms
[0.867s][info   ][gc,heap        ] GC(85) Eden regions: 1->0(3)
[0.867s][info   ][gc,heap        ] GC(85) Survivor regions: 0->0(0)
[0.867s][info   ][gc,heap        ] GC(85) Old regions: 2->2
[0.867s][info   ][gc,heap        ] GC(85) Archive regions: 2->2
[0.867s][info   ][gc,heap        ] GC(85) Humongous regions: 0->0
[0.867s][info   ][gc,metaspace   ] GC(85) Metaspace: 9512K(9792K)->9512K(9792K) NonClass: 8354K(8512K)->8354K(8512K) Class: 1157K(1280K)->1157K(1280K)
[0.867s][info   ][gc             ] GC(85) Pause Full (System.gc()) 4M->4M(28M) 6.934ms
[0.867s][info   ][gc,cpu         ] GC(85) User=0.01s Sys=0.00s Real=0.01s
[0.868s][info   ][gc,start       ] GC(86) Pause Full (System.gc())
[0.868s][info   ][gc,task        ] GC(86) Using 1 workers of 10 for full compaction
[0.868s][info   ][gc,phases,start] GC(86) Phase 1: Mark live objects
[0.871s][info   ][gc,phases      ] GC(86) Phase 1: Mark live objects 3.753ms
[0.871s][info   ][gc,phases,start] GC(86) Phase 2: Prepare for compaction
[0.872s][info   ][gc,phases      ] GC(86) Phase 2: Prepare for compaction 0.282ms
[0.872s][info   ][gc,phases,start] GC(86) Phase 3: Adjust pointers
[0.874s][info   ][gc,phases      ] GC(86) Phase 3: Adjust pointers 2.165ms
[0.874s][info   ][gc,phases,start] GC(86) Phase 4: Compact heap
[0.874s][info   ][gc,phases      ] GC(86) Phase 4: Compact heap 0.162ms
[0.875s][info   ][gc,heap        ] GC(86) Eden regions: 0->0(3)
[0.875s][info   ][gc,heap        ] GC(86) Survivor regions: 0->0(0)
[0.875s][info   ][gc,heap        ] GC(86) Old regions: 2->2
[0.875s][info   ][gc,heap        ] GC(86) Archive regions: 2->2
[0.875s][info   ][gc,heap        ] GC(86) Humongous regions: 0->0
[0.875s][info   ][gc,metaspace   ] GC(86) Metaspace: 9512K(9792K)->9512K(9792K) NonClass: 8354K(8512K)->8354K(8512K) Class: 1157K(1280K)->1157K(1280K)
[0.875s][info   ][gc             ] GC(86) Pause Full (System.gc()) 4M->4M(28M) 7.352ms
[0.875s][info   ][gc,cpu         ] GC(86) User=0.00s Sys=0.00s Real=0.01s
[0.875s][info   ][gc,start       ] GC(87) Pause Full (System.gc())
[0.875s][info   ][gc,task        ] GC(87) Using 1 workers of 10 for full compaction
[0.875s][info   ][gc,phases,start] GC(87) Phase 1: Mark live objects
[0.879s][info   ][gc,phases      ] GC(87) Phase 1: Mark live objects 3.638ms
[0.879s][info   ][gc,phases,start] GC(87) Phase 2: Prepare for compaction
[0.879s][info   ][gc,phases      ] GC(87) Phase 2: Prepare for compaction 0.195ms
[0.879s][info   ][gc,phases,start] GC(87) Phase 3: Adjust pointers
[0.881s][info   ][gc,phases      ] GC(87) Phase 3: Adjust pointers 1.767ms
[0.881s][info   ][gc,phases,start] GC(87) Phase 4: Compact heap
[0.881s][info   ][gc,phases      ] GC(87) Phase 4: Compact heap 0.101ms
[0.882s][info   ][gc,heap        ] GC(87) Eden regions: 0->0(3)
[0.882s][info   ][gc,heap        ] GC(87) Survivor regions: 0->0(0)
[0.882s][info   ][gc,heap        ] GC(87) Old regions: 2->2
[0.882s][info   ][gc,heap        ] GC(87) Archive regions: 2->2
[0.882s][info   ][gc,heap        ] GC(87) Humongous regions: 0->0
[0.882s][info   ][gc,metaspace   ] GC(87) Metaspace: 9512K(9792K)->9512K(9792K) NonClass: 8354K(8512K)->8354K(8512K) Class: 1157K(1280K)->1157K(1280K)
[0.882s][info   ][gc             ] GC(87) Pause Full (System.gc()) 4M->4M(28M) 6.391ms
[0.882s][info   ][gc,cpu         ] GC(87) User=0.01s Sys=0.00s Real=0.00s
[0.882s][info   ][gc,start       ] GC(88) Pause Full (System.gc())
[0.882s][info   ][gc,task        ] GC(88) Using 1 workers of 10 for full compaction
[0.882s][info   ][gc,phases,start] GC(88) Phase 1: Mark live objects
[0.884s][info   ][gc,phases      ] GC(88) Phase 1: Mark live objects 2.450ms
[0.884s][info   ][gc,phases,start] GC(88) Phase 2: Prepare for compaction
[0.885s][info   ][gc,phases      ] GC(88) Phase 2: Prepare for compaction 0.246ms
[0.885s][info   ][gc,phases,start] GC(88) Phase 3: Adjust pointers
[0.886s][info   ][gc,phases      ] GC(88) Phase 3: Adjust pointers 1.290ms
[0.886s][info   ][gc,phases,start] GC(88) Phase 4: Compact heap
[0.886s][info   ][gc,phases      ] GC(88) Phase 4: Compact heap 0.209ms
[0.887s][info   ][gc,heap        ] GC(88) Eden regions: 1->0(3)
[0.887s][info   ][gc,heap        ] GC(88) Survivor regions: 0->0(0)
[0.887s][info   ][gc,heap        ] GC(88) Old regions: 2->2
[0.887s][info   ][gc,heap        ] GC(88) Archive regions: 2->2
[0.887s][info   ][gc,heap        ] GC(88) Humongous regions: 0->0
[0.887s][info   ][gc,metaspace   ] GC(88) Metaspace: 9512K(9792K)->9512K(9792K) NonClass: 8354K(8512K)->8354K(8512K) Class: 1157K(1280K)->1157K(1280K)
[0.887s][info   ][gc             ] GC(88) Pause Full (System.gc()) 4M->4M(28M) 4.882ms
[0.887s][info   ][gc,cpu         ] GC(88) User=0.00s Sys=0.00s Real=0.01s
[0.887s][info   ][gc,start       ] GC(89) Pause Full (System.gc())
[0.887s][info   ][gc,task        ] GC(89) Using 1 workers of 10 for full compaction
[0.887s][info   ][gc,phases,start] GC(89) Phase 1: Mark live objects
[0.890s][info   ][gc,phases      ] GC(89) Phase 1: Mark live objects 3.270ms
[0.891s][info   ][gc,phases,start] GC(89) Phase 2: Prepare for compaction
[0.891s][info   ][gc,phases      ] GC(89) Phase 2: Prepare for compaction 0.255ms
[0.891s][info   ][gc,phases,start] GC(89) Phase 3: Adjust pointers
[0.893s][info   ][gc,phases      ] GC(89) Phase 3: Adjust pointers 2.169ms
[0.893s][info   ][gc,phases,start] GC(89) Phase 4: Compact heap
[0.893s][info   ][gc,phases      ] GC(89) Phase 4: Compact heap 0.243ms
[0.894s][info   ][gc,heap        ] GC(89) Eden regions: 1->0(3)
[0.894s][info   ][gc,heap        ] GC(89) Survivor regions: 0->0(0)
[0.894s][info   ][gc,heap        ] GC(89) Old regions: 2->2
[0.894s][info   ][gc,heap        ] GC(89) Archive regions: 2->2
[0.894s][info   ][gc,heap        ] GC(89) Humongous regions: 0->0
[0.894s][info   ][gc,metaspace   ] GC(89) Metaspace: 9512K(9792K)->9512K(9792K) NonClass: 8354K(8512K)->8354K(8512K) Class: 1157K(1280K)->1157K(1280K)
[0.894s][info   ][gc             ] GC(89) Pause Full (System.gc()) 4M->4M(28M) 6.765ms
[0.894s][info   ][gc,cpu         ] GC(89) User=0.01s Sys=0.00s Real=0.01s
[0.894s][info   ][gc,start       ] GC(90) Pause Full (System.gc())
[0.894s][info   ][gc,task        ] GC(90) Using 1 workers of 10 for full compaction
[0.894s][info   ][gc,phases,start] GC(90) Phase 1: Mark live objects
[0.898s][info   ][gc,phases      ] GC(90) Phase 1: Mark live objects 3.756ms
[0.898s][info   ][gc,phases,start] GC(90) Phase 2: Prepare for compaction
[0.898s][info   ][gc,phases      ] GC(90) Phase 2: Prepare for compaction 0.151ms
[0.898s][info   ][gc,phases,start] GC(90) Phase 3: Adjust pointers
[0.900s][info   ][gc,phases      ] GC(90) Phase 3: Adjust pointers 2.068ms
[0.900s][info   ][gc,phases,start] GC(90) Phase 4: Compact heap
[0.900s][info   ][gc,phases      ] GC(90) Phase 4: Compact heap 0.187ms
[0.901s][info   ][gc,heap        ] GC(90) Eden regions: 0->0(3)
[0.901s][info   ][gc,heap        ] GC(90) Survivor regions: 0->0(0)
[0.901s][info   ][gc,heap        ] GC(90) Old regions: 2->2
[0.901s][info   ][gc,heap        ] GC(90) Archive regions: 2->2
[0.901s][info   ][gc,heap        ] GC(90) Humongous regions: 0->0
[0.901s][info   ][gc,metaspace   ] GC(90) Metaspace: 9512K(9792K)->9512K(9792K) NonClass: 8354K(8512K)->8354K(8512K) Class: 1157K(1280K)->1157K(1280K)
[0.901s][info   ][gc             ] GC(90) Pause Full (System.gc()) 4M->4M(28M) 6.937ms
[0.901s][info   ][gc,cpu         ] GC(90) User=0.00s Sys=0.00s Real=0.00s
[0.902s][info   ][gc,start       ] GC(91) Pause Full (System.gc())
[0.902s][info   ][gc,task        ] GC(91) Using 1 workers of 10 for full compaction
[0.902s][info   ][gc,phases,start] GC(91) Phase 1: Mark live objects
[0.905s][info   ][gc,phases      ] GC(91) Phase 1: Mark live objects 2.802ms
[0.905s][info   ][gc,phases,start] GC(91) Phase 2: Prepare for compaction
[0.905s][info   ][gc,phases      ] GC(91) Phase 2: Prepare for compaction 0.155ms
[0.905s][info   ][gc,phases,start] GC(91) Phase 3: Adjust pointers
[0.906s][info   ][gc,phases      ] GC(91) Phase 3: Adjust pointers 1.311ms
[0.906s][info   ][gc,phases,start] GC(91) Phase 4: Compact heap
[0.906s][info   ][gc,phases      ] GC(91) Phase 4: Compact heap 0.113ms
[0.907s][info   ][gc,heap        ] GC(91) Eden regions: 1->0(3)
[0.907s][info   ][gc,heap        ] GC(91) Survivor regions: 0->0(0)
[0.907s][info   ][gc,heap        ] GC(91) Old regions: 2->2
[0.907s][info   ][gc,heap        ] GC(91) Archive regions: 2->2
[0.907s][info   ][gc,heap        ] GC(91) Humongous regions: 0->0
[0.907s][info   ][gc,metaspace   ] GC(91) Metaspace: 9512K(9792K)->9512K(9792K) NonClass: 8354K(8512K)->8354K(8512K) Class: 1157K(1280K)->1157K(1280K)
[0.907s][info   ][gc             ] GC(91) Pause Full (System.gc()) 4M->4M(28M) 4.917ms
[0.907s][info   ][gc,cpu         ] GC(91) User=0.01s Sys=0.00s Real=0.01s
[0.907s][info   ][gc,start       ] GC(92) Pause Full (System.gc())
[0.907s][info   ][gc,task        ] GC(92) Using 1 workers of 10 for full compaction
[0.907s][info   ][gc,phases,start] GC(92) Phase 1: Mark live objects
[0.910s][info   ][gc,phases      ] GC(92) Phase 1: Mark live objects 2.599ms
[0.910s][info   ][gc,phases,start] GC(92) Phase 2: Prepare for compaction
[0.910s][info   ][gc,phases      ] GC(92) Phase 2: Prepare for compaction 0.200ms
[0.910s][info   ][gc,phases,start] GC(92) Phase 3: Adjust pointers
[0.911s][info   ][gc,phases      ] GC(92) Phase 3: Adjust pointers 1.545ms
[0.911s][info   ][gc,phases,start] GC(92) Phase 4: Compact heap
[0.912s][info   ][gc,phases      ] GC(92) Phase 4: Compact heap 0.127ms
[0.912s][info   ][gc,heap        ] GC(92) Eden regions: 1->0(3)
[0.912s][info   ][gc,heap        ] GC(92) Survivor regions: 0->0(0)
[0.912s][info   ][gc,heap        ] GC(92) Old regions: 2->2
[0.912s][info   ][gc,heap        ] GC(92) Archive regions: 2->2
[0.912s][info   ][gc,heap        ] GC(92) Humongous regions: 0->0
[0.912s][info   ][gc,metaspace   ] GC(92) Metaspace: 9512K(9792K)->9512K(9792K) NonClass: 8354K(8512K)->8354K(8512K) Class: 1157K(1280K)->1157K(1280K)
[0.912s][info   ][gc             ] GC(92) Pause Full (System.gc()) 4M->4M(28M) 5.168ms
[0.912s][info   ][gc,cpu         ] GC(92) User=0.00s Sys=0.00s Real=0.00s
[0.912s][info   ][gc,start       ] GC(93) Pause Full (System.gc())
[0.912s][info   ][gc,task        ] GC(93) Using 1 workers of 10 for full compaction
[0.912s][info   ][gc,phases,start] GC(93) Phase 1: Mark live objects
[0.916s][info   ][gc,phases      ] GC(93) Phase 1: Mark live objects 3.984ms
[0.916s][info   ][gc,phases,start] GC(93) Phase 2: Prepare for compaction
[0.917s][info   ][gc,phases      ] GC(93) Phase 2: Prepare for compaction 0.215ms
[0.917s][info   ][gc,phases,start] GC(93) Phase 3: Adjust pointers
[0.918s][info   ][gc,phases      ] GC(93) Phase 3: Adjust pointers 1.731ms
[0.918s][info   ][gc,phases,start] GC(93) Phase 4: Compact heap
[0.919s][info   ][gc,phases      ] GC(93) Phase 4: Compact heap 0.182ms
[0.919s][info   ][gc,heap        ] GC(93) Eden regions: 0->0(3)
[0.919s][info   ][gc,heap        ] GC(93) Survivor regions: 0->0(0)
[0.919s][info   ][gc,heap        ] GC(93) Old regions: 2->2
[0.919s][info   ][gc,heap        ] GC(93) Archive regions: 2->2
[0.919s][info   ][gc,heap        ] GC(93) Humongous regions: 0->0
[0.919s][info   ][gc,metaspace   ] GC(93) Metaspace: 9512K(9792K)->9512K(9792K) NonClass: 8354K(8512K)->8354K(8512K) Class: 1157K(1280K)->1157K(1280K)
[0.919s][info   ][gc             ] GC(93) Pause Full (System.gc()) 4M->4M(28M) 6.877ms
[0.919s][info   ][gc,cpu         ] GC(93) User=0.01s Sys=0.00s Real=0.01s
[0.920s][info   ][gc,start       ] GC(94) Pause Full (System.gc())
[0.920s][info   ][gc,task        ] GC(94) Using 1 workers of 10 for full compaction
[0.920s][info   ][gc,phases,start] GC(94) Phase 1: Mark live objects
[0.924s][info   ][gc,phases      ] GC(94) Phase 1: Mark live objects 4.066ms
[0.924s][info   ][gc,phases,start] GC(94) Phase 2: Prepare for compaction
[0.924s][info   ][gc,phases      ] GC(94) Phase 2: Prepare for compaction 0.224ms
[0.924s][info   ][gc,phases,start] GC(94) Phase 3: Adjust pointers
[0.927s][info   ][gc,phases      ] GC(94) Phase 3: Adjust pointers 2.558ms
[0.927s][info   ][gc,phases,start] GC(94) Phase 4: Compact heap
[0.927s][info   ][gc,phases      ] GC(94) Phase 4: Compact heap 0.165ms
[0.928s][info   ][gc,heap        ] GC(94) Eden regions: 1->0(3)
[0.928s][info   ][gc,heap        ] GC(94) Survivor regions: 0->0(0)
[0.928s][info   ][gc,heap        ] GC(94) Old regions: 2->2
[0.928s][info   ][gc,heap        ] GC(94) Archive regions: 2->2
[0.928s][info   ][gc,heap        ] GC(94) Humongous regions: 0->0
[0.928s][info   ][gc,metaspace   ] GC(94) Metaspace: 9512K(9792K)->9512K(9792K) NonClass: 8354K(8512K)->8354K(8512K) Class: 1157K(1280K)->1157K(1280K)
[0.928s][info   ][gc             ] GC(94) Pause Full (System.gc()) 4M->4M(28M) 7.833ms
[0.928s][info   ][gc,cpu         ] GC(94) User=0.01s Sys=0.00s Real=0.01s
[0.928s][info   ][gc,start       ] GC(95) Pause Full (System.gc())
[0.928s][info   ][gc,task        ] GC(95) Using 1 workers of 10 for full compaction
[0.928s][info   ][gc,phases,start] GC(95) Phase 1: Mark live objects
[0.931s][info   ][gc,phases      ] GC(95) Phase 1: Mark live objects 2.787ms
[0.931s][info   ][gc,phases,start] GC(95) Phase 2: Prepare for compaction
[0.931s][info   ][gc,phases      ] GC(95) Phase 2: Prepare for compaction 0.145ms
[0.931s][info   ][gc,phases,start] GC(95) Phase 3: Adjust pointers
[0.933s][info   ][gc,phases      ] GC(95) Phase 3: Adjust pointers 2.051ms
[0.933s][info   ][gc,phases,start] GC(95) Phase 4: Compact heap
[0.933s][info   ][gc,phases      ] GC(95) Phase 4: Compact heap 0.188ms
[0.934s][info   ][gc,heap        ] GC(95) Eden regions: 0->0(3)
[0.934s][info   ][gc,heap        ] GC(95) Survivor regions: 0->0(0)
[0.934s][info   ][gc,heap        ] GC(95) Old regions: 2->2
[0.934s][info   ][gc,heap        ] GC(95) Archive regions: 2->2
[0.934s][info   ][gc,heap        ] GC(95) Humongous regions: 0->0
[0.934s][info   ][gc,metaspace   ] GC(95) Metaspace: 9512K(9792K)->9512K(9792K) NonClass: 8354K(8512K)->8354K(8512K) Class: 1157K(1280K)->1157K(1280K)
[0.934s][info   ][gc             ] GC(95) Pause Full (System.gc()) 4M->4M(28M) 5.962ms
[0.934s][info   ][gc,cpu         ] GC(95) User=0.00s Sys=0.00s Real=0.01s
[0.934s][info   ][gc,start       ] GC(96) Pause Full (System.gc())
[0.934s][info   ][gc,task        ] GC(96) Using 1 workers of 10 for full compaction
[0.934s][info   ][gc,phases,start] GC(96) Phase 1: Mark live objects
[0.937s][info   ][gc,phases      ] GC(96) Phase 1: Mark live objects 2.863ms
[0.937s][info   ][gc,phases,start] GC(96) Phase 2: Prepare for compaction
[0.937s][info   ][gc,phases      ] GC(96) Phase 2: Prepare for compaction 0.212ms
[0.937s][info   ][gc,phases,start] GC(96) Phase 3: Adjust pointers
[0.939s][info   ][gc,phases      ] GC(96) Phase 3: Adjust pointers 1.325ms
[0.939s][info   ][gc,phases,start] GC(96) Phase 4: Compact heap
[0.939s][info   ][gc,phases      ] GC(96) Phase 4: Compact heap 0.146ms
[0.939s][info   ][gc,heap        ] GC(96) Eden regions: 1->0(3)
[0.939s][info   ][gc,heap        ] GC(96) Survivor regions: 0->0(0)
[0.939s][info   ][gc,heap        ] GC(96) Old regions: 2->2
[0.939s][info   ][gc,heap        ] GC(96) Archive regions: 2->2
[0.939s][info   ][gc,heap        ] GC(96) Humongous regions: 0->0
[0.939s][info   ][gc,metaspace   ] GC(96) Metaspace: 9512K(9792K)->9512K(9792K) NonClass: 8354K(8512K)->8354K(8512K) Class: 1157K(1280K)->1157K(1280K)
[0.939s][info   ][gc             ] GC(96) Pause Full (System.gc()) 4M->4M(28M) 5.270ms
[0.939s][info   ][gc,cpu         ] GC(96) User=0.00s Sys=0.00s Real=0.00s
[0.940s][info   ][gc,start       ] GC(97) Pause Full (System.gc())
[0.940s][info   ][gc,task        ] GC(97) Using 1 workers of 10 for full compaction
[0.940s][info   ][gc,phases,start] GC(97) Phase 1: Mark live objects
[0.942s][info   ][gc,phases      ] GC(97) Phase 1: Mark live objects 2.307ms
[0.942s][info   ][gc,phases,start] GC(97) Phase 2: Prepare for compaction
[0.942s][info   ][gc,phases      ] GC(97) Phase 2: Prepare for compaction 0.189ms
[0.942s][info   ][gc,phases,start] GC(97) Phase 3: Adjust pointers
[0.944s][info   ][gc,phases      ] GC(97) Phase 3: Adjust pointers 1.179ms
[0.944s][info   ][gc,phases,start] GC(97) Phase 4: Compact heap
[0.944s][info   ][gc,phases      ] GC(97) Phase 4: Compact heap 0.173ms
[0.944s][info   ][gc,heap        ] GC(97) Eden regions: 1->0(3)
[0.944s][info   ][gc,heap        ] GC(97) Survivor regions: 0->0(0)
[0.944s][info   ][gc,heap        ] GC(97) Old regions: 2->2
[0.944s][info   ][gc,heap        ] GC(97) Archive regions: 2->2
[0.944s][info   ][gc,heap        ] GC(97) Humongous regions: 0->0
[0.944s][info   ][gc,metaspace   ] GC(97) Metaspace: 9512K(9792K)->9512K(9792K) NonClass: 8354K(8512K)->8354K(8512K) Class: 1157K(1280K)->1157K(1280K)
[0.944s][info   ][gc             ] GC(97) Pause Full (System.gc()) 4M->4M(28M) 4.520ms
[0.944s][info   ][gc,cpu         ] GC(97) User=0.00s Sys=0.00s Real=0.01s
[0.945s][info   ][gc,start       ] GC(98) Pause Full (System.gc())
[0.945s][info   ][gc,task        ] GC(98) Using 1 workers of 10 for full compaction
[0.945s][info   ][gc,phases,start] GC(98) Phase 1: Mark live objects
[0.947s][info   ][gc,phases      ] GC(98) Phase 1: Mark live objects 2.265ms
[0.947s][info   ][gc,phases,start] GC(98) Phase 2: Prepare for compaction
[0.948s][info   ][gc,phases      ] GC(98) Phase 2: Prepare for compaction 0.276ms
[0.948s][info   ][gc,phases,start] GC(98) Phase 3: Adjust pointers
[0.949s][info   ][gc,phases      ] GC(98) Phase 3: Adjust pointers 1.638ms
[0.949s][info   ][gc,phases,start] GC(98) Phase 4: Compact heap
[0.950s][info   ][gc,phases      ] GC(98) Phase 4: Compact heap 0.238ms
[0.950s][info   ][gc,heap        ] GC(98) Eden regions: 1->0(3)
[0.950s][info   ][gc,heap        ] GC(98) Survivor regions: 0->0(0)
[0.950s][info   ][gc,heap        ] GC(98) Old regions: 2->2
[0.950s][info   ][gc,heap        ] GC(98) Archive regions: 2->2
[0.950s][info   ][gc,heap        ] GC(98) Humongous regions: 0->0
[0.950s][info   ][gc,metaspace   ] GC(98) Metaspace: 9512K(9792K)->9512K(9792K) NonClass: 8354K(8512K)->8354K(8512K) Class: 1157K(1280K)->1157K(1280K)
[0.950s][info   ][gc             ] GC(98) Pause Full (System.gc()) 4M->4M(28M) 5.004ms
[0.950s][info   ][gc,cpu         ] GC(98) User=0.01s Sys=0.00s Real=0.00s
[0.950s][info   ][gc,start       ] GC(99) Pause Full (System.gc())
[0.950s][info   ][gc,task        ] GC(99) Using 1 workers of 10 for full compaction
[0.950s][info   ][gc,phases,start] GC(99) Phase 1: Mark live objects
[0.953s][info   ][gc,phases      ] GC(99) Phase 1: Mark live objects 2.168ms
[0.953s][info   ][gc,phases,start] GC(99) Phase 2: Prepare for compaction
[0.953s][info   ][gc,phases      ] GC(99) Phase 2: Prepare for compaction 0.111ms
[0.953s][info   ][gc,phases,start] GC(99) Phase 3: Adjust pointers
[0.954s][info   ][gc,phases      ] GC(99) Phase 3: Adjust pointers 1.091ms
[0.954s][info   ][gc,phases,start] GC(99) Phase 4: Compact heap
[0.954s][info   ][gc,phases      ] GC(99) Phase 4: Compact heap 0.093ms
[0.954s][info   ][gc,heap        ] GC(99) Eden regions: 0->0(3)
[0.954s][info   ][gc,heap        ] GC(99) Survivor regions: 0->0(0)
[0.954s][info   ][gc,heap        ] GC(99) Old regions: 2->2
[0.954s][info   ][gc,heap        ] GC(99) Archive regions: 2->2
[0.954s][info   ][gc,heap        ] GC(99) Humongous regions: 0->0
[0.954s][info   ][gc,metaspace   ] GC(99) Metaspace: 9512K(9792K)->9512K(9792K) NonClass: 8354K(8512K)->8354K(8512K) Class: 1157K(1280K)->1157K(1280K)
[0.954s][info   ][gc             ] GC(99) Pause Full (System.gc()) 4M->4M(28M) 4.071ms
[0.954s][info   ][gc,cpu         ] GC(99) User=0.00s Sys=0.00s Real=0.01s
[0.955s][info   ][gc,start       ] GC(100) Pause Full (System.gc())
[0.955s][info   ][gc,task        ] GC(100) Using 1 workers of 10 for full compaction
[0.955s][info   ][gc,phases,start] GC(100) Phase 1: Mark live objects
[0.957s][info   ][gc,phases      ] GC(100) Phase 1: Mark live objects 2.238ms
[0.957s][info   ][gc,phases,start] GC(100) Phase 2: Prepare for compaction
[0.957s][info   ][gc,phases      ] GC(100) Phase 2: Prepare for compaction 0.110ms
[0.957s][info   ][gc,phases,start] GC(100) Phase 3: Adjust pointers
[0.959s][info   ][gc,phases      ] GC(100) Phase 3: Adjust pointers 1.098ms
[0.959s][info   ][gc,phases,start] GC(100) Phase 4: Compact heap
[0.959s][info   ][gc,phases      ] GC(100) Phase 4: Compact heap 0.141ms
[0.959s][info   ][gc,heap        ] GC(100) Eden regions: 1->0(3)
[0.959s][info   ][gc,heap        ] GC(100) Survivor regions: 0->0(0)
[0.959s][info   ][gc,heap        ] GC(100) Old regions: 2->2
[0.959s][info   ][gc,heap        ] GC(100) Archive regions: 2->2
[0.959s][info   ][gc,heap        ] GC(100) Humongous regions: 0->0
[0.959s][info   ][gc,metaspace   ] GC(100) Metaspace: 9512K(9792K)->9512K(9792K) NonClass: 8354K(8512K)->8354K(8512K) Class: 1157K(1280K)->1157K(1280K)
[0.959s][info   ][gc             ] GC(100) Pause Full (System.gc()) 4M->4M(28M) 4.248ms
[0.959s][info   ][gc,cpu         ] GC(100) User=0.01s Sys=0.00s Real=0.00s
[0.959s][info   ][gc,start       ] GC(101) Pause Full (System.gc())
[0.959s][info   ][gc,task        ] GC(101) Using 1 workers of 10 for full compaction
[0.959s][info   ][gc,phases,start] GC(101) Phase 1: Mark live objects
[0.962s][info   ][gc,phases      ] GC(101) Phase 1: Mark live objects 2.372ms
[0.962s][info   ][gc,phases,start] GC(101) Phase 2: Prepare for compaction
[0.962s][info   ][gc,phases      ] GC(101) Phase 2: Prepare for compaction 0.126ms
[0.962s][info   ][gc,phases,start] GC(101) Phase 3: Adjust pointers
[0.963s][info   ][gc,phases      ] GC(101) Phase 3: Adjust pointers 1.148ms
[0.963s][info   ][gc,phases,start] GC(101) Phase 4: Compact heap
[0.963s][info   ][gc,phases      ] GC(101) Phase 4: Compact heap 0.211ms
[0.964s][info   ][gc,heap        ] GC(101) Eden regions: 0->0(3)
[0.964s][info   ][gc,heap        ] GC(101) Survivor regions: 0->0(0)
[0.964s][info   ][gc,heap        ] GC(101) Old regions: 2->2
[0.964s][info   ][gc,heap        ] GC(101) Archive regions: 2->2
[0.964s][info   ][gc,heap        ] GC(101) Humongous regions: 0->0
[0.964s][info   ][gc,metaspace   ] GC(101) Metaspace: 9512K(9792K)->9512K(9792K) NonClass: 8354K(8512K)->8354K(8512K) Class: 1157K(1280K)->1157K(1280K)
[0.964s][info   ][gc             ] GC(101) Pause Full (System.gc()) 4M->4M(28M) 4.495ms
[0.964s][info   ][gc,cpu         ] GC(101) User=0.00s Sys=0.00s Real=0.01s
[0.964s][info   ][gc,start       ] GC(102) Pause Full (System.gc())
[0.964s][info   ][gc,task        ] GC(102) Using 1 workers of 10 for full compaction
[0.964s][info   ][gc,phases,start] GC(102) Phase 1: Mark live objects
[0.967s][info   ][gc,phases      ] GC(102) Phase 1: Mark live objects 2.921ms
[0.967s][info   ][gc,phases,start] GC(102) Phase 2: Prepare for compaction
[0.967s][info   ][gc,phases      ] GC(102) Phase 2: Prepare for compaction 0.189ms
[0.967s][info   ][gc,phases,start] GC(102) Phase 3: Adjust pointers
[0.969s][info   ][gc,phases      ] GC(102) Phase 3: Adjust pointers 1.718ms
[0.969s][info   ][gc,phases,start] GC(102) Phase 4: Compact heap
[0.969s][info   ][gc,phases      ] GC(102) Phase 4: Compact heap 0.225ms
[0.970s][info   ][gc,heap        ] GC(102) Eden regions: 1->0(3)
[0.970s][info   ][gc,heap        ] GC(102) Survivor regions: 0->0(0)
[0.970s][info   ][gc,heap        ] GC(102) Old regions: 2->2
[0.970s][info   ][gc,heap        ] GC(102) Archive regions: 2->2
[0.970s][info   ][gc,heap        ] GC(102) Humongous regions: 0->0
[0.970s][info   ][gc,metaspace   ] GC(102) Metaspace: 9512K(9792K)->9512K(9792K) NonClass: 8354K(8512K)->8354K(8512K) Class: 1157K(1280K)->1157K(1280K)
[0.970s][info   ][gc             ] GC(102) Pause Full (System.gc()) 4M->4M(28M) 5.690ms
[0.970s][info   ][gc,cpu         ] GC(102) User=0.01s Sys=0.00s Real=0.00s
[0.970s][info   ][gc,start       ] GC(103) Pause Full (System.gc())
[0.970s][info   ][gc,task        ] GC(103) Using 1 workers of 10 for full compaction
[0.970s][info   ][gc,phases,start] GC(103) Phase 1: Mark live objects
[0.972s][info   ][gc,phases      ] GC(103) Phase 1: Mark live objects 2.214ms
[0.972s][info   ][gc,phases,start] GC(103) Phase 2: Prepare for compaction
[0.973s][info   ][gc,phases      ] GC(103) Phase 2: Prepare for compaction 0.204ms
[0.973s][info   ][gc,phases,start] GC(103) Phase 3: Adjust pointers
[0.974s][info   ][gc,phases      ] GC(103) Phase 3: Adjust pointers 1.683ms
[0.974s][info   ][gc,phases,start] GC(103) Phase 4: Compact heap
[0.974s][info   ][gc,phases      ] GC(103) Phase 4: Compact heap 0.094ms
[0.975s][info   ][gc,heap        ] GC(103) Eden regions: 0->0(3)
[0.975s][info   ][gc,heap        ] GC(103) Survivor regions: 0->0(0)
[0.975s][info   ][gc,heap        ] GC(103) Old regions: 2->2
[0.975s][info   ][gc,heap        ] GC(103) Archive regions: 2->2
[0.975s][info   ][gc,heap        ] GC(103) Humongous regions: 0->0
[0.975s][info   ][gc,metaspace   ] GC(103) Metaspace: 9512K(9792K)->9512K(9792K) NonClass: 8354K(8512K)->8354K(8512K) Class: 1157K(1280K)->1157K(1280K)
[0.975s][info   ][gc             ] GC(103) Pause Full (System.gc()) 4M->4M(28M) 4.910ms
[0.975s][info   ][gc,cpu         ] GC(103) User=0.00s Sys=0.00s Real=0.01s
[0.976s][info   ][gc,start       ] GC(104) Pause Full (System.gc())
[0.976s][info   ][gc,task        ] GC(104) Using 1 workers of 10 for full compaction
[0.976s][info   ][gc,phases,start] GC(104) Phase 1: Mark live objects
[0.978s][info   ][gc,phases      ] GC(104) Phase 1: Mark live objects 2.080ms
[0.978s][info   ][gc,phases,start] GC(104) Phase 2: Prepare for compaction
[0.978s][info   ][gc,phases      ] GC(104) Phase 2: Prepare for compaction 0.204ms
[0.978s][info   ][gc,phases,start] GC(104) Phase 3: Adjust pointers
[0.980s][info   ][gc,phases      ] GC(104) Phase 3: Adjust pointers 1.686ms
[0.980s][info   ][gc,phases,start] GC(104) Phase 4: Compact heap
[0.980s][info   ][gc,phases      ] GC(104) Phase 4: Compact heap 0.129ms
[0.980s][info   ][gc,heap        ] GC(104) Eden regions: 1->0(3)
[0.980s][info   ][gc,heap        ] GC(104) Survivor regions: 0->0(0)
[0.980s][info   ][gc,heap        ] GC(104) Old regions: 2->2
[0.980s][info   ][gc,heap        ] GC(104) Archive regions: 2->2
[0.980s][info   ][gc,heap        ] GC(104) Humongous regions: 0->0
[0.980s][info   ][gc,metaspace   ] GC(104) Metaspace: 9512K(9792K)->9512K(9792K) NonClass: 8354K(8512K)->8354K(8512K) Class: 1157K(1280K)->1157K(1280K)
[0.980s][info   ][gc             ] GC(104) Pause Full (System.gc()) 4M->4M(28M) 4.743ms
[0.980s][info   ][gc,cpu         ] GC(104) User=0.01s Sys=0.00s Real=0.00s
[0.981s][info   ][gc,start       ] GC(105) Pause Full (System.gc())
[0.981s][info   ][gc,task        ] GC(105) Using 1 workers of 10 for full compaction
[0.981s][info   ][gc,phases,start] GC(105) Phase 1: Mark live objects
[0.983s][info   ][gc,phases      ] GC(105) Phase 1: Mark live objects 2.313ms
[0.983s][info   ][gc,phases,start] GC(105) Phase 2: Prepare for compaction
[0.983s][info   ][gc,phases      ] GC(105) Phase 2: Prepare for compaction 0.274ms
[0.983s][info   ][gc,phases,start] GC(105) Phase 3: Adjust pointers
[0.985s][info   ][gc,phases      ] GC(105) Phase 3: Adjust pointers 1.227ms
[0.985s][info   ][gc,phases,start] GC(105) Phase 4: Compact heap
[0.985s][info   ][gc,phases      ] GC(105) Phase 4: Compact heap 0.138ms
[0.985s][info   ][gc,heap        ] GC(105) Eden regions: 1->0(3)
[0.985s][info   ][gc,heap        ] GC(105) Survivor regions: 0->0(0)
[0.985s][info   ][gc,heap        ] GC(105) Old regions: 2->2
[0.985s][info   ][gc,heap        ] GC(105) Archive regions: 2->2
[0.985s][info   ][gc,heap        ] GC(105) Humongous regions: 0->0
[0.985s][info   ][gc,metaspace   ] GC(105) Metaspace: 9512K(9792K)->9512K(9792K) NonClass: 8354K(8512K)->8354K(8512K) Class: 1157K(1280K)->1157K(1280K)
[0.985s][info   ][gc             ] GC(105) Pause Full (System.gc()) 4M->4M(28M) 4.770ms
[0.985s][info   ][gc,cpu         ] GC(105) User=0.00s Sys=0.00s Real=0.01s
[0.986s][info   ][gc,start       ] GC(106) Pause Full (System.gc())
[0.986s][info   ][gc,task        ] GC(106) Using 1 workers of 10 for full compaction
[0.986s][info   ][gc,phases,start] GC(106) Phase 1: Mark live objects
[0.988s][info   ][gc,phases      ] GC(106) Phase 1: Mark live objects 2.306ms
[0.988s][info   ][gc,phases,start] GC(106) Phase 2: Prepare for compaction
[0.988s][info   ][gc,phases      ] GC(106) Phase 2: Prepare for compaction 0.155ms
[0.988s][info   ][gc,phases,start] GC(106) Phase 3: Adjust pointers
[0.990s][info   ][gc,phases      ] GC(106) Phase 3: Adjust pointers 1.180ms
[0.990s][info   ][gc,phases,start] GC(106) Phase 4: Compact heap
[0.990s][info   ][gc,phases      ] GC(106) Phase 4: Compact heap 0.144ms
[0.990s][info   ][gc,heap        ] GC(106) Eden regions: 1->0(3)
[0.990s][info   ][gc,heap        ] GC(106) Survivor regions: 0->0(0)
[0.990s][info   ][gc,heap        ] GC(106) Old regions: 2->2
[0.990s][info   ][gc,heap        ] GC(106) Archive regions: 2->2
[0.990s][info   ][gc,heap        ] GC(106) Humongous regions: 0->0
[0.990s][info   ][gc,metaspace   ] GC(106) Metaspace: 9512K(9792K)->9512K(9792K) NonClass: 8354K(8512K)->8354K(8512K) Class: 1157K(1280K)->1157K(1280K)
[0.990s][info   ][gc             ] GC(106) Pause Full (System.gc()) 4M->4M(28M) 4.415ms
[0.990s][info   ][gc,cpu         ] GC(106) User=0.00s Sys=0.00s Real=0.00s
[0.990s][info   ][gc,start       ] GC(107) Pause Full (System.gc())
[0.990s][info   ][gc,task        ] GC(107) Using 1 workers of 10 for full compaction
[0.991s][info   ][gc,phases,start] GC(107) Phase 1: Mark live objects
[0.993s][info   ][gc,phases      ] GC(107) Phase 1: Mark live objects 2.482ms
[0.993s][info   ][gc,phases,start] GC(107) Phase 2: Prepare for compaction
[0.993s][info   ][gc,phases      ] GC(107) Phase 2: Prepare for compaction 0.214ms
[0.993s][info   ][gc,phases,start] GC(107) Phase 3: Adjust pointers
[0.994s][info   ][gc,phases      ] GC(107) Phase 3: Adjust pointers 1.143ms
[0.994s][info   ][gc,phases,start] GC(107) Phase 4: Compact heap
[0.995s][info   ][gc,phases      ] GC(107) Phase 4: Compact heap 0.196ms
[0.995s][info   ][gc,heap        ] GC(107) Eden regions: 0->0(3)
[0.995s][info   ][gc,heap        ] GC(107) Survivor regions: 0->0(0)
[0.995s][info   ][gc,heap        ] GC(107) Old regions: 2->2
[0.995s][info   ][gc,heap        ] GC(107) Archive regions: 2->2
[0.995s][info   ][gc,heap        ] GC(107) Humongous regions: 0->0
[0.995s][info   ][gc,metaspace   ] GC(107) Metaspace: 9512K(9792K)->9512K(9792K) NonClass: 8354K(8512K)->8354K(8512K) Class: 1157K(1280K)->1157K(1280K)
[0.995s][info   ][gc             ] GC(107) Pause Full (System.gc()) 4M->4M(28M) 4.801ms
[0.995s][info   ][gc,cpu         ] GC(107) User=0.01s Sys=0.00s Real=0.01s
[0.996s][info   ][gc,start       ] GC(108) Pause Full (System.gc())
[0.996s][info   ][gc,task        ] GC(108) Using 1 workers of 10 for full compaction
[0.996s][info   ][gc,phases,start] GC(108) Phase 1: Mark live objects
[0.999s][info   ][gc,phases      ] GC(108) Phase 1: Mark live objects 3.289ms
[0.999s][info   ][gc,phases,start] GC(108) Phase 2: Prepare for compaction
[0.999s][info   ][gc,phases      ] GC(108) Phase 2: Prepare for compaction 0.107ms
[0.999s][info   ][gc,phases,start] GC(108) Phase 3: Adjust pointers
[1.001s][info   ][gc,phases      ] GC(108) Phase 3: Adjust pointers 1.684ms
[1.001s][info   ][gc,phases,start] GC(108) Phase 4: Compact heap
[1.001s][info   ][gc,phases      ] GC(108) Phase 4: Compact heap 0.166ms
[1.002s][info   ][gc,heap        ] GC(108) Eden regions: 1->0(3)
[1.002s][info   ][gc,heap        ] GC(108) Survivor regions: 0->0(0)
[1.002s][info   ][gc,heap        ] GC(108) Old regions: 2->2
[1.002s][info   ][gc,heap        ] GC(108) Archive regions: 2->2
[1.002s][info   ][gc,heap        ] GC(108) Humongous regions: 0->0
[1.002s][info   ][gc,metaspace   ] GC(108) Metaspace: 9512K(9792K)->9512K(9792K) NonClass: 8354K(8512K)->8354K(8512K) Class: 1157K(1280K)->1157K(1280K)
[1.002s][info   ][gc             ] GC(108) Pause Full (System.gc()) 4M->4M(28M) 5.904ms
[1.002s][info   ][gc,cpu         ] GC(108) User=0.00s Sys=0.00s Real=0.00s
[1.002s][info   ][gc,start       ] GC(109) Pause Full (System.gc())
[1.002s][info   ][gc,task        ] GC(109) Using 1 workers of 10 for full compaction
[1.002s][info   ][gc,phases,start] GC(109) Phase 1: Mark live objects
[1.005s][info   ][gc,phases      ] GC(109) Phase 1: Mark live objects 3.001ms
[1.005s][info   ][gc,phases,start] GC(109) Phase 2: Prepare for compaction
[1.005s][info   ][gc,phases      ] GC(109) Phase 2: Prepare for compaction 0.164ms
[1.005s][info   ][gc,phases,start] GC(109) Phase 3: Adjust pointers
[1.007s][info   ][gc,phases      ] GC(109) Phase 3: Adjust pointers 1.152ms
[1.007s][info   ][gc,phases,start] GC(109) Phase 4: Compact heap
[1.007s][info   ][gc,phases      ] GC(109) Phase 4: Compact heap 0.107ms
[1.007s][info   ][gc,heap        ] GC(109) Eden regions: 1->0(3)
[1.007s][info   ][gc,heap        ] GC(109) Survivor regions: 0->0(0)
[1.007s][info   ][gc,heap        ] GC(109) Old regions: 2->2
[1.007s][info   ][gc,heap        ] GC(109) Archive regions: 2->2
[1.007s][info   ][gc,heap        ] GC(109) Humongous regions: 0->0
[1.007s][info   ][gc,metaspace   ] GC(109) Metaspace: 9512K(9792K)->9512K(9792K) NonClass: 8354K(8512K)->8354K(8512K) Class: 1157K(1280K)->1157K(1280K)
[1.007s][info   ][gc             ] GC(109) Pause Full (System.gc()) 4M->4M(28M) 5.094ms
[1.007s][info   ][gc,cpu         ] GC(109) User=0.01s Sys=0.00s Real=0.01s
[1.008s][info   ][gc,start       ] GC(110) Pause Full (System.gc())
[1.008s][info   ][gc,task        ] GC(110) Using 1 workers of 10 for full compaction
[1.008s][info   ][gc,phases,start] GC(110) Phase 1: Mark live objects
[1.011s][info   ][gc,phases      ] GC(110) Phase 1: Mark live objects 3.046ms
[1.011s][info   ][gc,phases,start] GC(110) Phase 2: Prepare for compaction
[1.011s][info   ][gc,phases      ] GC(110) Phase 2: Prepare for compaction 0.120ms
[1.011s][info   ][gc,phases,start] GC(110) Phase 3: Adjust pointers
[1.013s][info   ][gc,phases      ] GC(110) Phase 3: Adjust pointers 1.742ms
[1.013s][info   ][gc,phases,start] GC(110) Phase 4: Compact heap
[1.013s][info   ][gc,phases      ] GC(110) Phase 4: Compact heap 0.133ms
[1.013s][info   ][gc,heap        ] GC(110) Eden regions: 1->0(3)
[1.013s][info   ][gc,heap        ] GC(110) Survivor regions: 0->0(0)
[1.014s][info   ][gc,heap        ] GC(110) Old regions: 2->2
[1.014s][info   ][gc,heap        ] GC(110) Archive regions: 2->2
[1.014s][info   ][gc,heap        ] GC(110) Humongous regions: 0->0
[1.014s][info   ][gc,metaspace   ] GC(110) Metaspace: 9512K(9792K)->9512K(9792K) NonClass: 8354K(8512K)->8354K(8512K) Class: 1157K(1280K)->1157K(1280K)
[1.014s][info   ][gc             ] GC(110) Pause Full (System.gc()) 4M->4M(28M) 5.785ms
[1.014s][info   ][gc,cpu         ] GC(110) User=0.00s Sys=0.01s Real=0.01s
[1.014s][info   ][gc,start       ] GC(111) Pause Full (System.gc())
[1.014s][info   ][gc,task        ] GC(111) Using 1 workers of 10 for full compaction
[1.014s][info   ][gc,phases,start] GC(111) Phase 1: Mark live objects
[1.016s][info   ][gc,phases      ] GC(111) Phase 1: Mark live objects 2.382ms
[1.016s][info   ][gc,phases,start] GC(111) Phase 2: Prepare for compaction
[1.017s][info   ][gc,phases      ] GC(111) Phase 2: Prepare for compaction 0.271ms
[1.017s][info   ][gc,phases,start] GC(111) Phase 3: Adjust pointers
[1.018s][info   ][gc,phases      ] GC(111) Phase 3: Adjust pointers 1.190ms
[1.018s][info   ][gc,phases,start] GC(111) Phase 4: Compact heap
[1.018s][info   ][gc,phases      ] GC(111) Phase 4: Compact heap 0.184ms
[1.018s][info   ][gc,heap        ] GC(111) Eden regions: 0->0(3)
[1.019s][info   ][gc,heap        ] GC(111) Survivor regions: 0->0(0)
[1.019s][info   ][gc,heap        ] GC(111) Old regions: 2->2
[1.019s][info   ][gc,heap        ] GC(111) Archive regions: 2->2
[1.019s][info   ][gc,heap        ] GC(111) Humongous regions: 0->0
[1.019s][info   ][gc,metaspace   ] GC(111) Metaspace: 9512K(9792K)->9512K(9792K) NonClass: 8354K(8512K)->8354K(8512K) Class: 1157K(1280K)->1157K(1280K)
[1.019s][info   ][gc             ] GC(111) Pause Full (System.gc()) 4M->4M(28M) 4.643ms
[1.019s][info   ][gc,cpu         ] GC(111) User=0.01s Sys=0.00s Real=0.00s
[1.019s][info   ][gc,start       ] GC(112) Pause Full (System.gc())
[1.019s][info   ][gc,task        ] GC(112) Using 1 workers of 10 for full compaction
[1.019s][info   ][gc,phases,start] GC(112) Phase 1: Mark live objects
[1.021s][info   ][gc,phases      ] GC(112) Phase 1: Mark live objects 2.255ms
[1.021s][info   ][gc,phases,start] GC(112) Phase 2: Prepare for compaction
[1.021s][info   ][gc,phases      ] GC(112) Phase 2: Prepare for compaction 0.192ms
[1.021s][info   ][gc,phases,start] GC(112) Phase 3: Adjust pointers
[1.023s][info   ][gc,phases      ] GC(112) Phase 3: Adjust pointers 1.656ms
[1.023s][info   ][gc,phases,start] GC(112) Phase 4: Compact heap
[1.023s][info   ][gc,phases      ] GC(112) Phase 4: Compact heap 0.085ms
[1.024s][info   ][gc,heap        ] GC(112) Eden regions: 1->0(3)
[1.024s][info   ][gc,heap        ] GC(112) Survivor regions: 0->0(0)
[1.024s][info   ][gc,heap        ] GC(112) Old regions: 2->2
[1.024s][info   ][gc,heap        ] GC(112) Archive regions: 2->2
[1.024s][info   ][gc,heap        ] GC(112) Humongous regions: 0->0
[1.024s][info   ][gc,metaspace   ] GC(112) Metaspace: 9512K(9792K)->9512K(9792K) NonClass: 8354K(8512K)->8354K(8512K) Class: 1157K(1280K)->1157K(1280K)
[1.024s][info   ][gc             ] GC(112) Pause Full (System.gc()) 4M->4M(28M) 4.935ms
[1.024s][info   ][gc,cpu         ] GC(112) User=0.00s Sys=0.00s Real=0.01s
[1.024s][info   ][gc,start       ] GC(113) Pause Full (System.gc())
[1.024s][info   ][gc,task        ] GC(113) Using 1 workers of 10 for full compaction
[1.024s][info   ][gc,phases,start] GC(113) Phase 1: Mark live objects
[1.027s][info   ][gc,phases      ] GC(113) Phase 1: Mark live objects 2.894ms
[1.027s][info   ][gc,phases,start] GC(113) Phase 2: Prepare for compaction
[1.027s][info   ][gc,phases      ] GC(113) Phase 2: Prepare for compaction 0.172ms
[1.027s][info   ][gc,phases,start] GC(113) Phase 3: Adjust pointers
[1.029s][info   ][gc,phases      ] GC(113) Phase 3: Adjust pointers 1.695ms
[1.029s][info   ][gc,phases,start] GC(113) Phase 4: Compact heap
[1.029s][info   ][gc,phases      ] GC(113) Phase 4: Compact heap 0.155ms
[1.030s][info   ][gc,heap        ] GC(113) Eden regions: 1->0(3)
[1.030s][info   ][gc,heap        ] GC(113) Survivor regions: 0->0(0)
[1.030s][info   ][gc,heap        ] GC(113) Old regions: 2->2
[1.030s][info   ][gc,heap        ] GC(113) Archive regions: 2->2
[1.030s][info   ][gc,heap        ] GC(113) Humongous regions: 0->0
[1.030s][info   ][gc,metaspace   ] GC(113) Metaspace: 9512K(9792K)->9512K(9792K) NonClass: 8354K(8512K)->8354K(8512K) Class: 1157K(1280K)->1157K(1280K)
[1.030s][info   ][gc             ] GC(113) Pause Full (System.gc()) 4M->4M(28M) 5.738ms
[1.030s][info   ][gc,cpu         ] GC(113) User=0.01s Sys=0.00s Real=0.00s
[1.030s][info   ][gc,start       ] GC(114) Pause Full (System.gc())
[1.030s][info   ][gc,task        ] GC(114) Using 1 workers of 10 for full compaction
[1.030s][info   ][gc,phases,start] GC(114) Phase 1: Mark live objects
[1.033s][info   ][gc,phases      ] GC(114) Phase 1: Mark live objects 2.466ms
[1.033s][info   ][gc,phases,start] GC(114) Phase 2: Prepare for compaction
[1.033s][info   ][gc,phases      ] GC(114) Phase 2: Prepare for compaction 0.248ms
[1.033s][info   ][gc,phases,start] GC(114) Phase 3: Adjust pointers
[1.034s][info   ][gc,phases      ] GC(114) Phase 3: Adjust pointers 1.236ms
[1.034s][info   ][gc,phases,start] GC(114) Phase 4: Compact heap
[1.035s][info   ][gc,phases      ] GC(114) Phase 4: Compact heap 0.171ms
[1.035s][info   ][gc,heap        ] GC(114) Eden regions: 1->0(3)
[1.035s][info   ][gc,heap        ] GC(114) Survivor regions: 0->0(0)
[1.035s][info   ][gc,heap        ] GC(114) Old regions: 2->2
[1.035s][info   ][gc,heap        ] GC(114) Archive regions: 2->2
[1.035s][info   ][gc,heap        ] GC(114) Humongous regions: 0->0
[1.035s][info   ][gc,metaspace   ] GC(114) Metaspace: 9512K(9792K)->9512K(9792K) NonClass: 8354K(8512K)->8354K(8512K) Class: 1157K(1280K)->1157K(1280K)
[1.035s][info   ][gc             ] GC(114) Pause Full (System.gc()) 4M->4M(28M) 4.713ms
[1.035s][info   ][gc,cpu         ] GC(114) User=0.00s Sys=0.00s Real=0.01s
[1.036s][info   ][gc,start       ] GC(115) Pause Full (System.gc())
[1.036s][info   ][gc,task        ] GC(115) Using 1 workers of 10 for full compaction
[1.036s][info   ][gc,phases,start] GC(115) Phase 1: Mark live objects
[1.038s][info   ][gc,phases      ] GC(115) Phase 1: Mark live objects 2.581ms
[1.038s][info   ][gc,phases,start] GC(115) Phase 2: Prepare for compaction
[1.038s][info   ][gc,phases      ] GC(115) Phase 2: Prepare for compaction 0.231ms
[1.038s][info   ][gc,phases,start] GC(115) Phase 3: Adjust pointers
[1.040s][info   ][gc,phases      ] GC(115) Phase 3: Adjust pointers 1.612ms
[1.040s][info   ][gc,phases,start] GC(115) Phase 4: Compact heap
[1.040s][info   ][gc,phases      ] GC(115) Phase 4: Compact heap 0.145ms
[1.041s][info   ][gc,heap        ] GC(115) Eden regions: 1->0(3)
[1.041s][info   ][gc,heap        ] GC(115) Survivor regions: 0->0(0)
[1.041s][info   ][gc,heap        ] GC(115) Old regions: 2->2
[1.041s][info   ][gc,heap        ] GC(115) Archive regions: 2->2
[1.041s][info   ][gc,heap        ] GC(115) Humongous regions: 0->0
[1.041s][info   ][gc,metaspace   ] GC(115) Metaspace: 9512K(9792K)->9512K(9792K) NonClass: 8354K(8512K)->8354K(8512K) Class: 1157K(1280K)->1157K(1280K)
[1.041s][info   ][gc             ] GC(115) Pause Full (System.gc()) 4M->4M(28M) 5.316ms
[1.041s][info   ][gc,cpu         ] GC(115) User=0.01s Sys=0.00s Real=0.00s
[1.041s][info   ][gc,start       ] GC(116) Pause Full (System.gc())
[1.041s][info   ][gc,task        ] GC(116) Using 1 workers of 10 for full compaction
[1.041s][info   ][gc,phases,start] GC(116) Phase 1: Mark live objects
[1.044s][info   ][gc,phases      ] GC(116) Phase 1: Mark live objects 3.234ms
[1.044s][info   ][gc,phases,start] GC(116) Phase 2: Prepare for compaction
[1.045s][info   ][gc,phases      ] GC(116) Phase 2: Prepare for compaction 0.151ms
[1.045s][info   ][gc,phases,start] GC(116) Phase 3: Adjust pointers
[1.047s][info   ][gc,phases      ] GC(116) Phase 3: Adjust pointers 2.059ms
[1.047s][info   ][gc,phases,start] GC(116) Phase 4: Compact heap
[1.047s][info   ][gc,phases      ] GC(116) Phase 4: Compact heap 0.107ms
[1.048s][info   ][gc,heap        ] GC(116) Eden regions: 0->0(3)
[1.048s][info   ][gc,heap        ] GC(116) Survivor regions: 0->0(0)
[1.048s][info   ][gc,heap        ] GC(116) Old regions: 2->2
[1.048s][info   ][gc,heap        ] GC(116) Archive regions: 2->2
[1.048s][info   ][gc,heap        ] GC(116) Humongous regions: 0->0
[1.048s][info   ][gc,metaspace   ] GC(116) Metaspace: 9512K(9792K)->9512K(9792K) NonClass: 8354K(8512K)->8354K(8512K) Class: 1157K(1280K)->1157K(1280K)
[1.048s][info   ][gc             ] GC(116) Pause Full (System.gc()) 4M->4M(28M) 6.459ms
[1.048s][info   ][gc,cpu         ] GC(116) User=0.00s Sys=0.00s Real=0.01s
[1.048s][info   ][gc,start       ] GC(117) Pause Full (System.gc())
[1.048s][info   ][gc,task        ] GC(117) Using 1 workers of 10 for full compaction
[1.048s][info   ][gc,phases,start] GC(117) Phase 1: Mark live objects
[1.051s][info   ][gc,phases      ] GC(117) Phase 1: Mark live objects 2.595ms
[1.051s][info   ][gc,phases,start] GC(117) Phase 2: Prepare for compaction
[1.051s][info   ][gc,phases      ] GC(117) Phase 2: Prepare for compaction 0.197ms
[1.051s][info   ][gc,phases,start] GC(117) Phase 3: Adjust pointers
[1.053s][info   ][gc,phases      ] GC(117) Phase 3: Adjust pointers 1.876ms
[1.053s][info   ][gc,phases,start] GC(117) Phase 4: Compact heap
[1.053s][info   ][gc,phases      ] GC(117) Phase 4: Compact heap 0.142ms
[1.054s][info   ][gc,heap        ] GC(117) Eden regions: 1->0(3)
[1.054s][info   ][gc,heap        ] GC(117) Survivor regions: 0->0(0)
[1.054s][info   ][gc,heap        ] GC(117) Old regions: 2->2
[1.054s][info   ][gc,heap        ] GC(117) Archive regions: 2->2
[1.054s][info   ][gc,heap        ] GC(117) Humongous regions: 0->0
[1.054s][info   ][gc,metaspace   ] GC(117) Metaspace: 9512K(9792K)->9512K(9792K) NonClass: 8354K(8512K)->8354K(8512K) Class: 1157K(1280K)->1157K(1280K)
[1.054s][info   ][gc             ] GC(117) Pause Full (System.gc()) 4M->4M(28M) 5.725ms
[1.054s][info   ][gc,cpu         ] GC(117) User=0.01s Sys=0.00s Real=0.01s
[1.054s][info   ][gc,start       ] GC(118) Pause Full (System.gc())
[1.054s][info   ][gc,task        ] GC(118) Using 1 workers of 10 for full compaction
[1.054s][info   ][gc,phases,start] GC(118) Phase 1: Mark live objects
[1.057s][info   ][gc,phases      ] GC(118) Phase 1: Mark live objects 2.495ms
[1.057s][info   ][gc,phases,start] GC(118) Phase 2: Prepare for compaction
[1.057s][info   ][gc,phases      ] GC(118) Phase 2: Prepare for compaction 0.086ms
[1.057s][info   ][gc,phases,start] GC(118) Phase 3: Adjust pointers
[1.058s][info   ][gc,phases      ] GC(118) Phase 3: Adjust pointers 1.056ms
[1.058s][info   ][gc,phases,start] GC(118) Phase 4: Compact heap
[1.058s][info   ][gc,phases      ] GC(118) Phase 4: Compact heap 0.174ms
[1.058s][info   ][gc,heap        ] GC(118) Eden regions: 1->0(3)
[1.058s][info   ][gc,heap        ] GC(118) Survivor regions: 0->0(0)
[1.058s][info   ][gc,heap        ] GC(118) Old regions: 2->2
[1.058s][info   ][gc,heap        ] GC(118) Archive regions: 2->2
[1.058s][info   ][gc,heap        ] GC(118) Humongous regions: 0->0
[1.058s][info   ][gc,metaspace   ] GC(118) Metaspace: 9512K(9792K)->9512K(9792K) NonClass: 8354K(8512K)->8354K(8512K) Class: 1157K(1280K)->1157K(1280K)
[1.058s][info   ][gc             ] GC(118) Pause Full (System.gc()) 4M->4M(28M) 4.149ms
[1.058s][info   ][gc,cpu         ] GC(118) User=0.00s Sys=0.00s Real=0.00s
[1.059s][info   ][gc,start       ] GC(119) Pause Full (System.gc())
[1.059s][info   ][gc,task        ] GC(119) Using 1 workers of 10 for full compaction
[1.059s][info   ][gc,phases,start] GC(119) Phase 1: Mark live objects
[1.062s][info   ][gc,phases      ] GC(119) Phase 1: Mark live objects 2.914ms
[1.062s][info   ][gc,phases,start] GC(119) Phase 2: Prepare for compaction
[1.062s][info   ][gc,phases      ] GC(119) Phase 2: Prepare for compaction 0.113ms
[1.062s][info   ][gc,phases,start] GC(119) Phase 3: Adjust pointers
[1.063s][info   ][gc,phases      ] GC(119) Phase 3: Adjust pointers 1.195ms
[1.063s][info   ][gc,phases,start] GC(119) Phase 4: Compact heap
[1.063s][info   ][gc,phases      ] GC(119) Phase 4: Compact heap 0.166ms
[1.064s][info   ][gc,heap        ] GC(119) Eden regions: 1->0(3)
[1.064s][info   ][gc,heap        ] GC(119) Survivor regions: 0->0(0)
[1.064s][info   ][gc,heap        ] GC(119) Old regions: 2->2
[1.064s][info   ][gc,heap        ] GC(119) Archive regions: 2->2
[1.064s][info   ][gc,heap        ] GC(119) Humongous regions: 0->0
[1.064s][info   ][gc,metaspace   ] GC(119) Metaspace: 9512K(9792K)->9512K(9792K) NonClass: 8354K(8512K)->8354K(8512K) Class: 1157K(1280K)->1157K(1280K)
[1.064s][info   ][gc             ] GC(119) Pause Full (System.gc()) 4M->4M(28M) 4.944ms
[1.064s][info   ][gc,cpu         ] GC(119) User=0.01s Sys=0.00s Real=0.01s
[1.064s][info   ][gc,start       ] GC(120) Pause Full (System.gc())
[1.064s][info   ][gc,task        ] GC(120) Using 1 workers of 10 for full compaction
[1.064s][info   ][gc,phases,start] GC(120) Phase 1: Mark live objects
[1.066s][info   ][gc,phases      ] GC(120) Phase 1: Mark live objects 2.417ms
[1.066s][info   ][gc,phases,start] GC(120) Phase 2: Prepare for compaction
[1.066s][info   ][gc,phases      ] GC(120) Phase 2: Prepare for compaction 0.153ms
[1.066s][info   ][gc,phases,start] GC(120) Phase 3: Adjust pointers
[1.068s][info   ][gc,phases      ] GC(120) Phase 3: Adjust pointers 1.292ms
[1.068s][info   ][gc,phases,start] GC(120) Phase 4: Compact heap
[1.068s][info   ][gc,phases      ] GC(120) Phase 4: Compact heap 0.167ms
[1.068s][info   ][gc,heap        ] GC(120) Eden regions: 0->0(3)
[1.068s][info   ][gc,heap        ] GC(120) Survivor regions: 0->0(0)
[1.068s][info   ][gc,heap        ] GC(120) Old regions: 2->2
[1.068s][info   ][gc,heap        ] GC(120) Archive regions: 2->2
[1.068s][info   ][gc,heap        ] GC(120) Humongous regions: 0->0
[1.068s][info   ][gc,metaspace   ] GC(120) Metaspace: 9512K(9792K)->9512K(9792K) NonClass: 8354K(8512K)->8354K(8512K) Class: 1157K(1280K)->1157K(1280K)
[1.068s][info   ][gc             ] GC(120) Pause Full (System.gc()) 4M->4M(28M) 4.554ms
[1.068s][info   ][gc,cpu         ] GC(120) User=0.00s Sys=0.00s Real=0.00s
[1.069s][info   ][gc,start       ] GC(121) Pause Full (System.gc())
[1.069s][info   ][gc,task        ] GC(121) Using 1 workers of 10 for full compaction
[1.069s][info   ][gc,phases,start] GC(121) Phase 1: Mark live objects
[1.072s][info   ][gc,phases      ] GC(121) Phase 1: Mark live objects 3.095ms
[1.072s][info   ][gc,phases,start] GC(121) Phase 2: Prepare for compaction
[1.073s][info   ][gc,phases      ] GC(121) Phase 2: Prepare for compaction 0.164ms
[1.073s][info   ][gc,phases,start] GC(121) Phase 3: Adjust pointers
[1.074s][info   ][gc,phases      ] GC(121) Phase 3: Adjust pointers 1.910ms
[1.074s][info   ][gc,phases,start] GC(121) Phase 4: Compact heap
[1.075s][info   ][gc,phases      ] GC(121) Phase 4: Compact heap 0.159ms
[1.075s][info   ][gc,heap        ] GC(121) Eden regions: 1->0(3)
[1.075s][info   ][gc,heap        ] GC(121) Survivor regions: 0->0(0)
[1.075s][info   ][gc,heap        ] GC(121) Old regions: 2->2
[1.075s][info   ][gc,heap        ] GC(121) Archive regions: 2->2
[1.075s][info   ][gc,heap        ] GC(121) Humongous regions: 0->0
[1.075s][info   ][gc,metaspace   ] GC(121) Metaspace: 9512K(9792K)->9512K(9792K) NonClass: 8354K(8512K)->8354K(8512K) Class: 1157K(1280K)->1157K(1280K)
[1.075s][info   ][gc             ] GC(121) Pause Full (System.gc()) 4M->4M(28M) 5.919ms
[1.075s][info   ][gc,cpu         ] GC(121) User=0.01s Sys=0.00s Real=0.01s
[1.075s][info   ][gc,start       ] GC(122) Pause Full (System.gc())
[1.075s][info   ][gc,task        ] GC(122) Using 1 workers of 10 for full compaction
[1.075s][info   ][gc,phases,start] GC(122) Phase 1: Mark live objects
[1.079s][info   ][gc,phases      ] GC(122) Phase 1: Mark live objects 3.843ms
[1.079s][info   ][gc,phases,start] GC(122) Phase 2: Prepare for compaction
[1.080s][info   ][gc,phases      ] GC(122) Phase 2: Prepare for compaction 0.323ms
[1.080s][info   ][gc,phases,start] GC(122) Phase 3: Adjust pointers
[1.082s][info   ][gc,phases      ] GC(122) Phase 3: Adjust pointers 2.609ms
[1.082s][info   ][gc,phases,start] GC(122) Phase 4: Compact heap
[1.083s][info   ][gc,phases      ] GC(122) Phase 4: Compact heap 0.211ms
[1.083s][info   ][gc,heap        ] GC(122) Eden regions: 0->0(3)
[1.083s][info   ][gc,heap        ] GC(122) Survivor regions: 0->0(0)
[1.083s][info   ][gc,heap        ] GC(122) Old regions: 2->2
[1.083s][info   ][gc,heap        ] GC(122) Archive regions: 2->2
[1.083s][info   ][gc,heap        ] GC(122) Humongous regions: 0->0
[1.083s][info   ][gc,metaspace   ] GC(122) Metaspace: 9512K(9792K)->9512K(9792K) NonClass: 8354K(8512K)->8354K(8512K) Class: 1157K(1280K)->1157K(1280K)
[1.083s][info   ][gc             ] GC(122) Pause Full (System.gc()) 4M->4M(28M) 7.825ms
[1.083s][info   ][gc,cpu         ] GC(122) User=0.00s Sys=0.00s Real=0.00s
[1.083s][info   ][gc,start       ] GC(123) Pause Full (System.gc())
[1.083s][info   ][gc,task        ] GC(123) Using 1 workers of 10 for full compaction
[1.084s][info   ][gc,phases,start] GC(123) Phase 1: Mark live objects
[1.087s][info   ][gc,phases      ] GC(123) Phase 1: Mark live objects 3.413ms
[1.087s][info   ][gc,phases,start] GC(123) Phase 2: Prepare for compaction
[1.087s][info   ][gc,phases      ] GC(123) Phase 2: Prepare for compaction 0.217ms
[1.087s][info   ][gc,phases,start] GC(123) Phase 3: Adjust pointers
[1.089s][info   ][gc,phases      ] GC(123) Phase 3: Adjust pointers 2.295ms
[1.089s][info   ][gc,phases,start] GC(123) Phase 4: Compact heap
[1.090s][info   ][gc,phases      ] GC(123) Phase 4: Compact heap 0.176ms
[1.090s][info   ][gc,heap        ] GC(123) Eden regions: 0->0(3)
[1.090s][info   ][gc,heap        ] GC(123) Survivor regions: 0->0(0)
[1.090s][info   ][gc,heap        ] GC(123) Old regions: 2->2
[1.090s][info   ][gc,heap        ] GC(123) Archive regions: 2->2
[1.090s][info   ][gc,heap        ] GC(123) Humongous regions: 0->0
[1.090s][info   ][gc,metaspace   ] GC(123) Metaspace: 9512K(9792K)->9512K(9792K) NonClass: 8354K(8512K)->8354K(8512K) Class: 1157K(1280K)->1157K(1280K)
[1.090s][info   ][gc             ] GC(123) Pause Full (System.gc()) 4M->4M(28M) 6.813ms
[1.090s][info   ][gc,cpu         ] GC(123) User=0.01s Sys=0.00s Real=0.01s
[1.091s][info   ][gc,start       ] GC(124) Pause Full (System.gc())
[1.091s][info   ][gc,task        ] GC(124) Using 1 workers of 10 for full compaction
[1.091s][info   ][gc,phases,start] GC(124) Phase 1: Mark live objects
[1.094s][info   ][gc,phases      ] GC(124) Phase 1: Mark live objects 3.444ms
[1.094s][info   ][gc,phases,start] GC(124) Phase 2: Prepare for compaction
[1.094s][info   ][gc,phases      ] GC(124) Phase 2: Prepare for compaction 0.193ms
[1.094s][info   ][gc,phases,start] GC(124) Phase 3: Adjust pointers
[1.097s][info   ][gc,phases      ] GC(124) Phase 3: Adjust pointers 2.319ms
[1.097s][info   ][gc,phases,start] GC(124) Phase 4: Compact heap
[1.097s][info   ][gc,phases      ] GC(124) Phase 4: Compact heap 0.228ms
[1.097s][info   ][gc,heap        ] GC(124) Eden regions: 0->0(3)
[1.097s][info   ][gc,heap        ] GC(124) Survivor regions: 0->0(0)
[1.097s][info   ][gc,heap        ] GC(124) Old regions: 2->2
[1.097s][info   ][gc,heap        ] GC(124) Archive regions: 2->2
[1.097s][info   ][gc,heap        ] GC(124) Humongous regions: 0->0
[1.097s][info   ][gc,metaspace   ] GC(124) Metaspace: 9512K(9792K)->9512K(9792K) NonClass: 8354K(8512K)->8354K(8512K) Class: 1157K(1280K)->1157K(1280K)
[1.097s][info   ][gc             ] GC(124) Pause Full (System.gc()) 4M->4M(28M) 6.826ms
[1.097s][info   ][gc,cpu         ] GC(124) User=0.00s Sys=0.00s Real=0.01s
[1.098s][info   ][gc,start       ] GC(125) Pause Full (System.gc())
[1.098s][info   ][gc,task        ] GC(125) Using 1 workers of 10 for full compaction
[1.098s][info   ][gc,phases,start] GC(125) Phase 1: Mark live objects
[1.102s][info   ][gc,phases      ] GC(125) Phase 1: Mark live objects 3.514ms
[1.102s][info   ][gc,phases,start] GC(125) Phase 2: Prepare for compaction
[1.102s][info   ][gc,phases      ] GC(125) Phase 2: Prepare for compaction 0.239ms
[1.102s][info   ][gc,phases,start] GC(125) Phase 3: Adjust pointers
[1.103s][info   ][gc,phases      ] GC(125) Phase 3: Adjust pointers 1.510ms
[1.103s][info   ][gc,phases,start] GC(125) Phase 4: Compact heap
[1.103s][info   ][gc,phases      ] GC(125) Phase 4: Compact heap 0.154ms
[1.104s][info   ][gc,heap        ] GC(125) Eden regions: 1->0(3)
[1.104s][info   ][gc,heap        ] GC(125) Survivor regions: 0->0(0)
[1.104s][info   ][gc,heap        ] GC(125) Old regions: 2->2
[1.104s][info   ][gc,heap        ] GC(125) Archive regions: 2->2
[1.104s][info   ][gc,heap        ] GC(125) Humongous regions: 0->0
[1.104s][info   ][gc,metaspace   ] GC(125) Metaspace: 9512K(9792K)->9512K(9792K) NonClass: 8354K(8512K)->8354K(8512K) Class: 1157K(1280K)->1157K(1280K)
[1.104s][info   ][gc             ] GC(125) Pause Full (System.gc()) 4M->4M(28M) 6.078ms
[1.104s][info   ][gc,cpu         ] GC(125) User=0.00s Sys=0.00s Real=0.01s
[1.104s][info   ][gc,start       ] GC(126) Pause Full (System.gc())
[1.104s][info   ][gc,task        ] GC(126) Using 1 workers of 10 for full compaction
[1.104s][info   ][gc,phases,start] GC(126) Phase 1: Mark live objects
[1.108s][info   ][gc,phases      ] GC(126) Phase 1: Mark live objects 4.049ms
[1.108s][info   ][gc,phases,start] GC(126) Phase 2: Prepare for compaction
[1.109s][info   ][gc,phases      ] GC(126) Phase 2: Prepare for compaction 0.255ms
[1.109s][info   ][gc,phases,start] GC(126) Phase 3: Adjust pointers
[1.110s][info   ][gc,phases      ] GC(126) Phase 3: Adjust pointers 1.650ms
[1.110s][info   ][gc,phases,start] GC(126) Phase 4: Compact heap
[1.110s][info   ][gc,phases      ] GC(126) Phase 4: Compact heap 0.153ms
[1.111s][info   ][gc,heap        ] GC(126) Eden regions: 1->0(3)
[1.111s][info   ][gc,heap        ] GC(126) Survivor regions: 0->0(0)
[1.111s][info   ][gc,heap        ] GC(126) Old regions: 2->2
[1.111s][info   ][gc,heap        ] GC(126) Archive regions: 2->2
[1.111s][info   ][gc,heap        ] GC(126) Humongous regions: 0->0
[1.111s][info   ][gc,metaspace   ] GC(126) Metaspace: 9512K(9792K)->9512K(9792K) NonClass: 8354K(8512K)->8354K(8512K) Class: 1157K(1280K)->1157K(1280K)
[1.111s][info   ][gc             ] GC(126) Pause Full (System.gc()) 4M->4M(28M) 6.819ms
[1.111s][info   ][gc,cpu         ] GC(126) User=0.01s Sys=0.00s Real=0.00s
[1.112s][info   ][gc,start       ] GC(127) Pause Full (System.gc())
[1.112s][info   ][gc,task        ] GC(127) Using 1 workers of 10 for full compaction
[1.112s][info   ][gc,phases,start] GC(127) Phase 1: Mark live objects
[1.117s][info   ][gc,phases      ] GC(127) Phase 1: Mark live objects 4.964ms
[1.117s][info   ][gc,phases,start] GC(127) Phase 2: Prepare for compaction
[1.117s][info   ][gc,phases      ] GC(127) Phase 2: Prepare for compaction 0.301ms
[1.117s][info   ][gc,phases,start] GC(127) Phase 3: Adjust pointers
[1.120s][info   ][gc,phases      ] GC(127) Phase 3: Adjust pointers 2.825ms
[1.120s][info   ][gc,phases,start] GC(127) Phase 4: Compact heap
[1.120s][info   ][gc,phases      ] GC(127) Phase 4: Compact heap 0.283ms
[1.121s][info   ][gc,heap        ] GC(127) Eden regions: 1->0(3)
[1.121s][info   ][gc,heap        ] GC(127) Survivor regions: 0->0(0)
[1.121s][info   ][gc,heap        ] GC(127) Old regions: 2->2
[1.121s][info   ][gc,heap        ] GC(127) Archive regions: 2->2
[1.121s][info   ][gc,heap        ] GC(127) Humongous regions: 0->0
[1.121s][info   ][gc,metaspace   ] GC(127) Metaspace: 9512K(9792K)->9512K(9792K) NonClass: 8354K(8512K)->8354K(8512K) Class: 1157K(1280K)->1157K(1280K)
[1.121s][info   ][gc             ] GC(127) Pause Full (System.gc()) 4M->4M(28M) 9.362ms
[1.121s][info   ][gc,cpu         ] GC(127) User=0.01s Sys=0.00s Real=0.01s
[1.121s][info   ][gc,start       ] GC(128) Pause Full (System.gc())
[1.121s][info   ][gc,task        ] GC(128) Using 1 workers of 10 for full compaction
[1.121s][info   ][gc,phases,start] GC(128) Phase 1: Mark live objects
[1.127s][info   ][gc,phases      ] GC(128) Phase 1: Mark live objects 5.849ms
[1.127s][info   ][gc,phases,start] GC(128) Phase 2: Prepare for compaction
[1.128s][info   ][gc,phases      ] GC(128) Phase 2: Prepare for compaction 0.455ms
[1.128s][info   ][gc,phases,start] GC(128) Phase 3: Adjust pointers
[1.131s][info   ][gc,phases      ] GC(128) Phase 3: Adjust pointers 2.798ms
[1.131s][info   ][gc,phases,start] GC(128) Phase 4: Compact heap
[1.131s][info   ][gc,phases      ] GC(128) Phase 4: Compact heap 0.205ms
[1.132s][info   ][gc,heap        ] GC(128) Eden regions: 1->0(3)
[1.132s][info   ][gc,heap        ] GC(128) Survivor regions: 0->0(0)
[1.132s][info   ][gc,heap        ] GC(128) Old regions: 2->2
[1.132s][info   ][gc,heap        ] GC(128) Archive regions: 2->2
[1.132s][info   ][gc,heap        ] GC(128) Humongous regions: 0->0
[1.132s][info   ][gc,metaspace   ] GC(128) Metaspace: 9512K(9792K)->9512K(9792K) NonClass: 8354K(8512K)->8354K(8512K) Class: 1157K(1280K)->1157K(1280K)
[1.132s][info   ][gc             ] GC(128) Pause Full (System.gc()) 4M->4M(28M) 10.382ms
[1.132s][info   ][gc,cpu         ] GC(128) User=0.01s Sys=0.00s Real=0.01s
[1.132s][info   ][gc,start       ] GC(129) Pause Full (System.gc())
[1.132s][info   ][gc,task        ] GC(129) Using 1 workers of 10 for full compaction
[1.132s][info   ][gc,phases,start] GC(129) Phase 1: Mark live objects
[1.136s][info   ][gc,phases      ] GC(129) Phase 1: Mark live objects 3.800ms
[1.136s][info   ][gc,phases,start] GC(129) Phase 2: Prepare for compaction
[1.136s][info   ][gc,phases      ] GC(129) Phase 2: Prepare for compaction 0.110ms
[1.136s][info   ][gc,phases,start] GC(129) Phase 3: Adjust pointers
[1.139s][info   ][gc,phases      ] GC(129) Phase 3: Adjust pointers 2.966ms
[1.139s][info   ][gc,phases,start] GC(129) Phase 4: Compact heap
[1.139s][info   ][gc,phases      ] GC(129) Phase 4: Compact heap 0.187ms
[1.140s][info   ][gc,heap        ] GC(129) Eden regions: 0->0(3)
[1.140s][info   ][gc,heap        ] GC(129) Survivor regions: 0->0(0)
[1.140s][info   ][gc,heap        ] GC(129) Old regions: 2->2
[1.140s][info   ][gc,heap        ] GC(129) Archive regions: 2->2
[1.140s][info   ][gc,heap        ] GC(129) Humongous regions: 0->0
[1.140s][info   ][gc,metaspace   ] GC(129) Metaspace: 9512K(9792K)->9512K(9792K) NonClass: 8354K(8512K)->8354K(8512K) Class: 1157K(1280K)->1157K(1280K)
[1.140s][info   ][gc             ] GC(129) Pause Full (System.gc()) 4M->4M(28M) 7.952ms
[1.140s][info   ][gc,cpu         ] GC(129) User=0.00s Sys=0.00s Real=0.01s
[1.141s][info   ][gc,start       ] GC(130) Pause Full (System.gc())
[1.141s][info   ][gc,task        ] GC(130) Using 1 workers of 10 for full compaction
[1.141s][info   ][gc,phases,start] GC(130) Phase 1: Mark live objects
[1.145s][info   ][gc,phases      ] GC(130) Phase 1: Mark live objects 4.656ms
[1.145s][info   ][gc,phases,start] GC(130) Phase 2: Prepare for compaction
[1.146s][info   ][gc,phases      ] GC(130) Phase 2: Prepare for compaction 0.259ms
[1.146s][info   ][gc,phases,start] GC(130) Phase 3: Adjust pointers
[1.148s][info   ][gc,phases      ] GC(130) Phase 3: Adjust pointers 2.636ms
[1.148s][info   ][gc,phases,start] GC(130) Phase 4: Compact heap
[1.148s][info   ][gc,phases      ] GC(130) Phase 4: Compact heap 0.234ms
[1.149s][info   ][gc,heap        ] GC(130) Eden regions: 1->0(3)
[1.149s][info   ][gc,heap        ] GC(130) Survivor regions: 0->0(0)
[1.149s][info   ][gc,heap        ] GC(130) Old regions: 2->2
[1.149s][info   ][gc,heap        ] GC(130) Archive regions: 2->2
[1.149s][info   ][gc,heap        ] GC(130) Humongous regions: 0->0
[1.149s][info   ][gc,metaspace   ] GC(130) Metaspace: 9512K(9792K)->9512K(9792K) NonClass: 8354K(8512K)->8354K(8512K) Class: 1157K(1280K)->1157K(1280K)
[1.149s][info   ][gc             ] GC(130) Pause Full (System.gc()) 4M->4M(28M) 8.636ms
[1.149s][info   ][gc,cpu         ] GC(130) User=0.01s Sys=0.00s Real=0.01s
[1.149s][info   ][gc,start       ] GC(131) Pause Full (System.gc())
[1.149s][info   ][gc,task        ] GC(131) Using 1 workers of 10 for full compaction
[1.149s][info   ][gc,phases,start] GC(131) Phase 1: Mark live objects
[1.153s][info   ][gc,phases      ] GC(131) Phase 1: Mark live objects 3.701ms
[1.153s][info   ][gc,phases,start] GC(131) Phase 2: Prepare for compaction
[1.153s][info   ][gc,phases      ] GC(131) Phase 2: Prepare for compaction 0.156ms
[1.153s][info   ][gc,phases,start] GC(131) Phase 3: Adjust pointers
[1.155s][info   ][gc,phases      ] GC(131) Phase 3: Adjust pointers 1.317ms
[1.155s][info   ][gc,phases,start] GC(131) Phase 4: Compact heap
[1.155s][info   ][gc,phases      ] GC(131) Phase 4: Compact heap 0.108ms
[1.155s][info   ][gc,heap        ] GC(131) Eden regions: 0->0(3)
[1.155s][info   ][gc,heap        ] GC(131) Survivor regions: 0->0(0)
[1.155s][info   ][gc,heap        ] GC(131) Old regions: 2->2
[1.155s][info   ][gc,heap        ] GC(131) Archive regions: 2->2
[1.155s][info   ][gc,heap        ] GC(131) Humongous regions: 0->0
[1.155s][info   ][gc,metaspace   ] GC(131) Metaspace: 9512K(9792K)->9512K(9792K) NonClass: 8354K(8512K)->8354K(8512K) Class: 1157K(1280K)->1157K(1280K)
[1.155s][info   ][gc             ] GC(131) Pause Full (System.gc()) 4M->4M(28M) 5.784ms
[1.155s][info   ][gc,cpu         ] GC(131) User=0.01s Sys=0.00s Real=0.01s
[1.155s][info   ][gc,start       ] GC(132) Pause Full (System.gc())
[1.155s][info   ][gc,task        ] GC(132) Using 1 workers of 10 for full compaction
[1.155s][info   ][gc,phases,start] GC(132) Phase 1: Mark live objects
[1.159s][info   ][gc,phases      ] GC(132) Phase 1: Mark live objects 3.267ms
[1.159s][info   ][gc,phases,start] GC(132) Phase 2: Prepare for compaction
[1.159s][info   ][gc,phases      ] GC(132) Phase 2: Prepare for compaction 0.164ms
[1.159s][info   ][gc,phases,start] GC(132) Phase 3: Adjust pointers
[1.160s][info   ][gc,phases      ] GC(132) Phase 3: Adjust pointers 1.472ms
[1.160s][info   ][gc,phases,start] GC(132) Phase 4: Compact heap
[1.161s][info   ][gc,phases      ] GC(132) Phase 4: Compact heap 0.309ms
[1.161s][info   ][gc,heap        ] GC(132) Eden regions: 1->0(3)
[1.161s][info   ][gc,heap        ] GC(132) Survivor regions: 0->0(0)
[1.161s][info   ][gc,heap        ] GC(132) Old regions: 2->2
[1.161s][info   ][gc,heap        ] GC(132) Archive regions: 2->2
[1.161s][info   ][gc,heap        ] GC(132) Humongous regions: 0->0
[1.161s][info   ][gc,metaspace   ] GC(132) Metaspace: 9512K(9792K)->9512K(9792K) NonClass: 8354K(8512K)->8354K(8512K) Class: 1157K(1280K)->1157K(1280K)
[1.161s][info   ][gc             ] GC(132) Pause Full (System.gc()) 4M->4M(28M) 5.783ms
[1.161s][info   ][gc,cpu         ] GC(132) User=0.00s Sys=0.00s Real=0.00s
[1.162s][info   ][gc,start       ] GC(133) Pause Full (System.gc())
[1.162s][info   ][gc,task        ] GC(133) Using 1 workers of 10 for full compaction
[1.162s][info   ][gc,phases,start] GC(133) Phase 1: Mark live objects
[1.165s][info   ][gc,phases      ] GC(133) Phase 1: Mark live objects 2.905ms
[1.165s][info   ][gc,phases,start] GC(133) Phase 2: Prepare for compaction
[1.165s][info   ][gc,phases      ] GC(133) Phase 2: Prepare for compaction 0.157ms
[1.165s][info   ][gc,phases,start] GC(133) Phase 3: Adjust pointers
[1.166s][info   ][gc,phases      ] GC(133) Phase 3: Adjust pointers 1.673ms
[1.166s][info   ][gc,phases,start] GC(133) Phase 4: Compact heap
[1.167s][info   ][gc,phases      ] GC(133) Phase 4: Compact heap 0.218ms
[1.167s][info   ][gc,heap        ] GC(133) Eden regions: 1->0(3)
[1.167s][info   ][gc,heap        ] GC(133) Survivor regions: 0->0(0)
[1.167s][info   ][gc,heap        ] GC(133) Old regions: 2->2
[1.167s][info   ][gc,heap        ] GC(133) Archive regions: 2->2
[1.167s][info   ][gc,heap        ] GC(133) Humongous regions: 0->0
[1.167s][info   ][gc,metaspace   ] GC(133) Metaspace: 9512K(9792K)->9512K(9792K) NonClass: 8354K(8512K)->8354K(8512K) Class: 1157K(1280K)->1157K(1280K)
[1.167s][info   ][gc             ] GC(133) Pause Full (System.gc()) 4M->4M(28M) 5.650ms
[1.167s][info   ][gc,cpu         ] GC(133) User=0.01s Sys=0.00s Real=0.01s
[1.168s][info   ][gc,start       ] GC(134) Pause Full (System.gc())
[1.168s][info   ][gc,task        ] GC(134) Using 1 workers of 10 for full compaction
[1.168s][info   ][gc,phases,start] GC(134) Phase 1: Mark live objects
[1.170s][info   ][gc,phases      ] GC(134) Phase 1: Mark live objects 2.844ms
[1.170s][info   ][gc,phases,start] GC(134) Phase 2: Prepare for compaction
[1.171s][info   ][gc,phases      ] GC(134) Phase 2: Prepare for compaction 0.263ms
[1.171s][info   ][gc,phases,start] GC(134) Phase 3: Adjust pointers
[1.172s][info   ][gc,phases      ] GC(134) Phase 3: Adjust pointers 1.749ms
[1.172s][info   ][gc,phases,start] GC(134) Phase 4: Compact heap
[1.173s][info   ][gc,phases      ] GC(134) Phase 4: Compact heap 0.219ms
[1.173s][info   ][gc,heap        ] GC(134) Eden regions: 0->0(3)
[1.173s][info   ][gc,heap        ] GC(134) Survivor regions: 0->0(0)
[1.173s][info   ][gc,heap        ] GC(134) Old regions: 2->2
[1.173s][info   ][gc,heap        ] GC(134) Archive regions: 2->2
[1.173s][info   ][gc,heap        ] GC(134) Humongous regions: 0->0
[1.173s][info   ][gc,metaspace   ] GC(134) Metaspace: 9512K(9792K)->9512K(9792K) NonClass: 8354K(8512K)->8354K(8512K) Class: 1157K(1280K)->1157K(1280K)
[1.173s][info   ][gc             ] GC(134) Pause Full (System.gc()) 4M->4M(28M) 5.797ms
[1.173s][info   ][gc,cpu         ] GC(134) User=0.00s Sys=0.00s Real=0.00s
[1.174s][info   ][gc,start       ] GC(135) Pause Full (System.gc())
[1.174s][info   ][gc,task        ] GC(135) Using 1 workers of 10 for full compaction
[1.174s][info   ][gc,phases,start] GC(135) Phase 1: Mark live objects
[1.177s][info   ][gc,phases      ] GC(135) Phase 1: Mark live objects 3.242ms
[1.177s][info   ][gc,phases,start] GC(135) Phase 2: Prepare for compaction
[1.177s][info   ][gc,phases      ] GC(135) Phase 2: Prepare for compaction 0.211ms
[1.177s][info   ][gc,phases,start] GC(135) Phase 3: Adjust pointers
[1.179s][info   ][gc,phases      ] GC(135) Phase 3: Adjust pointers 1.780ms
[1.179s][info   ][gc,phases,start] GC(135) Phase 4: Compact heap
[1.179s][info   ][gc,phases      ] GC(135) Phase 4: Compact heap 0.152ms
[1.180s][info   ][gc,heap        ] GC(135) Eden regions: 1->0(3)
[1.180s][info   ][gc,heap        ] GC(135) Survivor regions: 0->0(0)
[1.180s][info   ][gc,heap        ] GC(135) Old regions: 2->2
[1.180s][info   ][gc,heap        ] GC(135) Archive regions: 2->2
[1.180s][info   ][gc,heap        ] GC(135) Humongous regions: 0->0
[1.180s][info   ][gc,metaspace   ] GC(135) Metaspace: 9512K(9792K)->9512K(9792K) NonClass: 8354K(8512K)->8354K(8512K) Class: 1157K(1280K)->1157K(1280K)
[1.180s][info   ][gc             ] GC(135) Pause Full (System.gc()) 4M->4M(28M) 6.280ms
[1.180s][info   ][gc,cpu         ] GC(135) User=0.00s Sys=0.01s Real=0.00s
[1.180s][info   ][gc,start       ] GC(136) Pause Full (System.gc())
[1.180s][info   ][gc,task        ] GC(136) Using 1 workers of 10 for full compaction
[1.180s][info   ][gc,phases,start] GC(136) Phase 1: Mark live objects
[1.183s][info   ][gc,phases      ] GC(136) Phase 1: Mark live objects 2.880ms
[1.183s][info   ][gc,phases,start] GC(136) Phase 2: Prepare for compaction
[1.183s][info   ][gc,phases      ] GC(136) Phase 2: Prepare for compaction 0.187ms
[1.184s][info   ][gc,phases,start] GC(136) Phase 3: Adjust pointers
[1.185s][info   ][gc,phases      ] GC(136) Phase 3: Adjust pointers 1.797ms
[1.185s][info   ][gc,phases,start] GC(136) Phase 4: Compact heap
[1.185s][info   ][gc,phases      ] GC(136) Phase 4: Compact heap 0.116ms
[1.186s][info   ][gc,heap        ] GC(136) Eden regions: 0->0(3)
[1.186s][info   ][gc,heap        ] GC(136) Survivor regions: 0->0(0)
[1.186s][info   ][gc,heap        ] GC(136) Old regions: 2->2
[1.186s][info   ][gc,heap        ] GC(136) Archive regions: 2->2
[1.186s][info   ][gc,heap        ] GC(136) Humongous regions: 0->0
[1.186s][info   ][gc,metaspace   ] GC(136) Metaspace: 9512K(9792K)->9512K(9792K) NonClass: 8354K(8512K)->8354K(8512K) Class: 1157K(1280K)->1157K(1280K)
[1.186s][info   ][gc             ] GC(136) Pause Full (System.gc()) 4M->4M(28M) 5.755ms
[1.186s][info   ][gc,cpu         ] GC(136) User=0.01s Sys=0.00s Real=0.01s
[1.186s][info   ][gc,start       ] GC(137) Pause Full (System.gc())
[1.186s][info   ][gc,task        ] GC(137) Using 1 workers of 10 for full compaction
[1.186s][info   ][gc,phases,start] GC(137) Phase 1: Mark live objects
[1.189s][info   ][gc,phases      ] GC(137) Phase 1: Mark live objects 2.782ms
[1.189s][info   ][gc,phases,start] GC(137) Phase 2: Prepare for compaction
[1.189s][info   ][gc,phases      ] GC(137) Phase 2: Prepare for compaction 0.160ms
[1.189s][info   ][gc,phases,start] GC(137) Phase 3: Adjust pointers
[1.191s][info   ][gc,phases      ] GC(137) Phase 3: Adjust pointers 1.301ms
[1.191s][info   ][gc,phases,start] GC(137) Phase 4: Compact heap
[1.191s][info   ][gc,phases      ] GC(137) Phase 4: Compact heap 0.144ms
[1.191s][info   ][gc,heap        ] GC(137) Eden regions: 1->0(3)
[1.191s][info   ][gc,heap        ] GC(137) Survivor regions: 0->0(0)
[1.191s][info   ][gc,heap        ] GC(137) Old regions: 2->2
[1.191s][info   ][gc,heap        ] GC(137) Archive regions: 2->2
[1.191s][info   ][gc,heap        ] GC(137) Humongous regions: 0->0
[1.191s][info   ][gc,metaspace   ] GC(137) Metaspace: 9512K(9792K)->9512K(9792K) NonClass: 8354K(8512K)->8354K(8512K) Class: 1157K(1280K)->1157K(1280K)
[1.191s][info   ][gc             ] GC(137) Pause Full (System.gc()) 4M->4M(28M) 4.949ms
[1.191s][info   ][gc,cpu         ] GC(137) User=0.00s Sys=0.00s Real=0.00s
[1.192s][info   ][gc,start       ] GC(138) Pause Full (System.gc())
[1.192s][info   ][gc,task        ] GC(138) Using 1 workers of 10 for full compaction
[1.192s][info   ][gc,phases,start] GC(138) Phase 1: Mark live objects
[1.195s][info   ][gc,phases      ] GC(138) Phase 1: Mark live objects 2.689ms
[1.195s][info   ][gc,phases,start] GC(138) Phase 2: Prepare for compaction
[1.195s][info   ][gc,phases      ] GC(138) Phase 2: Prepare for compaction 0.168ms
[1.195s][info   ][gc,phases,start] GC(138) Phase 3: Adjust pointers
[1.196s][info   ][gc,phases      ] GC(138) Phase 3: Adjust pointers 1.291ms
[1.196s][info   ][gc,phases,start] GC(138) Phase 4: Compact heap
[1.196s][info   ][gc,phases      ] GC(138) Phase 4: Compact heap 0.088ms
[1.197s][info   ][gc,heap        ] GC(138) Eden regions: 1->0(3)
[1.197s][info   ][gc,heap        ] GC(138) Survivor regions: 0->0(0)
[1.197s][info   ][gc,heap        ] GC(138) Old regions: 2->2
[1.197s][info   ][gc,heap        ] GC(138) Archive regions: 2->2
[1.197s][info   ][gc,heap        ] GC(138) Humongous regions: 0->0
[1.197s][info   ][gc,metaspace   ] GC(138) Metaspace: 9512K(9792K)->9512K(9792K) NonClass: 8354K(8512K)->8354K(8512K) Class: 1157K(1280K)->1157K(1280K)
[1.197s][info   ][gc             ] GC(138) Pause Full (System.gc()) 4M->4M(28M) 4.886ms
[1.197s][info   ][gc,cpu         ] GC(138) User=0.01s Sys=0.00s Real=0.01s
[1.197s][info   ][gc,start       ] GC(139) Pause Full (System.gc())
[1.197s][info   ][gc,task        ] GC(139) Using 1 workers of 10 for full compaction
[1.197s][info   ][gc,phases,start] GC(139) Phase 1: Mark live objects
[1.200s][info   ][gc,phases      ] GC(139) Phase 1: Mark live objects 3.330ms
[1.200s][info   ][gc,phases,start] GC(139) Phase 2: Prepare for compaction
[1.201s][info   ][gc,phases      ] GC(139) Phase 2: Prepare for compaction 0.136ms
[1.201s][info   ][gc,phases,start] GC(139) Phase 3: Adjust pointers
[1.202s][info   ][gc,phases      ] GC(139) Phase 3: Adjust pointers 1.906ms
[1.202s][info   ][gc,phases,start] GC(139) Phase 4: Compact heap
[1.203s][info   ][gc,phases      ] GC(139) Phase 4: Compact heap 0.209ms
[1.203s][info   ][gc,heap        ] GC(139) Eden regions: 0->0(3)
[1.203s][info   ][gc,heap        ] GC(139) Survivor regions: 0->0(0)
[1.203s][info   ][gc,heap        ] GC(139) Old regions: 2->2
[1.203s][info   ][gc,heap        ] GC(139) Archive regions: 2->2
[1.203s][info   ][gc,heap        ] GC(139) Humongous regions: 0->0
[1.203s][info   ][gc,metaspace   ] GC(139) Metaspace: 9512K(9792K)->9512K(9792K) NonClass: 8354K(8512K)->8354K(8512K) Class: 1157K(1280K)->1157K(1280K)
[1.203s][info   ][gc             ] GC(139) Pause Full (System.gc()) 4M->4M(28M) 6.441ms
[1.203s][info   ][gc,cpu         ] GC(139) User=0.00s Sys=0.00s Real=0.01s
[1.204s][info   ][gc,start       ] GC(140) Pause Full (System.gc())
[1.204s][info   ][gc,task        ] GC(140) Using 1 workers of 10 for full compaction
[1.204s][info   ][gc,phases,start] GC(140) Phase 1: Mark live objects
[1.207s][info   ][gc,phases      ] GC(140) Phase 1: Mark live objects 3.011ms
[1.207s][info   ][gc,phases,start] GC(140) Phase 2: Prepare for compaction
[1.207s][info   ][gc,phases      ] GC(140) Phase 2: Prepare for compaction 0.219ms
[1.207s][info   ][gc,phases,start] GC(140) Phase 3: Adjust pointers
[1.210s][info   ][gc,phases      ] GC(140) Phase 3: Adjust pointers 2.221ms
[1.210s][info   ][gc,phases,start] GC(140) Phase 4: Compact heap
[1.210s][info   ][gc,phases      ] GC(140) Phase 4: Compact heap 0.187ms
[1.211s][info   ][gc,heap        ] GC(140) Eden regions: 1->0(3)
[1.211s][info   ][gc,heap        ] GC(140) Survivor regions: 0->0(0)
[1.211s][info   ][gc,heap        ] GC(140) Old regions: 2->2
[1.211s][info   ][gc,heap        ] GC(140) Archive regions: 2->2
[1.211s][info   ][gc,heap        ] GC(140) Humongous regions: 0->0
[1.211s][info   ][gc,metaspace   ] GC(140) Metaspace: 9512K(9792K)->9512K(9792K) NonClass: 8354K(8512K)->8354K(8512K) Class: 1157K(1280K)->1157K(1280K)
[1.211s][info   ][gc             ] GC(140) Pause Full (System.gc()) 4M->4M(28M) 6.537ms
[1.211s][info   ][gc,cpu         ] GC(140) User=0.01s Sys=0.00s Real=0.00s
[1.211s][info   ][gc,start       ] GC(141) Pause Full (System.gc())
[1.211s][info   ][gc,task        ] GC(141) Using 1 workers of 10 for full compaction
[1.211s][info   ][gc,phases,start] GC(141) Phase 1: Mark live objects
[1.215s][info   ][gc,phases      ] GC(141) Phase 1: Mark live objects 4.023ms
[1.215s][info   ][gc,phases,start] GC(141) Phase 2: Prepare for compaction
[1.215s][info   ][gc,phases      ] GC(141) Phase 2: Prepare for compaction 0.241ms
[1.215s][info   ][gc,phases,start] GC(141) Phase 3: Adjust pointers
[1.217s][info   ][gc,phases      ] GC(141) Phase 3: Adjust pointers 1.616ms
[1.217s][info   ][gc,phases,start] GC(141) Phase 4: Compact heap
[1.217s][info   ][gc,phases      ] GC(141) Phase 4: Compact heap 0.154ms
[1.218s][info   ][gc,heap        ] GC(141) Eden regions: 1->0(3)
[1.218s][info   ][gc,heap        ] GC(141) Survivor regions: 0->0(0)
[1.218s][info   ][gc,heap        ] GC(141) Old regions: 2->2
[1.218s][info   ][gc,heap        ] GC(141) Archive regions: 2->2
[1.218s][info   ][gc,heap        ] GC(141) Humongous regions: 0->0
[1.218s][info   ][gc,metaspace   ] GC(141) Metaspace: 9512K(9792K)->9512K(9792K) NonClass: 8354K(8512K)->8354K(8512K) Class: 1157K(1280K)->1157K(1280K)
[1.218s][info   ][gc             ] GC(141) Pause Full (System.gc()) 4M->4M(28M) 6.890ms
[1.218s][info   ][gc,cpu         ] GC(141) User=0.00s Sys=0.00s Real=0.01s
[1.218s][info   ][gc,start       ] GC(142) Pause Full (System.gc())
[1.218s][info   ][gc,task        ] GC(142) Using 1 workers of 10 for full compaction
[1.218s][info   ][gc,phases,start] GC(142) Phase 1: Mark live objects
[1.221s][info   ][gc,phases      ] GC(142) Phase 1: Mark live objects 3.101ms
[1.221s][info   ][gc,phases,start] GC(142) Phase 2: Prepare for compaction
[1.221s][info   ][gc,phases      ] GC(142) Phase 2: Prepare for compaction 0.094ms
[1.221s][info   ][gc,phases,start] GC(142) Phase 3: Adjust pointers
[1.223s][info   ][gc,phases      ] GC(142) Phase 3: Adjust pointers 1.284ms
[1.223s][info   ][gc,phases,start] GC(142) Phase 4: Compact heap
[1.223s][info   ][gc,phases      ] GC(142) Phase 4: Compact heap 0.047ms
[1.223s][info   ][gc,heap        ] GC(142) Eden regions: 1->0(3)
[1.223s][info   ][gc,heap        ] GC(142) Survivor regions: 0->0(0)
[1.223s][info   ][gc,heap        ] GC(142) Old regions: 2->2
[1.223s][info   ][gc,heap        ] GC(142) Archive regions: 2->2
[1.223s][info   ][gc,heap        ] GC(142) Humongous regions: 0->0
[1.223s][info   ][gc,metaspace   ] GC(142) Metaspace: 9512K(9792K)->9512K(9792K) NonClass: 8354K(8512K)->8354K(8512K) Class: 1157K(1280K)->1157K(1280K)
[1.223s][info   ][gc             ] GC(142) Pause Full (System.gc()) 4M->4M(28M) 5.117ms
[1.223s][info   ][gc,cpu         ] GC(142) User=0.01s Sys=0.00s Real=0.00s
[1.224s][info   ][gc,start       ] GC(143) Pause Full (System.gc())
[1.224s][info   ][gc,task        ] GC(143) Using 1 workers of 10 for full compaction
[1.224s][info   ][gc,phases,start] GC(143) Phase 1: Mark live objects
[1.226s][info   ][gc,phases      ] GC(143) Phase 1: Mark live objects 2.659ms
[1.226s][info   ][gc,phases,start] GC(143) Phase 2: Prepare for compaction
[1.226s][info   ][gc,phases      ] GC(143) Phase 2: Prepare for compaction 0.092ms
[1.226s][info   ][gc,phases,start] GC(143) Phase 3: Adjust pointers
[1.228s][info   ][gc,phases      ] GC(143) Phase 3: Adjust pointers 1.703ms
[1.228s][info   ][gc,phases,start] GC(143) Phase 4: Compact heap
[1.228s][info   ][gc,phases      ] GC(143) Phase 4: Compact heap 0.096ms
[1.229s][info   ][gc,heap        ] GC(143) Eden regions: 1->0(3)
[1.229s][info   ][gc,heap        ] GC(143) Survivor regions: 0->0(0)
[1.229s][info   ][gc,heap        ] GC(143) Old regions: 2->2
[1.229s][info   ][gc,heap        ] GC(143) Archive regions: 2->2
[1.229s][info   ][gc,heap        ] GC(143) Humongous regions: 0->0
[1.229s][info   ][gc,metaspace   ] GC(143) Metaspace: 9512K(9792K)->9512K(9792K) NonClass: 8354K(8512K)->8354K(8512K) Class: 1157K(1280K)->1157K(1280K)
[1.229s][info   ][gc             ] GC(143) Pause Full (System.gc()) 4M->4M(28M) 5.111ms
[1.229s][info   ][gc,cpu         ] GC(143) User=0.00s Sys=0.00s Real=0.00s
[1.229s][info   ][gc,start       ] GC(144) Pause Full (System.gc())
[1.229s][info   ][gc,task        ] GC(144) Using 1 workers of 10 for full compaction
[1.229s][info   ][gc,phases,start] GC(144) Phase 1: Mark live objects
[1.233s][info   ][gc,phases      ] GC(144) Phase 1: Mark live objects 3.491ms
[1.233s][info   ][gc,phases,start] GC(144) Phase 2: Prepare for compaction
[1.233s][info   ][gc,phases      ] GC(144) Phase 2: Prepare for compaction 0.160ms
[1.233s][info   ][gc,phases,start] GC(144) Phase 3: Adjust pointers
[1.235s][info   ][gc,phases      ] GC(144) Phase 3: Adjust pointers 1.665ms
[1.235s][info   ][gc,phases,start] GC(144) Phase 4: Compact heap
[1.235s][info   ][gc,phases      ] GC(144) Phase 4: Compact heap 0.057ms
[1.235s][info   ][gc,heap        ] GC(144) Eden regions: 1->0(3)
[1.235s][info   ][gc,heap        ] GC(144) Survivor regions: 0->0(0)
[1.235s][info   ][gc,heap        ] GC(144) Old regions: 2->2
[1.235s][info   ][gc,heap        ] GC(144) Archive regions: 2->2
[1.235s][info   ][gc,heap        ] GC(144) Humongous regions: 0->0
[1.235s][info   ][gc,metaspace   ] GC(144) Metaspace: 9512K(9792K)->9512K(9792K) NonClass: 8354K(8512K)->8354K(8512K) Class: 1157K(1280K)->1157K(1280K)
[1.235s][info   ][gc             ] GC(144) Pause Full (System.gc()) 4M->4M(28M) 5.927ms
[1.235s][info   ][gc,cpu         ] GC(144) User=0.01s Sys=0.00s Real=0.01s
[1.235s][info   ][gc,start       ] GC(145) Pause Full (System.gc())
[1.235s][info   ][gc,task        ] GC(145) Using 1 workers of 10 for full compaction
[1.235s][info   ][gc,phases,start] GC(145) Phase 1: Mark live objects
[1.239s][info   ][gc,phases      ] GC(145) Phase 1: Mark live objects 3.654ms
[1.239s][info   ][gc,phases,start] GC(145) Phase 2: Prepare for compaction
[1.239s][info   ][gc,phases      ] GC(145) Phase 2: Prepare for compaction 0.179ms
[1.239s][info   ][gc,phases,start] GC(145) Phase 3: Adjust pointers
[1.241s][info   ][gc,phases      ] GC(145) Phase 3: Adjust pointers 1.849ms
[1.241s][info   ][gc,phases,start] GC(145) Phase 4: Compact heap
[1.241s][info   ][gc,phases      ] GC(145) Phase 4: Compact heap 0.173ms
[1.242s][info   ][gc,heap        ] GC(145) Eden regions: 0->0(3)
[1.242s][info   ][gc,heap        ] GC(145) Survivor regions: 0->0(0)
[1.242s][info   ][gc,heap        ] GC(145) Old regions: 2->2
[1.242s][info   ][gc,heap        ] GC(145) Archive regions: 2->2
[1.242s][info   ][gc,heap        ] GC(145) Humongous regions: 0->0
[1.242s][info   ][gc,metaspace   ] GC(145) Metaspace: 9512K(9792K)->9512K(9792K) NonClass: 8354K(8512K)->8354K(8512K) Class: 1157K(1280K)->1157K(1280K)
[1.242s][info   ][gc             ] GC(145) Pause Full (System.gc()) 4M->4M(28M) 6.329ms
[1.242s][info   ][gc,cpu         ] GC(145) User=0.01s Sys=0.00s Real=0.00s
[1.242s][info   ][gc,start       ] GC(146) Pause Full (System.gc())
[1.242s][info   ][gc,task        ] GC(146) Using 1 workers of 10 for full compaction
[1.242s][info   ][gc,phases,start] GC(146) Phase 1: Mark live objects
[1.246s][info   ][gc,phases      ] GC(146) Phase 1: Mark live objects 3.579ms
[1.246s][info   ][gc,phases,start] GC(146) Phase 2: Prepare for compaction
[1.246s][info   ][gc,phases      ] GC(146) Phase 2: Prepare for compaction 0.173ms
[1.246s][info   ][gc,phases,start] GC(146) Phase 3: Adjust pointers
[1.248s][info   ][gc,phases      ] GC(146) Phase 3: Adjust pointers 1.994ms
[1.248s][info   ][gc,phases,start] GC(146) Phase 4: Compact heap
[1.248s][info   ][gc,phases      ] GC(146) Phase 4: Compact heap 0.122ms
[1.248s][info   ][gc,heap        ] GC(146) Eden regions: 1->0(3)
[1.248s][info   ][gc,heap        ] GC(146) Survivor regions: 0->0(0)
[1.248s][info   ][gc,heap        ] GC(146) Old regions: 2->2
[1.248s][info   ][gc,heap        ] GC(146) Archive regions: 2->2
[1.248s][info   ][gc,heap        ] GC(146) Humongous regions: 0->0
[1.248s][info   ][gc,metaspace   ] GC(146) Metaspace: 9512K(9792K)->9512K(9792K) NonClass: 8354K(8512K)->8354K(8512K) Class: 1157K(1280K)->1157K(1280K)
[1.249s][info   ][gc             ] GC(146) Pause Full (System.gc()) 4M->4M(28M) 6.493ms
[1.249s][info   ][gc,cpu         ] GC(146) User=0.00s Sys=0.00s Real=0.01s
[1.249s][info   ][gc,start       ] GC(147) Pause Full (System.gc())
[1.249s][info   ][gc,task        ] GC(147) Using 1 workers of 10 for full compaction
[1.249s][info   ][gc,phases,start] GC(147) Phase 1: Mark live objects
[1.253s][info   ][gc,phases      ] GC(147) Phase 1: Mark live objects 3.747ms
[1.253s][info   ][gc,phases,start] GC(147) Phase 2: Prepare for compaction
[1.253s][info   ][gc,phases      ] GC(147) Phase 2: Prepare for compaction 0.176ms
[1.253s][info   ][gc,phases,start] GC(147) Phase 3: Adjust pointers
[1.255s][info   ][gc,phases      ] GC(147) Phase 3: Adjust pointers 1.906ms
[1.255s][info   ][gc,phases,start] GC(147) Phase 4: Compact heap
[1.255s][info   ][gc,phases      ] GC(147) Phase 4: Compact heap 0.115ms
[1.255s][info   ][gc,heap        ] GC(147) Eden regions: 1->0(3)
[1.255s][info   ][gc,heap        ] GC(147) Survivor regions: 0->0(0)
[1.255s][info   ][gc,heap        ] GC(147) Old regions: 2->2
[1.255s][info   ][gc,heap        ] GC(147) Archive regions: 2->2
[1.255s][info   ][gc,heap        ] GC(147) Humongous regions: 0->0
[1.255s][info   ][gc,metaspace   ] GC(147) Metaspace: 9512K(9792K)->9512K(9792K) NonClass: 8354K(8512K)->8354K(8512K) Class: 1157K(1280K)->1157K(1280K)
[1.255s][info   ][gc             ] GC(147) Pause Full (System.gc()) 4M->4M(28M) 6.664ms
[1.256s][info   ][gc,cpu         ] GC(147) User=0.01s Sys=0.00s Real=0.01s
[1.256s][info   ][gc,start       ] GC(148) Pause Full (System.gc())
[1.256s][info   ][gc,task        ] GC(148) Using 1 workers of 10 for full compaction
[1.256s][info   ][gc,phases,start] GC(148) Phase 1: Mark live objects
[1.259s][info   ][gc,phases      ] GC(148) Phase 1: Mark live objects 3.442ms
[1.259s][info   ][gc,phases,start] GC(148) Phase 2: Prepare for compaction
[1.259s][info   ][gc,phases      ] GC(148) Phase 2: Prepare for compaction 0.116ms
[1.259s][info   ][gc,phases,start] GC(148) Phase 3: Adjust pointers
[1.261s][info   ][gc,phases      ] GC(148) Phase 3: Adjust pointers 1.900ms
[1.261s][info   ][gc,phases,start] GC(148) Phase 4: Compact heap
[1.261s][info   ][gc,phases      ] GC(148) Phase 4: Compact heap 0.118ms
[1.262s][info   ][gc,heap        ] GC(148) Eden regions: 0->0(3)
[1.262s][info   ][gc,heap        ] GC(148) Survivor regions: 0->0(0)
[1.262s][info   ][gc,heap        ] GC(148) Old regions: 2->2
[1.262s][info   ][gc,heap        ] GC(148) Archive regions: 2->2
[1.262s][info   ][gc,heap        ] GC(148) Humongous regions: 0->0
[1.262s][info   ][gc,metaspace   ] GC(148) Metaspace: 9512K(9792K)->9512K(9792K) NonClass: 8354K(8512K)->8354K(8512K) Class: 1157K(1280K)->1157K(1280K)
[1.262s][info   ][gc             ] GC(148) Pause Full (System.gc()) 4M->4M(28M) 6.150ms
[1.262s][info   ][gc,cpu         ] GC(148) User=0.00s Sys=0.00s Real=0.00s
[1.262s][info   ][gc,start       ] GC(149) Pause Full (System.gc())
[1.262s][info   ][gc,task        ] GC(149) Using 1 workers of 10 for full compaction
[1.262s][info   ][gc,phases,start] GC(149) Phase 1: Mark live objects
[1.266s][info   ][gc,phases      ] GC(149) Phase 1: Mark live objects 3.638ms
[1.266s][info   ][gc,phases,start] GC(149) Phase 2: Prepare for compaction
[1.266s][info   ][gc,phases      ] GC(149) Phase 2: Prepare for compaction 0.176ms
[1.266s][info   ][gc,phases,start] GC(149) Phase 3: Adjust pointers
[1.268s][info   ][gc,phases      ] GC(149) Phase 3: Adjust pointers 1.957ms
[1.268s][info   ][gc,phases,start] GC(149) Phase 4: Compact heap
[1.268s][info   ][gc,phases      ] GC(149) Phase 4: Compact heap 0.163ms
[1.269s][info   ][gc,heap        ] GC(149) Eden regions: 1->0(3)
[1.269s][info   ][gc,heap        ] GC(149) Survivor regions: 0->0(0)
[1.269s][info   ][gc,heap        ] GC(149) Old regions: 2->2
[1.269s][info   ][gc,heap        ] GC(149) Archive regions: 2->2
[1.269s][info   ][gc,heap        ] GC(149) Humongous regions: 0->0
[1.269s][info   ][gc,metaspace   ] GC(149) Metaspace: 9512K(9792K)->9512K(9792K) NonClass: 8354K(8512K)->8354K(8512K) Class: 1157K(1280K)->1157K(1280K)
[1.269s][info   ][gc             ] GC(149) Pause Full (System.gc()) 4M->4M(28M) 6.555ms
[1.269s][info   ][gc,cpu         ] GC(149) User=0.00s Sys=0.00s Real=0.01s
[1.269s][info   ][gc,start       ] GC(150) Pause Full (System.gc())
[1.269s][info   ][gc,task        ] GC(150) Using 1 workers of 10 for full compaction
[1.269s][info   ][gc,phases,start] GC(150) Phase 1: Mark live objects
[1.273s][info   ][gc,phases      ] GC(150) Phase 1: Mark live objects 3.471ms
[1.273s][info   ][gc,phases,start] GC(150) Phase 2: Prepare for compaction
[1.273s][info   ][gc,phases      ] GC(150) Phase 2: Prepare for compaction 0.149ms
[1.273s][info   ][gc,phases,start] GC(150) Phase 3: Adjust pointers
[1.275s][info   ][gc,phases      ] GC(150) Phase 3: Adjust pointers 1.840ms
[1.275s][info   ][gc,phases,start] GC(150) Phase 4: Compact heap
[1.275s][info   ][gc,phases      ] GC(150) Phase 4: Compact heap 0.129ms
[1.275s][info   ][gc,heap        ] GC(150) Eden regions: 1->0(3)
[1.275s][info   ][gc,heap        ] GC(150) Survivor regions: 0->0(0)
[1.275s][info   ][gc,heap        ] GC(150) Old regions: 2->2
[1.275s][info   ][gc,heap        ] GC(150) Archive regions: 2->2
[1.275s][info   ][gc,heap        ] GC(150) Humongous regions: 0->0
[1.275s][info   ][gc,metaspace   ] GC(150) Metaspace: 9512K(9792K)->9512K(9792K) NonClass: 8354K(8512K)->8354K(8512K) Class: 1157K(1280K)->1157K(1280K)
[1.275s][info   ][gc             ] GC(150) Pause Full (System.gc()) 4M->4M(28M) 6.305ms
[1.275s][info   ][gc,cpu         ] GC(150) User=0.01s Sys=0.00s Real=0.01s
[1.276s][info   ][gc,start       ] GC(151) Pause Full (System.gc())
[1.276s][info   ][gc,task        ] GC(151) Using 1 workers of 10 for full compaction
[1.276s][info   ][gc,phases,start] GC(151) Phase 1: Mark live objects
[1.280s][info   ][gc,phases      ] GC(151) Phase 1: Mark live objects 3.625ms
[1.280s][info   ][gc,phases,start] GC(151) Phase 2: Prepare for compaction
[1.280s][info   ][gc,phases      ] GC(151) Phase 2: Prepare for compaction 0.128ms
[1.280s][info   ][gc,phases,start] GC(151) Phase 3: Adjust pointers
[1.282s][info   ][gc,phases      ] GC(151) Phase 3: Adjust pointers 1.862ms
[1.282s][info   ][gc,phases,start] GC(151) Phase 4: Compact heap
[1.282s][info   ][gc,phases      ] GC(151) Phase 4: Compact heap 0.099ms
[1.282s][info   ][gc,heap        ] GC(151) Eden regions: 1->0(3)
[1.282s][info   ][gc,heap        ] GC(151) Survivor regions: 0->0(0)
[1.282s][info   ][gc,heap        ] GC(151) Old regions: 2->2
[1.282s][info   ][gc,heap        ] GC(151) Archive regions: 2->2
[1.282s][info   ][gc,heap        ] GC(151) Humongous regions: 0->0
[1.282s][info   ][gc,metaspace   ] GC(151) Metaspace: 9512K(9792K)->9512K(9792K) NonClass: 8354K(8512K)->8354K(8512K) Class: 1157K(1280K)->1157K(1280K)
[1.282s][info   ][gc             ] GC(151) Pause Full (System.gc()) 4M->4M(28M) 6.396ms
[1.282s][info   ][gc,cpu         ] GC(151) User=0.00s Sys=0.00s Real=0.00s
[1.283s][info   ][gc,start       ] GC(152) Pause Full (System.gc())
[1.283s][info   ][gc,task        ] GC(152) Using 1 workers of 10 for full compaction
[1.283s][info   ][gc,phases,start] GC(152) Phase 1: Mark live objects
[1.286s][info   ][gc,phases      ] GC(152) Phase 1: Mark live objects 3.459ms
[1.286s][info   ][gc,phases,start] GC(152) Phase 2: Prepare for compaction
[1.286s][info   ][gc,phases      ] GC(152) Phase 2: Prepare for compaction 0.158ms
[1.286s][info   ][gc,phases,start] GC(152) Phase 3: Adjust pointers
[1.288s][info   ][gc,phases      ] GC(152) Phase 3: Adjust pointers 1.889ms
[1.288s][info   ][gc,phases,start] GC(152) Phase 4: Compact heap
[1.288s][info   ][gc,phases      ] GC(152) Phase 4: Compact heap 0.067ms
[1.289s][info   ][gc,heap        ] GC(152) Eden regions: 0->0(3)
[1.289s][info   ][gc,heap        ] GC(152) Survivor regions: 0->0(0)
[1.289s][info   ][gc,heap        ] GC(152) Old regions: 2->2
[1.289s][info   ][gc,heap        ] GC(152) Archive regions: 2->2
[1.289s][info   ][gc,heap        ] GC(152) Humongous regions: 0->0
[1.289s][info   ][gc,metaspace   ] GC(152) Metaspace: 9512K(9792K)->9512K(9792K) NonClass: 8354K(8512K)->8354K(8512K) Class: 1157K(1280K)->1157K(1280K)
[1.289s][info   ][gc             ] GC(152) Pause Full (System.gc()) 4M->4M(28M) 6.142ms
[1.289s][info   ][gc,cpu         ] GC(152) User=0.01s Sys=0.00s Real=0.01s
[1.289s][info   ][gc,start       ] GC(153) Pause Full (System.gc())
[1.289s][info   ][gc,task        ] GC(153) Using 1 workers of 10 for full compaction
[1.289s][info   ][gc,phases,start] GC(153) Phase 1: Mark live objects
[1.292s][info   ][gc,phases      ] GC(153) Phase 1: Mark live objects 3.292ms
[1.292s][info   ][gc,phases,start] GC(153) Phase 2: Prepare for compaction
[1.293s][info   ][gc,phases      ] GC(153) Phase 2: Prepare for compaction 0.155ms
[1.293s][info   ][gc,phases,start] GC(153) Phase 3: Adjust pointers
[1.294s][info   ][gc,phases      ] GC(153) Phase 3: Adjust pointers 1.589ms
[1.294s][info   ][gc,phases,start] GC(153) Phase 4: Compact heap
[1.294s][info   ][gc,phases      ] GC(153) Phase 4: Compact heap 0.082ms
[1.295s][info   ][gc,heap        ] GC(153) Eden regions: 1->0(3)
[1.295s][info   ][gc,heap        ] GC(153) Survivor regions: 0->0(0)
[1.295s][info   ][gc,heap        ] GC(153) Old regions: 2->2
[1.295s][info   ][gc,heap        ] GC(153) Archive regions: 2->2
[1.295s][info   ][gc,heap        ] GC(153) Humongous regions: 0->0
[1.295s][info   ][gc,metaspace   ] GC(153) Metaspace: 9512K(9792K)->9512K(9792K) NonClass: 8354K(8512K)->8354K(8512K) Class: 1157K(1280K)->1157K(1280K)
[1.295s][info   ][gc             ] GC(153) Pause Full (System.gc()) 4M->4M(28M) 5.639ms
[1.295s][info   ][gc,cpu         ] GC(153) User=0.01s Sys=0.00s Real=0.01s
[1.295s][info   ][gc,start       ] GC(154) Pause Full (System.gc())
[1.295s][info   ][gc,task        ] GC(154) Using 1 workers of 10 for full compaction
[1.295s][info   ][gc,phases,start] GC(154) Phase 1: Mark live objects
[1.298s][info   ][gc,phases      ] GC(154) Phase 1: Mark live objects 2.870ms
[1.298s][info   ][gc,phases,start] GC(154) Phase 2: Prepare for compaction
[1.298s][info   ][gc,phases      ] GC(154) Phase 2: Prepare for compaction 0.110ms
[1.298s][info   ][gc,phases,start] GC(154) Phase 3: Adjust pointers
[1.300s][info   ][gc,phases      ] GC(154) Phase 3: Adjust pointers 1.616ms
[1.300s][info   ][gc,phases,start] GC(154) Phase 4: Compact heap
[1.300s][info   ][gc,phases      ] GC(154) Phase 4: Compact heap 0.097ms
[1.300s][info   ][gc,heap        ] GC(154) Eden regions: 0->0(3)
[1.300s][info   ][gc,heap        ] GC(154) Survivor regions: 0->0(0)
[1.300s][info   ][gc,heap        ] GC(154) Old regions: 2->2
[1.300s][info   ][gc,heap        ] GC(154) Archive regions: 2->2
[1.300s][info   ][gc,heap        ] GC(154) Humongous regions: 0->0
[1.300s][info   ][gc,metaspace   ] GC(154) Metaspace: 9512K(9792K)->9512K(9792K) NonClass: 8354K(8512K)->8354K(8512K) Class: 1157K(1280K)->1157K(1280K)
[1.300s][info   ][gc             ] GC(154) Pause Full (System.gc()) 4M->4M(28M) 5.252ms
[1.300s][info   ][gc,cpu         ] GC(154) User=0.00s Sys=0.00s Real=0.00s
[1.301s][info   ][gc,start       ] GC(155) Pause Full (System.gc())
[1.301s][info   ][gc,task        ] GC(155) Using 1 workers of 10 for full compaction
[1.301s][info   ][gc,phases,start] GC(155) Phase 1: Mark live objects
[1.304s][info   ][gc,phases      ] GC(155) Phase 1: Mark live objects 2.802ms
[1.304s][info   ][gc,phases,start] GC(155) Phase 2: Prepare for compaction
[1.304s][info   ][gc,phases      ] GC(155) Phase 2: Prepare for compaction 0.114ms
[1.304s][info   ][gc,phases,start] GC(155) Phase 3: Adjust pointers
[1.305s][info   ][gc,phases      ] GC(155) Phase 3: Adjust pointers 1.639ms
[1.305s][info   ][gc,phases,start] GC(155) Phase 4: Compact heap
[1.305s][info   ][gc,phases      ] GC(155) Phase 4: Compact heap 0.091ms
[1.306s][info   ][gc,heap        ] GC(155) Eden regions: 1->0(3)
[1.306s][info   ][gc,heap        ] GC(155) Survivor regions: 0->0(0)
[1.306s][info   ][gc,heap        ] GC(155) Old regions: 2->2
[1.306s][info   ][gc,heap        ] GC(155) Archive regions: 2->2
[1.306s][info   ][gc,heap        ] GC(155) Humongous regions: 0->0
[1.306s][info   ][gc,metaspace   ] GC(155) Metaspace: 9512K(9792K)->9512K(9792K) NonClass: 8354K(8512K)->8354K(8512K) Class: 1157K(1280K)->1157K(1280K)
[1.306s][info   ][gc             ] GC(155) Pause Full (System.gc()) 4M->4M(28M) 5.164ms
[1.306s][info   ][gc,cpu         ] GC(155) User=0.01s Sys=0.00s Real=0.01s
[1.306s][info   ][gc,start       ] GC(156) Pause Full (System.gc())
[1.306s][info   ][gc,task        ] GC(156) Using 1 workers of 10 for full compaction
[1.306s][info   ][gc,phases,start] GC(156) Phase 1: Mark live objects
[1.309s][info   ][gc,phases      ] GC(156) Phase 1: Mark live objects 2.938ms
[1.309s][info   ][gc,phases,start] GC(156) Phase 2: Prepare for compaction
[1.309s][info   ][gc,phases      ] GC(156) Phase 2: Prepare for compaction 0.138ms
[1.309s][info   ][gc,phases,start] GC(156) Phase 3: Adjust pointers
[1.311s][info   ][gc,phases      ] GC(156) Phase 3: Adjust pointers 1.280ms
[1.311s][info   ][gc,phases,start] GC(156) Phase 4: Compact heap
[1.311s][info   ][gc,phases      ] GC(156) Phase 4: Compact heap 0.122ms
[1.311s][info   ][gc,heap        ] GC(156) Eden regions: 1->0(3)
[1.311s][info   ][gc,heap        ] GC(156) Survivor regions: 0->0(0)
[1.311s][info   ][gc,heap        ] GC(156) Old regions: 2->2
[1.311s][info   ][gc,heap        ] GC(156) Archive regions: 2->2
[1.311s][info   ][gc,heap        ] GC(156) Humongous regions: 0->0
[1.311s][info   ][gc,metaspace   ] GC(156) Metaspace: 9512K(9792K)->9512K(9792K) NonClass: 8354K(8512K)->8354K(8512K) Class: 1157K(1280K)->1157K(1280K)
[1.311s][info   ][gc             ] GC(156) Pause Full (System.gc()) 4M->4M(28M) 5.091ms
[1.311s][info   ][gc,cpu         ] GC(156) User=0.00s Sys=0.00s Real=0.00s
[1.312s][info   ][gc,start       ] GC(157) Pause Full (System.gc())
[1.312s][info   ][gc,task        ] GC(157) Using 1 workers of 10 for full compaction
[1.312s][info   ][gc,phases,start] GC(157) Phase 1: Mark live objects
[1.315s][info   ][gc,phases      ] GC(157) Phase 1: Mark live objects 2.704ms
[1.315s][info   ][gc,phases,start] GC(157) Phase 2: Prepare for compaction
[1.315s][info   ][gc,phases      ] GC(157) Phase 2: Prepare for compaction 0.073ms
[1.315s][info   ][gc,phases,start] GC(157) Phase 3: Adjust pointers
[1.316s][info   ][gc,phases      ] GC(157) Phase 3: Adjust pointers 1.078ms
[1.316s][info   ][gc,phases,start] GC(157) Phase 4: Compact heap
[1.316s][info   ][gc,phases      ] GC(157) Phase 4: Compact heap 0.111ms
[1.316s][info   ][gc,heap        ] GC(157) Eden regions: 1->0(3)
[1.316s][info   ][gc,heap        ] GC(157) Survivor regions: 0->0(0)
[1.316s][info   ][gc,heap        ] GC(157) Old regions: 2->2
[1.316s][info   ][gc,heap        ] GC(157) Archive regions: 2->2
[1.316s][info   ][gc,heap        ] GC(157) Humongous regions: 0->0
[1.316s][info   ][gc,metaspace   ] GC(157) Metaspace: 9512K(9792K)->9512K(9792K) NonClass: 8354K(8512K)->8354K(8512K) Class: 1157K(1280K)->1157K(1280K)
[1.316s][info   ][gc             ] GC(157) Pause Full (System.gc()) 4M->4M(28M) 4.521ms
[1.316s][info   ][gc,cpu         ] GC(157) User=0.01s Sys=0.00s Real=0.01s
[1.316s][info   ][gc,start       ] GC(158) Pause Full (System.gc())
[1.316s][info   ][gc,task        ] GC(158) Using 1 workers of 10 for full compaction
[1.317s][info   ][gc,phases,start] GC(158) Phase 1: Mark live objects
[1.319s][info   ][gc,phases      ] GC(158) Phase 1: Mark live objects 2.338ms
[1.319s][info   ][gc,phases,start] GC(158) Phase 2: Prepare for compaction
[1.319s][info   ][gc,phases      ] GC(158) Phase 2: Prepare for compaction 0.064ms
[1.319s][info   ][gc,phases,start] GC(158) Phase 3: Adjust pointers
[1.320s][info   ][gc,phases      ] GC(158) Phase 3: Adjust pointers 1.148ms
[1.320s][info   ][gc,phases,start] GC(158) Phase 4: Compact heap
[1.320s][info   ][gc,phases      ] GC(158) Phase 4: Compact heap 0.192ms
[1.321s][info   ][gc,heap        ] GC(158) Eden regions: 0->0(3)
[1.321s][info   ][gc,heap        ] GC(158) Survivor regions: 0->0(0)
[1.321s][info   ][gc,heap        ] GC(158) Old regions: 2->2
[1.321s][info   ][gc,heap        ] GC(158) Archive regions: 2->2
[1.321s][info   ][gc,heap        ] GC(158) Humongous regions: 0->0
[1.321s][info   ][gc,metaspace   ] GC(158) Metaspace: 9512K(9792K)->9512K(9792K) NonClass: 8354K(8512K)->8354K(8512K) Class: 1157K(1280K)->1157K(1280K)
[1.321s][info   ][gc             ] GC(158) Pause Full (System.gc()) 4M->4M(28M) 4.407ms
[1.321s][info   ][gc,cpu         ] GC(158) User=0.00s Sys=0.00s Real=0.00s
[1.321s][info   ][gc,start       ] GC(159) Pause Full (System.gc())
[1.321s][info   ][gc,task        ] GC(159) Using 1 workers of 10 for full compaction
[1.321s][info   ][gc,phases,start] GC(159) Phase 1: Mark live objects
[1.324s][info   ][gc,phases      ] GC(159) Phase 1: Mark live objects 2.779ms
[1.324s][info   ][gc,phases,start] GC(159) Phase 2: Prepare for compaction
[1.324s][info   ][gc,phases      ] GC(159) Phase 2: Prepare for compaction 0.218ms
[1.324s][info   ][gc,phases,start] GC(159) Phase 3: Adjust pointers
[1.326s][info   ][gc,phases      ] GC(159) Phase 3: Adjust pointers 1.643ms
[1.326s][info   ][gc,phases,start] GC(159) Phase 4: Compact heap
[1.326s][info   ][gc,phases      ] GC(159) Phase 4: Compact heap 0.176ms
[1.327s][info   ][gc,heap        ] GC(159) Eden regions: 1->0(3)
[1.327s][info   ][gc,heap        ] GC(159) Survivor regions: 0->0(0)
[1.327s][info   ][gc,heap        ] GC(159) Old regions: 2->2
[1.327s][info   ][gc,heap        ] GC(159) Archive regions: 2->2
[1.327s][info   ][gc,heap        ] GC(159) Humongous regions: 0->0
[1.327s][info   ][gc,metaspace   ] GC(159) Metaspace: 9512K(9792K)->9512K(9792K) NonClass: 8354K(8512K)->8354K(8512K) Class: 1157K(1280K)->1157K(1280K)
[1.327s][info   ][gc             ] GC(159) Pause Full (System.gc()) 4M->4M(28M) 5.514ms
[1.327s][info   ][gc,cpu         ] GC(159) User=0.01s Sys=0.00s Real=0.01s
[1.327s][info   ][gc,start       ] GC(160) Pause Full (System.gc())
[1.327s][info   ][gc,task        ] GC(160) Using 1 workers of 10 for full compaction
[1.327s][info   ][gc,phases,start] GC(160) Phase 1: Mark live objects
[1.330s][info   ][gc,phases      ] GC(160) Phase 1: Mark live objects 2.549ms
[1.330s][info   ][gc,phases,start] GC(160) Phase 2: Prepare for compaction
[1.330s][info   ][gc,phases      ] GC(160) Phase 2: Prepare for compaction 0.257ms
[1.330s][info   ][gc,phases,start] GC(160) Phase 3: Adjust pointers
[1.332s][info   ][gc,phases      ] GC(160) Phase 3: Adjust pointers 1.980ms
[1.332s][info   ][gc,phases,start] GC(160) Phase 4: Compact heap
[1.332s][info   ][gc,phases      ] GC(160) Phase 4: Compact heap 0.219ms
[1.332s][info   ][gc,heap        ] GC(160) Eden regions: 0->0(3)
[1.333s][info   ][gc,heap        ] GC(160) Survivor regions: 0->0(0)
[1.333s][info   ][gc,heap        ] GC(160) Old regions: 2->2
[1.333s][info   ][gc,heap        ] GC(160) Archive regions: 2->2
[1.333s][info   ][gc,heap        ] GC(160) Humongous regions: 0->0
[1.333s][info   ][gc,metaspace   ] GC(160) Metaspace: 9512K(9792K)->9512K(9792K) NonClass: 8354K(8512K)->8354K(8512K) Class: 1157K(1280K)->1157K(1280K)
[1.333s][info   ][gc             ] GC(160) Pause Full (System.gc()) 4M->4M(28M) 5.497ms
[1.333s][info   ][gc,cpu         ] GC(160) User=0.00s Sys=0.00s Real=0.00s
[1.333s][info   ][gc,start       ] GC(161) Pause Full (System.gc())
[1.333s][info   ][gc,task        ] GC(161) Using 1 workers of 10 for full compaction
[1.333s][info   ][gc,phases,start] GC(161) Phase 1: Mark live objects
[1.337s][info   ][gc,phases      ] GC(161) Phase 1: Mark live objects 4.359ms
[1.337s][info   ][gc,phases,start] GC(161) Phase 2: Prepare for compaction
[1.338s][info   ][gc,phases      ] GC(161) Phase 2: Prepare for compaction 0.302ms
[1.338s][info   ][gc,phases,start] GC(161) Phase 3: Adjust pointers
[1.341s][info   ][gc,phases      ] GC(161) Phase 3: Adjust pointers 2.852ms
[1.341s][info   ][gc,phases,start] GC(161) Phase 4: Compact heap
[1.341s][info   ][gc,phases      ] GC(161) Phase 4: Compact heap 0.186ms
[1.341s][info   ][gc,heap        ] GC(161) Eden regions: 1->0(3)
[1.341s][info   ][gc,heap        ] GC(161) Survivor regions: 0->0(0)
[1.341s][info   ][gc,heap        ] GC(161) Old regions: 2->2
[1.341s][info   ][gc,heap        ] GC(161) Archive regions: 2->2
[1.341s][info   ][gc,heap        ] GC(161) Humongous regions: 0->0
[1.341s][info   ][gc,metaspace   ] GC(161) Metaspace: 9512K(9792K)->9512K(9792K) NonClass: 8354K(8512K)->8354K(8512K) Class: 1157K(1280K)->1157K(1280K)
[1.341s][info   ][gc             ] GC(161) Pause Full (System.gc()) 4M->4M(28M) 8.564ms
[1.341s][info   ][gc,cpu         ] GC(161) User=0.01s Sys=0.00s Real=0.01s
[1.342s][info   ][gc,start       ] GC(162) Pause Full (System.gc())
[1.342s][info   ][gc,task        ] GC(162) Using 1 workers of 10 for full compaction
[1.342s][info   ][gc,phases,start] GC(162) Phase 1: Mark live objects
[1.347s][info   ][gc,phases      ] GC(162) Phase 1: Mark live objects 4.932ms
[1.347s][info   ][gc,phases,start] GC(162) Phase 2: Prepare for compaction
[1.347s][info   ][gc,phases      ] GC(162) Phase 2: Prepare for compaction 0.427ms
[1.347s][info   ][gc,phases,start] GC(162) Phase 3: Adjust pointers
[1.350s][info   ][gc,phases      ] GC(162) Phase 3: Adjust pointers 3.017ms
[1.350s][info   ][gc,phases,start] GC(162) Phase 4: Compact heap
[1.350s][info   ][gc,phases      ] GC(162) Phase 4: Compact heap 0.228ms
[1.351s][info   ][gc,heap        ] GC(162) Eden regions: 0->0(3)
[1.351s][info   ][gc,heap        ] GC(162) Survivor regions: 0->0(0)
[1.351s][info   ][gc,heap        ] GC(162) Old regions: 2->2
[1.351s][info   ][gc,heap        ] GC(162) Archive regions: 2->2
[1.351s][info   ][gc,heap        ] GC(162) Humongous regions: 0->0
[1.351s][info   ][gc,metaspace   ] GC(162) Metaspace: 9512K(9792K)->9512K(9792K) NonClass: 8354K(8512K)->8354K(8512K) Class: 1157K(1280K)->1157K(1280K)
[1.351s][info   ][gc             ] GC(162) Pause Full (System.gc()) 4M->4M(28M) 9.433ms
[1.351s][info   ][gc,cpu         ] GC(162) User=0.01s Sys=0.00s Real=0.01s
[1.352s][info   ][gc,start       ] GC(163) Pause Full (System.gc())
[1.352s][info   ][gc,task        ] GC(163) Using 1 workers of 10 for full compaction
[1.352s][info   ][gc,phases,start] GC(163) Phase 1: Mark live objects
[1.358s][info   ][gc,phases      ] GC(163) Phase 1: Mark live objects 5.677ms
[1.358s][info   ][gc,phases,start] GC(163) Phase 2: Prepare for compaction
[1.358s][info   ][gc,phases      ] GC(163) Phase 2: Prepare for compaction 0.294ms
[1.358s][info   ][gc,phases,start] GC(163) Phase 3: Adjust pointers
[1.361s][info   ][gc,phases      ] GC(163) Phase 3: Adjust pointers 2.845ms
[1.361s][info   ][gc,phases,start] GC(163) Phase 4: Compact heap
[1.361s][info   ][gc,phases      ] GC(163) Phase 4: Compact heap 0.178ms
[1.362s][info   ][gc,heap        ] GC(163) Eden regions: 1->0(3)
[1.362s][info   ][gc,heap        ] GC(163) Survivor regions: 0->0(0)
[1.362s][info   ][gc,heap        ] GC(163) Old regions: 2->2
[1.362s][info   ][gc,heap        ] GC(163) Archive regions: 2->2
[1.362s][info   ][gc,heap        ] GC(163) Humongous regions: 0->0
[1.362s][info   ][gc,metaspace   ] GC(163) Metaspace: 9512K(9792K)->9512K(9792K) NonClass: 8354K(8512K)->8354K(8512K) Class: 1157K(1280K)->1157K(1280K)
[1.362s][info   ][gc             ] GC(163) Pause Full (System.gc()) 4M->4M(28M) 9.882ms
[1.362s][info   ][gc,cpu         ] GC(163) User=0.01s Sys=0.00s Real=0.01s
[1.362s][info   ][gc,start       ] GC(164) Pause Full (System.gc())
[1.362s][info   ][gc,task        ] GC(164) Using 1 workers of 10 for full compaction
[1.362s][info   ][gc,phases,start] GC(164) Phase 1: Mark live objects
[1.369s][info   ][gc,phases      ] GC(164) Phase 1: Mark live objects 6.596ms
[1.369s][info   ][gc,phases,start] GC(164) Phase 2: Prepare for compaction
[1.369s][info   ][gc,phases      ] GC(164) Phase 2: Prepare for compaction 0.263ms
[1.369s][info   ][gc,phases,start] GC(164) Phase 3: Adjust pointers
[1.371s][info   ][gc,phases      ] GC(164) Phase 3: Adjust pointers 1.813ms
[1.371s][info   ][gc,phases,start] GC(164) Phase 4: Compact heap
[1.371s][info   ][gc,phases      ] GC(164) Phase 4: Compact heap 0.161ms
[1.372s][info   ][gc,heap        ] GC(164) Eden regions: 1->0(3)
[1.372s][info   ][gc,heap        ] GC(164) Survivor regions: 0->0(0)
[1.372s][info   ][gc,heap        ] GC(164) Old regions: 2->2
[1.372s][info   ][gc,heap        ] GC(164) Archive regions: 2->2
[1.372s][info   ][gc,heap        ] GC(164) Humongous regions: 0->0
[1.372s][info   ][gc,metaspace   ] GC(164) Metaspace: 9512K(9792K)->9512K(9792K) NonClass: 8354K(8512K)->8354K(8512K) Class: 1157K(1280K)->1157K(1280K)
[1.372s][info   ][gc             ] GC(164) Pause Full (System.gc()) 4M->4M(28M) 9.438ms
[1.372s][info   ][gc,cpu         ] GC(164) User=0.00s Sys=0.00s Real=0.01s
[1.372s][info   ][gc,start       ] GC(165) Pause Full (System.gc())
[1.372s][info   ][gc,task        ] GC(165) Using 1 workers of 10 for full compaction
[1.372s][info   ][gc,phases,start] GC(165) Phase 1: Mark live objects
[1.376s][info   ][gc,phases      ] GC(165) Phase 1: Mark live objects 3.254ms
[1.376s][info   ][gc,phases,start] GC(165) Phase 2: Prepare for compaction
[1.376s][info   ][gc,phases      ] GC(165) Phase 2: Prepare for compaction 0.189ms
[1.376s][info   ][gc,phases,start] GC(165) Phase 3: Adjust pointers
[1.378s][info   ][gc,phases      ] GC(165) Phase 3: Adjust pointers 1.970ms
[1.378s][info   ][gc,phases,start] GC(165) Phase 4: Compact heap
[1.378s][info   ][gc,phases      ] GC(165) Phase 4: Compact heap 0.146ms
[1.379s][info   ][gc,heap        ] GC(165) Eden regions: 0->0(3)
[1.379s][info   ][gc,heap        ] GC(165) Survivor regions: 0->0(0)
[1.379s][info   ][gc,heap        ] GC(165) Old regions: 2->2
[1.379s][info   ][gc,heap        ] GC(165) Archive regions: 2->2
[1.379s][info   ][gc,heap        ] GC(165) Humongous regions: 0->0
[1.379s][info   ][gc,metaspace   ] GC(165) Metaspace: 9512K(9792K)->9512K(9792K) NonClass: 8354K(8512K)->8354K(8512K) Class: 1157K(1280K)->1157K(1280K)
[1.379s][info   ][gc             ] GC(165) Pause Full (System.gc()) 4M->4M(28M) 6.764ms
[1.379s][info   ][gc,cpu         ] GC(165) User=0.01s Sys=0.00s Real=0.01s
[1.379s][info   ][gc,start       ] GC(166) Pause Full (System.gc())
[1.379s][info   ][gc,task        ] GC(166) Using 1 workers of 10 for full compaction
[1.379s][info   ][gc,phases,start] GC(166) Phase 1: Mark live objects
[1.383s][info   ][gc,phases      ] GC(166) Phase 1: Mark live objects 3.590ms
[1.383s][info   ][gc,phases,start] GC(166) Phase 2: Prepare for compaction
[1.383s][info   ][gc,phases      ] GC(166) Phase 2: Prepare for compaction 0.159ms
[1.383s][info   ][gc,phases,start] GC(166) Phase 3: Adjust pointers
[1.385s][info   ][gc,phases      ] GC(166) Phase 3: Adjust pointers 2.064ms
[1.385s][info   ][gc,phases,start] GC(166) Phase 4: Compact heap
[1.386s][info   ][gc,phases      ] GC(166) Phase 4: Compact heap 0.269ms
[1.386s][info   ][gc,heap        ] GC(166) Eden regions: 0->0(3)
[1.386s][info   ][gc,heap        ] GC(166) Survivor regions: 0->0(0)
[1.386s][info   ][gc,heap        ] GC(166) Old regions: 2->2
[1.386s][info   ][gc,heap        ] GC(166) Archive regions: 2->2
[1.386s][info   ][gc,heap        ] GC(166) Humongous regions: 0->0
[1.386s][info   ][gc,metaspace   ] GC(166) Metaspace: 9512K(9792K)->9512K(9792K) NonClass: 8354K(8512K)->8354K(8512K) Class: 1157K(1280K)->1157K(1280K)
[1.386s][info   ][gc             ] GC(166) Pause Full (System.gc()) 4M->4M(28M) 6.955ms
[1.386s][info   ][gc,cpu         ] GC(166) User=0.00s Sys=0.00s Real=0.01s
[1.387s][info   ][gc,start       ] GC(167) Pause Full (System.gc())
[1.387s][info   ][gc,task        ] GC(167) Using 1 workers of 10 for full compaction
[1.387s][info   ][gc,phases,start] GC(167) Phase 1: Mark live objects
[1.391s][info   ][gc,phases      ] GC(167) Phase 1: Mark live objects 3.925ms
[1.391s][info   ][gc,phases,start] GC(167) Phase 2: Prepare for compaction
[1.391s][info   ][gc,phases      ] GC(167) Phase 2: Prepare for compaction 0.315ms
[1.391s][info   ][gc,phases,start] GC(167) Phase 3: Adjust pointers
[1.394s][info   ][gc,phases      ] GC(167) Phase 3: Adjust pointers 2.275ms
[1.394s][info   ][gc,phases,start] GC(167) Phase 4: Compact heap
[1.394s][info   ][gc,phases      ] GC(167) Phase 4: Compact heap 0.189ms
[1.395s][info   ][gc,heap        ] GC(167) Eden regions: 1->0(3)
[1.395s][info   ][gc,heap        ] GC(167) Survivor regions: 0->0(0)
[1.395s][info   ][gc,heap        ] GC(167) Old regions: 2->2
[1.395s][info   ][gc,heap        ] GC(167) Archive regions: 2->2
[1.395s][info   ][gc,heap        ] GC(167) Humongous regions: 0->0
[1.395s][info   ][gc,metaspace   ] GC(167) Metaspace: 9512K(9792K)->9512K(9792K) NonClass: 8354K(8512K)->8354K(8512K) Class: 1157K(1280K)->1157K(1280K)
[1.395s][info   ][gc             ] GC(167) Pause Full (System.gc()) 4M->4M(28M) 7.588ms
[1.395s][info   ][gc,cpu         ] GC(167) User=0.01s Sys=0.00s Real=0.01s
[1.395s][info   ][gc,start       ] GC(168) Pause Full (System.gc())
[1.395s][info   ][gc,task        ] GC(168) Using 1 workers of 10 for full compaction
[1.395s][info   ][gc,phases,start] GC(168) Phase 1: Mark live objects
[1.400s][info   ][gc,phases      ] GC(168) Phase 1: Mark live objects 5.274ms
[1.400s][info   ][gc,phases,start] GC(168) Phase 2: Prepare for compaction
[1.401s][info   ][gc,phases      ] GC(168) Phase 2: Prepare for compaction 0.384ms
[1.401s][info   ][gc,phases,start] GC(168) Phase 3: Adjust pointers
[1.403s][info   ][gc,phases      ] GC(168) Phase 3: Adjust pointers 2.190ms
[1.403s][info   ][gc,phases,start] GC(168) Phase 4: Compact heap
[1.403s][info   ][gc,phases      ] GC(168) Phase 4: Compact heap 0.263ms
[1.404s][info   ][gc,heap        ] GC(168) Eden regions: 0->0(3)
[1.404s][info   ][gc,heap        ] GC(168) Survivor regions: 0->0(0)
[1.404s][info   ][gc,heap        ] GC(168) Old regions: 2->2
[1.404s][info   ][gc,heap        ] GC(168) Archive regions: 2->2
[1.404s][info   ][gc,heap        ] GC(168) Humongous regions: 0->0
[1.404s][info   ][gc,metaspace   ] GC(168) Metaspace: 9512K(9792K)->9512K(9792K) NonClass: 8354K(8512K)->8354K(8512K) Class: 1157K(1280K)->1157K(1280K)
[1.404s][info   ][gc             ] GC(168) Pause Full (System.gc()) 4M->4M(28M) 9.341ms
[1.404s][info   ][gc,cpu         ] GC(168) User=0.01s Sys=0.00s Real=0.01s
[1.405s][info   ][gc,start       ] GC(169) Pause Full (System.gc())
[1.405s][info   ][gc,task        ] GC(169) Using 1 workers of 10 for full compaction
[1.405s][info   ][gc,phases,start] GC(169) Phase 1: Mark live objects
[1.410s][info   ][gc,phases      ] GC(169) Phase 1: Mark live objects 4.530ms
[1.410s][info   ][gc,phases,start] GC(169) Phase 2: Prepare for compaction
[1.410s][info   ][gc,phases      ] GC(169) Phase 2: Prepare for compaction 0.253ms
[1.410s][info   ][gc,phases,start] GC(169) Phase 3: Adjust pointers
[1.413s][info   ][gc,phases      ] GC(169) Phase 3: Adjust pointers 2.723ms
[1.413s][info   ][gc,phases,start] GC(169) Phase 4: Compact heap
[1.413s][info   ][gc,phases      ] GC(169) Phase 4: Compact heap 0.216ms
[1.414s][info   ][gc,heap        ] GC(169) Eden regions: 1->0(3)
[1.414s][info   ][gc,heap        ] GC(169) Survivor regions: 0->0(0)
[1.414s][info   ][gc,heap        ] GC(169) Old regions: 2->2
[1.414s][info   ][gc,heap        ] GC(169) Archive regions: 2->2
[1.414s][info   ][gc,heap        ] GC(169) Humongous regions: 0->0
[1.414s][info   ][gc,metaspace   ] GC(169) Metaspace: 9512K(9792K)->9512K(9792K) NonClass: 8354K(8512K)->8354K(8512K) Class: 1157K(1280K)->1157K(1280K)
[1.414s][info   ][gc             ] GC(169) Pause Full (System.gc()) 4M->4M(28M) 8.904ms
[1.414s][info   ][gc,cpu         ] GC(169) User=0.01s Sys=0.00s Real=0.01s
[1.414s][info   ][gc,start       ] GC(170) Pause Full (System.gc())
[1.414s][info   ][gc,task        ] GC(170) Using 1 workers of 10 for full compaction
[1.414s][info   ][gc,phases,start] GC(170) Phase 1: Mark live objects
[1.420s][info   ][gc,phases      ] GC(170) Phase 1: Mark live objects 5.869ms
[1.420s][info   ][gc,phases,start] GC(170) Phase 2: Prepare for compaction
[1.421s][info   ][gc,phases      ] GC(170) Phase 2: Prepare for compaction 0.369ms
[1.421s][info   ][gc,phases,start] GC(170) Phase 3: Adjust pointers
[1.423s][info   ][gc,phases      ] GC(170) Phase 3: Adjust pointers 2.466ms
[1.423s][info   ][gc,phases,start] GC(170) Phase 4: Compact heap
[1.423s][info   ][gc,phases      ] GC(170) Phase 4: Compact heap 0.209ms
[1.424s][info   ][gc,heap        ] GC(170) Eden regions: 0->0(3)
[1.424s][info   ][gc,heap        ] GC(170) Survivor regions: 0->0(0)
[1.424s][info   ][gc,heap        ] GC(170) Old regions: 2->2
[1.424s][info   ][gc,heap        ] GC(170) Archive regions: 2->2
[1.424s][info   ][gc,heap        ] GC(170) Humongous regions: 0->0
[1.424s][info   ][gc,metaspace   ] GC(170) Metaspace: 9512K(9792K)->9512K(9792K) NonClass: 8354K(8512K)->8354K(8512K) Class: 1157K(1280K)->1157K(1280K)
[1.424s][info   ][gc             ] GC(170) Pause Full (System.gc()) 4M->4M(28M) 10.073ms
[1.424s][info   ][gc,cpu         ] GC(170) User=0.01s Sys=0.00s Real=0.01s
[1.425s][info   ][gc,start       ] GC(171) Pause Full (System.gc())
[1.425s][info   ][gc,task        ] GC(171) Using 1 workers of 10 for full compaction
[1.425s][info   ][gc,phases,start] GC(171) Phase 1: Mark live objects
[1.430s][info   ][gc,phases      ] GC(171) Phase 1: Mark live objects 5.152ms
[1.430s][info   ][gc,phases,start] GC(171) Phase 2: Prepare for compaction
[1.431s][info   ][gc,phases      ] GC(171) Phase 2: Prepare for compaction 0.363ms
[1.431s][info   ][gc,phases,start] GC(171) Phase 3: Adjust pointers
[1.434s][info   ][gc,phases      ] GC(171) Phase 3: Adjust pointers 2.880ms
[1.434s][info   ][gc,phases,start] GC(171) Phase 4: Compact heap
[1.434s][info   ][gc,phases      ] GC(171) Phase 4: Compact heap 0.176ms
[1.435s][info   ][gc,heap        ] GC(171) Eden regions: 1->0(3)
[1.435s][info   ][gc,heap        ] GC(171) Survivor regions: 0->0(0)
[1.435s][info   ][gc,heap        ] GC(171) Old regions: 2->2
[1.435s][info   ][gc,heap        ] GC(171) Archive regions: 2->2
[1.435s][info   ][gc,heap        ] GC(171) Humongous regions: 0->0
[1.435s][info   ][gc,metaspace   ] GC(171) Metaspace: 9512K(9792K)->9512K(9792K) NonClass: 8354K(8512K)->8354K(8512K) Class: 1157K(1280K)->1157K(1280K)
[1.435s][info   ][gc             ] GC(171) Pause Full (System.gc()) 4M->4M(28M) 9.611ms
[1.435s][info   ][gc,cpu         ] GC(171) User=0.01s Sys=0.00s Real=0.01s
[1.435s][info   ][gc,start       ] GC(172) Pause Full (System.gc())
[1.435s][info   ][gc,task        ] GC(172) Using 1 workers of 10 for full compaction
[1.435s][info   ][gc,phases,start] GC(172) Phase 1: Mark live objects
[1.439s][info   ][gc,phases      ] GC(172) Phase 1: Mark live objects 4.281ms
[1.440s][info   ][gc,phases,start] GC(172) Phase 2: Prepare for compaction
[1.440s][info   ][gc,phases      ] GC(172) Phase 2: Prepare for compaction 0.277ms
[1.440s][info   ][gc,phases,start] GC(172) Phase 3: Adjust pointers
[1.443s][info   ][gc,phases      ] GC(172) Phase 3: Adjust pointers 2.761ms
[1.443s][info   ][gc,phases,start] GC(172) Phase 4: Compact heap
[1.443s][info   ][gc,phases      ] GC(172) Phase 4: Compact heap 0.109ms
[1.443s][info   ][gc,heap        ] GC(172) Eden regions: 1->0(3)
[1.443s][info   ][gc,heap        ] GC(172) Survivor regions: 0->0(0)
[1.443s][info   ][gc,heap        ] GC(172) Old regions: 2->2
[1.443s][info   ][gc,heap        ] GC(172) Archive regions: 2->2
[1.443s][info   ][gc,heap        ] GC(172) Humongous regions: 0->0
[1.443s][info   ][gc,metaspace   ] GC(172) Metaspace: 9512K(9792K)->9512K(9792K) NonClass: 8354K(8512K)->8354K(8512K) Class: 1157K(1280K)->1157K(1280K)
[1.443s][info   ][gc             ] GC(172) Pause Full (System.gc()) 4M->4M(28M) 8.222ms
[1.443s][info   ][gc,cpu         ] GC(172) User=0.00s Sys=0.00s Real=0.00s
[1.444s][info   ][gc,start       ] GC(173) Pause Full (System.gc())
[1.444s][info   ][gc,task        ] GC(173) Using 1 workers of 10 for full compaction
[1.444s][info   ][gc,phases,start] GC(173) Phase 1: Mark live objects
[1.449s][info   ][gc,phases      ] GC(173) Phase 1: Mark live objects 4.498ms
[1.449s][info   ][gc,phases,start] GC(173) Phase 2: Prepare for compaction
[1.449s][info   ][gc,phases      ] GC(173) Phase 2: Prepare for compaction 0.222ms
[1.449s][info   ][gc,phases,start] GC(173) Phase 3: Adjust pointers
[1.451s][info   ][gc,phases      ] GC(173) Phase 3: Adjust pointers 1.785ms
[1.451s][info   ][gc,phases,start] GC(173) Phase 4: Compact heap
[1.451s][info   ][gc,phases      ] GC(173) Phase 4: Compact heap 0.157ms
[1.452s][info   ][gc,heap        ] GC(173) Eden regions: 1->0(3)
[1.452s][info   ][gc,heap        ] GC(173) Survivor regions: 0->0(0)
[1.452s][info   ][gc,heap        ] GC(173) Old regions: 2->2
[1.452s][info   ][gc,heap        ] GC(173) Archive regions: 2->2
[1.452s][info   ][gc,heap        ] GC(173) Humongous regions: 0->0
[1.452s][info   ][gc,metaspace   ] GC(173) Metaspace: 9512K(9792K)->9512K(9792K) NonClass: 8354K(8512K)->8354K(8512K) Class: 1157K(1280K)->1157K(1280K)
[1.452s][info   ][gc             ] GC(173) Pause Full (System.gc()) 4M->4M(28M) 7.604ms
[1.452s][info   ][gc,cpu         ] GC(173) User=0.01s Sys=0.00s Real=0.00s
[1.452s][info   ][gc,start       ] GC(174) Pause Full (System.gc())
[1.452s][info   ][gc,task        ] GC(174) Using 1 workers of 10 for full compaction
[1.452s][info   ][gc,phases,start] GC(174) Phase 1: Mark live objects
[1.456s][info   ][gc,phases      ] GC(174) Phase 1: Mark live objects 4.282ms
[1.456s][info   ][gc,phases,start] GC(174) Phase 2: Prepare for compaction
[1.457s][info   ][gc,phases      ] GC(174) Phase 2: Prepare for compaction 0.237ms
[1.457s][info   ][gc,phases,start] GC(174) Phase 3: Adjust pointers
[1.459s][info   ][gc,phases      ] GC(174) Phase 3: Adjust pointers 2.604ms
[1.459s][info   ][gc,phases,start] GC(174) Phase 4: Compact heap
[1.459s][info   ][gc,phases      ] GC(174) Phase 4: Compact heap 0.157ms
[1.460s][info   ][gc,heap        ] GC(174) Eden regions: 0->0(3)
[1.460s][info   ][gc,heap        ] GC(174) Survivor regions: 0->0(0)
[1.460s][info   ][gc,heap        ] GC(174) Old regions: 2->2
[1.460s][info   ][gc,heap        ] GC(174) Archive regions: 2->2
[1.460s][info   ][gc,heap        ] GC(174) Humongous regions: 0->0
[1.460s][info   ][gc,metaspace   ] GC(174) Metaspace: 9512K(9792K)->9512K(9792K) NonClass: 8354K(8512K)->8354K(8512K) Class: 1157K(1280K)->1157K(1280K)
[1.460s][info   ][gc             ] GC(174) Pause Full (System.gc()) 4M->4M(28M) 8.162ms
[1.460s][info   ][gc,cpu         ] GC(174) User=0.01s Sys=0.00s Real=0.01s
[1.460s][info   ][gc,start       ] GC(175) Pause Full (System.gc())
[1.460s][info   ][gc,task        ] GC(175) Using 1 workers of 10 for full compaction
[1.460s][info   ][gc,phases,start] GC(175) Phase 1: Mark live objects
[1.464s][info   ][gc,phases      ] GC(175) Phase 1: Mark live objects 3.412ms
[1.464s][info   ][gc,phases,start] GC(175) Phase 2: Prepare for compaction
[1.464s][info   ][gc,phases      ] GC(175) Phase 2: Prepare for compaction 0.166ms
[1.464s][info   ][gc,phases,start] GC(175) Phase 3: Adjust pointers
[1.466s][info   ][gc,phases      ] GC(175) Phase 3: Adjust pointers 1.728ms
[1.466s][info   ][gc,phases,start] GC(175) Phase 4: Compact heap
[1.466s][info   ][gc,phases      ] GC(175) Phase 4: Compact heap 0.085ms
[1.466s][info   ][gc,heap        ] GC(175) Eden regions: 0->0(3)
[1.466s][info   ][gc,heap        ] GC(175) Survivor regions: 0->0(0)
[1.466s][info   ][gc,heap        ] GC(175) Old regions: 2->2
[1.466s][info   ][gc,heap        ] GC(175) Archive regions: 2->2
[1.466s][info   ][gc,heap        ] GC(175) Humongous regions: 0->0
[1.466s][info   ][gc,metaspace   ] GC(175) Metaspace: 9512K(9792K)->9512K(9792K) NonClass: 8354K(8512K)->8354K(8512K) Class: 1157K(1280K)->1157K(1280K)
[1.466s][info   ][gc             ] GC(175) Pause Full (System.gc()) 4M->4M(28M) 6.002ms
[1.466s][info   ][gc,cpu         ] GC(175) User=0.00s Sys=0.00s Real=0.01s
[1.467s][info   ][gc,start       ] GC(176) Pause Full (System.gc())
[1.467s][info   ][gc,task        ] GC(176) Using 1 workers of 10 for full compaction
[1.467s][info   ][gc,phases,start] GC(176) Phase 1: Mark live objects
[1.469s][info   ][gc,phases      ] GC(176) Phase 1: Mark live objects 2.323ms
[1.469s][info   ][gc,phases,start] GC(176) Phase 2: Prepare for compaction
[1.470s][info   ][gc,phases      ] GC(176) Phase 2: Prepare for compaction 0.254ms
[1.470s][info   ][gc,phases,start] GC(176) Phase 3: Adjust pointers
[1.471s][info   ][gc,phases      ] GC(176) Phase 3: Adjust pointers 1.423ms
[1.471s][info   ][gc,phases,start] GC(176) Phase 4: Compact heap
[1.471s][info   ][gc,phases      ] GC(176) Phase 4: Compact heap 0.100ms
[1.472s][info   ][gc,heap        ] GC(176) Eden regions: 1->0(3)
[1.472s][info   ][gc,heap        ] GC(176) Survivor regions: 0->0(0)
[1.472s][info   ][gc,heap        ] GC(176) Old regions: 2->2
[1.472s][info   ][gc,heap        ] GC(176) Archive regions: 2->2
[1.472s][info   ][gc,heap        ] GC(176) Humongous regions: 0->0
[1.472s][info   ][gc,metaspace   ] GC(176) Metaspace: 9512K(9792K)->9512K(9792K) NonClass: 8354K(8512K)->8354K(8512K) Class: 1157K(1280K)->1157K(1280K)
[1.472s][info   ][gc             ] GC(176) Pause Full (System.gc()) 4M->4M(28M) 4.763ms
[1.472s][info   ][gc,cpu         ] GC(176) User=0.01s Sys=0.00s Real=0.00s
[1.472s][info   ][gc,start       ] GC(177) Pause Full (System.gc())
[1.472s][info   ][gc,task        ] GC(177) Using 1 workers of 10 for full compaction
[1.472s][info   ][gc,phases,start] GC(177) Phase 1: Mark live objects
[1.475s][info   ][gc,phases      ] GC(177) Phase 1: Mark live objects 2.858ms
[1.475s][info   ][gc,phases,start] GC(177) Phase 2: Prepare for compaction
[1.475s][info   ][gc,phases      ] GC(177) Phase 2: Prepare for compaction 0.172ms
[1.475s][info   ][gc,phases,start] GC(177) Phase 3: Adjust pointers
[1.477s][info   ][gc,phases      ] GC(177) Phase 3: Adjust pointers 1.744ms
[1.477s][info   ][gc,phases,start] GC(177) Phase 4: Compact heap
[1.477s][info   ][gc,phases      ] GC(177) Phase 4: Compact heap 0.219ms
[1.478s][info   ][gc,heap        ] GC(177) Eden regions: 0->0(3)
[1.478s][info   ][gc,heap        ] GC(177) Survivor regions: 0->0(0)
[1.478s][info   ][gc,heap        ] GC(177) Old regions: 2->2
[1.478s][info   ][gc,heap        ] GC(177) Archive regions: 2->2
[1.478s][info   ][gc,heap        ] GC(177) Humongous regions: 0->0
[1.478s][info   ][gc,metaspace   ] GC(177) Metaspace: 9512K(9792K)->9512K(9792K) NonClass: 8354K(8512K)->8354K(8512K) Class: 1157K(1280K)->1157K(1280K)
[1.478s][info   ][gc             ] GC(177) Pause Full (System.gc()) 4M->4M(28M) 5.778ms
[1.478s][info   ][gc,cpu         ] GC(177) User=0.00s Sys=0.00s Real=0.01s
[1.478s][info   ][gc,start       ] GC(178) Pause Full (System.gc())
[1.478s][info   ][gc,task        ] GC(178) Using 1 workers of 10 for full compaction
[1.478s][info   ][gc,phases,start] GC(178) Phase 1: Mark live objects
[1.482s][info   ][gc,phases      ] GC(178) Phase 1: Mark live objects 4.163ms
[1.482s][info   ][gc,phases,start] GC(178) Phase 2: Prepare for compaction
[1.483s][info   ][gc,phases      ] GC(178) Phase 2: Prepare for compaction 0.216ms
[1.483s][info   ][gc,phases,start] GC(178) Phase 3: Adjust pointers
[1.485s][info   ][gc,phases      ] GC(178) Phase 3: Adjust pointers 2.228ms
[1.485s][info   ][gc,phases,start] GC(178) Phase 4: Compact heap
[1.485s][info   ][gc,phases      ] GC(178) Phase 4: Compact heap 0.216ms
[1.486s][info   ][gc,heap        ] GC(178) Eden regions: 1->0(3)
[1.486s][info   ][gc,heap        ] GC(178) Survivor regions: 0->0(0)
[1.486s][info   ][gc,heap        ] GC(178) Old regions: 2->2
[1.486s][info   ][gc,heap        ] GC(178) Archive regions: 2->2
[1.486s][info   ][gc,heap        ] GC(178) Humongous regions: 0->0
[1.486s][info   ][gc,metaspace   ] GC(178) Metaspace: 9512K(9792K)->9512K(9792K) NonClass: 8354K(8512K)->8354K(8512K) Class: 1157K(1280K)->1157K(1280K)
[1.486s][info   ][gc             ] GC(178) Pause Full (System.gc()) 4M->4M(28M) 7.478ms
[1.486s][info   ][gc,cpu         ] GC(178) User=0.01s Sys=0.00s Real=0.01s
[1.486s][info   ][gc,start       ] GC(179) Pause Full (System.gc())
[1.486s][info   ][gc,task        ] GC(179) Using 1 workers of 10 for full compaction
[1.486s][info   ][gc,phases,start] GC(179) Phase 1: Mark live objects
[1.491s][info   ][gc,phases      ] GC(179) Phase 1: Mark live objects 5.052ms
[1.491s][info   ][gc,phases,start] GC(179) Phase 2: Prepare for compaction
[1.491s][info   ][gc,phases      ] GC(179) Phase 2: Prepare for compaction 0.213ms
[1.491s][info   ][gc,phases,start] GC(179) Phase 3: Adjust pointers
[1.494s][info   ][gc,phases      ] GC(179) Phase 3: Adjust pointers 2.689ms
[1.494s][info   ][gc,phases,start] GC(179) Phase 4: Compact heap
[1.494s][info   ][gc,phases      ] GC(179) Phase 4: Compact heap 0.173ms
[1.495s][info   ][gc,heap        ] GC(179) Eden regions: 0->0(3)
[1.495s][info   ][gc,heap        ] GC(179) Survivor regions: 0->0(0)
[1.495s][info   ][gc,heap        ] GC(179) Old regions: 2->2
[1.495s][info   ][gc,heap        ] GC(179) Archive regions: 2->2
[1.495s][info   ][gc,heap        ] GC(179) Humongous regions: 0->0
[1.495s][info   ][gc,metaspace   ] GC(179) Metaspace: 9512K(9792K)->9512K(9792K) NonClass: 8354K(8512K)->8354K(8512K) Class: 1157K(1280K)->1157K(1280K)
[1.495s][info   ][gc             ] GC(179) Pause Full (System.gc()) 4M->4M(28M) 9.072ms
[1.495s][info   ][gc,cpu         ] GC(179) User=0.01s Sys=0.00s Real=0.01s
[1.495s][info   ][gc,start       ] GC(180) Pause Full (System.gc())
[1.495s][info   ][gc,task        ] GC(180) Using 1 workers of 10 for full compaction
[1.495s][info   ][gc,phases,start] GC(180) Phase 1: Mark live objects
[1.499s][info   ][gc,phases      ] GC(180) Phase 1: Mark live objects 3.886ms
[1.499s][info   ][gc,phases,start] GC(180) Phase 2: Prepare for compaction
[1.500s][info   ][gc,phases      ] GC(180) Phase 2: Prepare for compaction 0.269ms
[1.500s][info   ][gc,phases,start] GC(180) Phase 3: Adjust pointers
[1.502s][info   ][gc,phases      ] GC(180) Phase 3: Adjust pointers 2.241ms
[1.502s][info   ][gc,phases,start] GC(180) Phase 4: Compact heap
[1.502s][info   ][gc,phases      ] GC(180) Phase 4: Compact heap 0.116ms
[1.503s][info   ][gc,heap        ] GC(180) Eden regions: 0->0(3)
[1.503s][info   ][gc,heap        ] GC(180) Survivor regions: 0->0(0)
[1.503s][info   ][gc,heap        ] GC(180) Old regions: 2->2
[1.503s][info   ][gc,heap        ] GC(180) Archive regions: 2->2
[1.503s][info   ][gc,heap        ] GC(180) Humongous regions: 0->0
[1.503s][info   ][gc,metaspace   ] GC(180) Metaspace: 9512K(9792K)->9512K(9792K) NonClass: 8354K(8512K)->8354K(8512K) Class: 1157K(1280K)->1157K(1280K)
[1.503s][info   ][gc             ] GC(180) Pause Full (System.gc()) 4M->4M(28M) 7.300ms
[1.503s][info   ][gc,cpu         ] GC(180) User=0.01s Sys=0.00s Real=0.00s
[1.503s][info   ][gc,start       ] GC(181) Pause Full (System.gc())
[1.503s][info   ][gc,task        ] GC(181) Using 1 workers of 10 for full compaction
[1.503s][info   ][gc,phases,start] GC(181) Phase 1: Mark live objects
[1.507s][info   ][gc,phases      ] GC(181) Phase 1: Mark live objects 3.365ms
[1.507s][info   ][gc,phases,start] GC(181) Phase 2: Prepare for compaction
[1.507s][info   ][gc,phases      ] GC(181) Phase 2: Prepare for compaction 0.178ms
[1.507s][info   ][gc,phases,start] GC(181) Phase 3: Adjust pointers
[1.510s][info   ][gc,phases      ] GC(181) Phase 3: Adjust pointers 2.753ms
[1.510s][info   ][gc,phases,start] GC(181) Phase 4: Compact heap
[1.510s][info   ][gc,phases      ] GC(181) Phase 4: Compact heap 0.132ms
[1.510s][info   ][gc,heap        ] GC(181) Eden regions: 1->0(3)
[1.510s][info   ][gc,heap        ] GC(181) Survivor regions: 0->0(0)
[1.510s][info   ][gc,heap        ] GC(181) Old regions: 2->2
[1.510s][info   ][gc,heap        ] GC(181) Archive regions: 2->2
[1.510s][info   ][gc,heap        ] GC(181) Humongous regions: 0->0
[1.510s][info   ][gc,metaspace   ] GC(181) Metaspace: 9512K(9792K)->9512K(9792K) NonClass: 8354K(8512K)->8354K(8512K) Class: 1157K(1280K)->1157K(1280K)
[1.510s][info   ][gc             ] GC(181) Pause Full (System.gc()) 4M->4M(28M) 7.268ms
[1.510s][info   ][gc,cpu         ] GC(181) User=0.00s Sys=0.00s Real=0.01s
[1.511s][info   ][gc,start       ] GC(182) Pause Full (System.gc())
[1.511s][info   ][gc,task        ] GC(182) Using 1 workers of 10 for full compaction
[1.511s][info   ][gc,phases,start] GC(182) Phase 1: Mark live objects
[1.515s][info   ][gc,phases      ] GC(182) Phase 1: Mark live objects 4.629ms
[1.515s][info   ][gc,phases,start] GC(182) Phase 2: Prepare for compaction
[1.516s][info   ][gc,phases      ] GC(182) Phase 2: Prepare for compaction 0.209ms
[1.516s][info   ][gc,phases,start] GC(182) Phase 3: Adjust pointers
[1.518s][info   ][gc,phases      ] GC(182) Phase 3: Adjust pointers 2.641ms
[1.518s][info   ][gc,phases,start] GC(182) Phase 4: Compact heap
[1.518s][info   ][gc,phases      ] GC(182) Phase 4: Compact heap 0.127ms
[1.519s][info   ][gc,heap        ] GC(182) Eden regions: 0->0(3)
[1.519s][info   ][gc,heap        ] GC(182) Survivor regions: 0->0(0)
[1.519s][info   ][gc,heap        ] GC(182) Old regions: 2->2
[1.519s][info   ][gc,heap        ] GC(182) Archive regions: 2->2
[1.519s][info   ][gc,heap        ] GC(182) Humongous regions: 0->0
[1.519s][info   ][gc,metaspace   ] GC(182) Metaspace: 9512K(9792K)->9512K(9792K) NonClass: 8354K(8512K)->8354K(8512K) Class: 1157K(1280K)->1157K(1280K)
[1.519s][info   ][gc             ] GC(182) Pause Full (System.gc()) 4M->4M(28M) 8.574ms
[1.519s][info   ][gc,cpu         ] GC(182) User=0.01s Sys=0.00s Real=0.01s
[1.520s][info   ][gc,start       ] GC(183) Pause Full (System.gc())
[1.520s][info   ][gc,task        ] GC(183) Using 1 workers of 10 for full compaction
[1.520s][info   ][gc,phases,start] GC(183) Phase 1: Mark live objects
[1.525s][info   ][gc,phases      ] GC(183) Phase 1: Mark live objects 5.013ms
[1.525s][info   ][gc,phases,start] GC(183) Phase 2: Prepare for compaction
[1.526s][info   ][gc,phases      ] GC(183) Phase 2: Prepare for compaction 0.383ms
[1.526s][info   ][gc,phases,start] GC(183) Phase 3: Adjust pointers
[1.528s][info   ][gc,phases      ] GC(183) Phase 3: Adjust pointers 2.815ms
[1.528s][info   ][gc,phases,start] GC(183) Phase 4: Compact heap
[1.529s][info   ][gc,phases      ] GC(183) Phase 4: Compact heap 0.152ms
[1.529s][info   ][gc,heap        ] GC(183) Eden regions: 1->0(3)
[1.529s][info   ][gc,heap        ] GC(183) Survivor regions: 0->0(0)
[1.529s][info   ][gc,heap        ] GC(183) Old regions: 2->2
[1.529s][info   ][gc,heap        ] GC(183) Archive regions: 2->2
[1.529s][info   ][gc,heap        ] GC(183) Humongous regions: 0->0
[1.529s][info   ][gc,metaspace   ] GC(183) Metaspace: 9512K(9792K)->9512K(9792K) NonClass: 8354K(8512K)->8354K(8512K) Class: 1157K(1280K)->1157K(1280K)
[1.529s][info   ][gc             ] GC(183) Pause Full (System.gc()) 4M->4M(28M) 9.189ms
[1.529s][info   ][gc,cpu         ] GC(183) User=0.01s Sys=0.00s Real=0.01s
[1.529s][info   ][gc,start       ] GC(184) Pause Full (System.gc())
[1.529s][info   ][gc,task        ] GC(184) Using 1 workers of 10 for full compaction
[1.530s][info   ][gc,phases,start] GC(184) Phase 1: Mark live objects
[1.534s][info   ][gc,phases      ] GC(184) Phase 1: Mark live objects 4.477ms
[1.534s][info   ][gc,phases,start] GC(184) Phase 2: Prepare for compaction
[1.534s][info   ][gc,phases      ] GC(184) Phase 2: Prepare for compaction 0.253ms
[1.534s][info   ][gc,phases,start] GC(184) Phase 3: Adjust pointers
[1.537s][info   ][gc,phases      ] GC(184) Phase 3: Adjust pointers 2.831ms
[1.537s][info   ][gc,phases,start] GC(184) Phase 4: Compact heap
[1.537s][info   ][gc,phases      ] GC(184) Phase 4: Compact heap 0.132ms
[1.538s][info   ][gc,heap        ] GC(184) Eden regions: 0->0(3)
[1.538s][info   ][gc,heap        ] GC(184) Survivor regions: 0->0(0)
[1.538s][info   ][gc,heap        ] GC(184) Old regions: 2->2
[1.538s][info   ][gc,heap        ] GC(184) Archive regions: 2->2
[1.538s][info   ][gc,heap        ] GC(184) Humongous regions: 0->0
[1.538s][info   ][gc,metaspace   ] GC(184) Metaspace: 9512K(9792K)->9512K(9792K) NonClass: 8354K(8512K)->8354K(8512K) Class: 1157K(1280K)->1157K(1280K)
[1.538s][info   ][gc             ] GC(184) Pause Full (System.gc()) 4M->4M(28M) 8.523ms
[1.538s][info   ][gc,cpu         ] GC(184) User=0.01s Sys=0.01s Real=0.01s
[1.539s][info   ][gc,start       ] GC(185) Pause Full (System.gc())
[1.539s][info   ][gc,task        ] GC(185) Using 1 workers of 10 for full compaction
[1.539s][info   ][gc,phases,start] GC(185) Phase 1: Mark live objects
[1.543s][info   ][gc,phases      ] GC(185) Phase 1: Mark live objects 4.096ms
[1.543s][info   ][gc,phases,start] GC(185) Phase 2: Prepare for compaction
[1.543s][info   ][gc,phases      ] GC(185) Phase 2: Prepare for compaction 0.162ms
[1.543s][info   ][gc,phases,start] GC(185) Phase 3: Adjust pointers
[1.545s][info   ][gc,phases      ] GC(185) Phase 3: Adjust pointers 1.837ms
[1.545s][info   ][gc,phases,start] GC(185) Phase 4: Compact heap
[1.545s][info   ][gc,phases      ] GC(185) Phase 4: Compact heap 0.163ms
[1.546s][info   ][gc,heap        ] GC(185) Eden regions: 1->0(3)
[1.546s][info   ][gc,heap        ] GC(185) Survivor regions: 0->0(0)
[1.546s][info   ][gc,heap        ] GC(185) Old regions: 2->2
[1.546s][info   ][gc,heap        ] GC(185) Archive regions: 2->2
[1.546s][info   ][gc,heap        ] GC(185) Humongous regions: 0->0
[1.546s][info   ][gc,metaspace   ] GC(185) Metaspace: 9512K(9792K)->9512K(9792K) NonClass: 8354K(8512K)->8354K(8512K) Class: 1157K(1280K)->1157K(1280K)
[1.546s][info   ][gc             ] GC(185) Pause Full (System.gc()) 4M->4M(28M) 6.983ms
[1.546s][info   ][gc,cpu         ] GC(185) User=0.01s Sys=0.00s Real=0.01s
[1.546s][info   ][gc,start       ] GC(186) Pause Full (System.gc())
[1.546s][info   ][gc,task        ] GC(186) Using 1 workers of 10 for full compaction
[1.546s][info   ][gc,phases,start] GC(186) Phase 1: Mark live objects
[1.550s][info   ][gc,phases      ] GC(186) Phase 1: Mark live objects 4.397ms
[1.550s][info   ][gc,phases,start] GC(186) Phase 2: Prepare for compaction
[1.551s][info   ][gc,phases      ] GC(186) Phase 2: Prepare for compaction 0.184ms
[1.551s][info   ][gc,phases,start] GC(186) Phase 3: Adjust pointers
[1.552s][info   ][gc,phases      ] GC(186) Phase 3: Adjust pointers 1.565ms
[1.552s][info   ][gc,phases,start] GC(186) Phase 4: Compact heap
[1.552s][info   ][gc,phases      ] GC(186) Phase 4: Compact heap 0.086ms
[1.553s][info   ][gc,heap        ] GC(186) Eden regions: 1->0(3)
[1.553s][info   ][gc,heap        ] GC(186) Survivor regions: 0->0(0)
[1.553s][info   ][gc,heap        ] GC(186) Old regions: 2->2
[1.553s][info   ][gc,heap        ] GC(186) Archive regions: 2->2
[1.553s][info   ][gc,heap        ] GC(186) Humongous regions: 0->0
[1.553s][info   ][gc,metaspace   ] GC(186) Metaspace: 9512K(9792K)->9512K(9792K) NonClass: 8354K(8512K)->8354K(8512K) Class: 1157K(1280K)->1157K(1280K)
[1.553s][info   ][gc             ] GC(186) Pause Full (System.gc()) 4M->4M(28M) 7.022ms
[1.553s][info   ][gc,cpu         ] GC(186) User=0.00s Sys=0.00s Real=0.00s
[1.553s][info   ][gc,start       ] GC(187) Pause Full (System.gc())
[1.553s][info   ][gc,task        ] GC(187) Using 1 workers of 10 for full compaction
[1.553s][info   ][gc,phases,start] GC(187) Phase 1: Mark live objects
[1.557s][info   ][gc,phases      ] GC(187) Phase 1: Mark live objects 3.626ms
[1.557s][info   ][gc,phases,start] GC(187) Phase 2: Prepare for compaction
[1.557s][info   ][gc,phases      ] GC(187) Phase 2: Prepare for compaction 0.201ms
[1.557s][info   ][gc,phases,start] GC(187) Phase 3: Adjust pointers
[1.559s][info   ][gc,phases      ] GC(187) Phase 3: Adjust pointers 1.492ms
[1.559s][info   ][gc,phases,start] GC(187) Phase 4: Compact heap
[1.559s][info   ][gc,phases      ] GC(187) Phase 4: Compact heap 0.133ms
[1.559s][info   ][gc,heap        ] GC(187) Eden regions: 0->0(3)
[1.559s][info   ][gc,heap        ] GC(187) Survivor regions: 0->0(0)
[1.559s][info   ][gc,heap        ] GC(187) Old regions: 2->2
[1.559s][info   ][gc,heap        ] GC(187) Archive regions: 2->2
[1.559s][info   ][gc,heap        ] GC(187) Humongous regions: 0->0
[1.559s][info   ][gc,metaspace   ] GC(187) Metaspace: 9512K(9792K)->9512K(9792K) NonClass: 8354K(8512K)->8354K(8512K) Class: 1157K(1280K)->1157K(1280K)
[1.559s][info   ][gc             ] GC(187) Pause Full (System.gc()) 4M->4M(28M) 6.204ms
[1.559s][info   ][gc,cpu         ] GC(187) User=0.01s Sys=0.00s Real=0.01s
[1.560s][info   ][gc,start       ] GC(188) Pause Full (System.gc())
[1.560s][info   ][gc,task        ] GC(188) Using 1 workers of 10 for full compaction
[1.560s][info   ][gc,phases,start] GC(188) Phase 1: Mark live objects
[1.563s][info   ][gc,phases      ] GC(188) Phase 1: Mark live objects 3.074ms
[1.563s][info   ][gc,phases,start] GC(188) Phase 2: Prepare for compaction
[1.563s][info   ][gc,phases      ] GC(188) Phase 2: Prepare for compaction 0.177ms
[1.563s][info   ][gc,phases,start] GC(188) Phase 3: Adjust pointers
[1.565s][info   ][gc,phases      ] GC(188) Phase 3: Adjust pointers 2.208ms
[1.565s][info   ][gc,phases,start] GC(188) Phase 4: Compact heap
[1.565s][info   ][gc,phases      ] GC(188) Phase 4: Compact heap 0.230ms
[1.566s][info   ][gc,heap        ] GC(188) Eden regions: 0->0(3)
[1.566s][info   ][gc,heap        ] GC(188) Survivor regions: 0->0(0)
[1.566s][info   ][gc,heap        ] GC(188) Old regions: 2->2
[1.566s][info   ][gc,heap        ] GC(188) Archive regions: 2->2
[1.566s][info   ][gc,heap        ] GC(188) Humongous regions: 0->0
[1.566s][info   ][gc,metaspace   ] GC(188) Metaspace: 9512K(9792K)->9512K(9792K) NonClass: 8354K(8512K)->8354K(8512K) Class: 1157K(1280K)->1157K(1280K)
[1.566s][info   ][gc             ] GC(188) Pause Full (System.gc()) 4M->4M(28M) 6.568ms
[1.566s][info   ][gc,cpu         ] GC(188) User=0.00s Sys=0.00s Real=0.01s
[1.567s][info   ][gc,start       ] GC(189) Pause Full (System.gc())
[1.567s][info   ][gc,task        ] GC(189) Using 1 workers of 10 for full compaction
[1.567s][info   ][gc,phases,start] GC(189) Phase 1: Mark live objects
[1.571s][info   ][gc,phases      ] GC(189) Phase 1: Mark live objects 4.084ms
[1.571s][info   ][gc,phases,start] GC(189) Phase 2: Prepare for compaction
[1.571s][info   ][gc,phases      ] GC(189) Phase 2: Prepare for compaction 0.248ms
[1.571s][info   ][gc,phases,start] GC(189) Phase 3: Adjust pointers
[1.574s][info   ][gc,phases      ] GC(189) Phase 3: Adjust pointers 2.156ms
[1.574s][info   ][gc,phases,start] GC(189) Phase 4: Compact heap
[1.574s][info   ][gc,phases      ] GC(189) Phase 4: Compact heap 0.104ms
[1.574s][info   ][gc,heap        ] GC(189) Eden regions: 1->0(3)
[1.574s][info   ][gc,heap        ] GC(189) Survivor regions: 0->0(0)
[1.574s][info   ][gc,heap        ] GC(189) Old regions: 2->2
[1.574s][info   ][gc,heap        ] GC(189) Archive regions: 2->2
[1.574s][info   ][gc,heap        ] GC(189) Humongous regions: 0->0
[1.574s][info   ][gc,metaspace   ] GC(189) Metaspace: 9512K(9792K)->9512K(9792K) NonClass: 8354K(8512K)->8354K(8512K) Class: 1157K(1280K)->1157K(1280K)
[1.574s][info   ][gc             ] GC(189) Pause Full (System.gc()) 4M->4M(28M) 7.390ms
[1.574s][info   ][gc,cpu         ] GC(189) User=0.01s Sys=0.00s Real=0.01s
[1.575s][info   ][gc,start       ] GC(190) Pause Full (System.gc())
[1.575s][info   ][gc,task        ] GC(190) Using 1 workers of 10 for full compaction
[1.575s][info   ][gc,phases,start] GC(190) Phase 1: Mark live objects
[1.578s][info   ][gc,phases      ] GC(190) Phase 1: Mark live objects 2.957ms
[1.578s][info   ][gc,phases,start] GC(190) Phase 2: Prepare for compaction
[1.578s][info   ][gc,phases      ] GC(190) Phase 2: Prepare for compaction 0.193ms
[1.578s][info   ][gc,phases,start] GC(190) Phase 3: Adjust pointers
[1.580s][info   ][gc,phases      ] GC(190) Phase 3: Adjust pointers 2.107ms
[1.580s][info   ][gc,phases,start] GC(190) Phase 4: Compact heap
[1.580s][info   ][gc,phases      ] GC(190) Phase 4: Compact heap 0.153ms
[1.581s][info   ][gc,heap        ] GC(190) Eden regions: 0->0(3)
[1.581s][info   ][gc,heap        ] GC(190) Survivor regions: 0->0(0)
[1.581s][info   ][gc,heap        ] GC(190) Old regions: 2->2
[1.581s][info   ][gc,heap        ] GC(190) Archive regions: 2->2
[1.581s][info   ][gc,heap        ] GC(190) Humongous regions: 0->0
[1.581s][info   ][gc,metaspace   ] GC(190) Metaspace: 9512K(9792K)->9512K(9792K) NonClass: 8354K(8512K)->8354K(8512K) Class: 1157K(1280K)->1157K(1280K)
[1.581s][info   ][gc             ] GC(190) Pause Full (System.gc()) 4M->4M(28M) 6.058ms
[1.581s][info   ][gc,cpu         ] GC(190) User=0.00s Sys=0.00s Real=0.00s
[1.581s][info   ][gc,start       ] GC(191) Pause Full (System.gc())
[1.581s][info   ][gc,task        ] GC(191) Using 1 workers of 10 for full compaction
[1.581s][info   ][gc,phases,start] GC(191) Phase 1: Mark live objects
[1.584s][info   ][gc,phases      ] GC(191) Phase 1: Mark live objects 2.993ms
[1.584s][info   ][gc,phases,start] GC(191) Phase 2: Prepare for compaction
[1.585s][info   ][gc,phases      ] GC(191) Phase 2: Prepare for compaction 0.268ms
[1.585s][info   ][gc,phases,start] GC(191) Phase 3: Adjust pointers
[1.587s][info   ][gc,phases      ] GC(191) Phase 3: Adjust pointers 1.905ms
[1.587s][info   ][gc,phases,start] GC(191) Phase 4: Compact heap
[1.587s][info   ][gc,phases      ] GC(191) Phase 4: Compact heap 0.172ms
[1.587s][info   ][gc,heap        ] GC(191) Eden regions: 1->0(3)
[1.587s][info   ][gc,heap        ] GC(191) Survivor regions: 0->0(0)
[1.587s][info   ][gc,heap        ] GC(191) Old regions: 2->2
[1.587s][info   ][gc,heap        ] GC(191) Archive regions: 2->2
[1.587s][info   ][gc,heap        ] GC(191) Humongous regions: 0->0
[1.587s][info   ][gc,metaspace   ] GC(191) Metaspace: 9512K(9792K)->9512K(9792K) NonClass: 8354K(8512K)->8354K(8512K) Class: 1157K(1280K)->1157K(1280K)
[1.587s][info   ][gc             ] GC(191) Pause Full (System.gc()) 4M->4M(28M) 6.153ms
[1.587s][info   ][gc,cpu         ] GC(191) User=0.00s Sys=0.00s Real=0.01s
[1.588s][info   ][gc,start       ] GC(192) Pause Full (System.gc())
[1.588s][info   ][gc,task        ] GC(192) Using 1 workers of 10 for full compaction
[1.588s][info   ][gc,phases,start] GC(192) Phase 1: Mark live objects
[1.592s][info   ][gc,phases      ] GC(192) Phase 1: Mark live objects 4.102ms
[1.592s][info   ][gc,phases,start] GC(192) Phase 2: Prepare for compaction
[1.592s][info   ][gc,phases      ] GC(192) Phase 2: Prepare for compaction 0.361ms
[1.592s][info   ][gc,phases,start] GC(192) Phase 3: Adjust pointers
[1.595s][info   ][gc,phases      ] GC(192) Phase 3: Adjust pointers 2.679ms
[1.595s][info   ][gc,phases,start] GC(192) Phase 4: Compact heap
[1.595s][info   ][gc,phases      ] GC(192) Phase 4: Compact heap 0.147ms
[1.596s][info   ][gc,heap        ] GC(192) Eden regions: 0->0(3)
[1.596s][info   ][gc,heap        ] GC(192) Survivor regions: 0->0(0)
[1.596s][info   ][gc,heap        ] GC(192) Old regions: 2->2
[1.596s][info   ][gc,heap        ] GC(192) Archive regions: 2->2
[1.596s][info   ][gc,heap        ] GC(192) Humongous regions: 0->0
[1.596s][info   ][gc,metaspace   ] GC(192) Metaspace: 9512K(9792K)->9512K(9792K) NonClass: 8354K(8512K)->8354K(8512K) Class: 1157K(1280K)->1157K(1280K)
[1.596s][info   ][gc             ] GC(192) Pause Full (System.gc()) 4M->4M(28M) 8.207ms
[1.596s][info   ][gc,cpu         ] GC(192) User=0.01s Sys=0.00s Real=0.01s
[1.596s][info   ][gc,start       ] GC(193) Pause Full (System.gc())
[1.596s][info   ][gc,task        ] GC(193) Using 1 workers of 10 for full compaction
[1.596s][info   ][gc,phases,start] GC(193) Phase 1: Mark live objects
[1.600s][info   ][gc,phases      ] GC(193) Phase 1: Mark live objects 3.308ms
[1.600s][info   ][gc,phases,start] GC(193) Phase 2: Prepare for compaction
[1.600s][info   ][gc,phases      ] GC(193) Phase 2: Prepare for compaction 0.280ms
[1.600s][info   ][gc,phases,start] GC(193) Phase 3: Adjust pointers
[1.603s][info   ][gc,phases      ] GC(193) Phase 3: Adjust pointers 3.069ms
[1.603s][info   ][gc,phases,start] GC(193) Phase 4: Compact heap
[1.603s][info   ][gc,phases      ] GC(193) Phase 4: Compact heap 0.223ms
[1.604s][info   ][gc,heap        ] GC(193) Eden regions: 1->0(3)
[1.604s][info   ][gc,heap        ] GC(193) Survivor regions: 0->0(0)
[1.604s][info   ][gc,heap        ] GC(193) Old regions: 2->2
[1.604s][info   ][gc,heap        ] GC(193) Archive regions: 2->2
[1.604s][info   ][gc,heap        ] GC(193) Humongous regions: 0->0
[1.604s][info   ][gc,metaspace   ] GC(193) Metaspace: 9512K(9792K)->9512K(9792K) NonClass: 8354K(8512K)->8354K(8512K) Class: 1157K(1280K)->1157K(1280K)
[1.604s][info   ][gc             ] GC(193) Pause Full (System.gc()) 4M->4M(28M) 7.924ms
[1.604s][info   ][gc,cpu         ] GC(193) User=0.01s Sys=0.00s Real=0.01s
[1.604s][info   ][gc,start       ] GC(194) Pause Full (System.gc())
[1.604s][info   ][gc,task        ] GC(194) Using 1 workers of 10 for full compaction
[1.604s][info   ][gc,phases,start] GC(194) Phase 1: Mark live objects
[1.609s][info   ][gc,phases      ] GC(194) Phase 1: Mark live objects 4.445ms
[1.609s][info   ][gc,phases,start] GC(194) Phase 2: Prepare for compaction
[1.609s][info   ][gc,phases      ] GC(194) Phase 2: Prepare for compaction 0.256ms
[1.609s][info   ][gc,phases,start] GC(194) Phase 3: Adjust pointers
[1.612s][info   ][gc,phases      ] GC(194) Phase 3: Adjust pointers 2.704ms
[1.612s][info   ][gc,phases,start] GC(194) Phase 4: Compact heap
[1.612s][info   ][gc,phases      ] GC(194) Phase 4: Compact heap 0.249ms
[1.613s][info   ][gc,heap        ] GC(194) Eden regions: 0->0(3)
[1.613s][info   ][gc,heap        ] GC(194) Survivor regions: 0->0(0)
[1.613s][info   ][gc,heap        ] GC(194) Old regions: 2->2
[1.613s][info   ][gc,heap        ] GC(194) Archive regions: 2->2
[1.613s][info   ][gc,heap        ] GC(194) Humongous regions: 0->0
[1.613s][info   ][gc,metaspace   ] GC(194) Metaspace: 9512K(9792K)->9512K(9792K) NonClass: 8354K(8512K)->8354K(8512K) Class: 1157K(1280K)->1157K(1280K)
[1.613s][info   ][gc             ] GC(194) Pause Full (System.gc()) 4M->4M(28M) 8.682ms
[1.613s][info   ][gc,cpu         ] GC(194) User=0.00s Sys=0.00s Real=0.00s
[1.614s][info   ][gc,start       ] GC(195) Pause Full (System.gc())
[1.614s][info   ][gc,task        ] GC(195) Using 1 workers of 10 for full compaction
[1.614s][info   ][gc,phases,start] GC(195) Phase 1: Mark live objects
[1.617s][info   ][gc,phases      ] GC(195) Phase 1: Mark live objects 3.027ms
[1.617s][info   ][gc,phases,start] GC(195) Phase 2: Prepare for compaction
[1.617s][info   ][gc,phases      ] GC(195) Phase 2: Prepare for compaction 0.089ms
[1.617s][info   ][gc,phases,start] GC(195) Phase 3: Adjust pointers
[1.619s][info   ][gc,phases      ] GC(195) Phase 3: Adjust pointers 2.361ms
[1.619s][info   ][gc,phases,start] GC(195) Phase 4: Compact heap
[1.619s][info   ][gc,phases      ] GC(195) Phase 4: Compact heap 0.135ms
[1.620s][info   ][gc,heap        ] GC(195) Eden regions: 1->0(3)
[1.620s][info   ][gc,heap        ] GC(195) Survivor regions: 0->0(0)
[1.620s][info   ][gc,heap        ] GC(195) Old regions: 2->2
[1.620s][info   ][gc,heap        ] GC(195) Archive regions: 2->2
[1.620s][info   ][gc,heap        ] GC(195) Humongous regions: 0->0
[1.620s][info   ][gc,metaspace   ] GC(195) Metaspace: 9512K(9792K)->9512K(9792K) NonClass: 8354K(8512K)->8354K(8512K) Class: 1157K(1280K)->1157K(1280K)
[1.620s][info   ][gc             ] GC(195) Pause Full (System.gc()) 4M->4M(28M) 6.322ms
[1.620s][info   ][gc,cpu         ] GC(195) User=0.01s Sys=0.00s Real=0.00s
[1.620s][info   ][gc,start       ] GC(196) Pause Full (System.gc())
[1.620s][info   ][gc,task        ] GC(196) Using 1 workers of 10 for full compaction
[1.620s][info   ][gc,phases,start] GC(196) Phase 1: Mark live objects
[1.624s][info   ][gc,phases      ] GC(196) Phase 1: Mark live objects 3.341ms
[1.624s][info   ][gc,phases,start] GC(196) Phase 2: Prepare for compaction
[1.624s][info   ][gc,phases      ] GC(196) Phase 2: Prepare for compaction 0.201ms
[1.624s][info   ][gc,phases,start] GC(196) Phase 3: Adjust pointers
[1.626s][info   ][gc,phases      ] GC(196) Phase 3: Adjust pointers 1.729ms
[1.626s][info   ][gc,phases,start] GC(196) Phase 4: Compact heap
[1.626s][info   ][gc,phases      ] GC(196) Phase 4: Compact heap 0.197ms
[1.626s][info   ][gc,heap        ] GC(196) Eden regions: 0->0(3)
[1.626s][info   ][gc,heap        ] GC(196) Survivor regions: 0->0(0)
[1.626s][info   ][gc,heap        ] GC(196) Old regions: 2->2
[1.626s][info   ][gc,heap        ] GC(196) Archive regions: 2->2
[1.626s][info   ][gc,heap        ] GC(196) Humongous regions: 0->0
[1.626s][info   ][gc,metaspace   ] GC(196) Metaspace: 9512K(9792K)->9512K(9792K) NonClass: 8354K(8512K)->8354K(8512K) Class: 1157K(1280K)->1157K(1280K)
[1.626s][info   ][gc             ] GC(196) Pause Full (System.gc()) 4M->4M(28M) 6.144ms
[1.626s][info   ][gc,cpu         ] GC(196) User=0.00s Sys=0.00s Real=0.01s
[1.627s][info   ][gc,start       ] GC(197) Pause Full (System.gc())
[1.627s][info   ][gc,task        ] GC(197) Using 1 workers of 10 for full compaction
[1.627s][info   ][gc,phases,start] GC(197) Phase 1: Mark live objects
[1.630s][info   ][gc,phases      ] GC(197) Phase 1: Mark live objects 3.108ms
[1.630s][info   ][gc,phases,start] GC(197) Phase 2: Prepare for compaction
[1.630s][info   ][gc,phases      ] GC(197) Phase 2: Prepare for compaction 0.162ms
[1.630s][info   ][gc,phases,start] GC(197) Phase 3: Adjust pointers
[1.632s][info   ][gc,phases      ] GC(197) Phase 3: Adjust pointers 1.604ms
[1.632s][info   ][gc,phases,start] GC(197) Phase 4: Compact heap
[1.632s][info   ][gc,phases      ] GC(197) Phase 4: Compact heap 0.202ms
[1.633s][info   ][gc,heap        ] GC(197) Eden regions: 1->0(3)
[1.633s][info   ][gc,heap        ] GC(197) Survivor regions: 0->0(0)
[1.633s][info   ][gc,heap        ] GC(197) Old regions: 2->2
[1.633s][info   ][gc,heap        ] GC(197) Archive regions: 2->2
[1.633s][info   ][gc,heap        ] GC(197) Humongous regions: 0->0
[1.633s][info   ][gc,metaspace   ] GC(197) Metaspace: 9512K(9792K)->9512K(9792K) NonClass: 8354K(8512K)->8354K(8512K) Class: 1157K(1280K)->1157K(1280K)
[1.633s][info   ][gc             ] GC(197) Pause Full (System.gc()) 4M->4M(28M) 5.740ms
[1.633s][info   ][gc,cpu         ] GC(197) User=0.00s Sys=0.00s Real=0.00s
[1.633s][info   ][gc,start       ] GC(198) Pause Full (System.gc())
[1.633s][info   ][gc,task        ] GC(198) Using 1 workers of 10 for full compaction
[1.633s][info   ][gc,phases,start] GC(198) Phase 1: Mark live objects
[1.636s][info   ][gc,phases      ] GC(198) Phase 1: Mark live objects 2.747ms
[1.636s][info   ][gc,phases,start] GC(198) Phase 2: Prepare for compaction
[1.636s][info   ][gc,phases      ] GC(198) Phase 2: Prepare for compaction 0.192ms
[1.636s][info   ][gc,phases,start] GC(198) Phase 3: Adjust pointers
[1.637s][info   ][gc,phases      ] GC(198) Phase 3: Adjust pointers 1.342ms
[1.637s][info   ][gc,phases,start] GC(198) Phase 4: Compact heap
[1.638s][info   ][gc,phases      ] GC(198) Phase 4: Compact heap 0.290ms
[1.638s][info   ][gc,heap        ] GC(198) Eden regions: 0->0(3)
[1.638s][info   ][gc,heap        ] GC(198) Survivor regions: 0->0(0)
[1.638s][info   ][gc,heap        ] GC(198) Old regions: 2->2
[1.638s][info   ][gc,heap        ] GC(198) Archive regions: 2->2
[1.638s][info   ][gc,heap        ] GC(198) Humongous regions: 0->0
[1.638s][info   ][gc,metaspace   ] GC(198) Metaspace: 9512K(9792K)->9512K(9792K) NonClass: 8354K(8512K)->8354K(8512K) Class: 1157K(1280K)->1157K(1280K)
[1.638s][info   ][gc             ] GC(198) Pause Full (System.gc()) 4M->4M(28M) 5.029ms
[1.638s][info   ][gc,cpu         ] GC(198) User=0.01s Sys=0.00s Real=0.01s
[1.639s][info   ][gc,start       ] GC(199) Pause Full (System.gc())
[1.639s][info   ][gc,task        ] GC(199) Using 1 workers of 10 for full compaction
[1.639s][info   ][gc,phases,start] GC(199) Phase 1: Mark live objects
[1.641s][info   ][gc,phases      ] GC(199) Phase 1: Mark live objects 2.449ms
[1.641s][info   ][gc,phases,start] GC(199) Phase 2: Prepare for compaction
[1.642s][info   ][gc,phases      ] GC(199) Phase 2: Prepare for compaction 0.103ms
[1.642s][info   ][gc,phases,start] GC(199) Phase 3: Adjust pointers
[1.643s][info   ][gc,phases      ] GC(199) Phase 3: Adjust pointers 1.137ms
[1.643s][info   ][gc,phases,start] GC(199) Phase 4: Compact heap
[1.643s][info   ][gc,phases      ] GC(199) Phase 4: Compact heap 0.166ms
[1.643s][info   ][gc,heap        ] GC(199) Eden regions: 1->0(3)
[1.643s][info   ][gc,heap        ] GC(199) Survivor regions: 0->0(0)
[1.643s][info   ][gc,heap        ] GC(199) Old regions: 2->2
[1.643s][info   ][gc,heap        ] GC(199) Archive regions: 2->2
[1.643s][info   ][gc,heap        ] GC(199) Humongous regions: 0->0
[1.643s][info   ][gc,metaspace   ] GC(199) Metaspace: 9512K(9792K)->9512K(9792K) NonClass: 8354K(8512K)->8354K(8512K) Class: 1157K(1280K)->1157K(1280K)
[1.643s][info   ][gc             ] GC(199) Pause Full (System.gc()) 4M->4M(28M) 4.386ms
[1.643s][info   ][gc,cpu         ] GC(199) User=0.00s Sys=0.00s Real=0.00s
[1.644s][info   ][gc,start       ] GC(200) Pause Full (System.gc())
[1.644s][info   ][gc,task        ] GC(200) Using 1 workers of 10 for full compaction
[1.644s][info   ][gc,phases,start] GC(200) Phase 1: Mark live objects
[1.646s][info   ][gc,phases      ] GC(200) Phase 1: Mark live objects 2.342ms
[1.646s][info   ][gc,phases,start] GC(200) Phase 2: Prepare for compaction
[1.646s][info   ][gc,phases      ] GC(200) Phase 2: Prepare for compaction 0.166ms
[1.646s][info   ][gc,phases,start] GC(200) Phase 3: Adjust pointers
[1.647s][info   ][gc,phases      ] GC(200) Phase 3: Adjust pointers 1.206ms
[1.647s][info   ][gc,phases,start] GC(200) Phase 4: Compact heap
[1.647s][info   ][gc,phases      ] GC(200) Phase 4: Compact heap 0.161ms
[1.648s][info   ][gc,heap        ] GC(200) Eden regions: 0->0(3)
[1.648s][info   ][gc,heap        ] GC(200) Survivor regions: 0->0(0)
[1.648s][info   ][gc,heap        ] GC(200) Old regions: 2->2
[1.648s][info   ][gc,heap        ] GC(200) Archive regions: 2->2
[1.648s][info   ][gc,heap        ] GC(200) Humongous regions: 0->0
[1.648s][info   ][gc,metaspace   ] GC(200) Metaspace: 9512K(9792K)->9512K(9792K) NonClass: 8354K(8512K)->8354K(8512K) Class: 1157K(1280K)->1157K(1280K)
[1.648s][info   ][gc             ] GC(200) Pause Full (System.gc()) 4M->4M(28M) 4.562ms
[1.648s][info   ][gc,cpu         ] GC(200) User=0.00s Sys=0.00s Real=0.00s
[1.648s][info   ][gc,start       ] GC(201) Pause Full (System.gc())
[1.648s][info   ][gc,task        ] GC(201) Using 1 workers of 10 for full compaction
[1.648s][info   ][gc,phases,start] GC(201) Phase 1: Mark live objects
[1.651s][info   ][gc,phases      ] GC(201) Phase 1: Mark live objects 2.853ms
[1.651s][info   ][gc,phases,start] GC(201) Phase 2: Prepare for compaction
[1.651s][info   ][gc,phases      ] GC(201) Phase 2: Prepare for compaction 0.192ms
[1.651s][info   ][gc,phases,start] GC(201) Phase 3: Adjust pointers
[1.652s][info   ][gc,phases      ] GC(201) Phase 3: Adjust pointers 1.119ms
[1.652s][info   ][gc,phases,start] GC(201) Phase 4: Compact heap
[1.653s][info   ][gc,phases      ] GC(201) Phase 4: Compact heap 0.209ms
[1.653s][info   ][gc,heap        ] GC(201) Eden regions: 0->0(3)
[1.653s][info   ][gc,heap        ] GC(201) Survivor regions: 0->0(0)
[1.653s][info   ][gc,heap        ] GC(201) Old regions: 2->2
[1.653s][info   ][gc,heap        ] GC(201) Archive regions: 2->2
[1.653s][info   ][gc,heap        ] GC(201) Humongous regions: 0->0
[1.653s][info   ][gc,metaspace   ] GC(201) Metaspace: 9512K(9792K)->9512K(9792K) NonClass: 8354K(8512K)->8354K(8512K) Class: 1157K(1280K)->1157K(1280K)
[1.653s][info   ][gc             ] GC(201) Pause Full (System.gc()) 4M->4M(28M) 4.785ms
[1.653s][info   ][gc,cpu         ] GC(201) User=0.01s Sys=0.00s Real=0.00s
[1.653s][info   ][gc,start       ] GC(202) Pause Full (System.gc())
[1.653s][info   ][gc,task        ] GC(202) Using 1 workers of 10 for full compaction
[1.653s][info   ][gc,phases,start] GC(202) Phase 1: Mark live objects
[1.656s][info   ][gc,phases      ] GC(202) Phase 1: Mark live objects 3.198ms
[1.656s][info   ][gc,phases,start] GC(202) Phase 2: Prepare for compaction
[1.656s][info   ][gc,phases      ] GC(202) Phase 2: Prepare for compaction 0.132ms
[1.656s][info   ][gc,phases,start] GC(202) Phase 3: Adjust pointers
[1.658s][info   ][gc,phases      ] GC(202) Phase 3: Adjust pointers 1.479ms
[1.658s][info   ][gc,phases,start] GC(202) Phase 4: Compact heap
[1.658s][info   ][gc,phases      ] GC(202) Phase 4: Compact heap 0.092ms
[1.659s][info   ][gc,heap        ] GC(202) Eden regions: 0->0(3)
[1.659s][info   ][gc,heap        ] GC(202) Survivor regions: 0->0(0)
[1.659s][info   ][gc,heap        ] GC(202) Old regions: 2->2
[1.659s][info   ][gc,heap        ] GC(202) Archive regions: 2->2
[1.659s][info   ][gc,heap        ] GC(202) Humongous regions: 0->0
[1.659s][info   ][gc,metaspace   ] GC(202) Metaspace: 9512K(9792K)->9512K(9792K) NonClass: 8354K(8512K)->8354K(8512K) Class: 1157K(1280K)->1157K(1280K)
[1.659s][info   ][gc             ] GC(202) Pause Full (System.gc()) 4M->4M(28M) 5.453ms
[1.659s][info   ][gc,cpu         ] GC(202) User=0.00s Sys=0.01s Real=0.01s
[1.659s][info   ][gc,start       ] GC(203) Pause Full (System.gc())
[1.659s][info   ][gc,task        ] GC(203) Using 1 workers of 10 for full compaction
[1.659s][info   ][gc,phases,start] GC(203) Phase 1: Mark live objects
[1.662s][info   ][gc,phases      ] GC(203) Phase 1: Mark live objects 3.040ms
[1.662s][info   ][gc,phases,start] GC(203) Phase 2: Prepare for compaction
[1.662s][info   ][gc,phases      ] GC(203) Phase 2: Prepare for compaction 0.201ms
[1.662s][info   ][gc,phases,start] GC(203) Phase 3: Adjust pointers
[1.663s][info   ][gc,phases      ] GC(203) Phase 3: Adjust pointers 1.196ms
[1.663s][info   ][gc,phases,start] GC(203) Phase 4: Compact heap
[1.664s][info   ][gc,phases      ] GC(203) Phase 4: Compact heap 0.216ms
[1.664s][info   ][gc,heap        ] GC(203) Eden regions: 1->0(3)
[1.664s][info   ][gc,heap        ] GC(203) Survivor regions: 0->0(0)
[1.664s][info   ][gc,heap        ] GC(203) Old regions: 2->2
[1.664s][info   ][gc,heap        ] GC(203) Archive regions: 2->2
[1.664s][info   ][gc,heap        ] GC(203) Humongous regions: 0->0
[1.664s][info   ][gc,metaspace   ] GC(203) Metaspace: 9512K(9792K)->9512K(9792K) NonClass: 8354K(8512K)->8354K(8512K) Class: 1157K(1280K)->1157K(1280K)
[1.664s][info   ][gc             ] GC(203) Pause Full (System.gc()) 4M->4M(28M) 5.141ms
[1.664s][info   ][gc,cpu         ] GC(203) User=0.01s Sys=0.00s Real=0.01s
[1.664s][info   ][gc,start       ] GC(204) Pause Full (System.gc())
[1.664s][info   ][gc,task        ] GC(204) Using 1 workers of 10 for full compaction
[1.664s][info   ][gc,phases,start] GC(204) Phase 1: Mark live objects
[1.667s][info   ][gc,phases      ] GC(204) Phase 1: Mark live objects 2.693ms
[1.667s][info   ][gc,phases,start] GC(204) Phase 2: Prepare for compaction
[1.667s][info   ][gc,phases      ] GC(204) Phase 2: Prepare for compaction 0.092ms
[1.667s][info   ][gc,phases,start] GC(204) Phase 3: Adjust pointers
[1.669s][info   ][gc,phases      ] GC(204) Phase 3: Adjust pointers 1.593ms
[1.669s][info   ][gc,phases,start] GC(204) Phase 4: Compact heap
[1.669s][info   ][gc,phases      ] GC(204) Phase 4: Compact heap 0.089ms
[1.669s][info   ][gc,heap        ] GC(204) Eden regions: 0->0(3)
[1.669s][info   ][gc,heap        ] GC(204) Survivor regions: 0->0(0)
[1.669s][info   ][gc,heap        ] GC(204) Old regions: 2->2
[1.669s][info   ][gc,heap        ] GC(204) Archive regions: 2->2
[1.669s][info   ][gc,heap        ] GC(204) Humongous regions: 0->0
[1.669s][info   ][gc,metaspace   ] GC(204) Metaspace: 9512K(9792K)->9512K(9792K) NonClass: 8354K(8512K)->8354K(8512K) Class: 1157K(1280K)->1157K(1280K)
[1.669s][info   ][gc             ] GC(204) Pause Full (System.gc()) 4M->4M(28M) 5.088ms
[1.669s][info   ][gc,cpu         ] GC(204) User=0.00s Sys=0.00s Real=0.00s
[1.670s][info   ][gc,start       ] GC(205) Pause Full (System.gc())
[1.670s][info   ][gc,task        ] GC(205) Using 1 workers of 10 for full compaction
[1.670s][info   ][gc,phases,start] GC(205) Phase 1: Mark live objects
[1.673s][info   ][gc,phases      ] GC(205) Phase 1: Mark live objects 2.700ms
[1.673s][info   ][gc,phases,start] GC(205) Phase 2: Prepare for compaction
[1.673s][info   ][gc,phases      ] GC(205) Phase 2: Prepare for compaction 0.173ms
[1.673s][info   ][gc,phases,start] GC(205) Phase 3: Adjust pointers
[1.674s][info   ][gc,phases      ] GC(205) Phase 3: Adjust pointers 1.564ms
[1.674s][info   ][gc,phases,start] GC(205) Phase 4: Compact heap
[1.674s][info   ][gc,phases      ] GC(205) Phase 4: Compact heap 0.130ms
[1.675s][info   ][gc,heap        ] GC(205) Eden regions: 1->0(3)
[1.675s][info   ][gc,heap        ] GC(205) Survivor regions: 0->0(0)
[1.675s][info   ][gc,heap        ] GC(205) Old regions: 2->2
[1.675s][info   ][gc,heap        ] GC(205) Archive regions: 2->2
[1.675s][info   ][gc,heap        ] GC(205) Humongous regions: 0->0
[1.675s][info   ][gc,metaspace   ] GC(205) Metaspace: 9512K(9792K)->9512K(9792K) NonClass: 8354K(8512K)->8354K(8512K) Class: 1157K(1280K)->1157K(1280K)
[1.675s][info   ][gc             ] GC(205) Pause Full (System.gc()) 4M->4M(28M) 5.251ms
[1.675s][info   ][gc,cpu         ] GC(205) User=0.01s Sys=0.00s Real=0.01s
[1.675s][info   ][gc,start       ] GC(206) Pause Full (System.gc())
[1.675s][info   ][gc,task        ] GC(206) Using 1 workers of 10 for full compaction
[1.675s][info   ][gc,phases,start] GC(206) Phase 1: Mark live objects
[1.679s][info   ][gc,phases      ] GC(206) Phase 1: Mark live objects 3.200ms
[1.679s][info   ][gc,phases,start] GC(206) Phase 2: Prepare for compaction
[1.679s][info   ][gc,phases      ] GC(206) Phase 2: Prepare for compaction 0.138ms
[1.679s][info   ][gc,phases,start] GC(206) Phase 3: Adjust pointers
[1.680s][info   ][gc,phases      ] GC(206) Phase 3: Adjust pointers 1.727ms
[1.681s][info   ][gc,phases,start] GC(206) Phase 4: Compact heap
[1.681s][info   ][gc,phases      ] GC(206) Phase 4: Compact heap 0.141ms
[1.681s][info   ][gc,heap        ] GC(206) Eden regions: 1->0(3)
[1.681s][info   ][gc,heap        ] GC(206) Survivor regions: 0->0(0)
[1.681s][info   ][gc,heap        ] GC(206) Old regions: 2->2
[1.681s][info   ][gc,heap        ] GC(206) Archive regions: 2->2
[1.681s][info   ][gc,heap        ] GC(206) Humongous regions: 0->0
[1.681s][info   ][gc,metaspace   ] GC(206) Metaspace: 9512K(9792K)->9512K(9792K) NonClass: 8354K(8512K)->8354K(8512K) Class: 1157K(1280K)->1157K(1280K)
[1.681s][info   ][gc             ] GC(206) Pause Full (System.gc()) 4M->4M(28M) 5.799ms
[1.681s][info   ][gc,cpu         ] GC(206) User=0.00s Sys=0.00s Real=0.00s
[1.681s][info   ][gc,start       ] GC(207) Pause Full (System.gc())
[1.681s][info   ][gc,task        ] GC(207) Using 1 workers of 10 for full compaction
[1.681s][info   ][gc,phases,start] GC(207) Phase 1: Mark live objects
[1.685s][info   ][gc,phases      ] GC(207) Phase 1: Mark live objects 3.605ms
[1.685s][info   ][gc,phases,start] GC(207) Phase 2: Prepare for compaction
[1.685s][info   ][gc,phases      ] GC(207) Phase 2: Prepare for compaction 0.252ms
[1.685s][info   ][gc,phases,start] GC(207) Phase 3: Adjust pointers
[1.687s][info   ][gc,phases      ] GC(207) Phase 3: Adjust pointers 1.464ms
[1.687s][info   ][gc,phases,start] GC(207) Phase 4: Compact heap
[1.687s][info   ][gc,phases      ] GC(207) Phase 4: Compact heap 0.219ms
[1.688s][info   ][gc,heap        ] GC(207) Eden regions: 0->0(3)
[1.688s][info   ][gc,heap        ] GC(207) Survivor regions: 0->0(0)
[1.688s][info   ][gc,heap        ] GC(207) Old regions: 2->2
[1.688s][info   ][gc,heap        ] GC(207) Archive regions: 2->2
[1.688s][info   ][gc,heap        ] GC(207) Humongous regions: 0->0
[1.688s][info   ][gc,metaspace   ] GC(207) Metaspace: 9512K(9792K)->9512K(9792K) NonClass: 8354K(8512K)->8354K(8512K) Class: 1157K(1280K)->1157K(1280K)
[1.688s][info   ][gc             ] GC(207) Pause Full (System.gc()) 4M->4M(28M) 6.370ms
[1.688s][info   ][gc,cpu         ] GC(207) User=0.01s Sys=0.00s Real=0.01s
[1.688s][info   ][gc,start       ] GC(208) Pause Full (System.gc())
[1.688s][info   ][gc,task        ] GC(208) Using 1 workers of 10 for full compaction
[1.688s][info   ][gc,phases,start] GC(208) Phase 1: Mark live objects
[1.692s][info   ][gc,phases      ] GC(208) Phase 1: Mark live objects 3.363ms
[1.692s][info   ][gc,phases,start] GC(208) Phase 2: Prepare for compaction
[1.692s][info   ][gc,phases      ] GC(208) Phase 2: Prepare for compaction 0.181ms
[1.692s][info   ][gc,phases,start] GC(208) Phase 3: Adjust pointers
[1.693s][info   ][gc,phases      ] GC(208) Phase 3: Adjust pointers 1.659ms
[1.693s][info   ][gc,phases,start] GC(208) Phase 4: Compact heap
[1.694s][info   ][gc,phases      ] GC(208) Phase 4: Compact heap 0.212ms
[1.694s][info   ][gc,heap        ] GC(208) Eden regions: 1->0(3)
[1.694s][info   ][gc,heap        ] GC(208) Survivor regions: 0->0(0)
[1.694s][info   ][gc,heap        ] GC(208) Old regions: 2->2
[1.694s][info   ][gc,heap        ] GC(208) Archive regions: 2->2
[1.694s][info   ][gc,heap        ] GC(208) Humongous regions: 0->0
[1.694s][info   ][gc,metaspace   ] GC(208) Metaspace: 9512K(9792K)->9512K(9792K) NonClass: 8354K(8512K)->8354K(8512K) Class: 1157K(1280K)->1157K(1280K)
[1.694s][info   ][gc             ] GC(208) Pause Full (System.gc()) 4M->4M(28M) 6.100ms
[1.694s][info   ][gc,cpu         ] GC(208) User=0.00s Sys=0.00s Real=0.01s
[1.694s][info   ][gc,start       ] GC(209) Pause Full (System.gc())
[1.694s][info   ][gc,task        ] GC(209) Using 1 workers of 10 for full compaction
[1.694s][info   ][gc,phases,start] GC(209) Phase 1: Mark live objects
[1.697s][info   ][gc,phases      ] GC(209) Phase 1: Mark live objects 2.443ms
[1.697s][info   ][gc,phases,start] GC(209) Phase 2: Prepare for compaction
[1.697s][info   ][gc,phases      ] GC(209) Phase 2: Prepare for compaction 0.271ms
[1.697s][info   ][gc,phases,start] GC(209) Phase 3: Adjust pointers
[1.699s][info   ][gc,phases      ] GC(209) Phase 3: Adjust pointers 1.423ms
[1.699s][info   ][gc,phases,start] GC(209) Phase 4: Compact heap
[1.699s][info   ][gc,phases      ] GC(209) Phase 4: Compact heap 0.143ms
[1.699s][info   ][gc,heap        ] GC(209) Eden regions: 0->0(3)
[1.699s][info   ][gc,heap        ] GC(209) Survivor regions: 0->0(0)
[1.699s][info   ][gc,heap        ] GC(209) Old regions: 2->2
[1.699s][info   ][gc,heap        ] GC(209) Archive regions: 2->2
[1.699s][info   ][gc,heap        ] GC(209) Humongous regions: 0->0
[1.699s][info   ][gc,metaspace   ] GC(209) Metaspace: 9512K(9792K)->9512K(9792K) NonClass: 8354K(8512K)->8354K(8512K) Class: 1157K(1280K)->1157K(1280K)
[1.699s][info   ][gc             ] GC(209) Pause Full (System.gc()) 4M->4M(28M) 5.087ms
[1.699s][info   ][gc,cpu         ] GC(209) User=0.01s Sys=0.00s Real=0.00s
[1.700s][info   ][gc,start       ] GC(210) Pause Full (System.gc())
[1.700s][info   ][gc,task        ] GC(210) Using 1 workers of 10 for full compaction
[1.700s][info   ][gc,phases,start] GC(210) Phase 1: Mark live objects
[1.702s][info   ][gc,phases      ] GC(210) Phase 1: Mark live objects 2.293ms
[1.702s][info   ][gc,phases,start] GC(210) Phase 2: Prepare for compaction
[1.703s][info   ][gc,phases      ] GC(210) Phase 2: Prepare for compaction 0.250ms
[1.703s][info   ][gc,phases,start] GC(210) Phase 3: Adjust pointers
[1.704s][info   ][gc,phases      ] GC(210) Phase 3: Adjust pointers 1.674ms
[1.704s][info   ][gc,phases,start] GC(210) Phase 4: Compact heap
[1.704s][info   ][gc,phases      ] GC(210) Phase 4: Compact heap 0.085ms
[1.705s][info   ][gc,heap        ] GC(210) Eden regions: 1->0(3)
[1.705s][info   ][gc,heap        ] GC(210) Survivor regions: 0->0(0)
[1.705s][info   ][gc,heap        ] GC(210) Old regions: 2->2
[1.705s][info   ][gc,heap        ] GC(210) Archive regions: 2->2
[1.705s][info   ][gc,heap        ] GC(210) Humongous regions: 0->0
[1.705s][info   ][gc,metaspace   ] GC(210) Metaspace: 9512K(9792K)->9512K(9792K) NonClass: 8354K(8512K)->8354K(8512K) Class: 1157K(1280K)->1157K(1280K)
[1.705s][info   ][gc             ] GC(210) Pause Full (System.gc()) 4M->4M(28M) 5.130ms
[1.705s][info   ][gc,cpu         ] GC(210) User=0.00s Sys=0.00s Real=0.01s
[1.705s][info   ][gc,start       ] GC(211) Pause Full (System.gc())
[1.705s][info   ][gc,task        ] GC(211) Using 1 workers of 10 for full compaction
[1.705s][info   ][gc,phases,start] GC(211) Phase 1: Mark live objects
[1.708s][info   ][gc,phases      ] GC(211) Phase 1: Mark live objects 2.332ms
[1.708s][info   ][gc,phases,start] GC(211) Phase 2: Prepare for compaction
[1.708s][info   ][gc,phases      ] GC(211) Phase 2: Prepare for compaction 0.179ms
[1.708s][info   ][gc,phases,start] GC(211) Phase 3: Adjust pointers
[1.710s][info   ][gc,phases      ] GC(211) Phase 3: Adjust pointers 1.614ms
[1.710s][info   ][gc,phases,start] GC(211) Phase 4: Compact heap
[1.710s][info   ][gc,phases      ] GC(211) Phase 4: Compact heap 0.091ms
[1.710s][info   ][gc,heap        ] GC(211) Eden regions: 1->0(3)
[1.710s][info   ][gc,heap        ] GC(211) Survivor regions: 0->0(0)
[1.710s][info   ][gc,heap        ] GC(211) Old regions: 2->2
[1.710s][info   ][gc,heap        ] GC(211) Archive regions: 2->2
[1.710s][info   ][gc,heap        ] GC(211) Humongous regions: 0->0
[1.710s][info   ][gc,metaspace   ] GC(211) Metaspace: 9512K(9792K)->9512K(9792K) NonClass: 8354K(8512K)->8354K(8512K) Class: 1157K(1280K)->1157K(1280K)
[1.710s][info   ][gc             ] GC(211) Pause Full (System.gc()) 4M->4M(28M) 4.919ms
[1.710s][info   ][gc,cpu         ] GC(211) User=0.01s Sys=0.00s Real=0.00s
[1.711s][info   ][gc,start       ] GC(212) Pause Full (System.gc())
[1.711s][info   ][gc,task        ] GC(212) Using 1 workers of 10 for full compaction
[1.711s][info   ][gc,phases,start] GC(212) Phase 1: Mark live objects
[1.714s][info   ][gc,phases      ] GC(212) Phase 1: Mark live objects 2.727ms
[1.714s][info   ][gc,phases,start] GC(212) Phase 2: Prepare for compaction
[1.714s][info   ][gc,phases      ] GC(212) Phase 2: Prepare for compaction 0.168ms
[1.714s][info   ][gc,phases,start] GC(212) Phase 3: Adjust pointers
[1.716s][info   ][gc,phases      ] GC(212) Phase 3: Adjust pointers 1.855ms
[1.716s][info   ][gc,phases,start] GC(212) Phase 4: Compact heap
[1.716s][info   ][gc,phases      ] GC(212) Phase 4: Compact heap 0.228ms
[1.716s][info   ][gc,heap        ] GC(212) Eden regions: 1->0(3)
[1.716s][info   ][gc,heap        ] GC(212) Survivor regions: 0->0(0)
[1.716s][info   ][gc,heap        ] GC(212) Old regions: 2->2
[1.716s][info   ][gc,heap        ] GC(212) Archive regions: 2->2
[1.716s][info   ][gc,heap        ] GC(212) Humongous regions: 0->0
[1.716s][info   ][gc,metaspace   ] GC(212) Metaspace: 9512K(9792K)->9512K(9792K) NonClass: 8354K(8512K)->8354K(8512K) Class: 1157K(1280K)->1157K(1280K)
[1.716s][info   ][gc             ] GC(212) Pause Full (System.gc()) 4M->4M(28M) 5.591ms
[1.716s][info   ][gc,cpu         ] GC(212) User=0.00s Sys=0.00s Real=0.01s
[1.717s][info   ][gc,start       ] GC(213) Pause Full (System.gc())
[1.717s][info   ][gc,task        ] GC(213) Using 1 workers of 10 for full compaction
[1.717s][info   ][gc,phases,start] GC(213) Phase 1: Mark live objects
[1.721s][info   ][gc,phases      ] GC(213) Phase 1: Mark live objects 4.072ms
[1.721s][info   ][gc,phases,start] GC(213) Phase 2: Prepare for compaction
[1.721s][info   ][gc,phases      ] GC(213) Phase 2: Prepare for compaction 0.245ms
[1.721s][info   ][gc,phases,start] GC(213) Phase 3: Adjust pointers
[1.723s][info   ][gc,phases      ] GC(213) Phase 3: Adjust pointers 2.139ms
[1.723s][info   ][gc,phases,start] GC(213) Phase 4: Compact heap
[1.723s][info   ][gc,phases      ] GC(213) Phase 4: Compact heap 0.109ms
[1.724s][info   ][gc,heap        ] GC(213) Eden regions: 0->0(3)
[1.724s][info   ][gc,heap        ] GC(213) Survivor regions: 0->0(0)
[1.724s][info   ][gc,heap        ] GC(213) Old regions: 2->2
[1.724s][info   ][gc,heap        ] GC(213) Archive regions: 2->2
[1.724s][info   ][gc,heap        ] GC(213) Humongous regions: 0->0
[1.724s][info   ][gc,metaspace   ] GC(213) Metaspace: 9512K(9792K)->9512K(9792K) NonClass: 8354K(8512K)->8354K(8512K) Class: 1157K(1280K)->1157K(1280K)
[1.724s][info   ][gc             ] GC(213) Pause Full (System.gc()) 4M->4M(28M) 7.277ms
[1.724s][info   ][gc,cpu         ] GC(213) User=0.01s Sys=0.00s Real=0.01s
[1.725s][info   ][gc,start       ] GC(214) Pause Full (System.gc())
[1.725s][info   ][gc,task        ] GC(214) Using 1 workers of 10 for full compaction
[1.725s][info   ][gc,phases,start] GC(214) Phase 1: Mark live objects
[1.730s][info   ][gc,phases      ] GC(214) Phase 1: Mark live objects 5.643ms
[1.730s][info   ][gc,phases,start] GC(214) Phase 2: Prepare for compaction
[1.731s][info   ][gc,phases      ] GC(214) Phase 2: Prepare for compaction 0.298ms
[1.731s][info   ][gc,phases,start] GC(214) Phase 3: Adjust pointers
[1.733s][info   ][gc,phases      ] GC(214) Phase 3: Adjust pointers 2.252ms
[1.733s][info   ][gc,phases,start] GC(214) Phase 4: Compact heap
[1.733s][info   ][gc,phases      ] GC(214) Phase 4: Compact heap 0.149ms
[1.734s][info   ][gc,heap        ] GC(214) Eden regions: 1->0(3)
[1.734s][info   ][gc,heap        ] GC(214) Survivor regions: 0->0(0)
[1.734s][info   ][gc,heap        ] GC(214) Old regions: 2->2
[1.734s][info   ][gc,heap        ] GC(214) Archive regions: 2->2
[1.734s][info   ][gc,heap        ] GC(214) Humongous regions: 0->0
[1.734s][info   ][gc,metaspace   ] GC(214) Metaspace: 9512K(9792K)->9512K(9792K) NonClass: 8354K(8512K)->8354K(8512K) Class: 1157K(1280K)->1157K(1280K)
[1.734s][info   ][gc             ] GC(214) Pause Full (System.gc()) 4M->4M(28M) 9.192ms
[1.734s][info   ][gc,cpu         ] GC(214) User=0.01s Sys=0.00s Real=0.01s
[1.734s][info   ][gc,start       ] GC(215) Pause Full (System.gc())
[1.734s][info   ][gc,task        ] GC(215) Using 1 workers of 10 for full compaction
[1.734s][info   ][gc,phases,start] GC(215) Phase 1: Mark live objects
[1.739s][info   ][gc,phases      ] GC(215) Phase 1: Mark live objects 4.376ms
[1.739s][info   ][gc,phases,start] GC(215) Phase 2: Prepare for compaction
[1.739s][info   ][gc,phases      ] GC(215) Phase 2: Prepare for compaction 0.228ms
[1.739s][info   ][gc,phases,start] GC(215) Phase 3: Adjust pointers
[1.741s][info   ][gc,phases      ] GC(215) Phase 3: Adjust pointers 2.430ms
[1.741s][info   ][gc,phases,start] GC(215) Phase 4: Compact heap
[1.741s][info   ][gc,phases      ] GC(215) Phase 4: Compact heap 0.249ms
[1.742s][info   ][gc,heap        ] GC(215) Eden regions: 0->0(3)
[1.742s][info   ][gc,heap        ] GC(215) Survivor regions: 0->0(0)
[1.742s][info   ][gc,heap        ] GC(215) Old regions: 2->2
[1.742s][info   ][gc,heap        ] GC(215) Archive regions: 2->2
[1.742s][info   ][gc,heap        ] GC(215) Humongous regions: 0->0
[1.742s][info   ][gc,metaspace   ] GC(215) Metaspace: 9512K(9792K)->9512K(9792K) NonClass: 8354K(8512K)->8354K(8512K) Class: 1157K(1280K)->1157K(1280K)
[1.742s][info   ][gc             ] GC(215) Pause Full (System.gc()) 4M->4M(28M) 8.076ms
[1.742s][info   ][gc,cpu         ] GC(215) User=0.00s Sys=0.00s Real=0.00s
[1.743s][info   ][gc,start       ] GC(216) Pause Full (System.gc())
[1.743s][info   ][gc,task        ] GC(216) Using 1 workers of 10 for full compaction
[1.743s][info   ][gc,phases,start] GC(216) Phase 1: Mark live objects
[1.747s][info   ][gc,phases      ] GC(216) Phase 1: Mark live objects 4.341ms
[1.747s][info   ][gc,phases,start] GC(216) Phase 2: Prepare for compaction
[1.748s][info   ][gc,phases      ] GC(216) Phase 2: Prepare for compaction 0.254ms
[1.748s][info   ][gc,phases,start] GC(216) Phase 3: Adjust pointers
[1.751s][info   ][gc,phases      ] GC(216) Phase 3: Adjust pointers 3.042ms
[1.751s][info   ][gc,phases,start] GC(216) Phase 4: Compact heap
[1.751s][info   ][gc,phases      ] GC(216) Phase 4: Compact heap 0.113ms
[1.752s][info   ][gc,heap        ] GC(216) Eden regions: 1->0(3)
[1.752s][info   ][gc,heap        ] GC(216) Survivor regions: 0->0(0)
[1.752s][info   ][gc,heap        ] GC(216) Old regions: 2->2
[1.752s][info   ][gc,heap        ] GC(216) Archive regions: 2->2
[1.752s][info   ][gc,heap        ] GC(216) Humongous regions: 0->0
[1.752s][info   ][gc,metaspace   ] GC(216) Metaspace: 9512K(9792K)->9512K(9792K) NonClass: 8354K(8512K)->8354K(8512K) Class: 1157K(1280K)->1157K(1280K)
[1.752s][info   ][gc             ] GC(216) Pause Full (System.gc()) 4M->4M(28M) 8.704ms
[1.752s][info   ][gc,cpu         ] GC(216) User=0.01s Sys=0.00s Real=0.01s
[1.752s][info   ][gc,start       ] GC(217) Pause Full (System.gc())
[1.752s][info   ][gc,task        ] GC(217) Using 1 workers of 10 for full compaction
[1.752s][info   ][gc,phases,start] GC(217) Phase 1: Mark live objects
[1.757s][info   ][gc,phases      ] GC(217) Phase 1: Mark live objects 5.022ms
[1.757s][info   ][gc,phases,start] GC(217) Phase 2: Prepare for compaction
[1.757s][info   ][gc,phases      ] GC(217) Phase 2: Prepare for compaction 0.298ms
[1.757s][info   ][gc,phases,start] GC(217) Phase 3: Adjust pointers
[1.759s][info   ][gc,phases      ] GC(217) Phase 3: Adjust pointers 1.579ms
[1.759s][info   ][gc,phases,start] GC(217) Phase 4: Compact heap
[1.759s][info   ][gc,phases      ] GC(217) Phase 4: Compact heap 0.229ms
[1.760s][info   ][gc,heap        ] GC(217) Eden regions: 0->0(3)
[1.760s][info   ][gc,heap        ] GC(217) Survivor regions: 0->0(0)
[1.760s][info   ][gc,heap        ] GC(217) Old regions: 2->2
[1.760s][info   ][gc,heap        ] GC(217) Archive regions: 2->2
[1.760s][info   ][gc,heap        ] GC(217) Humongous regions: 0->0
[1.760s][info   ][gc,metaspace   ] GC(217) Metaspace: 9512K(9792K)->9512K(9792K) NonClass: 8354K(8512K)->8354K(8512K) Class: 1157K(1280K)->1157K(1280K)
[1.760s][info   ][gc             ] GC(217) Pause Full (System.gc()) 4M->4M(28M) 7.747ms
[1.760s][info   ][gc,cpu         ] GC(217) User=0.01s Sys=0.00s Real=0.01s
[1.760s][info   ][gc,start       ] GC(218) Pause Full (System.gc())
[1.760s][info   ][gc,task        ] GC(218) Using 1 workers of 10 for full compaction
[1.760s][info   ][gc,phases,start] GC(218) Phase 1: Mark live objects
[1.764s][info   ][gc,phases      ] GC(218) Phase 1: Mark live objects 4.379ms
[1.764s][info   ][gc,phases,start] GC(218) Phase 2: Prepare for compaction
[1.765s][info   ][gc,phases      ] GC(218) Phase 2: Prepare for compaction 0.166ms
[1.765s][info   ][gc,phases,start] GC(218) Phase 3: Adjust pointers
[1.766s][info   ][gc,phases      ] GC(218) Phase 3: Adjust pointers 1.306ms
[1.766s][info   ][gc,phases,start] GC(218) Phase 4: Compact heap
[1.766s][info   ][gc,phases      ] GC(218) Phase 4: Compact heap 0.164ms
[1.766s][info   ][gc,heap        ] GC(218) Eden regions: 1->0(3)
[1.766s][info   ][gc,heap        ] GC(218) Survivor regions: 0->0(0)
[1.766s][info   ][gc,heap        ] GC(218) Old regions: 2->2
[1.767s][info   ][gc,heap        ] GC(218) Archive regions: 2->2
[1.767s][info   ][gc,heap        ] GC(218) Humongous regions: 0->0
[1.767s][info   ][gc,metaspace   ] GC(218) Metaspace: 9512K(9792K)->9512K(9792K) NonClass: 8354K(8512K)->8354K(8512K) Class: 1157K(1280K)->1157K(1280K)
[1.767s][info   ][gc             ] GC(218) Pause Full (System.gc()) 4M->4M(28M) 6.496ms
[1.767s][info   ][gc,cpu         ] GC(218) User=0.00s Sys=0.00s Real=0.01s
[1.767s][info   ][gc,start       ] GC(219) Pause Full (System.gc())
[1.767s][info   ][gc,task        ] GC(219) Using 1 workers of 10 for full compaction
[1.767s][info   ][gc,phases,start] GC(219) Phase 1: Mark live objects
[1.770s][info   ][gc,phases      ] GC(219) Phase 1: Mark live objects 3.473ms
[1.770s][info   ][gc,phases,start] GC(219) Phase 2: Prepare for compaction
[1.770s][info   ][gc,phases      ] GC(219) Phase 2: Prepare for compaction 0.216ms
[1.770s][info   ][gc,phases,start] GC(219) Phase 3: Adjust pointers
[1.772s][info   ][gc,phases      ] GC(219) Phase 3: Adjust pointers 1.606ms
[1.772s][info   ][gc,phases,start] GC(219) Phase 4: Compact heap
[1.772s][info   ][gc,phases      ] GC(219) Phase 4: Compact heap 0.180ms
[1.773s][info   ][gc,heap        ] GC(219) Eden regions: 0->0(3)
[1.773s][info   ][gc,heap        ] GC(219) Survivor regions: 0->0(0)
[1.773s][info   ][gc,heap        ] GC(219) Old regions: 2->2
[1.773s][info   ][gc,heap        ] GC(219) Archive regions: 2->2
[1.773s][info   ][gc,heap        ] GC(219) Humongous regions: 0->0
[1.773s][info   ][gc,metaspace   ] GC(219) Metaspace: 9512K(9792K)->9512K(9792K) NonClass: 8354K(8512K)->8354K(8512K) Class: 1157K(1280K)->1157K(1280K)
[1.773s][info   ][gc             ] GC(219) Pause Full (System.gc()) 4M->4M(28M) 6.203ms
[1.773s][info   ][gc,cpu         ] GC(219) User=0.01s Sys=0.00s Real=0.00s
[1.774s][info   ][gc,start       ] GC(220) Pause Full (System.gc())
[1.774s][info   ][gc,task        ] GC(220) Using 1 workers of 10 for full compaction
[1.774s][info   ][gc,phases,start] GC(220) Phase 1: Mark live objects
[1.779s][info   ][gc,phases      ] GC(220) Phase 1: Mark live objects 4.984ms
[1.779s][info   ][gc,phases,start] GC(220) Phase 2: Prepare for compaction
[1.779s][info   ][gc,phases      ] GC(220) Phase 2: Prepare for compaction 0.258ms
[1.779s][info   ][gc,phases,start] GC(220) Phase 3: Adjust pointers
[1.782s][info   ][gc,phases      ] GC(220) Phase 3: Adjust pointers 2.914ms
[1.782s][info   ][gc,phases,start] GC(220) Phase 4: Compact heap
[1.782s][info   ][gc,phases      ] GC(220) Phase 4: Compact heap 0.171ms
[1.783s][info   ][gc,heap        ] GC(220) Eden regions: 1->0(3)
[1.783s][info   ][gc,heap        ] GC(220) Survivor regions: 0->0(0)
[1.783s][info   ][gc,heap        ] GC(220) Old regions: 2->2
[1.783s][info   ][gc,heap        ] GC(220) Archive regions: 2->2
[1.783s][info   ][gc,heap        ] GC(220) Humongous regions: 0->0
[1.783s][info   ][gc,metaspace   ] GC(220) Metaspace: 9512K(9792K)->9512K(9792K) NonClass: 8354K(8512K)->8354K(8512K) Class: 1157K(1280K)->1157K(1280K)
[1.783s][info   ][gc             ] GC(220) Pause Full (System.gc()) 4M->4M(28M) 9.023ms
[1.783s][info   ][gc,cpu         ] GC(220) User=0.01s Sys=0.00s Real=0.00s
[1.783s][info   ][gc,start       ] GC(221) Pause Full (System.gc())
[1.783s][info   ][gc,task        ] GC(221) Using 1 workers of 10 for full compaction
[1.783s][info   ][gc,phases,start] GC(221) Phase 1: Mark live objects
[1.788s][info   ][gc,phases      ] GC(221) Phase 1: Mark live objects 4.730ms
[1.788s][info   ][gc,phases,start] GC(221) Phase 2: Prepare for compaction
[1.788s][info   ][gc,phases      ] GC(221) Phase 2: Prepare for compaction 0.271ms
[1.788s][info   ][gc,phases,start] GC(221) Phase 3: Adjust pointers
[1.791s][info   ][gc,phases      ] GC(221) Phase 3: Adjust pointers 3.150ms
[1.791s][info   ][gc,phases,start] GC(221) Phase 4: Compact heap
[1.791s][info   ][gc,phases      ] GC(221) Phase 4: Compact heap 0.238ms
[1.792s][info   ][gc,heap        ] GC(221) Eden regions: 1->0(3)
[1.792s][info   ][gc,heap        ] GC(221) Survivor regions: 0->0(0)
[1.792s][info   ][gc,heap        ] GC(221) Old regions: 2->2
[1.792s][info   ][gc,heap        ] GC(221) Archive regions: 2->2
[1.792s][info   ][gc,heap        ] GC(221) Humongous regions: 0->0
[1.792s][info   ][gc,metaspace   ] GC(221) Metaspace: 9512K(9792K)->9512K(9792K) NonClass: 8354K(8512K)->8354K(8512K) Class: 1157K(1280K)->1157K(1280K)
[1.792s][info   ][gc             ] GC(221) Pause Full (System.gc()) 4M->4M(28M) 9.313ms
[1.792s][info   ][gc,cpu         ] GC(221) User=0.01s Sys=0.00s Real=0.01s
[1.793s][info   ][gc,start       ] GC(222) Pause Full (System.gc())
[1.793s][info   ][gc,task        ] GC(222) Using 1 workers of 10 for full compaction
[1.793s][info   ][gc,phases,start] GC(222) Phase 1: Mark live objects
[1.798s][info   ][gc,phases      ] GC(222) Phase 1: Mark live objects 4.849ms
[1.798s][info   ][gc,phases,start] GC(222) Phase 2: Prepare for compaction
[1.798s][info   ][gc,phases      ] GC(222) Phase 2: Prepare for compaction 0.273ms
[1.798s][info   ][gc,phases,start] GC(222) Phase 3: Adjust pointers
[1.801s][info   ][gc,phases      ] GC(222) Phase 3: Adjust pointers 3.284ms
[1.801s][info   ][gc,phases,start] GC(222) Phase 4: Compact heap
[1.802s][info   ][gc,phases      ] GC(222) Phase 4: Compact heap 0.200ms
[1.802s][info   ][gc,heap        ] GC(222) Eden regions: 1->0(3)
[1.802s][info   ][gc,heap        ] GC(222) Survivor regions: 0->0(0)
[1.802s][info   ][gc,heap        ] GC(222) Old regions: 2->2
[1.802s][info   ][gc,heap        ] GC(222) Archive regions: 2->2
[1.802s][info   ][gc,heap        ] GC(222) Humongous regions: 0->0
[1.802s][info   ][gc,metaspace   ] GC(222) Metaspace: 9512K(9792K)->9512K(9792K) NonClass: 8354K(8512K)->8354K(8512K) Class: 1157K(1280K)->1157K(1280K)
[1.802s][info   ][gc             ] GC(222) Pause Full (System.gc()) 4M->4M(28M) 9.587ms
[1.802s][info   ][gc,cpu         ] GC(222) User=0.01s Sys=0.01s Real=0.01s
[1.803s][info   ][gc,start       ] GC(223) Pause Full (System.gc())
[1.803s][info   ][gc,task        ] GC(223) Using 1 workers of 10 for full compaction
[1.803s][info   ][gc,phases,start] GC(223) Phase 1: Mark live objects
[1.807s][info   ][gc,phases      ] GC(223) Phase 1: Mark live objects 4.522ms
[1.807s][info   ][gc,phases,start] GC(223) Phase 2: Prepare for compaction
[1.808s][info   ][gc,phases      ] GC(223) Phase 2: Prepare for compaction 0.258ms
[1.808s][info   ][gc,phases,start] GC(223) Phase 3: Adjust pointers
[1.809s][info   ][gc,phases      ] GC(223) Phase 3: Adjust pointers 1.801ms
[1.809s][info   ][gc,phases,start] GC(223) Phase 4: Compact heap
[1.810s][info   ][gc,phases      ] GC(223) Phase 4: Compact heap 0.242ms
[1.810s][info   ][gc,heap        ] GC(223) Eden regions: 1->0(3)
[1.810s][info   ][gc,heap        ] GC(223) Survivor regions: 0->0(0)
[1.810s][info   ][gc,heap        ] GC(223) Old regions: 2->2
[1.810s][info   ][gc,heap        ] GC(223) Archive regions: 2->2
[1.810s][info   ][gc,heap        ] GC(223) Humongous regions: 0->0
[1.810s][info   ][gc,metaspace   ] GC(223) Metaspace: 9512K(9792K)->9512K(9792K) NonClass: 8354K(8512K)->8354K(8512K) Class: 1157K(1280K)->1157K(1280K)
[1.810s][info   ][gc             ] GC(223) Pause Full (System.gc()) 4M->4M(28M) 7.564ms
[1.810s][info   ][gc,cpu         ] GC(223) User=0.00s Sys=0.00s Real=0.01s
[1.811s][info   ][gc,start       ] GC(224) Pause Full (System.gc())
[1.811s][info   ][gc,task        ] GC(224) Using 1 workers of 10 for full compaction
[1.811s][info   ][gc,phases,start] GC(224) Phase 1: Mark live objects
[1.814s][info   ][gc,phases      ] GC(224) Phase 1: Mark live objects 3.555ms
[1.814s][info   ][gc,phases,start] GC(224) Phase 2: Prepare for compaction
[1.815s][info   ][gc,phases      ] GC(224) Phase 2: Prepare for compaction 0.261ms
[1.815s][info   ][gc,phases,start] GC(224) Phase 3: Adjust pointers
[1.816s][info   ][gc,phases      ] GC(224) Phase 3: Adjust pointers 1.757ms
[1.816s][info   ][gc,phases,start] GC(224) Phase 4: Compact heap
[1.817s][info   ][gc,phases      ] GC(224) Phase 4: Compact heap 0.281ms
[1.817s][info   ][gc,heap        ] GC(224) Eden regions: 1->0(3)
[1.817s][info   ][gc,heap        ] GC(224) Survivor regions: 0->0(0)
[1.817s][info   ][gc,heap        ] GC(224) Old regions: 2->2
[1.817s][info   ][gc,heap        ] GC(224) Archive regions: 2->2
[1.817s][info   ][gc,heap        ] GC(224) Humongous regions: 0->0
[1.817s][info   ][gc,metaspace   ] GC(224) Metaspace: 9512K(9792K)->9512K(9792K) NonClass: 8354K(8512K)->8354K(8512K) Class: 1157K(1280K)->1157K(1280K)
[1.817s][info   ][gc             ] GC(224) Pause Full (System.gc()) 4M->4M(28M) 6.486ms
[1.817s][info   ][gc,cpu         ] GC(224) User=0.01s Sys=0.00s Real=0.01s
[1.818s][info   ][gc,start       ] GC(225) Pause Full (System.gc())
[1.818s][info   ][gc,task        ] GC(225) Using 1 workers of 10 for full compaction
[1.818s][info   ][gc,phases,start] GC(225) Phase 1: Mark live objects
[1.822s][info   ][gc,phases      ] GC(225) Phase 1: Mark live objects 3.717ms
[1.822s][info   ][gc,phases,start] GC(225) Phase 2: Prepare for compaction
[1.822s][info   ][gc,phases      ] GC(225) Phase 2: Prepare for compaction 0.223ms
[1.822s][info   ][gc,phases,start] GC(225) Phase 3: Adjust pointers
[1.825s][info   ][gc,phases      ] GC(225) Phase 3: Adjust pointers 3.074ms
[1.825s][info   ][gc,phases,start] GC(225) Phase 4: Compact heap
[1.825s][info   ][gc,phases      ] GC(225) Phase 4: Compact heap 0.097ms
[1.826s][info   ][gc,heap        ] GC(225) Eden regions: 1->0(3)
[1.826s][info   ][gc,heap        ] GC(225) Survivor regions: 0->0(0)
[1.826s][info   ][gc,heap        ] GC(225) Old regions: 2->2
[1.826s][info   ][gc,heap        ] GC(225) Archive regions: 2->2
[1.826s][info   ][gc,heap        ] GC(225) Humongous regions: 0->0
[1.826s][info   ][gc,metaspace   ] GC(225) Metaspace: 9512K(9792K)->9512K(9792K) NonClass: 8354K(8512K)->8354K(8512K) Class: 1157K(1280K)->1157K(1280K)
[1.826s][info   ][gc             ] GC(225) Pause Full (System.gc()) 4M->4M(28M) 7.914ms
[1.826s][info   ][gc,cpu         ] GC(225) User=0.01s Sys=0.00s Real=0.01s
[1.826s][info   ][gc,start       ] GC(226) Pause Full (System.gc())
[1.826s][info   ][gc,task        ] GC(226) Using 1 workers of 10 for full compaction
[1.826s][info   ][gc,phases,start] GC(226) Phase 1: Mark live objects
[1.830s][info   ][gc,phases      ] GC(226) Phase 1: Mark live objects 4.216ms
[1.830s][info   ][gc,phases,start] GC(226) Phase 2: Prepare for compaction
[1.831s][info   ][gc,phases      ] GC(226) Phase 2: Prepare for compaction 0.244ms
[1.831s][info   ][gc,phases,start] GC(226) Phase 3: Adjust pointers
[1.833s][info   ][gc,phases      ] GC(226) Phase 3: Adjust pointers 2.018ms
[1.833s][info   ][gc,phases,start] GC(226) Phase 4: Compact heap
[1.833s][info   ][gc,phases      ] GC(226) Phase 4: Compact heap 0.245ms
[1.834s][info   ][gc,heap        ] GC(226) Eden regions: 1->0(3)
[1.834s][info   ][gc,heap        ] GC(226) Survivor regions: 0->0(0)
[1.834s][info   ][gc,heap        ] GC(226) Old regions: 2->2
[1.834s][info   ][gc,heap        ] GC(226) Archive regions: 2->2
[1.834s][info   ][gc,heap        ] GC(226) Humongous regions: 0->0
[1.834s][info   ][gc,metaspace   ] GC(226) Metaspace: 9512K(9792K)->9512K(9792K) NonClass: 8354K(8512K)->8354K(8512K) Class: 1157K(1280K)->1157K(1280K)
[1.834s][info   ][gc             ] GC(226) Pause Full (System.gc()) 4M->4M(28M) 7.356ms
[1.834s][info   ][gc,cpu         ] GC(226) User=0.00s Sys=0.00s Real=0.01s
[1.834s][info   ][gc,start       ] GC(227) Pause Full (System.gc())
[1.834s][info   ][gc,task        ] GC(227) Using 1 workers of 10 for full compaction
[1.834s][info   ][gc,phases,start] GC(227) Phase 1: Mark live objects
[1.839s][info   ][gc,phases      ] GC(227) Phase 1: Mark live objects 5.113ms
[1.839s][info   ][gc,phases,start] GC(227) Phase 2: Prepare for compaction
[1.840s][info   ][gc,phases      ] GC(227) Phase 2: Prepare for compaction 0.272ms
[1.840s][info   ][gc,phases,start] GC(227) Phase 3: Adjust pointers
[1.842s][info   ][gc,phases      ] GC(227) Phase 3: Adjust pointers 2.028ms
[1.842s][info   ][gc,phases,start] GC(227) Phase 4: Compact heap
[1.842s][info   ][gc,phases      ] GC(227) Phase 4: Compact heap 0.208ms
[1.843s][info   ][gc,heap        ] GC(227) Eden regions: 1->0(3)
[1.843s][info   ][gc,heap        ] GC(227) Survivor regions: 0->0(0)
[1.843s][info   ][gc,heap        ] GC(227) Old regions: 2->2
[1.843s][info   ][gc,heap        ] GC(227) Archive regions: 2->2
[1.843s][info   ][gc,heap        ] GC(227) Humongous regions: 0->0
[1.843s][info   ][gc,metaspace   ] GC(227) Metaspace: 9512K(9792K)->9512K(9792K) NonClass: 8354K(8512K)->8354K(8512K) Class: 1157K(1280K)->1157K(1280K)
[1.843s][info   ][gc             ] GC(227) Pause Full (System.gc()) 4M->4M(28M) 8.428ms
[1.843s][info   ][gc,cpu         ] GC(227) User=0.01s Sys=0.00s Real=0.00s
[1.843s][info   ][gc,start       ] GC(228) Pause Full (System.gc())
[1.843s][info   ][gc,task        ] GC(228) Using 1 workers of 10 for full compaction
[1.843s][info   ][gc,phases,start] GC(228) Phase 1: Mark live objects
[1.848s][info   ][gc,phases      ] GC(228) Phase 1: Mark live objects 4.703ms
[1.848s][info   ][gc,phases,start] GC(228) Phase 2: Prepare for compaction
[1.848s][info   ][gc,phases      ] GC(228) Phase 2: Prepare for compaction 0.240ms
[1.848s][info   ][gc,phases,start] GC(228) Phase 3: Adjust pointers
[1.850s][info   ][gc,phases      ] GC(228) Phase 3: Adjust pointers 2.123ms
[1.850s][info   ][gc,phases,start] GC(228) Phase 4: Compact heap
[1.850s][info   ][gc,phases      ] GC(228) Phase 4: Compact heap 0.289ms
[1.851s][info   ][gc,heap        ] GC(228) Eden regions: 0->0(3)
[1.851s][info   ][gc,heap        ] GC(228) Survivor regions: 0->0(0)
[1.851s][info   ][gc,heap        ] GC(228) Old regions: 2->2
[1.851s][info   ][gc,heap        ] GC(228) Archive regions: 2->2
[1.851s][info   ][gc,heap        ] GC(228) Humongous regions: 0->0
[1.851s][info   ][gc,metaspace   ] GC(228) Metaspace: 9512K(9792K)->9512K(9792K) NonClass: 8354K(8512K)->8354K(8512K) Class: 1157K(1280K)->1157K(1280K)
[1.851s][info   ][gc             ] GC(228) Pause Full (System.gc()) 4M->4M(28M) 8.211ms
[1.851s][info   ][gc,cpu         ] GC(228) User=0.01s Sys=0.00s Real=0.01s
[1.852s][info   ][gc,start       ] GC(229) Pause Full (System.gc())
[1.852s][info   ][gc,task        ] GC(229) Using 1 workers of 10 for full compaction
[1.852s][info   ][gc,phases,start] GC(229) Phase 1: Mark live objects
[1.857s][info   ][gc,phases      ] GC(229) Phase 1: Mark live objects 5.357ms
[1.857s][info   ][gc,phases,start] GC(229) Phase 2: Prepare for compaction
[1.857s][info   ][gc,phases      ] GC(229) Phase 2: Prepare for compaction 0.178ms
[1.857s][info   ][gc,phases,start] GC(229) Phase 3: Adjust pointers
[1.859s][info   ][gc,phases      ] GC(229) Phase 3: Adjust pointers 1.910ms
[1.859s][info   ][gc,phases,start] GC(229) Phase 4: Compact heap
[1.860s][info   ][gc,phases      ] GC(229) Phase 4: Compact heap 0.292ms
[1.860s][info   ][gc,heap        ] GC(229) Eden regions: 1->0(3)
[1.860s][info   ][gc,heap        ] GC(229) Survivor regions: 0->0(0)
[1.860s][info   ][gc,heap        ] GC(229) Old regions: 2->2
[1.860s][info   ][gc,heap        ] GC(229) Archive regions: 2->2
[1.860s][info   ][gc,heap        ] GC(229) Humongous regions: 0->0
[1.860s][info   ][gc,metaspace   ] GC(229) Metaspace: 9512K(9792K)->9512K(9792K) NonClass: 8354K(8512K)->8354K(8512K) Class: 1157K(1280K)->1157K(1280K)
[1.860s][info   ][gc             ] GC(229) Pause Full (System.gc()) 4M->4M(28M) 8.404ms
[1.860s][info   ][gc,cpu         ] GC(229) User=0.01s Sys=0.00s Real=0.01s
[1.860s][info   ][gc,start       ] GC(230) Pause Full (System.gc())
[1.860s][info   ][gc,task        ] GC(230) Using 1 workers of 10 for full compaction
[1.860s][info   ][gc,phases,start] GC(230) Phase 1: Mark live objects
[1.864s][info   ][gc,phases      ] GC(230) Phase 1: Mark live objects 3.177ms
[1.864s][info   ][gc,phases,start] GC(230) Phase 2: Prepare for compaction
[1.864s][info   ][gc,phases      ] GC(230) Phase 2: Prepare for compaction 0.221ms
[1.864s][info   ][gc,phases,start] GC(230) Phase 3: Adjust pointers
[1.866s][info   ][gc,phases      ] GC(230) Phase 3: Adjust pointers 1.696ms
[1.866s][info   ][gc,phases,start] GC(230) Phase 4: Compact heap
[1.866s][info   ][gc,phases      ] GC(230) Phase 4: Compact heap 0.173ms
[1.866s][info   ][gc,heap        ] GC(230) Eden regions: 0->0(3)
[1.866s][info   ][gc,heap        ] GC(230) Survivor regions: 0->0(0)
[1.866s][info   ][gc,heap        ] GC(230) Old regions: 2->2
[1.866s][info   ][gc,heap        ] GC(230) Archive regions: 2->2
[1.866s][info   ][gc,heap        ] GC(230) Humongous regions: 0->0
[1.866s][info   ][gc,metaspace   ] GC(230) Metaspace: 9512K(9792K)->9512K(9792K) NonClass: 8354K(8512K)->8354K(8512K) Class: 1157K(1280K)->1157K(1280K)
[1.866s][info   ][gc             ] GC(230) Pause Full (System.gc()) 4M->4M(28M) 5.944ms
[1.866s][info   ][gc,cpu         ] GC(230) User=0.00s Sys=0.00s Real=0.01s
[1.867s][info   ][gc,start       ] GC(231) Pause Full (System.gc())
[1.867s][info   ][gc,task        ] GC(231) Using 1 workers of 10 for full compaction
[1.867s][info   ][gc,phases,start] GC(231) Phase 1: Mark live objects
[1.870s][info   ][gc,phases      ] GC(231) Phase 1: Mark live objects 2.935ms
[1.870s][info   ][gc,phases,start] GC(231) Phase 2: Prepare for compaction
[1.870s][info   ][gc,phases      ] GC(231) Phase 2: Prepare for compaction 0.210ms
[1.870s][info   ][gc,phases,start] GC(231) Phase 3: Adjust pointers
[1.872s][info   ][gc,phases      ] GC(231) Phase 3: Adjust pointers 1.589ms
[1.872s][info   ][gc,phases,start] GC(231) Phase 4: Compact heap
[1.872s][info   ][gc,phases      ] GC(231) Phase 4: Compact heap 0.163ms
[1.872s][info   ][gc,heap        ] GC(231) Eden regions: 1->0(3)
[1.872s][info   ][gc,heap        ] GC(231) Survivor regions: 0->0(0)
[1.872s][info   ][gc,heap        ] GC(231) Old regions: 2->2
[1.872s][info   ][gc,heap        ] GC(231) Archive regions: 2->2
[1.872s][info   ][gc,heap        ] GC(231) Humongous regions: 0->0
[1.872s][info   ][gc,metaspace   ] GC(231) Metaspace: 9512K(9792K)->9512K(9792K) NonClass: 8354K(8512K)->8354K(8512K) Class: 1157K(1280K)->1157K(1280K)
[1.872s][info   ][gc             ] GC(231) Pause Full (System.gc()) 4M->4M(28M) 5.545ms
[1.872s][info   ][gc,cpu         ] GC(231) User=0.01s Sys=0.00s Real=0.00s
[1.873s][info   ][gc,start       ] GC(232) Pause Full (System.gc())
[1.873s][info   ][gc,task        ] GC(232) Using 1 workers of 10 for full compaction
[1.873s][info   ][gc,phases,start] GC(232) Phase 1: Mark live objects
[1.876s][info   ][gc,phases      ] GC(232) Phase 1: Mark live objects 2.703ms
[1.876s][info   ][gc,phases,start] GC(232) Phase 2: Prepare for compaction
[1.876s][info   ][gc,phases      ] GC(232) Phase 2: Prepare for compaction 0.225ms
[1.876s][info   ][gc,phases,start] GC(232) Phase 3: Adjust pointers
[1.877s][info   ][gc,phases      ] GC(232) Phase 3: Adjust pointers 1.480ms
[1.877s][info   ][gc,phases,start] GC(232) Phase 4: Compact heap
[1.878s][info   ][gc,phases      ] GC(232) Phase 4: Compact heap 0.232ms
[1.878s][info   ][gc,heap        ] GC(232) Eden regions: 1->0(3)
[1.878s][info   ][gc,heap        ] GC(232) Survivor regions: 0->0(0)
[1.878s][info   ][gc,heap        ] GC(232) Old regions: 2->2
[1.878s][info   ][gc,heap        ] GC(232) Archive regions: 2->2
[1.878s][info   ][gc,heap        ] GC(232) Humongous regions: 0->0
[1.878s][info   ][gc,metaspace   ] GC(232) Metaspace: 9512K(9792K)->9512K(9792K) NonClass: 8354K(8512K)->8354K(8512K) Class: 1157K(1280K)->1157K(1280K)
[1.878s][info   ][gc             ] GC(232) Pause Full (System.gc()) 4M->4M(28M) 5.239ms
[1.878s][info   ][gc,cpu         ] GC(232) User=0.00s Sys=0.00s Real=0.01s
[1.878s][info   ][gc,start       ] GC(233) Pause Full (System.gc())
[1.878s][info   ][gc,task        ] GC(233) Using 1 workers of 10 for full compaction
[1.878s][info   ][gc,phases,start] GC(233) Phase 1: Mark live objects
[1.881s][info   ][gc,phases      ] GC(233) Phase 1: Mark live objects 2.623ms
[1.881s][info   ][gc,phases,start] GC(233) Phase 2: Prepare for compaction
[1.881s][info   ][gc,phases      ] GC(233) Phase 2: Prepare for compaction 0.105ms
[1.881s][info   ][gc,phases,start] GC(233) Phase 3: Adjust pointers
[1.882s][info   ][gc,phases      ] GC(233) Phase 3: Adjust pointers 1.276ms
[1.882s][info   ][gc,phases,start] GC(233) Phase 4: Compact heap
[1.883s][info   ][gc,phases      ] GC(233) Phase 4: Compact heap 0.109ms
[1.883s][info   ][gc,heap        ] GC(233) Eden regions: 0->0(3)
[1.883s][info   ][gc,heap        ] GC(233) Survivor regions: 0->0(0)
[1.883s][info   ][gc,heap        ] GC(233) Old regions: 2->2
[1.883s][info   ][gc,heap        ] GC(233) Archive regions: 2->2
[1.883s][info   ][gc,heap        ] GC(233) Humongous regions: 0->0
[1.883s][info   ][gc,metaspace   ] GC(233) Metaspace: 9512K(9792K)->9512K(9792K) NonClass: 8354K(8512K)->8354K(8512K) Class: 1157K(1280K)->1157K(1280K)
[1.883s][info   ][gc             ] GC(233) Pause Full (System.gc()) 4M->4M(28M) 4.482ms
[1.883s][info   ][gc,cpu         ] GC(233) User=0.00s Sys=0.00s Real=0.00s
[1.883s][info   ][gc,start       ] GC(234) Pause Full (System.gc())
[1.883s][info   ][gc,task        ] GC(234) Using 1 workers of 10 for full compaction
[1.883s][info   ][gc,phases,start] GC(234) Phase 1: Mark live objects
[1.887s][info   ][gc,phases      ] GC(234) Phase 1: Mark live objects 3.436ms
[1.887s][info   ][gc,phases,start] GC(234) Phase 2: Prepare for compaction
[1.887s][info   ][gc,phases      ] GC(234) Phase 2: Prepare for compaction 0.242ms
[1.887s][info   ][gc,phases,start] GC(234) Phase 3: Adjust pointers
[1.889s][info   ][gc,phases      ] GC(234) Phase 3: Adjust pointers 1.561ms
[1.889s][info   ][gc,phases,start] GC(234) Phase 4: Compact heap
[1.889s][info   ][gc,phases      ] GC(234) Phase 4: Compact heap 0.143ms
[1.889s][info   ][gc,heap        ] GC(234) Eden regions: 1->0(3)
[1.889s][info   ][gc,heap        ] GC(234) Survivor regions: 0->0(0)
[1.889s][info   ][gc,heap        ] GC(234) Old regions: 2->2
[1.889s][info   ][gc,heap        ] GC(234) Archive regions: 2->2
[1.889s][info   ][gc,heap        ] GC(234) Humongous regions: 0->0
[1.889s][info   ][gc,metaspace   ] GC(234) Metaspace: 9513K(9792K)->9513K(9792K) NonClass: 8356K(8512K)->8356K(8512K) Class: 1157K(1280K)->1157K(1280K)
[1.889s][info   ][gc             ] GC(234) Pause Full (System.gc()) 4M->4M(28M) 5.913ms
[1.889s][info   ][gc,cpu         ] GC(234) User=0.00s Sys=0.00s Real=0.00s
[1.890s][info   ][gc,start       ] GC(235) Pause Full (System.gc())
[1.890s][info   ][gc,task        ] GC(235) Using 1 workers of 10 for full compaction
[1.890s][info   ][gc,phases,start] GC(235) Phase 1: Mark live objects
[1.893s][info   ][gc,phases      ] GC(235) Phase 1: Mark live objects 3.226ms
[1.893s][info   ][gc,phases,start] GC(235) Phase 2: Prepare for compaction
[1.893s][info   ][gc,phases      ] GC(235) Phase 2: Prepare for compaction 0.232ms
[1.893s][info   ][gc,phases,start] GC(235) Phase 3: Adjust pointers
[1.895s][info   ][gc,phases      ] GC(235) Phase 3: Adjust pointers 2.075ms
[1.895s][info   ][gc,phases,start] GC(235) Phase 4: Compact heap
[1.895s][info   ][gc,phases      ] GC(235) Phase 4: Compact heap 0.247ms
[1.896s][info   ][gc,heap        ] GC(235) Eden regions: 0->0(3)
[1.896s][info   ][gc,heap        ] GC(235) Survivor regions: 0->0(0)
[1.896s][info   ][gc,heap        ] GC(235) Old regions: 2->2
[1.896s][info   ][gc,heap        ] GC(235) Archive regions: 2->2
[1.896s][info   ][gc,heap        ] GC(235) Humongous regions: 0->0
[1.896s][info   ][gc,metaspace   ] GC(235) Metaspace: 9513K(9792K)->9513K(9792K) NonClass: 8356K(8512K)->8356K(8512K) Class: 1157K(1280K)->1157K(1280K)
[1.896s][info   ][gc             ] GC(235) Pause Full (System.gc()) 4M->4M(28M) 6.423ms
[1.896s][info   ][gc,cpu         ] GC(235) User=0.01s Sys=0.00s Real=0.01s
[1.897s][info   ][gc,start       ] GC(236) Pause Full (System.gc())
[1.897s][info   ][gc,task        ] GC(236) Using 1 workers of 10 for full compaction
[1.897s][info   ][gc,phases,start] GC(236) Phase 1: Mark live objects
[1.901s][info   ][gc,phases      ] GC(236) Phase 1: Mark live objects 4.462ms
[1.901s][info   ][gc,phases,start] GC(236) Phase 2: Prepare for compaction
[1.902s][info   ][gc,phases      ] GC(236) Phase 2: Prepare for compaction 0.290ms
[1.902s][info   ][gc,phases,start] GC(236) Phase 3: Adjust pointers
[1.903s][info   ][gc,phases      ] GC(236) Phase 3: Adjust pointers 1.888ms
[1.903s][info   ][gc,phases,start] GC(236) Phase 4: Compact heap
[1.904s][info   ][gc,phases      ] GC(236) Phase 4: Compact heap 0.168ms
[1.904s][info   ][gc,heap        ] GC(236) Eden regions: 1->0(3)
[1.904s][info   ][gc,heap        ] GC(236) Survivor regions: 0->0(0)
[1.905s][info   ][gc,heap        ] GC(236) Old regions: 2->2
[1.905s][info   ][gc,heap        ] GC(236) Archive regions: 2->2
[1.905s][info   ][gc,heap        ] GC(236) Humongous regions: 0->0
[1.905s][info   ][gc,metaspace   ] GC(236) Metaspace: 9513K(9792K)->9513K(9792K) NonClass: 8356K(8512K)->8356K(8512K) Class: 1157K(1280K)->1157K(1280K)
[1.905s][info   ][gc             ] GC(236) Pause Full (System.gc()) 4M->4M(28M) 7.852ms
[1.905s][info   ][gc,cpu         ] GC(236) User=0.00s Sys=0.00s Real=0.01s
[1.905s][info   ][gc,start       ] GC(237) Pause Full (System.gc())
[1.905s][info   ][gc,task        ] GC(237) Using 1 workers of 10 for full compaction
[1.905s][info   ][gc,phases,start] GC(237) Phase 1: Mark live objects
[1.910s][info   ][gc,phases      ] GC(237) Phase 1: Mark live objects 5.434ms
[1.910s][info   ][gc,phases,start] GC(237) Phase 2: Prepare for compaction
[1.911s][info   ][gc,phases      ] GC(237) Phase 2: Prepare for compaction 0.279ms
[1.911s][info   ][gc,phases,start] GC(237) Phase 3: Adjust pointers
[1.913s][info   ][gc,phases      ] GC(237) Phase 3: Adjust pointers 2.834ms
[1.914s][info   ][gc,phases,start] GC(237) Phase 4: Compact heap
[1.914s][info   ][gc,phases      ] GC(237) Phase 4: Compact heap 0.234ms
[1.915s][info   ][gc,heap        ] GC(237) Eden regions: 1->0(3)
[1.915s][info   ][gc,heap        ] GC(237) Survivor regions: 0->0(0)
[1.915s][info   ][gc,heap        ] GC(237) Old regions: 2->2
[1.915s][info   ][gc,heap        ] GC(237) Archive regions: 2->2
[1.915s][info   ][gc,heap        ] GC(237) Humongous regions: 0->0
[1.915s][info   ][gc,metaspace   ] GC(237) Metaspace: 9513K(9792K)->9513K(9792K) NonClass: 8356K(8512K)->8356K(8512K) Class: 1157K(1280K)->1157K(1280K)
[1.915s][info   ][gc             ] GC(237) Pause Full (System.gc()) 4M->4M(28M) 9.806ms
[1.915s][info   ][gc,cpu         ] GC(237) User=0.01s Sys=0.00s Real=0.01s
[1.915s][info   ][gc,start       ] GC(238) Pause Full (System.gc())
[1.915s][info   ][gc,task        ] GC(238) Using 1 workers of 10 for full compaction
[1.915s][info   ][gc,phases,start] GC(238) Phase 1: Mark live objects
[1.920s][info   ][gc,phases      ] GC(238) Phase 1: Mark live objects 4.941ms
[1.920s][info   ][gc,phases,start] GC(238) Phase 2: Prepare for compaction
[1.920s][info   ][gc,phases      ] GC(238) Phase 2: Prepare for compaction 0.173ms
[1.920s][info   ][gc,phases,start] GC(238) Phase 3: Adjust pointers
[1.923s][info   ][gc,phases      ] GC(238) Phase 3: Adjust pointers 2.965ms
[1.923s][info   ][gc,phases,start] GC(238) Phase 4: Compact heap
[1.924s][info   ][gc,phases      ] GC(238) Phase 4: Compact heap 0.303ms
[1.924s][info   ][gc,heap        ] GC(238) Eden regions: 1->0(3)
[1.925s][info   ][gc,heap        ] GC(238) Survivor regions: 0->0(0)
[1.925s][info   ][gc,heap        ] GC(238) Old regions: 2->2
[1.925s][info   ][gc,heap        ] GC(238) Archive regions: 2->2
[1.925s][info   ][gc,heap        ] GC(238) Humongous regions: 0->0
[1.925s][info   ][gc,metaspace   ] GC(238) Metaspace: 9513K(9792K)->9513K(9792K) NonClass: 8356K(8512K)->8356K(8512K) Class: 1157K(1280K)->1157K(1280K)
[1.925s][info   ][gc             ] GC(238) Pause Full (System.gc()) 4M->4M(28M) 9.406ms
[1.925s][info   ][gc,cpu         ] GC(238) User=0.01s Sys=0.00s Real=0.01s
[1.925s][info   ][gc,start       ] GC(239) Pause Full (System.gc())
[1.925s][info   ][gc,task        ] GC(239) Using 1 workers of 10 for full compaction
[1.925s][info   ][gc,phases,start] GC(239) Phase 1: Mark live objects
[1.929s][info   ][gc,phases      ] GC(239) Phase 1: Mark live objects 4.406ms
[1.929s][info   ][gc,phases,start] GC(239) Phase 2: Prepare for compaction
[1.930s][info   ][gc,phases      ] GC(239) Phase 2: Prepare for compaction 0.278ms
[1.930s][info   ][gc,phases,start] GC(239) Phase 3: Adjust pointers
[1.932s][info   ][gc,phases      ] GC(239) Phase 3: Adjust pointers 1.900ms
[1.932s][info   ][gc,phases,start] GC(239) Phase 4: Compact heap
[1.932s][info   ][gc,phases      ] GC(239) Phase 4: Compact heap 0.151ms
[1.933s][info   ][gc,heap        ] GC(239) Eden regions: 0->0(3)
[1.933s][info   ][gc,heap        ] GC(239) Survivor regions: 0->0(0)
[1.933s][info   ][gc,heap        ] GC(239) Old regions: 2->2
[1.933s][info   ][gc,heap        ] GC(239) Archive regions: 2->2
[1.933s][info   ][gc,heap        ] GC(239) Humongous regions: 0->0
[1.933s][info   ][gc,metaspace   ] GC(239) Metaspace: 9513K(9792K)->9513K(9792K) NonClass: 8356K(8512K)->8356K(8512K) Class: 1157K(1280K)->1157K(1280K)
[1.933s][info   ][gc             ] GC(239) Pause Full (System.gc()) 4M->4M(28M) 7.699ms
[1.933s][info   ][gc,cpu         ] GC(239) User=0.01s Sys=0.00s Real=0.00s
[1.933s][info   ][gc,start       ] GC(240) Pause Full (System.gc())
[1.933s][info   ][gc,task        ] GC(240) Using 1 workers of 10 for full compaction
[1.933s][info   ][gc,phases,start] GC(240) Phase 1: Mark live objects
[1.937s][info   ][gc,phases      ] GC(240) Phase 1: Mark live objects 3.970ms
[1.937s][info   ][gc,phases,start] GC(240) Phase 2: Prepare for compaction
[1.938s][info   ][gc,phases      ] GC(240) Phase 2: Prepare for compaction 0.295ms
[1.938s][info   ][gc,phases,start] GC(240) Phase 3: Adjust pointers
[1.940s][info   ][gc,phases      ] GC(240) Phase 3: Adjust pointers 2.241ms
[1.940s][info   ][gc,phases,start] GC(240) Phase 4: Compact heap
[1.940s][info   ][gc,phases      ] GC(240) Phase 4: Compact heap 0.076ms
[1.941s][info   ][gc,heap        ] GC(240) Eden regions: 1->0(3)
[1.941s][info   ][gc,heap        ] GC(240) Survivor regions: 0->0(0)
[1.941s][info   ][gc,heap        ] GC(240) Old regions: 2->2
[1.941s][info   ][gc,heap        ] GC(240) Archive regions: 2->2
[1.941s][info   ][gc,heap        ] GC(240) Humongous regions: 0->0
[1.941s][info   ][gc,metaspace   ] GC(240) Metaspace: 9513K(9792K)->9513K(9792K) NonClass: 8356K(8512K)->8356K(8512K) Class: 1157K(1280K)->1157K(1280K)
[1.941s][info   ][gc             ] GC(240) Pause Full (System.gc()) 4M->4M(28M) 7.438ms
[1.941s][info   ][gc,cpu         ] GC(240) User=0.01s Sys=0.00s Real=0.01s
[1.941s][info   ][gc,start       ] GC(241) Pause Full (System.gc())
[1.941s][info   ][gc,task        ] GC(241) Using 1 workers of 10 for full compaction
[1.941s][info   ][gc,phases,start] GC(241) Phase 1: Mark live objects
[1.946s][info   ][gc,phases      ] GC(241) Phase 1: Mark live objects 4.867ms
[1.946s][info   ][gc,phases,start] GC(241) Phase 2: Prepare for compaction
[1.946s][info   ][gc,phases      ] GC(241) Phase 2: Prepare for compaction 0.284ms
[1.946s][info   ][gc,phases,start] GC(241) Phase 3: Adjust pointers
[1.948s][info   ][gc,phases      ] GC(241) Phase 3: Adjust pointers 1.968ms
[1.948s][info   ][gc,phases,start] GC(241) Phase 4: Compact heap
[1.948s][info   ][gc,phases      ] GC(241) Phase 4: Compact heap 0.279ms
[1.949s][info   ][gc,heap        ] GC(241) Eden regions: 0->0(3)
[1.949s][info   ][gc,heap        ] GC(241) Survivor regions: 0->0(0)
[1.949s][info   ][gc,heap        ] GC(241) Old regions: 2->2
[1.949s][info   ][gc,heap        ] GC(241) Archive regions: 2->2
[1.949s][info   ][gc,heap        ] GC(241) Humongous regions: 0->0
[1.949s][info   ][gc,metaspace   ] GC(241) Metaspace: 9513K(9792K)->9513K(9792K) NonClass: 8356K(8512K)->8356K(8512K) Class: 1157K(1280K)->1157K(1280K)
[1.949s][info   ][gc             ] GC(241) Pause Full (System.gc()) 4M->4M(28M) 8.173ms
[1.949s][info   ][gc,cpu         ] GC(241) User=0.00s Sys=0.00s Real=0.01s
[1.950s][info   ][gc,start       ] GC(242) Pause Full (System.gc())
[1.950s][info   ][gc,task        ] GC(242) Using 1 workers of 10 for full compaction
[1.950s][info   ][gc,phases,start] GC(242) Phase 1: Mark live objects
[1.954s][info   ][gc,phases      ] GC(242) Phase 1: Mark live objects 3.990ms
[1.954s][info   ][gc,phases,start] GC(242) Phase 2: Prepare for compaction
[1.954s][info   ][gc,phases      ] GC(242) Phase 2: Prepare for compaction 0.283ms
[1.954s][info   ][gc,phases,start] GC(242) Phase 3: Adjust pointers
[1.956s][info   ][gc,phases      ] GC(242) Phase 3: Adjust pointers 1.626ms
[1.956s][info   ][gc,phases,start] GC(242) Phase 4: Compact heap
[1.956s][info   ][gc,phases      ] GC(242) Phase 4: Compact heap 0.245ms
[1.957s][info   ][gc,heap        ] GC(242) Eden regions: 1->0(3)
[1.957s][info   ][gc,heap        ] GC(242) Survivor regions: 0->0(0)
[1.957s][info   ][gc,heap        ] GC(242) Old regions: 2->2
[1.957s][info   ][gc,heap        ] GC(242) Archive regions: 2->2
[1.957s][info   ][gc,heap        ] GC(242) Humongous regions: 0->0
[1.957s][info   ][gc,metaspace   ] GC(242) Metaspace: 9513K(9792K)->9513K(9792K) NonClass: 8356K(8512K)->8356K(8512K) Class: 1157K(1280K)->1157K(1280K)
[1.957s][info   ][gc             ] GC(242) Pause Full (System.gc()) 4M->4M(28M) 6.740ms
[1.957s][info   ][gc,cpu         ] GC(242) User=0.01s Sys=0.00s Real=0.01s
[1.957s][info   ][gc,start       ] GC(243) Pause Full (System.gc())
[1.957s][info   ][gc,task        ] GC(243) Using 1 workers of 10 for full compaction
[1.957s][info   ][gc,phases,start] GC(243) Phase 1: Mark live objects
[1.959s][info   ][gc,phases      ] GC(243) Phase 1: Mark live objects 2.324ms
[1.959s][info   ][gc,phases,start] GC(243) Phase 2: Prepare for compaction
[1.959s][info   ][gc,phases      ] GC(243) Phase 2: Prepare for compaction 0.068ms
[1.959s][info   ][gc,phases,start] GC(243) Phase 3: Adjust pointers
[1.960s][info   ][gc,phases      ] GC(243) Phase 3: Adjust pointers 1.019ms
[1.960s][info   ][gc,phases,start] GC(243) Phase 4: Compact heap
[1.960s][info   ][gc,phases      ] GC(243) Phase 4: Compact heap 0.136ms
[1.961s][info   ][gc,heap        ] GC(243) Eden regions: 0->0(3)
[1.961s][info   ][gc,heap        ] GC(243) Survivor regions: 0->0(0)
[1.961s][info   ][gc,heap        ] GC(243) Old regions: 2->2
[1.961s][info   ][gc,heap        ] GC(243) Archive regions: 2->2
[1.961s][info   ][gc,heap        ] GC(243) Humongous regions: 0->0
[1.961s][info   ][gc,metaspace   ] GC(243) Metaspace: 9513K(9792K)->9513K(9792K) NonClass: 8356K(8512K)->8356K(8512K) Class: 1157K(1280K)->1157K(1280K)
[1.961s][info   ][gc             ] GC(243) Pause Full (System.gc()) 4M->4M(28M) 4.036ms
[1.961s][info   ][gc,cpu         ] GC(243) User=0.00s Sys=0.00s Real=0.00s
[1.962s][info   ][gc,start       ] GC(244) Pause Full (System.gc())
[1.962s][info   ][gc,task        ] GC(244) Using 1 workers of 10 for full compaction
[1.962s][info   ][gc,phases,start] GC(244) Phase 1: Mark live objects
[1.964s][info   ][gc,phases      ] GC(244) Phase 1: Mark live objects 2.362ms
[1.964s][info   ][gc,phases,start] GC(244) Phase 2: Prepare for compaction
[1.964s][info   ][gc,phases      ] GC(244) Phase 2: Prepare for compaction 0.171ms
[1.964s][info   ][gc,phases,start] GC(244) Phase 3: Adjust pointers
[1.965s][info   ][gc,phases      ] GC(244) Phase 3: Adjust pointers 1.050ms
[1.965s][info   ][gc,phases,start] GC(244) Phase 4: Compact heap
[1.966s][info   ][gc,phases      ] GC(244) Phase 4: Compact heap 0.166ms
[1.966s][info   ][gc,heap        ] GC(244) Eden regions: 1->0(3)
[1.966s][info   ][gc,heap        ] GC(244) Survivor regions: 0->0(0)
[1.966s][info   ][gc,heap        ] GC(244) Old regions: 2->2
[1.966s][info   ][gc,heap        ] GC(244) Archive regions: 2->2
[1.966s][info   ][gc,heap        ] GC(244) Humongous regions: 0->0
[1.966s][info   ][gc,metaspace   ] GC(244) Metaspace: 9513K(9792K)->9513K(9792K) NonClass: 8356K(8512K)->8356K(8512K) Class: 1157K(1280K)->1157K(1280K)
[1.966s][info   ][gc             ] GC(244) Pause Full (System.gc()) 4M->4M(28M) 4.277ms
[1.966s][info   ][gc,cpu         ] GC(244) User=0.01s Sys=0.00s Real=0.01s
[1.966s][info   ][gc,start       ] GC(245) Pause Full (System.gc())
[1.966s][info   ][gc,task        ] GC(245) Using 1 workers of 10 for full compaction
[1.966s][info   ][gc,phases,start] GC(245) Phase 1: Mark live objects
[1.969s][info   ][gc,phases      ] GC(245) Phase 1: Mark live objects 2.247ms
[1.969s][info   ][gc,phases,start] GC(245) Phase 2: Prepare for compaction
[1.969s][info   ][gc,phases      ] GC(245) Phase 2: Prepare for compaction 0.161ms
[1.969s][info   ][gc,phases,start] GC(245) Phase 3: Adjust pointers
[1.970s][info   ][gc,phases      ] GC(245) Phase 3: Adjust pointers 1.027ms
[1.970s][info   ][gc,phases,start] GC(245) Phase 4: Compact heap
[1.970s][info   ][gc,phases      ] GC(245) Phase 4: Compact heap 0.227ms
[1.970s][info   ][gc,heap        ] GC(245) Eden regions: 0->0(3)
[1.970s][info   ][gc,heap        ] GC(245) Survivor regions: 0->0(0)
[1.970s][info   ][gc,heap        ] GC(245) Old regions: 2->2
[1.970s][info   ][gc,heap        ] GC(245) Archive regions: 2->2
[1.970s][info   ][gc,heap        ] GC(245) Humongous regions: 0->0
[1.970s][info   ][gc,metaspace   ] GC(245) Metaspace: 9513K(9792K)->9513K(9792K) NonClass: 8356K(8512K)->8356K(8512K) Class: 1157K(1280K)->1157K(1280K)
[1.970s][info   ][gc             ] GC(245) Pause Full (System.gc()) 4M->4M(28M) 4.207ms
[1.970s][info   ][gc,cpu         ] GC(245) User=0.00s Sys=0.00s Real=0.00s
[1.971s][info   ][gc,start       ] GC(246) Pause Full (System.gc())
[1.971s][info   ][gc,task        ] GC(246) Using 1 workers of 10 for full compaction
[1.971s][info   ][gc,phases,start] GC(246) Phase 1: Mark live objects
[1.973s][info   ][gc,phases      ] GC(246) Phase 1: Mark live objects 2.269ms
[1.973s][info   ][gc,phases,start] GC(246) Phase 2: Prepare for compaction
[1.973s][info   ][gc,phases      ] GC(246) Phase 2: Prepare for compaction 0.169ms
[1.973s][info   ][gc,phases,start] GC(246) Phase 3: Adjust pointers
[1.974s][info   ][gc,phases      ] GC(246) Phase 3: Adjust pointers 1.031ms
[1.974s][info   ][gc,phases,start] GC(246) Phase 4: Compact heap
[1.974s][info   ][gc,phases      ] GC(246) Phase 4: Compact heap 0.164ms
[1.975s][info   ][gc,heap        ] GC(246) Eden regions: 0->0(3)
[1.975s][info   ][gc,heap        ] GC(246) Survivor regions: 0->0(0)
[1.975s][info   ][gc,heap        ] GC(246) Old regions: 2->2
[1.975s][info   ][gc,heap        ] GC(246) Archive regions: 2->2
[1.975s][info   ][gc,heap        ] GC(246) Humongous regions: 0->0
[1.975s][info   ][gc,metaspace   ] GC(246) Metaspace: 9513K(9792K)->9513K(9792K) NonClass: 8356K(8512K)->8356K(8512K) Class: 1157K(1280K)->1157K(1280K)
[1.975s][info   ][gc             ] GC(246) Pause Full (System.gc()) 4M->4M(28M) 3.966ms
[1.975s][info   ][gc,cpu         ] GC(246) User=0.01s Sys=0.00s Real=0.01s
[1.975s][info   ][gc,start       ] GC(247) Pause Full (System.gc())
[1.975s][info   ][gc,task        ] GC(247) Using 1 workers of 10 for full compaction
[1.975s][info   ][gc,phases,start] GC(247) Phase 1: Mark live objects
[1.977s][info   ][gc,phases      ] GC(247) Phase 1: Mark live objects 2.322ms
[1.977s][info   ][gc,phases,start] GC(247) Phase 2: Prepare for compaction
[1.977s][info   ][gc,phases      ] GC(247) Phase 2: Prepare for compaction 0.176ms
[1.977s][info   ][gc,phases,start] GC(247) Phase 3: Adjust pointers
[1.978s][info   ][gc,phases      ] GC(247) Phase 3: Adjust pointers 1.027ms
[1.978s][info   ][gc,phases,start] GC(247) Phase 4: Compact heap
[1.979s][info   ][gc,phases      ] GC(247) Phase 4: Compact heap 0.269ms
[1.979s][info   ][gc,heap        ] GC(247) Eden regions: 0->0(3)
[1.979s][info   ][gc,heap        ] GC(247) Survivor regions: 0->0(0)
[1.979s][info   ][gc,heap        ] GC(247) Old regions: 2->2
[1.979s][info   ][gc,heap        ] GC(247) Archive regions: 2->2
[1.979s][info   ][gc,heap        ] GC(247) Humongous regions: 0->0
[1.979s][info   ][gc,metaspace   ] GC(247) Metaspace: 9513K(9792K)->9513K(9792K) NonClass: 8356K(8512K)->8356K(8512K) Class: 1157K(1280K)->1157K(1280K)
[1.979s][info   ][gc             ] GC(247) Pause Full (System.gc()) 4M->4M(28M) 4.305ms
[1.979s][info   ][gc,cpu         ] GC(247) User=0.00s Sys=0.00s Real=0.00s
[1.979s][info   ][gc,start       ] GC(248) Pause Full (System.gc())
[1.979s][info   ][gc,task        ] GC(248) Using 1 workers of 10 for full compaction
[1.979s][info   ][gc,phases,start] GC(248) Phase 1: Mark live objects
[1.982s][info   ][gc,phases      ] GC(248) Phase 1: Mark live objects 2.193ms
[1.982s][info   ][gc,phases,start] GC(248) Phase 2: Prepare for compaction
[1.982s][info   ][gc,phases      ] GC(248) Phase 2: Prepare for compaction 0.174ms
[1.982s][info   ][gc,phases,start] GC(248) Phase 3: Adjust pointers
[1.983s][info   ][gc,phases      ] GC(248) Phase 3: Adjust pointers 1.126ms
[1.983s][info   ][gc,phases,start] GC(248) Phase 4: Compact heap
[1.983s][info   ][gc,phases      ] GC(248) Phase 4: Compact heap 0.285ms
[1.984s][info   ][gc,heap        ] GC(248) Eden regions: 1->0(3)
[1.984s][info   ][gc,heap        ] GC(248) Survivor regions: 0->0(0)
[1.984s][info   ][gc,heap        ] GC(248) Old regions: 2->2
[1.984s][info   ][gc,heap        ] GC(248) Archive regions: 2->2
[1.984s][info   ][gc,heap        ] GC(248) Humongous regions: 0->0
[1.984s][info   ][gc,metaspace   ] GC(248) Metaspace: 9513K(9792K)->9513K(9792K) NonClass: 8356K(8512K)->8356K(8512K) Class: 1157K(1280K)->1157K(1280K)
[1.984s][info   ][gc             ] GC(248) Pause Full (System.gc()) 4M->4M(28M) 4.196ms
[1.984s][info   ][gc,cpu         ] GC(248) User=0.00s Sys=0.00s Real=0.01s
[1.984s][info   ][gc,start       ] GC(249) Pause Full (System.gc())
[1.984s][info   ][gc,task        ] GC(249) Using 1 workers of 10 for full compaction
[1.984s][info   ][gc,phases,start] GC(249) Phase 1: Mark live objects
[1.986s][info   ][gc,phases      ] GC(249) Phase 1: Mark live objects 2.300ms
[1.986s][info   ][gc,phases,start] GC(249) Phase 2: Prepare for compaction
[1.987s][info   ][gc,phases      ] GC(249) Phase 2: Prepare for compaction 0.147ms
[1.987s][info   ][gc,phases,start] GC(249) Phase 3: Adjust pointers
[1.988s][info   ][gc,phases      ] GC(249) Phase 3: Adjust pointers 1.030ms
[1.988s][info   ][gc,phases,start] GC(249) Phase 4: Compact heap
[1.988s][info   ][gc,phases      ] GC(249) Phase 4: Compact heap 0.162ms
[1.988s][info   ][gc,heap        ] GC(249) Eden regions: 1->0(3)
[1.988s][info   ][gc,heap        ] GC(249) Survivor regions: 0->0(0)
[1.988s][info   ][gc,heap        ] GC(249) Old regions: 2->2
[1.988s][info   ][gc,heap        ] GC(249) Archive regions: 2->2
[1.988s][info   ][gc,heap        ] GC(249) Humongous regions: 0->0
[1.988s][info   ][gc,metaspace   ] GC(249) Metaspace: 9513K(9792K)->9513K(9792K) NonClass: 8356K(8512K)->8356K(8512K) Class: 1157K(1280K)->1157K(1280K)
[1.988s][info   ][gc             ] GC(249) Pause Full (System.gc()) 4M->4M(28M) 4.211ms
[1.988s][info   ][gc,cpu         ] GC(249) User=0.01s Sys=0.00s Real=0.00s
[1.989s][info   ][gc,start       ] GC(250) Pause Full (System.gc())
[1.989s][info   ][gc,task        ] GC(250) Using 1 workers of 10 for full compaction
[1.989s][info   ][gc,phases,start] GC(250) Phase 1: Mark live objects
[1.991s][info   ][gc,phases      ] GC(250) Phase 1: Mark live objects 2.520ms
[1.991s][info   ][gc,phases,start] GC(250) Phase 2: Prepare for compaction
[1.991s][info   ][gc,phases      ] GC(250) Phase 2: Prepare for compaction 0.248ms
[1.991s][info   ][gc,phases,start] GC(250) Phase 3: Adjust pointers
[1.993s][info   ][gc,phases      ] GC(250) Phase 3: Adjust pointers 1.202ms
[1.993s][info   ][gc,phases,start] GC(250) Phase 4: Compact heap
[1.993s][info   ][gc,phases      ] GC(250) Phase 4: Compact heap 0.043ms
[1.993s][info   ][gc,heap        ] GC(250) Eden regions: 0->0(3)
[1.993s][info   ][gc,heap        ] GC(250) Survivor regions: 0->0(0)
[1.993s][info   ][gc,heap        ] GC(250) Old regions: 2->2
[1.993s][info   ][gc,heap        ] GC(250) Archive regions: 2->2
[1.993s][info   ][gc,heap        ] GC(250) Humongous regions: 0->0
[1.993s][info   ][gc,metaspace   ] GC(250) Metaspace: 9513K(9792K)->9513K(9792K) NonClass: 8356K(8512K)->8356K(8512K) Class: 1157K(1280K)->1157K(1280K)
[1.993s][info   ][gc             ] GC(250) Pause Full (System.gc()) 4M->4M(28M) 4.570ms
[1.993s][info   ][gc,cpu         ] GC(250) User=0.00s Sys=0.00s Real=0.00s
[1.993s][info   ][gc,start       ] GC(251) Pause Full (System.gc())
[1.993s][info   ][gc,task        ] GC(251) Using 1 workers of 10 for full compaction
[1.993s][info   ][gc,phases,start] GC(251) Phase 1: Mark live objects
[1.996s][info   ][gc,phases      ] GC(251) Phase 1: Mark live objects 3.091ms
[1.996s][info   ][gc,phases,start] GC(251) Phase 2: Prepare for compaction
[1.997s][info   ][gc,phases      ] GC(251) Phase 2: Prepare for compaction 0.153ms
[1.997s][info   ][gc,phases,start] GC(251) Phase 3: Adjust pointers
[1.999s][info   ][gc,phases      ] GC(251) Phase 3: Adjust pointers 1.882ms
[1.999s][info   ][gc,phases,start] GC(251) Phase 4: Compact heap
[1.999s][info   ][gc,phases      ] GC(251) Phase 4: Compact heap 0.052ms
[1.999s][info   ][gc,heap        ] GC(251) Eden regions: 0->0(3)
[1.999s][info   ][gc,heap        ] GC(251) Survivor regions: 0->0(0)
[1.999s][info   ][gc,heap        ] GC(251) Old regions: 2->2
[1.999s][info   ][gc,heap        ] GC(251) Archive regions: 2->2
[1.999s][info   ][gc,heap        ] GC(251) Humongous regions: 0->0
[1.999s][info   ][gc,metaspace   ] GC(251) Metaspace: 9514K(9792K)->9514K(9792K) NonClass: 8356K(8512K)->8356K(8512K) Class: 1157K(1280K)->1157K(1280K)
[1.999s][info   ][gc             ] GC(251) Pause Full (System.gc()) 4M->4M(28M) 5.769ms
[1.999s][info   ][gc,cpu         ] GC(251) User=0.01s Sys=0.00s Real=0.01s
[1.999s][info   ][gc,start       ] GC(252) Pause Full (System.gc())
[1.999s][info   ][gc,task        ] GC(252) Using 1 workers of 10 for full compaction
[1.999s][info   ][gc,phases,start] GC(252) Phase 1: Mark live objects
[2.003s][info   ][gc,phases      ] GC(252) Phase 1: Mark live objects 4.124ms
[2.004s][info   ][gc,phases,start] GC(252) Phase 2: Prepare for compaction
[2.004s][info   ][gc,phases      ] GC(252) Phase 2: Prepare for compaction 0.254ms
[2.004s][info   ][gc,phases,start] GC(252) Phase 3: Adjust pointers
[2.005s][info   ][gc,phases      ] GC(252) Phase 3: Adjust pointers 1.615ms
[2.005s][info   ][gc,phases,start] GC(252) Phase 4: Compact heap
[2.006s][info   ][gc,phases      ] GC(252) Phase 4: Compact heap 0.265ms
[2.006s][info   ][gc,heap        ] GC(252) Eden regions: 0->0(3)
[2.006s][info   ][gc,heap        ] GC(252) Survivor regions: 0->0(0)
[2.006s][info   ][gc,heap        ] GC(252) Old regions: 2->2
[2.006s][info   ][gc,heap        ] GC(252) Archive regions: 2->2
[2.006s][info   ][gc,heap        ] GC(252) Humongous regions: 0->0
[2.006s][info   ][gc,metaspace   ] GC(252) Metaspace: 9514K(9792K)->9514K(9792K) NonClass: 8356K(8512K)->8356K(8512K) Class: 1157K(1280K)->1157K(1280K)
[2.006s][info   ][gc             ] GC(252) Pause Full (System.gc()) 4M->4M(28M) 6.897ms
[2.006s][info   ][gc,cpu         ] GC(252) User=0.00s Sys=0.00s Real=0.01s
[2.007s][info   ][gc,start       ] GC(253) Pause Full (System.gc())
[2.007s][info   ][gc,task        ] GC(253) Using 1 workers of 10 for full compaction
[2.007s][info   ][gc,phases,start] GC(253) Phase 1: Mark live objects
[2.011s][info   ][gc,phases      ] GC(253) Phase 1: Mark live objects 4.442ms
[2.011s][info   ][gc,phases,start] GC(253) Phase 2: Prepare for compaction
[2.012s][info   ][gc,phases      ] GC(253) Phase 2: Prepare for compaction 0.268ms
[2.012s][info   ][gc,phases,start] GC(253) Phase 3: Adjust pointers
[2.013s][info   ][gc,phases      ] GC(253) Phase 3: Adjust pointers 1.695ms
[2.013s][info   ][gc,phases,start] GC(253) Phase 4: Compact heap
[2.014s][info   ][gc,phases      ] GC(253) Phase 4: Compact heap 0.200ms
[2.014s][info   ][gc,heap        ] GC(253) Eden regions: 1->0(3)
[2.014s][info   ][gc,heap        ] GC(253) Survivor regions: 0->0(0)
[2.014s][info   ][gc,heap        ] GC(253) Old regions: 2->2
[2.014s][info   ][gc,heap        ] GC(253) Archive regions: 2->2
[2.014s][info   ][gc,heap        ] GC(253) Humongous regions: 0->0
[2.014s][info   ][gc,metaspace   ] GC(253) Metaspace: 9514K(9792K)->9514K(9792K) NonClass: 8356K(8512K)->8356K(8512K) Class: 1157K(1280K)->1157K(1280K)
[2.014s][info   ][gc             ] GC(253) Pause Full (System.gc()) 4M->4M(28M) 7.259ms
[2.014s][info   ][gc,cpu         ] GC(253) User=0.01s Sys=0.00s Real=0.01s
[2.014s][info   ][gc,start       ] GC(254) Pause Full (System.gc())
[2.014s][info   ][gc,task        ] GC(254) Using 1 workers of 10 for full compaction
[2.014s][info   ][gc,phases,start] GC(254) Phase 1: Mark live objects
[2.019s][info   ][gc,phases      ] GC(254) Phase 1: Mark live objects 4.278ms
[2.019s][info   ][gc,phases,start] GC(254) Phase 2: Prepare for compaction
[2.019s][info   ][gc,phases      ] GC(254) Phase 2: Prepare for compaction 0.244ms
[2.019s][info   ][gc,phases,start] GC(254) Phase 3: Adjust pointers
[2.020s][info   ][gc,phases      ] GC(254) Phase 3: Adjust pointers 1.425ms
[2.020s][info   ][gc,phases,start] GC(254) Phase 4: Compact heap
[2.020s][info   ][gc,phases      ] GC(254) Phase 4: Compact heap 0.106ms
[2.021s][info   ][gc,heap        ] GC(254) Eden regions: 0->0(3)
[2.021s][info   ][gc,heap        ] GC(254) Survivor regions: 0->0(0)
[2.021s][info   ][gc,heap        ] GC(254) Old regions: 2->2
[2.021s][info   ][gc,heap        ] GC(254) Archive regions: 2->2
[2.021s][info   ][gc,heap        ] GC(254) Humongous regions: 0->0
[2.021s][info   ][gc,metaspace   ] GC(254) Metaspace: 9514K(9792K)->9514K(9792K) NonClass: 8357K(8512K)->8357K(8512K) Class: 1157K(1280K)->1157K(1280K)
[2.021s][info   ][gc             ] GC(254) Pause Full (System.gc()) 4M->4M(28M) 6.715ms
[2.021s][info   ][gc,cpu         ] GC(254) User=0.00s Sys=0.00s Real=0.00s
[2.022s][info   ][gc,start       ] GC(255) Pause Full (System.gc())
[2.022s][info   ][gc,task        ] GC(255) Using 1 workers of 10 for full compaction
[2.022s][info   ][gc,phases,start] GC(255) Phase 1: Mark live objects
[2.026s][info   ][gc,phases      ] GC(255) Phase 1: Mark live objects 4.299ms
[2.026s][info   ][gc,phases,start] GC(255) Phase 2: Prepare for compaction
[2.026s][info   ][gc,phases      ] GC(255) Phase 2: Prepare for compaction 0.195ms
[2.026s][info   ][gc,phases,start] GC(255) Phase 3: Adjust pointers
[2.028s][info   ][gc,phases      ] GC(255) Phase 3: Adjust pointers 1.572ms
[2.028s][info   ][gc,phases,start] GC(255) Phase 4: Compact heap
[2.028s][info   ][gc,phases      ] GC(255) Phase 4: Compact heap 0.231ms
[2.029s][info   ][gc,heap        ] GC(255) Eden regions: 1->0(3)
[2.029s][info   ][gc,heap        ] GC(255) Survivor regions: 0->0(0)
[2.029s][info   ][gc,heap        ] GC(255) Old regions: 2->2
[2.029s][info   ][gc,heap        ] GC(255) Archive regions: 2->2
[2.029s][info   ][gc,heap        ] GC(255) Humongous regions: 0->0
[2.029s][info   ][gc,metaspace   ] GC(255) Metaspace: 9517K(9792K)->9517K(9792K) NonClass: 8359K(8512K)->8359K(8512K) Class: 1157K(1280K)->1157K(1280K)
[2.029s][info   ][gc             ] GC(255) Pause Full (System.gc()) 4M->4M(28M) 6.991ms
[2.029s][info   ][gc,cpu         ] GC(255) User=0.01s Sys=0.00s Real=0.01s
[2.029s][info   ][gc,start       ] GC(256) Pause Full (System.gc())
[2.029s][info   ][gc,task        ] GC(256) Using 1 workers of 10 for full compaction
[2.029s][info   ][gc,phases,start] GC(256) Phase 1: Mark live objects
[2.033s][info   ][gc,phases      ] GC(256) Phase 1: Mark live objects 3.738ms
[2.033s][info   ][gc,phases,start] GC(256) Phase 2: Prepare for compaction
[2.033s][info   ][gc,phases      ] GC(256) Phase 2: Prepare for compaction 0.162ms
[2.033s][info   ][gc,phases,start] GC(256) Phase 3: Adjust pointers
[2.034s][info   ][gc,phases      ] GC(256) Phase 3: Adjust pointers 1.145ms
[2.034s][info   ][gc,phases,start] GC(256) Phase 4: Compact heap
[2.034s][info   ][gc,phases      ] GC(256) Phase 4: Compact heap 0.139ms
[2.035s][info   ][gc,heap        ] GC(256) Eden regions: 0->0(3)
[2.035s][info   ][gc,heap        ] GC(256) Survivor regions: 0->0(0)
[2.035s][info   ][gc,heap        ] GC(256) Old regions: 2->2
[2.035s][info   ][gc,heap        ] GC(256) Archive regions: 2->2
[2.035s][info   ][gc,heap        ] GC(256) Humongous regions: 0->0
[2.035s][info   ][gc,metaspace   ] GC(256) Metaspace: 9517K(9792K)->9517K(9792K) NonClass: 8359K(8512K)->8359K(8512K) Class: 1157K(1280K)->1157K(1280K)
[2.035s][info   ][gc             ] GC(256) Pause Full (System.gc()) 4M->4M(28M) 5.678ms
[2.035s][info   ][gc,cpu         ] GC(256) User=0.01s Sys=0.00s Real=0.01s
[2.035s][info   ][gc,start       ] GC(257) Pause Full (System.gc())
[2.035s][info   ][gc,task        ] GC(257) Using 1 workers of 10 for full compaction
[2.035s][info   ][gc,phases,start] GC(257) Phase 1: Mark live objects
[2.038s][info   ][gc,phases      ] GC(257) Phase 1: Mark live objects 3.022ms
[2.038s][info   ][gc,phases,start] GC(257) Phase 2: Prepare for compaction
[2.038s][info   ][gc,phases      ] GC(257) Phase 2: Prepare for compaction 0.200ms
[2.038s][info   ][gc,phases,start] GC(257) Phase 3: Adjust pointers
[2.039s][info   ][gc,phases      ] GC(257) Phase 3: Adjust pointers 1.069ms
[2.039s][info   ][gc,phases,start] GC(257) Phase 4: Compact heap
[2.040s][info   ][gc,phases      ] GC(257) Phase 4: Compact heap 0.229ms
[2.040s][info   ][gc,heap        ] GC(257) Eden regions: 1->0(3)
[2.040s][info   ][gc,heap        ] GC(257) Survivor regions: 0->0(0)
[2.040s][info   ][gc,heap        ] GC(257) Old regions: 2->2
[2.040s][info   ][gc,heap        ] GC(257) Archive regions: 2->2
[2.040s][info   ][gc,heap        ] GC(257) Humongous regions: 0->0
[2.040s][info   ][gc,metaspace   ] GC(257) Metaspace: 9520K(9792K)->9520K(9792K) NonClass: 8363K(8512K)->8363K(8512K) Class: 1157K(1280K)->1157K(1280K)
[2.040s][info   ][gc             ] GC(257) Pause Full (System.gc()) 4M->4M(28M) 5.093ms
[2.040s][info   ][gc,cpu         ] GC(257) User=0.00s Sys=0.00s Real=0.00s
[2.040s][info   ][gc,start       ] GC(258) Pause Full (System.gc())
[2.040s][info   ][gc,task        ] GC(258) Using 1 workers of 10 for full compaction
[2.040s][info   ][gc,phases,start] GC(258) Phase 1: Mark live objects
[2.043s][info   ][gc,phases      ] GC(258) Phase 1: Mark live objects 2.320ms
[2.043s][info   ][gc,phases,start] GC(258) Phase 2: Prepare for compaction
[2.043s][info   ][gc,phases      ] GC(258) Phase 2: Prepare for compaction 0.072ms
[2.043s][info   ][gc,phases,start] GC(258) Phase 3: Adjust pointers
[2.044s][info   ][gc,phases      ] GC(258) Phase 3: Adjust pointers 1.072ms
[2.044s][info   ][gc,phases,start] GC(258) Phase 4: Compact heap
[2.044s][info   ][gc,phases      ] GC(258) Phase 4: Compact heap 0.287ms
[2.045s][info   ][gc,heap        ] GC(258) Eden regions: 0->0(3)
[2.045s][info   ][gc,heap        ] GC(258) Survivor regions: 0->0(0)
[2.045s][info   ][gc,heap        ] GC(258) Old regions: 2->2
[2.045s][info   ][gc,heap        ] GC(258) Archive regions: 2->2
[2.045s][info   ][gc,heap        ] GC(258) Humongous regions: 0->0
[2.045s][info   ][gc,metaspace   ] GC(258) Metaspace: 9520K(9792K)->9520K(9792K) NonClass: 8363K(8512K)->8363K(8512K) Class: 1157K(1280K)->1157K(1280K)
[2.045s][info   ][gc             ] GC(258) Pause Full (System.gc()) 4M->4M(28M) 4.259ms
[2.045s][info   ][gc,cpu         ] GC(258) User=0.00s Sys=0.00s Real=0.01s
[2.045s][info   ][gc,start       ] GC(259) Pause Full (System.gc())
[2.045s][info   ][gc,task        ] GC(259) Using 1 workers of 10 for full compaction
[2.045s][info   ][gc,phases,start] GC(259) Phase 1: Mark live objects
[2.048s][info   ][gc,phases      ] GC(259) Phase 1: Mark live objects 3.084ms
[2.048s][info   ][gc,phases,start] GC(259) Phase 2: Prepare for compaction
[2.048s][info   ][gc,phases      ] GC(259) Phase 2: Prepare for compaction 0.156ms
[2.048s][info   ][gc,phases,start] GC(259) Phase 3: Adjust pointers
[2.049s][info   ][gc,phases      ] GC(259) Phase 3: Adjust pointers 1.047ms
[2.049s][info   ][gc,phases,start] GC(259) Phase 4: Compact heap
[2.050s][info   ][gc,phases      ] GC(259) Phase 4: Compact heap 0.247ms
[2.050s][info   ][gc,heap        ] GC(259) Eden regions: 1->0(3)
[2.050s][info   ][gc,heap        ] GC(259) Survivor regions: 0->0(0)
[2.050s][info   ][gc,heap        ] GC(259) Old regions: 2->2
[2.050s][info   ][gc,heap        ] GC(259) Archive regions: 2->2
[2.050s][info   ][gc,heap        ] GC(259) Humongous regions: 0->0
[2.050s][info   ][gc,metaspace   ] GC(259) Metaspace: 9520K(9792K)->9520K(9792K) NonClass: 8363K(8512K)->8363K(8512K) Class: 1157K(1280K)->1157K(1280K)
[2.050s][info   ][gc             ] GC(259) Pause Full (System.gc()) 4M->4M(28M) 5.152ms
[2.050s][info   ][gc,cpu         ] GC(259) User=0.00s Sys=0.00s Real=0.00s
[2.050s][info   ][gc,start       ] GC(260) Pause Full (System.gc())
[2.050s][info   ][gc,task        ] GC(260) Using 1 workers of 10 for full compaction
[2.050s][info   ][gc,phases,start] GC(260) Phase 1: Mark live objects
[2.054s][info   ][gc,phases      ] GC(260) Phase 1: Mark live objects 3.100ms
[2.054s][info   ][gc,phases,start] GC(260) Phase 2: Prepare for compaction
[2.054s][info   ][gc,phases      ] GC(260) Phase 2: Prepare for compaction 0.205ms
[2.054s][info   ][gc,phases,start] GC(260) Phase 3: Adjust pointers
[2.055s][info   ][gc,phases      ] GC(260) Phase 3: Adjust pointers 1.092ms
[2.055s][info   ][gc,phases,start] GC(260) Phase 4: Compact heap
[2.055s][info   ][gc,phases      ] GC(260) Phase 4: Compact heap 0.218ms
[2.056s][info   ][gc,heap        ] GC(260) Eden regions: 0->0(3)
[2.056s][info   ][gc,heap        ] GC(260) Survivor regions: 0->0(0)
[2.056s][info   ][gc,heap        ] GC(260) Old regions: 2->2
[2.056s][info   ][gc,heap        ] GC(260) Archive regions: 2->2
[2.056s][info   ][gc,heap        ] GC(260) Humongous regions: 0->0
[2.056s][info   ][gc,metaspace   ] GC(260) Metaspace: 9520K(9792K)->9520K(9792K) NonClass: 8363K(8512K)->8363K(8512K) Class: 1157K(1280K)->1157K(1280K)
[2.056s][info   ][gc             ] GC(260) Pause Full (System.gc()) 4M->4M(28M) 5.242ms
[2.056s][info   ][gc,cpu         ] GC(260) User=0.00s Sys=0.00s Real=0.01s
[2.056s][info   ][gc,start       ] GC(261) Pause Full (System.gc())
[2.056s][info   ][gc,task        ] GC(261) Using 1 workers of 10 for full compaction
[2.056s][info   ][gc,phases,start] GC(261) Phase 1: Mark live objects
[2.059s][info   ][gc,phases      ] GC(261) Phase 1: Mark live objects 3.116ms
[2.059s][info   ][gc,phases,start] GC(261) Phase 2: Prepare for compaction
[2.060s][info   ][gc,phases      ] GC(261) Phase 2: Prepare for compaction 0.212ms
[2.060s][info   ][gc,phases,start] GC(261) Phase 3: Adjust pointers
[2.061s][info   ][gc,phases      ] GC(261) Phase 3: Adjust pointers 1.121ms
[2.061s][info   ][gc,phases,start] GC(261) Phase 4: Compact heap
[2.061s][info   ][gc,phases      ] GC(261) Phase 4: Compact heap 0.114ms
[2.061s][info   ][gc,heap        ] GC(261) Eden regions: 1->0(3)
[2.061s][info   ][gc,heap        ] GC(261) Survivor regions: 0->0(0)
[2.061s][info   ][gc,heap        ] GC(261) Old regions: 2->2
[2.061s][info   ][gc,heap        ] GC(261) Archive regions: 2->2
[2.061s][info   ][gc,heap        ] GC(261) Humongous regions: 0->0
[2.061s][info   ][gc,metaspace   ] GC(261) Metaspace: 9520K(9792K)->9520K(9792K) NonClass: 8363K(8512K)->8363K(8512K) Class: 1157K(1280K)->1157K(1280K)
[2.061s][info   ][gc             ] GC(261) Pause Full (System.gc()) 4M->4M(28M) 5.116ms
[2.061s][info   ][gc,cpu         ] GC(261) User=0.01s Sys=0.00s Real=0.00s
[2.062s][info   ][gc,start       ] GC(262) Pause Full (System.gc())
[2.062s][info   ][gc,task        ] GC(262) Using 1 workers of 10 for full compaction
[2.062s][info   ][gc,phases,start] GC(262) Phase 1: Mark live objects
[2.065s][info   ][gc,phases      ] GC(262) Phase 1: Mark live objects 3.050ms
[2.065s][info   ][gc,phases,start] GC(262) Phase 2: Prepare for compaction
[2.065s][info   ][gc,phases      ] GC(262) Phase 2: Prepare for compaction 0.209ms
[2.065s][info   ][gc,phases,start] GC(262) Phase 3: Adjust pointers
[2.066s][info   ][gc,phases      ] GC(262) Phase 3: Adjust pointers 1.167ms
[2.066s][info   ][gc,phases,start] GC(262) Phase 4: Compact heap
[2.066s][info   ][gc,phases      ] GC(262) Phase 4: Compact heap 0.155ms
[2.067s][info   ][gc,heap        ] GC(262) Eden regions: 0->0(3)
[2.067s][info   ][gc,heap        ] GC(262) Survivor regions: 0->0(0)
[2.067s][info   ][gc,heap        ] GC(262) Old regions: 2->2
[2.067s][info   ][gc,heap        ] GC(262) Archive regions: 2->2
[2.067s][info   ][gc,heap        ] GC(262) Humongous regions: 0->0
[2.067s][info   ][gc,metaspace   ] GC(262) Metaspace: 9520K(9792K)->9520K(9792K) NonClass: 8363K(8512K)->8363K(8512K) Class: 1157K(1280K)->1157K(1280K)
[2.067s][info   ][gc             ] GC(262) Pause Full (System.gc()) 4M->4M(28M) 5.146ms
[2.067s][info   ][gc,cpu         ] GC(262) User=0.00s Sys=0.00s Real=0.01s
[2.067s][info   ][gc,start       ] GC(263) Pause Full (System.gc())
[2.067s][info   ][gc,task        ] GC(263) Using 1 workers of 10 for full compaction
[2.067s][info   ][gc,phases,start] GC(263) Phase 1: Mark live objects
[2.070s][info   ][gc,phases      ] GC(263) Phase 1: Mark live objects 3.092ms
[2.070s][info   ][gc,phases,start] GC(263) Phase 2: Prepare for compaction
[2.070s][info   ][gc,phases      ] GC(263) Phase 2: Prepare for compaction 0.162ms
[2.070s][info   ][gc,phases,start] GC(263) Phase 3: Adjust pointers
[2.071s][info   ][gc,phases      ] GC(263) Phase 3: Adjust pointers 1.132ms
[2.071s][info   ][gc,phases,start] GC(263) Phase 4: Compact heap
[2.072s][info   ][gc,phases      ] GC(263) Phase 4: Compact heap 0.281ms
[2.072s][info   ][gc,heap        ] GC(263) Eden regions: 1->0(3)
[2.072s][info   ][gc,heap        ] GC(263) Survivor regions: 0->0(0)
[2.072s][info   ][gc,heap        ] GC(263) Old regions: 2->2
[2.072s][info   ][gc,heap        ] GC(263) Archive regions: 2->2
[2.072s][info   ][gc,heap        ] GC(263) Humongous regions: 0->0
[2.072s][info   ][gc,metaspace   ] GC(263) Metaspace: 9520K(9792K)->9520K(9792K) NonClass: 8363K(8512K)->8363K(8512K) Class: 1157K(1280K)->1157K(1280K)
[2.072s][info   ][gc             ] GC(263) Pause Full (System.gc()) 4M->4M(28M) 5.275ms
[2.072s][info   ][gc,cpu         ] GC(263) User=0.01s Sys=0.00s Real=0.00s
[2.073s][info   ][gc,start       ] GC(264) Pause Full (System.gc())
[2.073s][info   ][gc,task        ] GC(264) Using 1 workers of 10 for full compaction
[2.073s][info   ][gc,phases,start] GC(264) Phase 1: Mark live objects
[2.075s][info   ][gc,phases      ] GC(264) Phase 1: Mark live objects 2.737ms
[2.075s][info   ][gc,phases,start] GC(264) Phase 2: Prepare for compaction
[2.076s][info   ][gc,phases      ] GC(264) Phase 2: Prepare for compaction 0.076ms
[2.076s][info   ][gc,phases,start] GC(264) Phase 3: Adjust pointers
[2.077s][info   ][gc,phases      ] GC(264) Phase 3: Adjust pointers 1.072ms
[2.077s][info   ][gc,phases,start] GC(264) Phase 4: Compact heap
[2.077s][info   ][gc,phases      ] GC(264) Phase 4: Compact heap 0.188ms
[2.077s][info   ][gc,heap        ] GC(264) Eden regions: 0->0(3)
[2.077s][info   ][gc,heap        ] GC(264) Survivor regions: 0->0(0)
[2.077s][info   ][gc,heap        ] GC(264) Old regions: 2->2
[2.077s][info   ][gc,heap        ] GC(264) Archive regions: 2->2
[2.077s][info   ][gc,heap        ] GC(264) Humongous regions: 0->0
[2.077s][info   ][gc,metaspace   ] GC(264) Metaspace: 9520K(9792K)->9520K(9792K) NonClass: 8363K(8512K)->8363K(8512K) Class: 1157K(1280K)->1157K(1280K)
[2.077s][info   ][gc             ] GC(264) Pause Full (System.gc()) 4M->4M(28M) 4.667ms
[2.077s][info   ][gc,cpu         ] GC(264) User=0.00s Sys=0.00s Real=0.01s
[2.078s][info   ][gc,start       ] GC(265) Pause Full (System.gc())
[2.078s][info   ][gc,task        ] GC(265) Using 1 workers of 10 for full compaction
[2.078s][info   ][gc,phases,start] GC(265) Phase 1: Mark live objects
[2.080s][info   ][gc,phases      ] GC(265) Phase 1: Mark live objects 2.662ms
[2.080s][info   ][gc,phases,start] GC(265) Phase 2: Prepare for compaction
[2.080s][info   ][gc,phases      ] GC(265) Phase 2: Prepare for compaction 0.191ms
[2.080s][info   ][gc,phases,start] GC(265) Phase 3: Adjust pointers
[2.082s][info   ][gc,phases      ] GC(265) Phase 3: Adjust pointers 1.149ms
[2.082s][info   ][gc,phases,start] GC(265) Phase 4: Compact heap
[2.082s][info   ][gc,phases      ] GC(265) Phase 4: Compact heap 0.169ms
[2.082s][info   ][gc,heap        ] GC(265) Eden regions: 0->0(3)
[2.082s][info   ][gc,heap        ] GC(265) Survivor regions: 0->0(0)
[2.082s][info   ][gc,heap        ] GC(265) Old regions: 2->2
[2.082s][info   ][gc,heap        ] GC(265) Archive regions: 2->2
[2.082s][info   ][gc,heap        ] GC(265) Humongous regions: 0->0
[2.082s][info   ][gc,metaspace   ] GC(265) Metaspace: 9520K(9792K)->9520K(9792K) NonClass: 8363K(8512K)->8363K(8512K) Class: 1157K(1280K)->1157K(1280K)
[2.082s][info   ][gc             ] GC(265) Pause Full (System.gc()) 4M->4M(28M) 4.778ms
[2.082s][info   ][gc,cpu         ] GC(265) User=0.01s Sys=0.01s Real=0.00s
[2.082s][info   ][gc,start       ] GC(266) Pause Full (System.gc())
[2.082s][info   ][gc,task        ] GC(266) Using 1 workers of 10 for full compaction
[2.083s][info   ][gc,phases,start] GC(266) Phase 1: Mark live objects
[2.085s][info   ][gc,phases      ] GC(266) Phase 1: Mark live objects 2.160ms
[2.085s][info   ][gc,phases,start] GC(266) Phase 2: Prepare for compaction
[2.085s][info   ][gc,phases      ] GC(266) Phase 2: Prepare for compaction 0.079ms
[2.085s][info   ][gc,phases,start] GC(266) Phase 3: Adjust pointers
[2.086s][info   ][gc,phases      ] GC(266) Phase 3: Adjust pointers 1.083ms
[2.086s][info   ][gc,phases,start] GC(266) Phase 4: Compact heap
[2.086s][info   ][gc,phases      ] GC(266) Phase 4: Compact heap 0.170ms
[2.087s][info   ][gc,heap        ] GC(266) Eden regions: 0->0(3)
[2.087s][info   ][gc,heap        ] GC(266) Survivor regions: 0->0(0)
[2.087s][info   ][gc,heap        ] GC(266) Old regions: 2->2
[2.087s][info   ][gc,heap        ] GC(266) Archive regions: 2->2
[2.087s][info   ][gc,heap        ] GC(266) Humongous regions: 0->0
[2.087s][info   ][gc,metaspace   ] GC(266) Metaspace: 9520K(9792K)->9520K(9792K) NonClass: 8363K(8512K)->8363K(8512K) Class: 1157K(1280K)->1157K(1280K)
[2.087s][info   ][gc             ] GC(266) Pause Full (System.gc()) 4M->4M(28M) 4.080ms
[2.087s][info   ][gc,cpu         ] GC(266) User=0.00s Sys=0.00s Real=0.01s
[2.087s][info   ][gc,start       ] GC(267) Pause Full (System.gc())
[2.087s][info   ][gc,task        ] GC(267) Using 1 workers of 10 for full compaction
[2.087s][info   ][gc,phases,start] GC(267) Phase 1: Mark live objects
[2.090s][info   ][gc,phases      ] GC(267) Phase 1: Mark live objects 2.726ms
[2.090s][info   ][gc,phases,start] GC(267) Phase 2: Prepare for compaction
[2.090s][info   ][gc,phases      ] GC(267) Phase 2: Prepare for compaction 0.322ms
[2.090s][info   ][gc,phases,start] GC(267) Phase 3: Adjust pointers
[2.092s][info   ][gc,phases      ] GC(267) Phase 3: Adjust pointers 1.449ms
[2.092s][info   ][gc,phases,start] GC(267) Phase 4: Compact heap
[2.092s][info   ][gc,phases      ] GC(267) Phase 4: Compact heap 0.046ms
[2.092s][info   ][gc,heap        ] GC(267) Eden regions: 1->0(3)
[2.092s][info   ][gc,heap        ] GC(267) Survivor regions: 0->0(0)
[2.092s][info   ][gc,heap        ] GC(267) Old regions: 2->2
[2.092s][info   ][gc,heap        ] GC(267) Archive regions: 2->2
[2.092s][info   ][gc,heap        ] GC(267) Humongous regions: 0->0
[2.092s][info   ][gc,metaspace   ] GC(267) Metaspace: 9520K(9792K)->9520K(9792K) NonClass: 8363K(8512K)->8363K(8512K) Class: 1157K(1280K)->1157K(1280K)
[2.092s][info   ][gc             ] GC(267) Pause Full (System.gc()) 4M->4M(28M) 5.211ms
[2.092s][info   ][gc,cpu         ] GC(267) User=0.00s Sys=0.00s Real=0.00s
[2.093s][info   ][gc,start       ] GC(268) Pause Full (System.gc())
[2.093s][info   ][gc,task        ] GC(268) Using 1 workers of 10 for full compaction
[2.093s][info   ][gc,phases,start] GC(268) Phase 1: Mark live objects
[2.095s][info   ][gc,phases      ] GC(268) Phase 1: Mark live objects 1.926ms
[2.095s][info   ][gc,phases,start] GC(268) Phase 2: Prepare for compaction
[2.095s][info   ][gc,phases      ] GC(268) Phase 2: Prepare for compaction 0.063ms
[2.095s][info   ][gc,phases,start] GC(268) Phase 3: Adjust pointers
[2.096s][info   ][gc,phases      ] GC(268) Phase 3: Adjust pointers 1.081ms
[2.096s][info   ][gc,phases,start] GC(268) Phase 4: Compact heap
[2.096s][info   ][gc,phases      ] GC(268) Phase 4: Compact heap 0.098ms
[2.096s][info   ][gc,heap        ] GC(268) Eden regions: 0->0(3)
[2.096s][info   ][gc,heap        ] GC(268) Survivor regions: 0->0(0)
[2.096s][info   ][gc,heap        ] GC(268) Old regions: 2->2
[2.096s][info   ][gc,heap        ] GC(268) Archive regions: 2->2
[2.096s][info   ][gc,heap        ] GC(268) Humongous regions: 0->0
[2.096s][info   ][gc,metaspace   ] GC(268) Metaspace: 9520K(9792K)->9520K(9792K) NonClass: 8363K(8512K)->8363K(8512K) Class: 1157K(1280K)->1157K(1280K)
[2.096s][info   ][gc             ] GC(268) Pause Full (System.gc()) 4M->4M(28M) 3.698ms
[2.096s][info   ][gc,cpu         ] GC(268) User=0.01s Sys=0.00s Real=0.01s
[2.097s][info   ][gc,start       ] GC(269) Pause Full (System.gc())
[2.097s][info   ][gc,task        ] GC(269) Using 1 workers of 10 for full compaction
[2.097s][info   ][gc,phases,start] GC(269) Phase 1: Mark live objects
[2.099s][info   ][gc,phases      ] GC(269) Phase 1: Mark live objects 2.070ms
[2.099s][info   ][gc,phases,start] GC(269) Phase 2: Prepare for compaction
[2.099s][info   ][gc,phases      ] GC(269) Phase 2: Prepare for compaction 0.076ms
[2.099s][info   ][gc,phases,start] GC(269) Phase 3: Adjust pointers
[2.100s][info   ][gc,phases      ] GC(269) Phase 3: Adjust pointers 1.198ms
[2.100s][info   ][gc,phases,start] GC(269) Phase 4: Compact heap
[2.100s][info   ][gc,phases      ] GC(269) Phase 4: Compact heap 0.187ms
[2.101s][info   ][gc,heap        ] GC(269) Eden regions: 0->0(3)
[2.101s][info   ][gc,heap        ] GC(269) Survivor regions: 0->0(0)
[2.101s][info   ][gc,heap        ] GC(269) Old regions: 2->2
[2.101s][info   ][gc,heap        ] GC(269) Archive regions: 2->2
[2.101s][info   ][gc,heap        ] GC(269) Humongous regions: 0->0
[2.101s][info   ][gc,metaspace   ] GC(269) Metaspace: 9520K(9792K)->9520K(9792K) NonClass: 8363K(8512K)->8363K(8512K) Class: 1157K(1280K)->1157K(1280K)
[2.101s][info   ][gc             ] GC(269) Pause Full (System.gc()) 4M->4M(28M) 4.004ms
[2.101s][info   ][gc,cpu         ] GC(269) User=0.00s Sys=0.00s Real=0.00s
[2.101s][info   ][gc,start       ] GC(270) Pause Full (System.gc())
[2.101s][info   ][gc,task        ] GC(270) Using 1 workers of 10 for full compaction
[2.101s][info   ][gc,phases,start] GC(270) Phase 1: Mark live objects
[2.103s][info   ][gc,phases      ] GC(270) Phase 1: Mark live objects 2.524ms
[2.103s][info   ][gc,phases,start] GC(270) Phase 2: Prepare for compaction
[2.104s][info   ][gc,phases      ] GC(270) Phase 2: Prepare for compaction 0.277ms
[2.104s][info   ][gc,phases,start] GC(270) Phase 3: Adjust pointers
[2.105s][info   ][gc,phases      ] GC(270) Phase 3: Adjust pointers 1.216ms
[2.105s][info   ][gc,phases,start] GC(270) Phase 4: Compact heap
[2.105s][info   ][gc,phases      ] GC(270) Phase 4: Compact heap 0.051ms
[2.105s][info   ][gc,heap        ] GC(270) Eden regions: 0->0(3)
[2.105s][info   ][gc,heap        ] GC(270) Survivor regions: 0->0(0)
[2.105s][info   ][gc,heap        ] GC(270) Old regions: 2->2
[2.105s][info   ][gc,heap        ] GC(270) Archive regions: 2->2
[2.105s][info   ][gc,heap        ] GC(270) Humongous regions: 0->0
[2.105s][info   ][gc,metaspace   ] GC(270) Metaspace: 9520K(9792K)->9520K(9792K) NonClass: 8363K(8512K)->8363K(8512K) Class: 1157K(1280K)->1157K(1280K)
[2.105s][info   ][gc             ] GC(270) Pause Full (System.gc()) 4M->4M(28M) 4.641ms
[2.105s][info   ][gc,cpu         ] GC(270) User=0.00s Sys=0.00s Real=0.01s
[2.106s][info   ][gc,start       ] GC(271) Pause Full (System.gc())
[2.106s][info   ][gc,task        ] GC(271) Using 1 workers of 10 for full compaction
[2.106s][info   ][gc,phases,start] GC(271) Phase 1: Mark live objects
[2.109s][info   ][gc,phases      ] GC(271) Phase 1: Mark live objects 3.155ms
[2.109s][info   ][gc,phases,start] GC(271) Phase 2: Prepare for compaction
[2.110s][info   ][gc,phases      ] GC(271) Phase 2: Prepare for compaction 0.225ms
[2.110s][info   ][gc,phases,start] GC(271) Phase 3: Adjust pointers
[2.111s][info   ][gc,phases      ] GC(271) Phase 3: Adjust pointers 1.208ms
[2.111s][info   ][gc,phases,start] GC(271) Phase 4: Compact heap
[2.111s][info   ][gc,phases      ] GC(271) Phase 4: Compact heap 0.258ms
[2.112s][info   ][gc,heap        ] GC(271) Eden regions: 1->0(3)
[2.112s][info   ][gc,heap        ] GC(271) Survivor regions: 0->0(0)
[2.112s][info   ][gc,heap        ] GC(271) Old regions: 2->2
[2.112s][info   ][gc,heap        ] GC(271) Archive regions: 2->2
[2.112s][info   ][gc,heap        ] GC(271) Humongous regions: 0->0
[2.112s][info   ][gc,metaspace   ] GC(271) Metaspace: 9520K(9792K)->9520K(9792K) NonClass: 8363K(8512K)->8363K(8512K) Class: 1157K(1280K)->1157K(1280K)
[2.112s][info   ][gc             ] GC(271) Pause Full (System.gc()) 4M->4M(28M) 5.560ms
[2.112s][info   ][gc,cpu         ] GC(271) User=0.01s Sys=0.00s Real=0.00s
[2.112s][info   ][gc,start       ] GC(272) Pause Full (System.gc())
[2.112s][info   ][gc,task        ] GC(272) Using 1 workers of 10 for full compaction
[2.112s][info   ][gc,phases,start] GC(272) Phase 1: Mark live objects
[2.116s][info   ][gc,phases      ] GC(272) Phase 1: Mark live objects 3.689ms
[2.116s][info   ][gc,phases,start] GC(272) Phase 2: Prepare for compaction
[2.116s][info   ][gc,phases      ] GC(272) Phase 2: Prepare for compaction 0.246ms
[2.116s][info   ][gc,phases,start] GC(272) Phase 3: Adjust pointers
[2.117s][info   ][gc,phases      ] GC(272) Phase 3: Adjust pointers 1.178ms
[2.117s][info   ][gc,phases,start] GC(272) Phase 4: Compact heap
[2.117s][info   ][gc,phases      ] GC(272) Phase 4: Compact heap 0.175ms
[2.118s][info   ][gc,heap        ] GC(272) Eden regions: 0->0(3)
[2.118s][info   ][gc,heap        ] GC(272) Survivor regions: 0->0(0)
[2.118s][info   ][gc,heap        ] GC(272) Old regions: 2->2
[2.118s][info   ][gc,heap        ] GC(272) Archive regions: 2->2
[2.118s][info   ][gc,heap        ] GC(272) Humongous regions: 0->0
[2.118s][info   ][gc,metaspace   ] GC(272) Metaspace: 9520K(9792K)->9520K(9792K) NonClass: 8363K(8512K)->8363K(8512K) Class: 1157K(1280K)->1157K(1280K)
[2.118s][info   ][gc             ] GC(272) Pause Full (System.gc()) 4M->4M(28M) 5.951ms
[2.118s][info   ][gc,cpu         ] GC(272) User=0.00s Sys=0.00s Real=0.01s
[2.119s][info   ][gc,start       ] GC(273) Pause Full (System.gc())
[2.119s][info   ][gc,task        ] GC(273) Using 1 workers of 10 for full compaction
[2.119s][info   ][gc,phases,start] GC(273) Phase 1: Mark live objects
[2.122s][info   ][gc,phases      ] GC(273) Phase 1: Mark live objects 2.740ms
[2.122s][info   ][gc,phases,start] GC(273) Phase 2: Prepare for compaction
[2.122s][info   ][gc,phases      ] GC(273) Phase 2: Prepare for compaction 0.171ms
[2.122s][info   ][gc,phases,start] GC(273) Phase 3: Adjust pointers
[2.123s][info   ][gc,phases      ] GC(273) Phase 3: Adjust pointers 1.046ms
[2.123s][info   ][gc,phases,start] GC(273) Phase 4: Compact heap
[2.123s][info   ][gc,phases      ] GC(273) Phase 4: Compact heap 0.148ms
[2.123s][info   ][gc,heap        ] GC(273) Eden regions: 1->0(3)
[2.123s][info   ][gc,heap        ] GC(273) Survivor regions: 0->0(0)
[2.123s][info   ][gc,heap        ] GC(273) Old regions: 2->2
[2.123s][info   ][gc,heap        ] GC(273) Archive regions: 2->2
[2.123s][info   ][gc,heap        ] GC(273) Humongous regions: 0->0
[2.123s][info   ][gc,metaspace   ] GC(273) Metaspace: 9520K(9792K)->9520K(9792K) NonClass: 8363K(8512K)->8363K(8512K) Class: 1157K(1280K)->1157K(1280K)
[2.123s][info   ][gc             ] GC(273) Pause Full (System.gc()) 4M->4M(28M) 4.512ms
[2.123s][info   ][gc,cpu         ] GC(273) User=0.00s Sys=0.00s Real=0.00s
[2.124s][info   ][gc,start       ] GC(274) Pause Full (System.gc())
[2.124s][info   ][gc,task        ] GC(274) Using 1 workers of 10 for full compaction
[2.124s][info   ][gc,phases,start] GC(274) Phase 1: Mark live objects
[2.126s][info   ][gc,phases      ] GC(274) Phase 1: Mark live objects 2.364ms
[2.126s][info   ][gc,phases,start] GC(274) Phase 2: Prepare for compaction
[2.126s][info   ][gc,phases      ] GC(274) Phase 2: Prepare for compaction 0.166ms
[2.126s][info   ][gc,phases,start] GC(274) Phase 3: Adjust pointers
[2.127s][info   ][gc,phases      ] GC(274) Phase 3: Adjust pointers 1.048ms
[2.127s][info   ][gc,phases,start] GC(274) Phase 4: Compact heap
[2.128s][info   ][gc,phases      ] GC(274) Phase 4: Compact heap 0.229ms
[2.128s][info   ][gc,heap        ] GC(274) Eden regions: 0->0(3)
[2.128s][info   ][gc,heap        ] GC(274) Survivor regions: 0->0(0)
[2.128s][info   ][gc,heap        ] GC(274) Old regions: 2->2
[2.128s][info   ][gc,heap        ] GC(274) Archive regions: 2->2
[2.128s][info   ][gc,heap        ] GC(274) Humongous regions: 0->0
[2.128s][info   ][gc,metaspace   ] GC(274) Metaspace: 9520K(9792K)->9520K(9792K) NonClass: 8363K(8512K)->8363K(8512K) Class: 1157K(1280K)->1157K(1280K)
[2.128s][info   ][gc             ] GC(274) Pause Full (System.gc()) 4M->4M(28M) 4.363ms
[2.128s][info   ][gc,cpu         ] GC(274) User=0.00s Sys=0.00s Real=0.00s
[2.128s][info   ][gc,start       ] GC(275) Pause Full (System.gc())
[2.128s][info   ][gc,task        ] GC(275) Using 1 workers of 10 for full compaction
[2.128s][info   ][gc,phases,start] GC(275) Phase 1: Mark live objects
[2.131s][info   ][gc,phases      ] GC(275) Phase 1: Mark live objects 2.458ms
[2.131s][info   ][gc,phases,start] GC(275) Phase 2: Prepare for compaction
[2.131s][info   ][gc,phases      ] GC(275) Phase 2: Prepare for compaction 0.254ms
[2.131s][info   ][gc,phases,start] GC(275) Phase 3: Adjust pointers
[2.132s][info   ][gc,phases      ] GC(275) Phase 3: Adjust pointers 1.057ms
[2.132s][info   ][gc,phases,start] GC(275) Phase 4: Compact heap
[2.132s][info   ][gc,phases      ] GC(275) Phase 4: Compact heap 0.193ms
[2.133s][info   ][gc,heap        ] GC(275) Eden regions: 0->0(3)
[2.133s][info   ][gc,heap        ] GC(275) Survivor regions: 0->0(0)
[2.133s][info   ][gc,heap        ] GC(275) Old regions: 2->2
[2.133s][info   ][gc,heap        ] GC(275) Archive regions: 2->2
[2.133s][info   ][gc,heap        ] GC(275) Humongous regions: 0->0
[2.133s][info   ][gc,metaspace   ] GC(275) Metaspace: 9520K(9792K)->9520K(9792K) NonClass: 8363K(8512K)->8363K(8512K) Class: 1157K(1280K)->1157K(1280K)
[2.133s][info   ][gc             ] GC(275) Pause Full (System.gc()) 4M->4M(28M) 4.318ms
[2.133s][info   ][gc,cpu         ] GC(275) User=0.01s Sys=0.00s Real=0.00s
[2.133s][info   ][gc,start       ] GC(276) Pause Full (System.gc())
[2.133s][info   ][gc,task        ] GC(276) Using 1 workers of 10 for full compaction
[2.133s][info   ][gc,phases,start] GC(276) Phase 1: Mark live objects
[2.136s][info   ][gc,phases      ] GC(276) Phase 1: Mark live objects 2.950ms
[2.136s][info   ][gc,phases,start] GC(276) Phase 2: Prepare for compaction
[2.136s][info   ][gc,phases      ] GC(276) Phase 2: Prepare for compaction 0.175ms
[2.136s][info   ][gc,phases,start] GC(276) Phase 3: Adjust pointers
[2.137s][info   ][gc,phases      ] GC(276) Phase 3: Adjust pointers 1.090ms
[2.137s][info   ][gc,phases,start] GC(276) Phase 4: Compact heap
[2.137s][info   ][gc,phases      ] GC(276) Phase 4: Compact heap 0.256ms
[2.138s][info   ][gc,heap        ] GC(276) Eden regions: 0->0(3)
[2.138s][info   ][gc,heap        ] GC(276) Survivor regions: 0->0(0)
[2.138s][info   ][gc,heap        ] GC(276) Old regions: 2->2
[2.138s][info   ][gc,heap        ] GC(276) Archive regions: 2->2
[2.138s][info   ][gc,heap        ] GC(276) Humongous regions: 0->0
[2.138s][info   ][gc,metaspace   ] GC(276) Metaspace: 9520K(9792K)->9520K(9792K) NonClass: 8363K(8512K)->8363K(8512K) Class: 1157K(1280K)->1157K(1280K)
[2.138s][info   ][gc             ] GC(276) Pause Full (System.gc()) 4M->4M(28M) 5.085ms
[2.138s][info   ][gc,cpu         ] GC(276) User=0.00s Sys=0.00s Real=0.01s
[2.138s][info   ][gc,start       ] GC(277) Pause Full (System.gc())
[2.138s][info   ][gc,task        ] GC(277) Using 1 workers of 10 for full compaction
[2.138s][info   ][gc,phases,start] GC(277) Phase 1: Mark live objects
[2.141s][info   ][gc,phases      ] GC(277) Phase 1: Mark live objects 2.426ms
[2.141s][info   ][gc,phases,start] GC(277) Phase 2: Prepare for compaction
[2.141s][info   ][gc,phases      ] GC(277) Phase 2: Prepare for compaction 0.075ms
[2.141s][info   ][gc,phases,start] GC(277) Phase 3: Adjust pointers
[2.142s][info   ][gc,phases      ] GC(277) Phase 3: Adjust pointers 1.052ms
[2.142s][info   ][gc,phases,start] GC(277) Phase 4: Compact heap
[2.142s][info   ][gc,phases      ] GC(277) Phase 4: Compact heap 0.245ms
[2.143s][info   ][gc,heap        ] GC(277) Eden regions: 1->0(3)
[2.143s][info   ][gc,heap        ] GC(277) Survivor regions: 0->0(0)
[2.143s][info   ][gc,heap        ] GC(277) Old regions: 2->2
[2.143s][info   ][gc,heap        ] GC(277) Archive regions: 2->2
[2.143s][info   ][gc,heap        ] GC(277) Humongous regions: 0->0
[2.143s][info   ][gc,metaspace   ] GC(277) Metaspace: 9520K(9792K)->9520K(9792K) NonClass: 8363K(8512K)->8363K(8512K) Class: 1157K(1280K)->1157K(1280K)
[2.143s][info   ][gc             ] GC(277) Pause Full (System.gc()) 4M->4M(28M) 4.340ms
[2.143s][info   ][gc,cpu         ] GC(277) User=0.01s Sys=0.00s Real=0.00s
[2.143s][info   ][gc,start       ] GC(278) Pause Full (System.gc())
[2.143s][info   ][gc,task        ] GC(278) Using 1 workers of 10 for full compaction
[2.143s][info   ][gc,phases,start] GC(278) Phase 1: Mark live objects
[2.146s][info   ][gc,phases      ] GC(278) Phase 1: Mark live objects 2.744ms
[2.146s][info   ][gc,phases,start] GC(278) Phase 2: Prepare for compaction
[2.146s][info   ][gc,phases      ] GC(278) Phase 2: Prepare for compaction 0.204ms
[2.146s][info   ][gc,phases,start] GC(278) Phase 3: Adjust pointers
[2.147s][info   ][gc,phases      ] GC(278) Phase 3: Adjust pointers 1.094ms
[2.147s][info   ][gc,phases,start] GC(278) Phase 4: Compact heap
[2.147s][info   ][gc,phases      ] GC(278) Phase 4: Compact heap 0.196ms
[2.148s][info   ][gc,heap        ] GC(278) Eden regions: 1->0(3)
[2.148s][info   ][gc,heap        ] GC(278) Survivor regions: 0->0(0)
[2.148s][info   ][gc,heap        ] GC(278) Old regions: 2->2
[2.148s][info   ][gc,heap        ] GC(278) Archive regions: 2->2
[2.148s][info   ][gc,heap        ] GC(278) Humongous regions: 0->0
[2.148s][info   ][gc,metaspace   ] GC(278) Metaspace: 9520K(9792K)->9520K(9792K) NonClass: 8363K(8512K)->8363K(8512K) Class: 1157K(1280K)->1157K(1280K)
[2.148s][info   ][gc             ] GC(278) Pause Full (System.gc()) 4M->4M(28M) 4.756ms
[2.148s][info   ][gc,cpu         ] GC(278) User=0.00s Sys=0.00s Real=0.01s
[2.148s][info   ][gc,start       ] GC(279) Pause Full (System.gc())
[2.148s][info   ][gc,task        ] GC(279) Using 1 workers of 10 for full compaction
[2.148s][info   ][gc,phases,start] GC(279) Phase 1: Mark live objects
[2.151s][info   ][gc,phases      ] GC(279) Phase 1: Mark live objects 2.936ms
[2.151s][info   ][gc,phases,start] GC(279) Phase 2: Prepare for compaction
[2.151s][info   ][gc,phases      ] GC(279) Phase 2: Prepare for compaction 0.101ms
[2.151s][info   ][gc,phases,start] GC(279) Phase 3: Adjust pointers
[2.152s][info   ][gc,phases      ] GC(279) Phase 3: Adjust pointers 1.145ms
[2.152s][info   ][gc,phases,start] GC(279) Phase 4: Compact heap
[2.152s][info   ][gc,phases      ] GC(279) Phase 4: Compact heap 0.161ms
[2.153s][info   ][gc,heap        ] GC(279) Eden regions: 1->0(3)
[2.153s][info   ][gc,heap        ] GC(279) Survivor regions: 0->0(0)
[2.153s][info   ][gc,heap        ] GC(279) Old regions: 2->2
[2.153s][info   ][gc,heap        ] GC(279) Archive regions: 2->2
[2.153s][info   ][gc,heap        ] GC(279) Humongous regions: 0->0
[2.153s][info   ][gc,metaspace   ] GC(279) Metaspace: 9520K(9792K)->9520K(9792K) NonClass: 8363K(8512K)->8363K(8512K) Class: 1157K(1280K)->1157K(1280K)
[2.153s][info   ][gc             ] GC(279) Pause Full (System.gc()) 4M->4M(28M) 5.035ms
[2.153s][info   ][gc,cpu         ] GC(279) User=0.01s Sys=0.00s Real=0.00s
[2.153s][info   ][gc,start       ] GC(280) Pause Full (System.gc())
[2.153s][info   ][gc,task        ] GC(280) Using 1 workers of 10 for full compaction
[2.153s][info   ][gc,phases,start] GC(280) Phase 1: Mark live objects
[2.156s][info   ][gc,phases      ] GC(280) Phase 1: Mark live objects 2.261ms
[2.156s][info   ][gc,phases,start] GC(280) Phase 2: Prepare for compaction
[2.156s][info   ][gc,phases      ] GC(280) Phase 2: Prepare for compaction 0.080ms
[2.156s][info   ][gc,phases,start] GC(280) Phase 3: Adjust pointers
[2.157s][info   ][gc,phases      ] GC(280) Phase 3: Adjust pointers 1.260ms
[2.157s][info   ][gc,phases,start] GC(280) Phase 4: Compact heap
[2.157s][info   ][gc,phases      ] GC(280) Phase 4: Compact heap 0.110ms
[2.158s][info   ][gc,heap        ] GC(280) Eden regions: 1->0(3)
[2.158s][info   ][gc,heap        ] GC(280) Survivor regions: 0->0(0)
[2.158s][info   ][gc,heap        ] GC(280) Old regions: 2->2
[2.158s][info   ][gc,heap        ] GC(280) Archive regions: 2->2
[2.158s][info   ][gc,heap        ] GC(280) Humongous regions: 0->0
[2.158s][info   ][gc,metaspace   ] GC(280) Metaspace: 9520K(9792K)->9520K(9792K) NonClass: 8363K(8512K)->8363K(8512K) Class: 1157K(1280K)->1157K(1280K)
[2.158s][info   ][gc             ] GC(280) Pause Full (System.gc()) 4M->4M(28M) 4.356ms
[2.158s][info   ][gc,cpu         ] GC(280) User=0.00s Sys=0.00s Real=0.01s
[2.158s][info   ][gc,start       ] GC(281) Pause Full (System.gc())
[2.158s][info   ][gc,task        ] GC(281) Using 1 workers of 10 for full compaction
[2.158s][info   ][gc,phases,start] GC(281) Phase 1: Mark live objects
[2.160s][info   ][gc,phases      ] GC(281) Phase 1: Mark live objects 2.354ms
[2.160s][info   ][gc,phases,start] GC(281) Phase 2: Prepare for compaction
[2.160s][info   ][gc,phases      ] GC(281) Phase 2: Prepare for compaction 0.085ms
[2.160s][info   ][gc,phases,start] GC(281) Phase 3: Adjust pointers
[2.162s][info   ][gc,phases      ] GC(281) Phase 3: Adjust pointers 1.349ms
[2.162s][info   ][gc,phases,start] GC(281) Phase 4: Compact heap
[2.162s][info   ][gc,phases      ] GC(281) Phase 4: Compact heap 0.105ms
[2.162s][info   ][gc,heap        ] GC(281) Eden regions: 0->0(3)
[2.162s][info   ][gc,heap        ] GC(281) Survivor regions: 0->0(0)
[2.162s][info   ][gc,heap        ] GC(281) Old regions: 2->2
[2.162s][info   ][gc,heap        ] GC(281) Archive regions: 2->2
[2.162s][info   ][gc,heap        ] GC(281) Humongous regions: 0->0
[2.162s][info   ][gc,metaspace   ] GC(281) Metaspace: 9520K(9792K)->9520K(9792K) NonClass: 8363K(8512K)->8363K(8512K) Class: 1157K(1280K)->1157K(1280K)
[2.162s][info   ][gc             ] GC(281) Pause Full (System.gc()) 4M->4M(28M) 4.476ms
[2.162s][info   ][gc,cpu         ] GC(281) User=0.01s Sys=0.00s Real=0.00s
[2.162s][info   ][gc,start       ] GC(282) Pause Full (System.gc())
[2.162s][info   ][gc,task        ] GC(282) Using 1 workers of 10 for full compaction
[2.162s][info   ][gc,phases,start] GC(282) Phase 1: Mark live objects
[2.167s][info   ][gc,phases      ] GC(282) Phase 1: Mark live objects 4.576ms
[2.167s][info   ][gc,phases,start] GC(282) Phase 2: Prepare for compaction
[2.167s][info   ][gc,phases      ] GC(282) Phase 2: Prepare for compaction 0.148ms
[2.167s][info   ][gc,phases,start] GC(282) Phase 3: Adjust pointers
[2.170s][info   ][gc,phases      ] GC(282) Phase 3: Adjust pointers 2.383ms
[2.170s][info   ][gc,phases,start] GC(282) Phase 4: Compact heap
[2.170s][info   ][gc,phases      ] GC(282) Phase 4: Compact heap 0.071ms
[2.170s][info   ][gc,heap        ] GC(282) Eden regions: 0->0(3)
[2.170s][info   ][gc,heap        ] GC(282) Survivor regions: 0->0(0)
[2.170s][info   ][gc,heap        ] GC(282) Old regions: 2->2
[2.170s][info   ][gc,heap        ] GC(282) Archive regions: 2->2
[2.170s][info   ][gc,heap        ] GC(282) Humongous regions: 0->0
[2.170s][info   ][gc,metaspace   ] GC(282) Metaspace: 9520K(9792K)->9520K(9792K) NonClass: 8363K(8512K)->8363K(8512K) Class: 1157K(1280K)->1157K(1280K)
[2.170s][info   ][gc             ] GC(282) Pause Full (System.gc()) 4M->4M(28M) 7.868ms
[2.170s][info   ][gc,cpu         ] GC(282) User=0.00s Sys=0.00s Real=0.01s
[2.171s][info   ][gc,start       ] GC(283) Pause Full (System.gc())
[2.171s][info   ][gc,task        ] GC(283) Using 1 workers of 10 for full compaction
[2.171s][info   ][gc,phases,start] GC(283) Phase 1: Mark live objects
[2.175s][info   ][gc,phases      ] GC(283) Phase 1: Mark live objects 4.268ms
[2.175s][info   ][gc,phases,start] GC(283) Phase 2: Prepare for compaction
[2.175s][info   ][gc,phases      ] GC(283) Phase 2: Prepare for compaction 0.222ms
[2.175s][info   ][gc,phases,start] GC(283) Phase 3: Adjust pointers
[2.177s][info   ][gc,phases      ] GC(283) Phase 3: Adjust pointers 2.155ms
[2.178s][info   ][gc,phases,start] GC(283) Phase 4: Compact heap
[2.178s][info   ][gc,phases      ] GC(283) Phase 4: Compact heap 0.108ms
[2.178s][info   ][gc,heap        ] GC(283) Eden regions: 1->0(3)
[2.178s][info   ][gc,heap        ] GC(283) Survivor regions: 0->0(0)
[2.178s][info   ][gc,heap        ] GC(283) Old regions: 2->2
[2.178s][info   ][gc,heap        ] GC(283) Archive regions: 2->2
[2.178s][info   ][gc,heap        ] GC(283) Humongous regions: 0->0
[2.178s][info   ][gc,metaspace   ] GC(283) Metaspace: 9520K(9792K)->9520K(9792K) NonClass: 8363K(8512K)->8363K(8512K) Class: 1157K(1280K)->1157K(1280K)
[2.178s][info   ][gc             ] GC(283) Pause Full (System.gc()) 4M->4M(28M) 7.514ms
[2.178s][info   ][gc,cpu         ] GC(283) User=0.01s Sys=0.00s Real=0.01s
[2.179s][info   ][gc,start       ] GC(284) Pause Full (System.gc())
[2.179s][info   ][gc,task        ] GC(284) Using 1 workers of 10 for full compaction
[2.179s][info   ][gc,phases,start] GC(284) Phase 1: Mark live objects
[2.183s][info   ][gc,phases      ] GC(284) Phase 1: Mark live objects 4.744ms
[2.184s][info   ][gc,phases,start] GC(284) Phase 2: Prepare for compaction
[2.184s][info   ][gc,phases      ] GC(284) Phase 2: Prepare for compaction 0.154ms
[2.184s][info   ][gc,phases,start] GC(284) Phase 3: Adjust pointers
[2.186s][info   ][gc,phases      ] GC(284) Phase 3: Adjust pointers 2.079ms
[2.186s][info   ][gc,phases,start] GC(284) Phase 4: Compact heap
[2.186s][info   ][gc,phases      ] GC(284) Phase 4: Compact heap 0.080ms
[2.186s][info   ][gc,heap        ] GC(284) Eden regions: 1->0(3)
[2.186s][info   ][gc,heap        ] GC(284) Survivor regions: 0->0(0)
[2.186s][info   ][gc,heap        ] GC(284) Old regions: 2->2
[2.186s][info   ][gc,heap        ] GC(284) Archive regions: 2->2
[2.186s][info   ][gc,heap        ] GC(284) Humongous regions: 0->0
[2.186s][info   ][gc,metaspace   ] GC(284) Metaspace: 9520K(9792K)->9520K(9792K) NonClass: 8363K(8512K)->8363K(8512K) Class: 1157K(1280K)->1157K(1280K)
[2.186s][info   ][gc             ] GC(284) Pause Full (System.gc()) 4M->4M(28M) 7.792ms
[2.186s][info   ][gc,cpu         ] GC(284) User=0.01s Sys=0.00s Real=0.01s
[2.188s][info   ][gc,start       ] GC(285) Pause Full (System.gc())
[2.188s][info   ][gc,task        ] GC(285) Using 1 workers of 10 for full compaction
[2.188s][info   ][gc,phases,start] GC(285) Phase 1: Mark live objects
[2.192s][info   ][gc,phases      ] GC(285) Phase 1: Mark live objects 4.384ms
[2.192s][info   ][gc,phases,start] GC(285) Phase 2: Prepare for compaction
[2.192s][info   ][gc,phases      ] GC(285) Phase 2: Prepare for compaction 0.211ms
[2.192s][info   ][gc,phases,start] GC(285) Phase 3: Adjust pointers
[2.194s][info   ][gc,phases      ] GC(285) Phase 3: Adjust pointers 1.449ms
[2.194s][info   ][gc,phases,start] GC(285) Phase 4: Compact heap
[2.194s][info   ][gc,phases      ] GC(285) Phase 4: Compact heap 0.066ms
[2.194s][info   ][gc,heap        ] GC(285) Eden regions: 0->0(3)
[2.194s][info   ][gc,heap        ] GC(285) Survivor regions: 0->0(0)
[2.194s][info   ][gc,heap        ] GC(285) Old regions: 2->2
[2.194s][info   ][gc,heap        ] GC(285) Archive regions: 2->2
[2.194s][info   ][gc,heap        ] GC(285) Humongous regions: 0->0
[2.194s][info   ][gc,metaspace   ] GC(285) Metaspace: 9520K(9792K)->9520K(9792K) NonClass: 8363K(8512K)->8363K(8512K) Class: 1157K(1280K)->1157K(1280K)
[2.194s][info   ][gc             ] GC(285) Pause Full (System.gc()) 4M->4M(28M) 6.638ms
[2.194s][info   ][gc,cpu         ] GC(285) User=0.00s Sys=0.00s Real=0.01s
[2.195s][info   ][gc,start       ] GC(286) Pause Full (System.gc())
[2.195s][info   ][gc,task        ] GC(286) Using 1 workers of 10 for full compaction
[2.195s][info   ][gc,phases,start] GC(286) Phase 1: Mark live objects
[2.199s][info   ][gc,phases      ] GC(286) Phase 1: Mark live objects 4.081ms
[2.199s][info   ][gc,phases,start] GC(286) Phase 2: Prepare for compaction
[2.199s][info   ][gc,phases      ] GC(286) Phase 2: Prepare for compaction 0.211ms
[2.199s][info   ][gc,phases,start] GC(286) Phase 3: Adjust pointers
[2.201s][info   ][gc,phases      ] GC(286) Phase 3: Adjust pointers 2.090ms
[2.201s][info   ][gc,phases,start] GC(286) Phase 4: Compact heap
[2.201s][info   ][gc,phases      ] GC(286) Phase 4: Compact heap 0.067ms
[2.202s][info   ][gc,heap        ] GC(286) Eden regions: 1->0(3)
[2.202s][info   ][gc,heap        ] GC(286) Survivor regions: 0->0(0)
[2.202s][info   ][gc,heap        ] GC(286) Old regions: 2->2
[2.202s][info   ][gc,heap        ] GC(286) Archive regions: 2->2
[2.202s][info   ][gc,heap        ] GC(286) Humongous regions: 0->0
[2.202s][info   ][gc,metaspace   ] GC(286) Metaspace: 9520K(9792K)->9520K(9792K) NonClass: 8363K(8512K)->8363K(8512K) Class: 1157K(1280K)->1157K(1280K)
[2.202s][info   ][gc             ] GC(286) Pause Full (System.gc()) 4M->4M(28M) 7.049ms
[2.202s][info   ][gc,cpu         ] GC(286) User=0.01s Sys=0.00s Real=0.00s
[2.202s][info   ][gc,start       ] GC(287) Pause Full (System.gc())
[2.202s][info   ][gc,task        ] GC(287) Using 1 workers of 10 for full compaction
[2.202s][info   ][gc,phases,start] GC(287) Phase 1: Mark live objects
[2.205s][info   ][gc,phases      ] GC(287) Phase 1: Mark live objects 3.381ms
[2.205s][info   ][gc,phases,start] GC(287) Phase 2: Prepare for compaction
[2.205s][info   ][gc,phases      ] GC(287) Phase 2: Prepare for compaction 0.127ms
[2.205s][info   ][gc,phases,start] GC(287) Phase 3: Adjust pointers
[2.207s][info   ][gc,phases      ] GC(287) Phase 3: Adjust pointers 1.452ms
[2.207s][info   ][gc,phases,start] GC(287) Phase 4: Compact heap
[2.207s][info   ][gc,phases      ] GC(287) Phase 4: Compact heap 0.091ms
[2.207s][info   ][gc,heap        ] GC(287) Eden regions: 1->0(3)
[2.207s][info   ][gc,heap        ] GC(287) Survivor regions: 0->0(0)
[2.207s][info   ][gc,heap        ] GC(287) Old regions: 2->2
[2.207s][info   ][gc,heap        ] GC(287) Archive regions: 2->2
[2.207s][info   ][gc,heap        ] GC(287) Humongous regions: 0->0
[2.207s][info   ][gc,metaspace   ] GC(287) Metaspace: 9520K(9792K)->9520K(9792K) NonClass: 8363K(8512K)->8363K(8512K) Class: 1157K(1280K)->1157K(1280K)
[2.207s][info   ][gc             ] GC(287) Pause Full (System.gc()) 4M->4M(28M) 5.541ms
[2.207s][info   ][gc,cpu         ] GC(287) User=0.01s Sys=0.00s Real=0.01s
[2.208s][info   ][gc,start       ] GC(288) Pause Full (System.gc())
[2.208s][info   ][gc,task        ] GC(288) Using 1 workers of 10 for full compaction
[2.208s][info   ][gc,phases,start] GC(288) Phase 1: Mark live objects
[2.211s][info   ][gc,phases      ] GC(288) Phase 1: Mark live objects 3.212ms
[2.211s][info   ][gc,phases,start] GC(288) Phase 2: Prepare for compaction
[2.211s][info   ][gc,phases      ] GC(288) Phase 2: Prepare for compaction 0.120ms
[2.211s][info   ][gc,phases,start] GC(288) Phase 3: Adjust pointers
[2.213s][info   ][gc,phases      ] GC(288) Phase 3: Adjust pointers 1.695ms
[2.213s][info   ][gc,phases,start] GC(288) Phase 4: Compact heap
[2.213s][info   ][gc,phases      ] GC(288) Phase 4: Compact heap 0.211ms
[2.213s][info   ][gc,heap        ] GC(288) Eden regions: 0->0(3)
[2.213s][info   ][gc,heap        ] GC(288) Survivor regions: 0->0(0)
[2.213s][info   ][gc,heap        ] GC(288) Old regions: 2->2
[2.213s][info   ][gc,heap        ] GC(288) Archive regions: 2->2
[2.213s][info   ][gc,heap        ] GC(288) Humongous regions: 0->0
[2.213s][info   ][gc,metaspace   ] GC(288) Metaspace: 9520K(9792K)->9520K(9792K) NonClass: 8363K(8512K)->8363K(8512K) Class: 1157K(1280K)->1157K(1280K)
[2.213s][info   ][gc             ] GC(288) Pause Full (System.gc()) 4M->4M(28M) 5.918ms
[2.214s][info   ][gc,cpu         ] GC(288) User=0.00s Sys=0.00s Real=0.01s
[2.214s][info   ][gc,start       ] GC(289) Pause Full (System.gc())
[2.214s][info   ][gc,task        ] GC(289) Using 1 workers of 10 for full compaction
[2.214s][info   ][gc,phases,start] GC(289) Phase 1: Mark live objects
[2.217s][info   ][gc,phases      ] GC(289) Phase 1: Mark live objects 3.678ms
[2.217s][info   ][gc,phases,start] GC(289) Phase 2: Prepare for compaction
[2.218s][info   ][gc,phases      ] GC(289) Phase 2: Prepare for compaction 0.226ms
[2.218s][info   ][gc,phases,start] GC(289) Phase 3: Adjust pointers
[2.219s][info   ][gc,phases      ] GC(289) Phase 3: Adjust pointers 1.365ms
[2.219s][info   ][gc,phases,start] GC(289) Phase 4: Compact heap
[2.219s][info   ][gc,phases      ] GC(289) Phase 4: Compact heap 0.113ms
[2.220s][info   ][gc,heap        ] GC(289) Eden regions: 0->0(3)
[2.220s][info   ][gc,heap        ] GC(289) Survivor regions: 0->0(0)
[2.220s][info   ][gc,heap        ] GC(289) Old regions: 2->2
[2.220s][info   ][gc,heap        ] GC(289) Archive regions: 2->2
[2.220s][info   ][gc,heap        ] GC(289) Humongous regions: 0->0
[2.220s][info   ][gc,metaspace   ] GC(289) Metaspace: 9520K(9792K)->9520K(9792K) NonClass: 8363K(8512K)->8363K(8512K) Class: 1157K(1280K)->1157K(1280K)
[2.220s][info   ][gc             ] GC(289) Pause Full (System.gc()) 4M->4M(28M) 5.972ms
[2.220s][info   ][gc,cpu         ] GC(289) User=0.01s Sys=0.01s Real=0.00s
[2.220s][info   ][gc,start       ] GC(290) Pause Full (System.gc())
[2.220s][info   ][gc,task        ] GC(290) Using 1 workers of 10 for full compaction
[2.220s][info   ][gc,phases,start] GC(290) Phase 1: Mark live objects
[2.224s][info   ][gc,phases      ] GC(290) Phase 1: Mark live objects 3.779ms
[2.224s][info   ][gc,phases,start] GC(290) Phase 2: Prepare for compaction
[2.224s][info   ][gc,phases      ] GC(290) Phase 2: Prepare for compaction 0.214ms
[2.224s][info   ][gc,phases,start] GC(290) Phase 3: Adjust pointers
[2.226s][info   ][gc,phases      ] GC(290) Phase 3: Adjust pointers 1.704ms
[2.226s][info   ][gc,phases,start] GC(290) Phase 4: Compact heap
[2.226s][info   ][gc,phases      ] GC(290) Phase 4: Compact heap 0.157ms
[2.227s][info   ][gc,heap        ] GC(290) Eden regions: 1->0(3)
[2.227s][info   ][gc,heap        ] GC(290) Survivor regions: 0->0(0)
[2.227s][info   ][gc,heap        ] GC(290) Old regions: 2->2
[2.227s][info   ][gc,heap        ] GC(290) Archive regions: 2->2
[2.227s][info   ][gc,heap        ] GC(290) Humongous regions: 0->0
[2.227s][info   ][gc,metaspace   ] GC(290) Metaspace: 9520K(9792K)->9520K(9792K) NonClass: 8363K(8512K)->8363K(8512K) Class: 1157K(1280K)->1157K(1280K)
[2.227s][info   ][gc             ] GC(290) Pause Full (System.gc()) 4M->4M(28M) 6.455ms
[2.227s][info   ][gc,cpu         ] GC(290) User=0.00s Sys=0.00s Real=0.01s
[2.227s][info   ][gc,start       ] GC(291) Pause Full (System.gc())
[2.227s][info   ][gc,task        ] GC(291) Using 1 workers of 10 for full compaction
[2.227s][info   ][gc,phases,start] GC(291) Phase 1: Mark live objects
[2.230s][info   ][gc,phases      ] GC(291) Phase 1: Mark live objects 3.175ms
[2.230s][info   ][gc,phases,start] GC(291) Phase 2: Prepare for compaction
[2.231s][info   ][gc,phases      ] GC(291) Phase 2: Prepare for compaction 0.304ms
[2.231s][info   ][gc,phases,start] GC(291) Phase 3: Adjust pointers
[2.232s][info   ][gc,phases      ] GC(291) Phase 3: Adjust pointers 1.199ms
[2.232s][info   ][gc,phases,start] GC(291) Phase 4: Compact heap
[2.232s][info   ][gc,phases      ] GC(291) Phase 4: Compact heap 0.146ms
[2.232s][info   ][gc,heap        ] GC(291) Eden regions: 1->0(3)
[2.233s][info   ][gc,heap        ] GC(291) Survivor regions: 0->0(0)
[2.233s][info   ][gc,heap        ] GC(291) Old regions: 2->2
[2.233s][info   ][gc,heap        ] GC(291) Archive regions: 2->2
[2.233s][info   ][gc,heap        ] GC(291) Humongous regions: 0->0
[2.233s][info   ][gc,metaspace   ] GC(291) Metaspace: 9520K(9792K)->9520K(9792K) NonClass: 8363K(8512K)->8363K(8512K) Class: 1157K(1280K)->1157K(1280K)
[2.233s][info   ][gc             ] GC(291) Pause Full (System.gc()) 4M->4M(28M) 5.532ms
[2.233s][info   ][gc,cpu         ] GC(291) User=0.01s Sys=0.00s Real=0.00s
[2.233s][info   ][gc,start       ] GC(292) Pause Full (System.gc())
[2.233s][info   ][gc,task        ] GC(292) Using 1 workers of 10 for full compaction
[2.233s][info   ][gc,phases,start] GC(292) Phase 1: Mark live objects
[2.236s][info   ][gc,phases      ] GC(292) Phase 1: Mark live objects 3.518ms
[2.236s][info   ][gc,phases,start] GC(292) Phase 2: Prepare for compaction
[2.236s][info   ][gc,phases      ] GC(292) Phase 2: Prepare for compaction 0.082ms
[2.236s][info   ][gc,phases,start] GC(292) Phase 3: Adjust pointers
[2.238s][info   ][gc,phases      ] GC(292) Phase 3: Adjust pointers 1.203ms
[2.238s][info   ][gc,phases,start] GC(292) Phase 4: Compact heap
[2.238s][info   ][gc,phases      ] GC(292) Phase 4: Compact heap 0.213ms
[2.238s][info   ][gc,heap        ] GC(292) Eden regions: 0->0(3)
[2.238s][info   ][gc,heap        ] GC(292) Survivor regions: 0->0(0)
[2.238s][info   ][gc,heap        ] GC(292) Old regions: 2->2
[2.238s][info   ][gc,heap        ] GC(292) Archive regions: 2->2
[2.238s][info   ][gc,heap        ] GC(292) Humongous regions: 0->0
[2.238s][info   ][gc,metaspace   ] GC(292) Metaspace: 9520K(9792K)->9520K(9792K) NonClass: 8363K(8512K)->8363K(8512K) Class: 1157K(1280K)->1157K(1280K)
[2.238s][info   ][gc             ] GC(292) Pause Full (System.gc()) 4M->4M(28M) 5.772ms
[2.239s][info   ][gc,cpu         ] GC(292) User=0.00s Sys=0.00s Real=0.01s
[2.239s][info   ][gc,start       ] GC(293) Pause Full (System.gc())
[2.239s][info   ][gc,task        ] GC(293) Using 1 workers of 10 for full compaction
[2.239s][info   ][gc,phases,start] GC(293) Phase 1: Mark live objects
[2.242s][info   ][gc,phases      ] GC(293) Phase 1: Mark live objects 3.425ms
[2.242s][info   ][gc,phases,start] GC(293) Phase 2: Prepare for compaction
[2.243s][info   ][gc,phases      ] GC(293) Phase 2: Prepare for compaction 0.181ms
[2.243s][info   ][gc,phases,start] GC(293) Phase 3: Adjust pointers
[2.244s][info   ][gc,phases      ] GC(293) Phase 3: Adjust pointers 1.144ms
[2.244s][info   ][gc,phases,start] GC(293) Phase 4: Compact heap
[2.244s][info   ][gc,phases      ] GC(293) Phase 4: Compact heap 0.156ms
[2.244s][info   ][gc,heap        ] GC(293) Eden regions: 1->0(3)
[2.244s][info   ][gc,heap        ] GC(293) Survivor regions: 0->0(0)
[2.244s][info   ][gc,heap        ] GC(293) Old regions: 2->2
[2.244s][info   ][gc,heap        ] GC(293) Archive regions: 2->2
[2.244s][info   ][gc,heap        ] GC(293) Humongous regions: 0->0
[2.244s][info   ][gc,metaspace   ] GC(293) Metaspace: 9520K(9792K)->9520K(9792K) NonClass: 8363K(8512K)->8363K(8512K) Class: 1157K(1280K)->1157K(1280K)
[2.244s][info   ][gc             ] GC(293) Pause Full (System.gc()) 4M->4M(28M) 5.521ms
[2.244s][info   ][gc,cpu         ] GC(293) User=0.01s Sys=0.00s Real=0.01s
[2.245s][info   ][gc,start       ] GC(294) Pause Full (System.gc())
[2.245s][info   ][gc,task        ] GC(294) Using 1 workers of 10 for full compaction
[2.245s][info   ][gc,phases,start] GC(294) Phase 1: Mark live objects
[2.248s][info   ][gc,phases      ] GC(294) Phase 1: Mark live objects 3.142ms
[2.248s][info   ][gc,phases,start] GC(294) Phase 2: Prepare for compaction
[2.248s][info   ][gc,phases      ] GC(294) Phase 2: Prepare for compaction 0.142ms
[2.248s][info   ][gc,phases,start] GC(294) Phase 3: Adjust pointers
[2.249s][info   ][gc,phases      ] GC(294) Phase 3: Adjust pointers 1.112ms
[2.249s][info   ][gc,phases,start] GC(294) Phase 4: Compact heap
[2.250s][info   ][gc,phases      ] GC(294) Phase 4: Compact heap 0.282ms
[2.250s][info   ][gc,heap        ] GC(294) Eden regions: 1->0(3)
[2.250s][info   ][gc,heap        ] GC(294) Survivor regions: 0->0(0)
[2.250s][info   ][gc,heap        ] GC(294) Old regions: 2->2
[2.250s][info   ][gc,heap        ] GC(294) Archive regions: 2->2
[2.250s][info   ][gc,heap        ] GC(294) Humongous regions: 0->0
[2.250s][info   ][gc,metaspace   ] GC(294) Metaspace: 9520K(9792K)->9520K(9792K) NonClass: 8363K(8512K)->8363K(8512K) Class: 1157K(1280K)->1157K(1280K)
[2.250s][info   ][gc             ] GC(294) Pause Full (System.gc()) 4M->4M(28M) 5.018ms
[2.250s][info   ][gc,cpu         ] GC(294) User=0.00s Sys=0.00s Real=0.00s
[2.250s][info   ][gc,start       ] GC(295) Pause Full (System.gc())
[2.250s][info   ][gc,task        ] GC(295) Using 1 workers of 10 for full compaction
[2.250s][info   ][gc,phases,start] GC(295) Phase 1: Mark live objects
[2.252s][info   ][gc,phases      ] GC(295) Phase 1: Mark live objects 2.135ms
[2.252s][info   ][gc,phases,start] GC(295) Phase 2: Prepare for compaction
[2.253s][info   ][gc,phases      ] GC(295) Phase 2: Prepare for compaction 0.107ms
[2.253s][info   ][gc,phases,start] GC(295) Phase 3: Adjust pointers
[2.254s][info   ][gc,phases      ] GC(295) Phase 3: Adjust pointers 1.384ms
[2.254s][info   ][gc,phases,start] GC(295) Phase 4: Compact heap
[2.254s][info   ][gc,phases      ] GC(295) Phase 4: Compact heap 0.172ms
[2.255s][info   ][gc,heap        ] GC(295) Eden regions: 0->0(3)
[2.255s][info   ][gc,heap        ] GC(295) Survivor regions: 0->0(0)
[2.255s][info   ][gc,heap        ] GC(295) Old regions: 2->2
[2.255s][info   ][gc,heap        ] GC(295) Archive regions: 2->2
[2.255s][info   ][gc,heap        ] GC(295) Humongous regions: 0->0
[2.255s][info   ][gc,metaspace   ] GC(295) Metaspace: 9520K(9792K)->9520K(9792K) NonClass: 8363K(8512K)->8363K(8512K) Class: 1157K(1280K)->1157K(1280K)
[2.255s][info   ][gc             ] GC(295) Pause Full (System.gc()) 4M->4M(28M) 4.298ms
[2.255s][info   ][gc,cpu         ] GC(295) User=0.01s Sys=0.00s Real=0.01s
[2.255s][info   ][gc,start       ] GC(296) Pause Full (System.gc())
[2.255s][info   ][gc,task        ] GC(296) Using 1 workers of 10 for full compaction
[2.255s][info   ][gc,phases,start] GC(296) Phase 1: Mark live objects
[2.257s][info   ][gc,phases      ] GC(296) Phase 1: Mark live objects 2.181ms
[2.257s][info   ][gc,phases,start] GC(296) Phase 2: Prepare for compaction
[2.257s][info   ][gc,phases      ] GC(296) Phase 2: Prepare for compaction 0.156ms
[2.257s][info   ][gc,phases,start] GC(296) Phase 3: Adjust pointers
[2.258s][info   ][gc,phases      ] GC(296) Phase 3: Adjust pointers 1.056ms
[2.258s][info   ][gc,phases,start] GC(296) Phase 4: Compact heap
[2.258s][info   ][gc,phases      ] GC(296) Phase 4: Compact heap 0.038ms
[2.259s][info   ][gc,heap        ] GC(296) Eden regions: 1->0(3)
[2.259s][info   ][gc,heap        ] GC(296) Survivor regions: 0->0(0)
[2.259s][info   ][gc,heap        ] GC(296) Old regions: 2->2
[2.259s][info   ][gc,heap        ] GC(296) Archive regions: 2->2
[2.259s][info   ][gc,heap        ] GC(296) Humongous regions: 0->0
[2.259s][info   ][gc,metaspace   ] GC(296) Metaspace: 9520K(9792K)->9520K(9792K) NonClass: 8363K(8512K)->8363K(8512K) Class: 1157K(1280K)->1157K(1280K)
[2.259s][info   ][gc             ] GC(296) Pause Full (System.gc()) 4M->4M(28M) 3.867ms
[2.259s][info   ][gc,cpu         ] GC(296) User=0.00s Sys=0.00s Real=0.00s
[2.259s][info   ][gc,start       ] GC(297) Pause Full (System.gc())
[2.259s][info   ][gc,task        ] GC(297) Using 1 workers of 10 for full compaction
[2.259s][info   ][gc,phases,start] GC(297) Phase 1: Mark live objects
[2.261s][info   ][gc,phases      ] GC(297) Phase 1: Mark live objects 2.224ms
[2.261s][info   ][gc,phases,start] GC(297) Phase 2: Prepare for compaction
[2.261s][info   ][gc,phases      ] GC(297) Phase 2: Prepare for compaction 0.128ms
[2.261s][info   ][gc,phases,start] GC(297) Phase 3: Adjust pointers
[2.263s][info   ][gc,phases      ] GC(297) Phase 3: Adjust pointers 1.066ms
[2.263s][info   ][gc,phases,start] GC(297) Phase 4: Compact heap
[2.263s][info   ][gc,phases      ] GC(297) Phase 4: Compact heap 0.175ms
[2.263s][info   ][gc,heap        ] GC(297) Eden regions: 1->0(3)
[2.263s][info   ][gc,heap        ] GC(297) Survivor regions: 0->0(0)
[2.263s][info   ][gc,heap        ] GC(297) Old regions: 2->2
[2.263s][info   ][gc,heap        ] GC(297) Archive regions: 2->2
[2.263s][info   ][gc,heap        ] GC(297) Humongous regions: 0->0
[2.263s][info   ][gc,metaspace   ] GC(297) Metaspace: 9520K(9792K)->9520K(9792K) NonClass: 8363K(8512K)->8363K(8512K) Class: 1157K(1280K)->1157K(1280K)
[2.263s][info   ][gc             ] GC(297) Pause Full (System.gc()) 4M->4M(28M) 3.973ms
[2.263s][info   ][gc,cpu         ] GC(297) User=0.00s Sys=0.00s Real=0.00s
[2.263s][info   ][gc,start       ] GC(298) Pause Full (System.gc())
[2.263s][info   ][gc,task        ] GC(298) Using 1 workers of 10 for full compaction
[2.263s][info   ][gc,phases,start] GC(298) Phase 1: Mark live objects
[2.266s][info   ][gc,phases      ] GC(298) Phase 1: Mark live objects 2.269ms
[2.266s][info   ][gc,phases,start] GC(298) Phase 2: Prepare for compaction
[2.266s][info   ][gc,phases      ] GC(298) Phase 2: Prepare for compaction 0.152ms
[2.266s][info   ][gc,phases,start] GC(298) Phase 3: Adjust pointers
[2.267s][info   ][gc,phases      ] GC(298) Phase 3: Adjust pointers 1.025ms
[2.267s][info   ][gc,phases,start] GC(298) Phase 4: Compact heap
[2.267s][info   ][gc,phases      ] GC(298) Phase 4: Compact heap 0.106ms
[2.267s][info   ][gc,heap        ] GC(298) Eden regions: 0->0(3)
[2.267s][info   ][gc,heap        ] GC(298) Survivor regions: 0->0(0)
[2.267s][info   ][gc,heap        ] GC(298) Old regions: 2->2
[2.267s][info   ][gc,heap        ] GC(298) Archive regions: 2->2
[2.267s][info   ][gc,heap        ] GC(298) Humongous regions: 0->0
[2.267s][info   ][gc,metaspace   ] GC(298) Metaspace: 9520K(9792K)->9520K(9792K) NonClass: 8363K(8512K)->8363K(8512K) Class: 1157K(1280K)->1157K(1280K)
[2.267s][info   ][gc             ] GC(298) Pause Full (System.gc()) 4M->4M(28M) 3.892ms
[2.267s][info   ][gc,cpu         ] GC(298) User=0.01s Sys=0.00s Real=0.01s
[2.267s][info   ][gc,start       ] GC(299) Pause Full (System.gc())
[2.267s][info   ][gc,task        ] GC(299) Using 1 workers of 10 for full compaction
[2.267s][info   ][gc,phases,start] GC(299) Phase 1: Mark live objects
[2.269s][info   ][gc,phases      ] GC(299) Phase 1: Mark live objects 2.041ms
[2.269s][info   ][gc,phases,start] GC(299) Phase 2: Prepare for compaction
[2.270s][info   ][gc,phases      ] GC(299) Phase 2: Prepare for compaction 0.202ms
[2.270s][info   ][gc,phases,start] GC(299) Phase 3: Adjust pointers
[2.271s][info   ][gc,phases      ] GC(299) Phase 3: Adjust pointers 1.078ms
[2.271s][info   ][gc,phases,start] GC(299) Phase 4: Compact heap
[2.271s][info   ][gc,phases      ] GC(299) Phase 4: Compact heap 0.194ms
[2.271s][info   ][gc,heap        ] GC(299) Eden regions: 0->0(3)
[2.271s][info   ][gc,heap        ] GC(299) Survivor regions: 0->0(0)
[2.271s][info   ][gc,heap        ] GC(299) Old regions: 2->2
[2.271s][info   ][gc,heap        ] GC(299) Archive regions: 2->2
[2.271s][info   ][gc,heap        ] GC(299) Humongous regions: 0->0
[2.271s][info   ][gc,metaspace   ] GC(299) Metaspace: 9520K(9792K)->9520K(9792K) NonClass: 8363K(8512K)->8363K(8512K) Class: 1157K(1280K)->1157K(1280K)
[2.271s][info   ][gc             ] GC(299) Pause Full (System.gc()) 4M->4M(28M) 4.109ms
[2.271s][info   ][gc,cpu         ] GC(299) User=0.00s Sys=0.00s Real=0.00s
[2.272s][info   ][gc,start       ] GC(300) Pause Full (System.gc())
[2.272s][info   ][gc,task        ] GC(300) Using 1 workers of 10 for full compaction
[2.272s][info   ][gc,phases,start] GC(300) Phase 1: Mark live objects
[2.275s][info   ][gc,phases      ] GC(300) Phase 1: Mark live objects 2.613ms
[2.275s][info   ][gc,phases,start] GC(300) Phase 2: Prepare for compaction
[2.275s][info   ][gc,phases      ] GC(300) Phase 2: Prepare for compaction 0.162ms
[2.275s][info   ][gc,phases,start] GC(300) Phase 3: Adjust pointers
[2.276s][info   ][gc,phases      ] GC(300) Phase 3: Adjust pointers 1.095ms
[2.276s][info   ][gc,phases,start] GC(300) Phase 4: Compact heap
[2.276s][info   ][gc,phases      ] GC(300) Phase 4: Compact heap 0.160ms
[2.276s][info   ][gc,heap        ] GC(300) Eden regions: 1->0(3)
[2.276s][info   ][gc,heap        ] GC(300) Survivor regions: 0->0(0)
[2.276s][info   ][gc,heap        ] GC(300) Old regions: 2->2
[2.276s][info   ][gc,heap        ] GC(300) Archive regions: 2->2
[2.276s][info   ][gc,heap        ] GC(300) Humongous regions: 0->0
[2.276s][info   ][gc,metaspace   ] GC(300) Metaspace: 9520K(9792K)->9520K(9792K) NonClass: 8363K(8512K)->8363K(8512K) Class: 1157K(1280K)->1157K(1280K)
[2.276s][info   ][gc             ] GC(300) Pause Full (System.gc()) 4M->4M(28M) 4.493ms
[2.276s][info   ][gc,cpu         ] GC(300) User=0.01s Sys=0.00s Real=0.01s
[2.277s][info   ][gc,start       ] GC(301) Pause Full (System.gc())
[2.277s][info   ][gc,task        ] GC(301) Using 1 workers of 10 for full compaction
[2.277s][info   ][gc,phases,start] GC(301) Phase 1: Mark live objects
[2.279s][info   ][gc,phases      ] GC(301) Phase 1: Mark live objects 2.785ms
[2.279s][info   ][gc,phases,start] GC(301) Phase 2: Prepare for compaction
[2.280s][info   ][gc,phases      ] GC(301) Phase 2: Prepare for compaction 0.218ms
[2.280s][info   ][gc,phases,start] GC(301) Phase 3: Adjust pointers
[2.281s][info   ][gc,phases      ] GC(301) Phase 3: Adjust pointers 1.112ms
[2.281s][info   ][gc,phases,start] GC(301) Phase 4: Compact heap
[2.281s][info   ][gc,phases      ] GC(301) Phase 4: Compact heap 0.150ms
[2.281s][info   ][gc,heap        ] GC(301) Eden regions: 0->0(3)
[2.281s][info   ][gc,heap        ] GC(301) Survivor regions: 0->0(0)
[2.281s][info   ][gc,heap        ] GC(301) Old regions: 2->2
[2.281s][info   ][gc,heap        ] GC(301) Archive regions: 2->2
[2.282s][info   ][gc,heap        ] GC(301) Humongous regions: 0->0
[2.282s][info   ][gc,metaspace   ] GC(301) Metaspace: 9520K(9792K)->9520K(9792K) NonClass: 8363K(8512K)->8363K(8512K) Class: 1157K(1280K)->1157K(1280K)
[2.282s][info   ][gc             ] GC(301) Pause Full (System.gc()) 4M->4M(28M) 4.921ms
[2.282s][info   ][gc,cpu         ] GC(301) User=0.00s Sys=0.00s Real=0.00s
[2.282s][info   ][gc,start       ] GC(302) Pause Full (System.gc())
[2.282s][info   ][gc,task        ] GC(302) Using 1 workers of 10 for full compaction
[2.282s][info   ][gc,phases,start] GC(302) Phase 1: Mark live objects
[2.284s][info   ][gc,phases      ] GC(302) Phase 1: Mark live objects 2.325ms
[2.284s][info   ][gc,phases,start] GC(302) Phase 2: Prepare for compaction
[2.284s][info   ][gc,phases      ] GC(302) Phase 2: Prepare for compaction 0.078ms
[2.284s][info   ][gc,phases,start] GC(302) Phase 3: Adjust pointers
[2.286s][info   ][gc,phases      ] GC(302) Phase 3: Adjust pointers 1.726ms
[2.286s][info   ][gc,phases,start] GC(302) Phase 4: Compact heap
[2.286s][info   ][gc,phases      ] GC(302) Phase 4: Compact heap 0.045ms
[2.287s][info   ][gc,heap        ] GC(302) Eden regions: 1->0(3)
[2.287s][info   ][gc,heap        ] GC(302) Survivor regions: 0->0(0)
[2.287s][info   ][gc,heap        ] GC(302) Old regions: 2->2
[2.287s][info   ][gc,heap        ] GC(302) Archive regions: 2->2
[2.287s][info   ][gc,heap        ] GC(302) Humongous regions: 0->0
[2.287s][info   ][gc,metaspace   ] GC(302) Metaspace: 9520K(9792K)->9520K(9792K) NonClass: 8363K(8512K)->8363K(8512K) Class: 1157K(1280K)->1157K(1280K)
[2.287s][info   ][gc             ] GC(302) Pause Full (System.gc()) 4M->4M(28M) 4.569ms
[2.287s][info   ][gc,cpu         ] GC(302) User=0.00s Sys=0.00s Real=0.01s
[2.287s][info   ][gc,start       ] GC(303) Pause Full (System.gc())
[2.287s][info   ][gc,task        ] GC(303) Using 1 workers of 10 for full compaction
[2.287s][info   ][gc,phases,start] GC(303) Phase 1: Mark live objects
[2.290s][info   ][gc,phases      ] GC(303) Phase 1: Mark live objects 3.319ms
[2.290s][info   ][gc,phases,start] GC(303) Phase 2: Prepare for compaction
[2.290s][info   ][gc,phases      ] GC(303) Phase 2: Prepare for compaction 0.087ms
[2.290s][info   ][gc,phases,start] GC(303) Phase 3: Adjust pointers
[2.291s][info   ][gc,phases      ] GC(303) Phase 3: Adjust pointers 1.259ms
[2.291s][info   ][gc,phases,start] GC(303) Phase 4: Compact heap
[2.292s][info   ][gc,phases      ] GC(303) Phase 4: Compact heap 0.277ms
[2.292s][info   ][gc,heap        ] GC(303) Eden regions: 0->0(3)
[2.292s][info   ][gc,heap        ] GC(303) Survivor regions: 0->0(0)
[2.292s][info   ][gc,heap        ] GC(303) Old regions: 2->2
[2.292s][info   ][gc,heap        ] GC(303) Archive regions: 2->2
[2.292s][info   ][gc,heap        ] GC(303) Humongous regions: 0->0
[2.292s][info   ][gc,metaspace   ] GC(303) Metaspace: 9520K(9792K)->9520K(9792K) NonClass: 8363K(8512K)->8363K(8512K) Class: 1157K(1280K)->1157K(1280K)
[2.292s][info   ][gc             ] GC(303) Pause Full (System.gc()) 4M->4M(28M) 5.484ms
[2.292s][info   ][gc,cpu         ] GC(303) User=0.01s Sys=0.00s Real=0.00s
[2.293s][info   ][gc,start       ] GC(304) Pause Full (System.gc())
[2.293s][info   ][gc,task        ] GC(304) Using 1 workers of 10 for full compaction
[2.293s][info   ][gc,phases,start] GC(304) Phase 1: Mark live objects
[2.296s][info   ][gc,phases      ] GC(304) Phase 1: Mark live objects 3.416ms
[2.296s][info   ][gc,phases,start] GC(304) Phase 2: Prepare for compaction
[2.296s][info   ][gc,phases      ] GC(304) Phase 2: Prepare for compaction 0.219ms
[2.296s][info   ][gc,phases,start] GC(304) Phase 3: Adjust pointers
[2.298s][info   ][gc,phases      ] GC(304) Phase 3: Adjust pointers 1.274ms
[2.298s][info   ][gc,phases,start] GC(304) Phase 4: Compact heap
[2.298s][info   ][gc,phases      ] GC(304) Phase 4: Compact heap 0.153ms
[2.298s][info   ][gc,heap        ] GC(304) Eden regions: 1->0(3)
[2.298s][info   ][gc,heap        ] GC(304) Survivor regions: 0->0(0)
[2.298s][info   ][gc,heap        ] GC(304) Old regions: 2->2
[2.298s][info   ][gc,heap        ] GC(304) Archive regions: 2->2
[2.298s][info   ][gc,heap        ] GC(304) Humongous regions: 0->0
[2.298s][info   ][gc,metaspace   ] GC(304) Metaspace: 9520K(9792K)->9520K(9792K) NonClass: 8363K(8512K)->8363K(8512K) Class: 1157K(1280K)->1157K(1280K)
[2.298s][info   ][gc             ] GC(304) Pause Full (System.gc()) 4M->4M(28M) 5.543ms
[2.298s][info   ][gc,cpu         ] GC(304) User=0.00s Sys=0.00s Real=0.01s
[2.299s][info   ][gc,start       ] GC(305) Pause Full (System.gc())
[2.299s][info   ][gc,task        ] GC(305) Using 1 workers of 10 for full compaction
[2.299s][info   ][gc,phases,start] GC(305) Phase 1: Mark live objects
[2.302s][info   ][gc,phases      ] GC(305) Phase 1: Mark live objects 2.903ms
[2.302s][info   ][gc,phases,start] GC(305) Phase 2: Prepare for compaction
[2.302s][info   ][gc,phases      ] GC(305) Phase 2: Prepare for compaction 0.079ms
[2.302s][info   ][gc,phases,start] GC(305) Phase 3: Adjust pointers
[2.303s][info   ][gc,phases      ] GC(305) Phase 3: Adjust pointers 1.199ms
[2.303s][info   ][gc,phases,start] GC(305) Phase 4: Compact heap
[2.303s][info   ][gc,phases      ] GC(305) Phase 4: Compact heap 0.255ms
[2.304s][info   ][gc,heap        ] GC(305) Eden regions: 1->0(3)
[2.304s][info   ][gc,heap        ] GC(305) Survivor regions: 0->0(0)
[2.304s][info   ][gc,heap        ] GC(305) Old regions: 2->2
[2.304s][info   ][gc,heap        ] GC(305) Archive regions: 2->2
[2.304s][info   ][gc,heap        ] GC(305) Humongous regions: 0->0
[2.304s][info   ][gc,metaspace   ] GC(305) Metaspace: 9520K(9792K)->9520K(9792K) NonClass: 8363K(8512K)->8363K(8512K) Class: 1157K(1280K)->1157K(1280K)
[2.304s][info   ][gc             ] GC(305) Pause Full (System.gc()) 4M->4M(28M) 4.988ms
[2.304s][info   ][gc,cpu         ] GC(305) User=0.01s Sys=0.00s Real=0.01s
[2.304s][info   ][gc,start       ] GC(306) Pause Full (System.gc())
[2.304s][info   ][gc,task        ] GC(306) Using 1 workers of 10 for full compaction
[2.304s][info   ][gc,phases,start] GC(306) Phase 1: Mark live objects
[2.306s][info   ][gc,phases      ] GC(306) Phase 1: Mark live objects 2.175ms
[2.306s][info   ][gc,phases,start] GC(306) Phase 2: Prepare for compaction
[2.306s][info   ][gc,phases      ] GC(306) Phase 2: Prepare for compaction 0.081ms
[2.306s][info   ][gc,phases,start] GC(306) Phase 3: Adjust pointers
[2.307s][info   ][gc,phases      ] GC(306) Phase 3: Adjust pointers 1.049ms
[2.307s][info   ][gc,phases,start] GC(306) Phase 4: Compact heap
[2.307s][info   ][gc,phases      ] GC(306) Phase 4: Compact heap 0.045ms
[2.308s][info   ][gc,heap        ] GC(306) Eden regions: 0->0(3)
[2.308s][info   ][gc,heap        ] GC(306) Survivor regions: 0->0(0)
[2.308s][info   ][gc,heap        ] GC(306) Old regions: 2->2
[2.308s][info   ][gc,heap        ] GC(306) Archive regions: 2->2
[2.308s][info   ][gc,heap        ] GC(306) Humongous regions: 0->0
[2.308s][info   ][gc,metaspace   ] GC(306) Metaspace: 9520K(9792K)->9520K(9792K) NonClass: 8363K(8512K)->8363K(8512K) Class: 1157K(1280K)->1157K(1280K)
[2.308s][info   ][gc             ] GC(306) Pause Full (System.gc()) 4M->4M(28M) 3.954ms
[2.308s][info   ][gc,cpu         ] GC(306) User=0.00s Sys=0.00s Real=0.00s
[2.308s][info   ][gc,start       ] GC(307) Pause Full (System.gc())
[2.308s][info   ][gc,task        ] GC(307) Using 1 workers of 10 for full compaction
[2.308s][info   ][gc,phases,start] GC(307) Phase 1: Mark live objects
[2.310s][info   ][gc,phases      ] GC(307) Phase 1: Mark live objects 2.183ms
[2.310s][info   ][gc,phases,start] GC(307) Phase 2: Prepare for compaction
[2.311s][info   ][gc,phases      ] GC(307) Phase 2: Prepare for compaction 0.192ms
[2.311s][info   ][gc,phases,start] GC(307) Phase 3: Adjust pointers
[2.312s][info   ][gc,phases      ] GC(307) Phase 3: Adjust pointers 1.050ms
[2.312s][info   ][gc,phases,start] GC(307) Phase 4: Compact heap
[2.312s][info   ][gc,phases      ] GC(307) Phase 4: Compact heap 0.160ms
[2.312s][info   ][gc,heap        ] GC(307) Eden regions: 1->0(3)
[2.312s][info   ][gc,heap        ] GC(307) Survivor regions: 0->0(0)
[2.312s][info   ][gc,heap        ] GC(307) Old regions: 2->2
[2.312s][info   ][gc,heap        ] GC(307) Archive regions: 2->2
[2.312s][info   ][gc,heap        ] GC(307) Humongous regions: 0->0
[2.312s][info   ][gc,metaspace   ] GC(307) Metaspace: 9520K(9792K)->9520K(9792K) NonClass: 8363K(8512K)->8363K(8512K) Class: 1157K(1280K)->1157K(1280K)
[2.312s][info   ][gc             ] GC(307) Pause Full (System.gc()) 4M->4M(28M) 4.168ms
[2.312s][info   ][gc,cpu         ] GC(307) User=0.01s Sys=0.00s Real=0.00s
[2.313s][info   ][gc,start       ] GC(308) Pause Full (System.gc())
[2.313s][info   ][gc,task        ] GC(308) Using 1 workers of 10 for full compaction
[2.313s][info   ][gc,phases,start] GC(308) Phase 1: Mark live objects
[2.315s][info   ][gc,phases      ] GC(308) Phase 1: Mark live objects 2.392ms
[2.315s][info   ][gc,phases,start] GC(308) Phase 2: Prepare for compaction
[2.315s][info   ][gc,phases      ] GC(308) Phase 2: Prepare for compaction 0.089ms
[2.315s][info   ][gc,phases,start] GC(308) Phase 3: Adjust pointers
[2.316s][info   ][gc,phases      ] GC(308) Phase 3: Adjust pointers 1.067ms
[2.316s][info   ][gc,phases,start] GC(308) Phase 4: Compact heap
[2.317s][info   ][gc,phases      ] GC(308) Phase 4: Compact heap 0.220ms
[2.317s][info   ][gc,heap        ] GC(308) Eden regions: 1->0(3)
[2.317s][info   ][gc,heap        ] GC(308) Survivor regions: 0->0(0)
[2.317s][info   ][gc,heap        ] GC(308) Old regions: 2->2
[2.317s][info   ][gc,heap        ] GC(308) Archive regions: 2->2
[2.317s][info   ][gc,heap        ] GC(308) Humongous regions: 0->0
[2.317s][info   ][gc,metaspace   ] GC(308) Metaspace: 9520K(9792K)->9520K(9792K) NonClass: 8363K(8512K)->8363K(8512K) Class: 1157K(1280K)->1157K(1280K)
[2.317s][info   ][gc             ] GC(308) Pause Full (System.gc()) 4M->4M(28M) 4.337ms
[2.317s][info   ][gc,cpu         ] GC(308) User=0.00s Sys=0.00s Real=0.01s
[2.317s][info   ][gc,start       ] GC(309) Pause Full (System.gc())
[2.317s][info   ][gc,task        ] GC(309) Using 1 workers of 10 for full compaction
[2.317s][info   ][gc,phases,start] GC(309) Phase 1: Mark live objects
[2.320s][info   ][gc,phases      ] GC(309) Phase 1: Mark live objects 2.411ms
[2.320s][info   ][gc,phases,start] GC(309) Phase 2: Prepare for compaction
[2.320s][info   ][gc,phases      ] GC(309) Phase 2: Prepare for compaction 0.087ms
[2.320s][info   ][gc,phases,start] GC(309) Phase 3: Adjust pointers
[2.321s][info   ][gc,phases      ] GC(309) Phase 3: Adjust pointers 1.094ms
[2.321s][info   ][gc,phases,start] GC(309) Phase 4: Compact heap
[2.321s][info   ][gc,phases      ] GC(309) Phase 4: Compact heap 0.133ms
[2.322s][info   ][gc,heap        ] GC(309) Eden regions: 0->0(3)
[2.322s][info   ][gc,heap        ] GC(309) Survivor regions: 0->0(0)
[2.322s][info   ][gc,heap        ] GC(309) Old regions: 2->2
[2.322s][info   ][gc,heap        ] GC(309) Archive regions: 2->2
[2.322s][info   ][gc,heap        ] GC(309) Humongous regions: 0->0
[2.322s][info   ][gc,metaspace   ] GC(309) Metaspace: 9520K(9792K)->9520K(9792K) NonClass: 8363K(8512K)->8363K(8512K) Class: 1157K(1280K)->1157K(1280K)
[2.322s][info   ][gc             ] GC(309) Pause Full (System.gc()) 4M->4M(28M) 4.209ms
[2.322s][info   ][gc,cpu         ] GC(309) User=0.00s Sys=0.00s Real=0.00s
[2.322s][info   ][gc,start       ] GC(310) Pause Full (System.gc())
[2.322s][info   ][gc,task        ] GC(310) Using 1 workers of 10 for full compaction
[2.322s][info   ][gc,phases,start] GC(310) Phase 1: Mark live objects
[2.325s][info   ][gc,phases      ] GC(310) Phase 1: Mark live objects 2.822ms
[2.325s][info   ][gc,phases,start] GC(310) Phase 2: Prepare for compaction
[2.325s][info   ][gc,phases      ] GC(310) Phase 2: Prepare for compaction 0.228ms
[2.325s][info   ][gc,phases,start] GC(310) Phase 3: Adjust pointers
[2.326s][info   ][gc,phases      ] GC(310) Phase 3: Adjust pointers 1.073ms
[2.326s][info   ][gc,phases,start] GC(310) Phase 4: Compact heap
[2.326s][info   ][gc,phases      ] GC(310) Phase 4: Compact heap 0.045ms
[2.326s][info   ][gc,heap        ] GC(310) Eden regions: 1->0(3)
[2.326s][info   ][gc,heap        ] GC(310) Survivor regions: 0->0(0)
[2.326s][info   ][gc,heap        ] GC(310) Old regions: 2->2
[2.326s][info   ][gc,heap        ] GC(310) Archive regions: 2->2
[2.326s][info   ][gc,heap        ] GC(310) Humongous regions: 0->0
[2.326s][info   ][gc,metaspace   ] GC(310) Metaspace: 9520K(9792K)->9520K(9792K) NonClass: 8363K(8512K)->8363K(8512K) Class: 1157K(1280K)->1157K(1280K)
[2.326s][info   ][gc             ] GC(310) Pause Full (System.gc()) 4M->4M(28M) 4.548ms
[2.326s][info   ][gc,cpu         ] GC(310) User=0.01s Sys=0.00s Real=0.01s
[2.327s][info   ][gc,start       ] GC(311) Pause Full (System.gc())
[2.327s][info   ][gc,task        ] GC(311) Using 1 workers of 10 for full compaction
[2.327s][info   ][gc,phases,start] GC(311) Phase 1: Mark live objects
[2.329s][info   ][gc,phases      ] GC(311) Phase 1: Mark live objects 2.358ms
[2.329s][info   ][gc,phases,start] GC(311) Phase 2: Prepare for compaction
[2.329s][info   ][gc,phases      ] GC(311) Phase 2: Prepare for compaction 0.174ms
[2.329s][info   ][gc,phases,start] GC(311) Phase 3: Adjust pointers
[2.330s][info   ][gc,phases      ] GC(311) Phase 3: Adjust pointers 1.061ms
[2.330s][info   ][gc,phases,start] GC(311) Phase 4: Compact heap
[2.331s][info   ][gc,phases      ] GC(311) Phase 4: Compact heap 0.176ms
[2.331s][info   ][gc,heap        ] GC(311) Eden regions: 1->0(3)
[2.331s][info   ][gc,heap        ] GC(311) Survivor regions: 0->0(0)
[2.331s][info   ][gc,heap        ] GC(311) Old regions: 2->2
[2.331s][info   ][gc,heap        ] GC(311) Archive regions: 2->2
[2.331s][info   ][gc,heap        ] GC(311) Humongous regions: 0->0
[2.331s][info   ][gc,metaspace   ] GC(311) Metaspace: 9520K(9792K)->9520K(9792K) NonClass: 8363K(8512K)->8363K(8512K) Class: 1157K(1280K)->1157K(1280K)
[2.331s][info   ][gc             ] GC(311) Pause Full (System.gc()) 4M->4M(28M) 4.305ms
[2.331s][info   ][gc,cpu         ] GC(311) User=0.00s Sys=0.00s Real=0.00s
[2.331s][info   ][gc,start       ] GC(312) Pause Full (System.gc())
[2.331s][info   ][gc,task        ] GC(312) Using 1 workers of 10 for full compaction
[2.331s][info   ][gc,phases,start] GC(312) Phase 1: Mark live objects
[2.334s][info   ][gc,phases      ] GC(312) Phase 1: Mark live objects 2.278ms
[2.334s][info   ][gc,phases,start] GC(312) Phase 2: Prepare for compaction
[2.334s][info   ][gc,phases      ] GC(312) Phase 2: Prepare for compaction 0.094ms
[2.334s][info   ][gc,phases,start] GC(312) Phase 3: Adjust pointers
[2.335s][info   ][gc,phases      ] GC(312) Phase 3: Adjust pointers 1.123ms
[2.335s][info   ][gc,phases,start] GC(312) Phase 4: Compact heap
[2.335s][info   ][gc,phases      ] GC(312) Phase 4: Compact heap 0.093ms
[2.335s][info   ][gc,heap        ] GC(312) Eden regions: 1->0(3)
[2.335s][info   ][gc,heap        ] GC(312) Survivor regions: 0->0(0)
[2.335s][info   ][gc,heap        ] GC(312) Old regions: 2->2
[2.335s][info   ][gc,heap        ] GC(312) Archive regions: 2->2
[2.335s][info   ][gc,heap        ] GC(312) Humongous regions: 0->0
[2.335s][info   ][gc,metaspace   ] GC(312) Metaspace: 9520K(9792K)->9520K(9792K) NonClass: 8363K(8512K)->8363K(8512K) Class: 1157K(1280K)->1157K(1280K)
[2.335s][info   ][gc             ] GC(312) Pause Full (System.gc()) 4M->4M(28M) 3.948ms
[2.335s][info   ][gc,cpu         ] GC(312) User=0.01s Sys=0.00s Real=0.01s
[2.336s][info   ][gc,start       ] GC(313) Pause Full (System.gc())
[2.336s][info   ][gc,task        ] GC(313) Using 1 workers of 10 for full compaction
[2.336s][info   ][gc,phases,start] GC(313) Phase 1: Mark live objects
[2.339s][info   ][gc,phases      ] GC(313) Phase 1: Mark live objects 2.951ms
[2.339s][info   ][gc,phases,start] GC(313) Phase 2: Prepare for compaction
[2.339s][info   ][gc,phases      ] GC(313) Phase 2: Prepare for compaction 0.142ms
[2.339s][info   ][gc,phases,start] GC(313) Phase 3: Adjust pointers
[2.340s][info   ][gc,phases      ] GC(313) Phase 3: Adjust pointers 1.076ms
[2.340s][info   ][gc,phases,start] GC(313) Phase 4: Compact heap
[2.340s][info   ][gc,phases      ] GC(313) Phase 4: Compact heap 0.204ms
[2.340s][info   ][gc,heap        ] GC(313) Eden regions: 0->0(3)
[2.340s][info   ][gc,heap        ] GC(313) Survivor regions: 0->0(0)
[2.340s][info   ][gc,heap        ] GC(313) Old regions: 2->2
[2.340s][info   ][gc,heap        ] GC(313) Archive regions: 2->2
[2.340s][info   ][gc,heap        ] GC(313) Humongous regions: 0->0
[2.340s][info   ][gc,metaspace   ] GC(313) Metaspace: 9520K(9792K)->9520K(9792K) NonClass: 8363K(8512K)->8363K(8512K) Class: 1157K(1280K)->1157K(1280K)
[2.340s][info   ][gc             ] GC(313) Pause Full (System.gc()) 4M->4M(28M) 4.851ms
[2.340s][info   ][gc,cpu         ] GC(313) User=0.00s Sys=0.00s Real=0.00s
[2.341s][info   ][gc,start       ] GC(314) Pause Full (System.gc())
[2.341s][info   ][gc,task        ] GC(314) Using 1 workers of 10 for full compaction
[2.341s][info   ][gc,phases,start] GC(314) Phase 1: Mark live objects
[2.343s][info   ][gc,phases      ] GC(314) Phase 1: Mark live objects 2.380ms
[2.343s][info   ][gc,phases,start] GC(314) Phase 2: Prepare for compaction
[2.343s][info   ][gc,phases      ] GC(314) Phase 2: Prepare for compaction 0.089ms
[2.343s][info   ][gc,phases,start] GC(314) Phase 3: Adjust pointers
[2.345s][info   ][gc,phases      ] GC(314) Phase 3: Adjust pointers 1.054ms
[2.345s][info   ][gc,phases,start] GC(314) Phase 4: Compact heap
[2.345s][info   ][gc,phases      ] GC(314) Phase 4: Compact heap 0.226ms
[2.345s][info   ][gc,heap        ] GC(314) Eden regions: 1->0(3)
[2.345s][info   ][gc,heap        ] GC(314) Survivor regions: 0->0(0)
[2.345s][info   ][gc,heap        ] GC(314) Old regions: 2->2
[2.345s][info   ][gc,heap        ] GC(314) Archive regions: 2->2
[2.345s][info   ][gc,heap        ] GC(314) Humongous regions: 0->0
[2.345s][info   ][gc,metaspace   ] GC(314) Metaspace: 9520K(9792K)->9520K(9792K) NonClass: 8363K(8512K)->8363K(8512K) Class: 1157K(1280K)->1157K(1280K)
[2.345s][info   ][gc             ] GC(314) Pause Full (System.gc()) 4M->4M(28M) 4.260ms
[2.345s][info   ][gc,cpu         ] GC(314) User=0.00s Sys=0.00s Real=0.01s
[2.345s][info   ][gc,start       ] GC(315) Pause Full (System.gc())
[2.345s][info   ][gc,task        ] GC(315) Using 1 workers of 10 for full compaction
[2.345s][info   ][gc,phases,start] GC(315) Phase 1: Mark live objects
[2.349s][info   ][gc,phases      ] GC(315) Phase 1: Mark live objects 3.094ms
[2.349s][info   ][gc,phases,start] GC(315) Phase 2: Prepare for compaction
[2.349s][info   ][gc,phases      ] GC(315) Phase 2: Prepare for compaction 0.190ms
[2.349s][info   ][gc,phases,start] GC(315) Phase 3: Adjust pointers
[2.350s][info   ][gc,phases      ] GC(315) Phase 3: Adjust pointers 1.106ms
[2.350s][info   ][gc,phases,start] GC(315) Phase 4: Compact heap
[2.350s][info   ][gc,phases      ] GC(315) Phase 4: Compact heap 0.106ms
[2.350s][info   ][gc,heap        ] GC(315) Eden regions: 1->0(3)
[2.350s][info   ][gc,heap        ] GC(315) Survivor regions: 0->0(0)
[2.350s][info   ][gc,heap        ] GC(315) Old regions: 2->2
[2.350s][info   ][gc,heap        ] GC(315) Archive regions: 2->2
[2.350s][info   ][gc,heap        ] GC(315) Humongous regions: 0->0
[2.350s][info   ][gc,metaspace   ] GC(315) Metaspace: 9520K(9792K)->9520K(9792K) NonClass: 8363K(8512K)->8363K(8512K) Class: 1157K(1280K)->1157K(1280K)
[2.350s][info   ][gc             ] GC(315) Pause Full (System.gc()) 4M->4M(28M) 5.020ms
[2.350s][info   ][gc,cpu         ] GC(315) User=0.01s Sys=0.00s Real=0.00s
[2.351s][info   ][gc,start       ] GC(316) Pause Full (System.gc())
[2.351s][info   ][gc,task        ] GC(316) Using 1 workers of 10 for full compaction
[2.351s][info   ][gc,phases,start] GC(316) Phase 1: Mark live objects
[2.354s][info   ][gc,phases      ] GC(316) Phase 1: Mark live objects 3.119ms
[2.354s][info   ][gc,phases,start] GC(316) Phase 2: Prepare for compaction
[2.354s][info   ][gc,phases      ] GC(316) Phase 2: Prepare for compaction 0.200ms
[2.354s][info   ][gc,phases,start] GC(316) Phase 3: Adjust pointers
[2.355s][info   ][gc,phases      ] GC(316) Phase 3: Adjust pointers 1.071ms
[2.355s][info   ][gc,phases,start] GC(316) Phase 4: Compact heap
[2.356s][info   ][gc,phases      ] GC(316) Phase 4: Compact heap 0.239ms
[2.356s][info   ][gc,heap        ] GC(316) Eden regions: 1->0(3)
[2.356s][info   ][gc,heap        ] GC(316) Survivor regions: 0->0(0)
[2.356s][info   ][gc,heap        ] GC(316) Old regions: 2->2
[2.356s][info   ][gc,heap        ] GC(316) Archive regions: 2->2
[2.356s][info   ][gc,heap        ] GC(316) Humongous regions: 0->0
[2.356s][info   ][gc,metaspace   ] GC(316) Metaspace: 9520K(9792K)->9520K(9792K) NonClass: 8363K(8512K)->8363K(8512K) Class: 1157K(1280K)->1157K(1280K)
[2.356s][info   ][gc             ] GC(316) Pause Full (System.gc()) 4M->4M(28M) 5.174ms
[2.356s][info   ][gc,cpu         ] GC(316) User=0.00s Sys=0.00s Real=0.01s
[2.356s][info   ][gc,start       ] GC(317) Pause Full (System.gc())
[2.356s][info   ][gc,task        ] GC(317) Using 1 workers of 10 for full compaction
[2.356s][info   ][gc,phases,start] GC(317) Phase 1: Mark live objects
[2.359s][info   ][gc,phases      ] GC(317) Phase 1: Mark live objects 3.121ms
[2.359s][info   ][gc,phases,start] GC(317) Phase 2: Prepare for compaction
[2.360s][info   ][gc,phases      ] GC(317) Phase 2: Prepare for compaction 0.207ms
[2.360s][info   ][gc,phases,start] GC(317) Phase 3: Adjust pointers
[2.361s][info   ][gc,phases      ] GC(317) Phase 3: Adjust pointers 1.097ms
[2.361s][info   ][gc,phases,start] GC(317) Phase 4: Compact heap
[2.361s][info   ][gc,phases      ] GC(317) Phase 4: Compact heap 0.117ms
[2.361s][info   ][gc,heap        ] GC(317) Eden regions: 0->0(3)
[2.361s][info   ][gc,heap        ] GC(317) Survivor regions: 0->0(0)
[2.361s][info   ][gc,heap        ] GC(317) Old regions: 2->2
[2.361s][info   ][gc,heap        ] GC(317) Archive regions: 2->2
[2.361s][info   ][gc,heap        ] GC(317) Humongous regions: 0->0
[2.361s][info   ][gc,metaspace   ] GC(317) Metaspace: 9520K(9792K)->9520K(9792K) NonClass: 8363K(8512K)->8363K(8512K) Class: 1157K(1280K)->1157K(1280K)
[2.361s][info   ][gc             ] GC(317) Pause Full (System.gc()) 4M->4M(28M) 5.051ms
[2.361s][info   ][gc,cpu         ] GC(317) User=0.01s Sys=0.00s Real=0.00s
[2.362s][info   ][gc,start       ] GC(318) Pause Full (System.gc())
[2.362s][info   ][gc,task        ] GC(318) Using 1 workers of 10 for full compaction
[2.362s][info   ][gc,phases,start] GC(318) Phase 1: Mark live objects
[2.365s][info   ][gc,phases      ] GC(318) Phase 1: Mark live objects 2.540ms
[2.365s][info   ][gc,phases,start] GC(318) Phase 2: Prepare for compaction
[2.365s][info   ][gc,phases      ] GC(318) Phase 2: Prepare for compaction 0.093ms
[2.365s][info   ][gc,phases,start] GC(318) Phase 3: Adjust pointers
[2.366s][info   ][gc,phases      ] GC(318) Phase 3: Adjust pointers 1.569ms
[2.366s][info   ][gc,phases,start] GC(318) Phase 4: Compact heap
[2.367s][info   ][gc,phases      ] GC(318) Phase 4: Compact heap 0.300ms
[2.367s][info   ][gc,heap        ] GC(318) Eden regions: 1->0(3)
[2.367s][info   ][gc,heap        ] GC(318) Survivor regions: 0->0(0)
[2.367s][info   ][gc,heap        ] GC(318) Old regions: 2->2
[2.367s][info   ][gc,heap        ] GC(318) Archive regions: 2->2
[2.367s][info   ][gc,heap        ] GC(318) Humongous regions: 0->0
[2.367s][info   ][gc,metaspace   ] GC(318) Metaspace: 9520K(9792K)->9520K(9792K) NonClass: 8363K(8512K)->8363K(8512K) Class: 1157K(1280K)->1157K(1280K)
[2.367s][info   ][gc             ] GC(318) Pause Full (System.gc()) 4M->4M(28M) 5.059ms
[2.367s][info   ][gc,cpu         ] GC(318) User=0.00s Sys=0.00s Real=0.01s
[2.367s][info   ][gc,start       ] GC(319) Pause Full (System.gc())
[2.367s][info   ][gc,task        ] GC(319) Using 1 workers of 10 for full compaction
[2.367s][info   ][gc,phases,start] GC(319) Phase 1: Mark live objects
[2.370s][info   ][gc,phases      ] GC(319) Phase 1: Mark live objects 3.136ms
[2.370s][info   ][gc,phases,start] GC(319) Phase 2: Prepare for compaction
[2.371s][info   ][gc,phases      ] GC(319) Phase 2: Prepare for compaction 0.190ms
[2.371s][info   ][gc,phases,start] GC(319) Phase 3: Adjust pointers
[2.373s][info   ][gc,phases      ] GC(319) Phase 3: Adjust pointers 2.598ms
[2.373s][info   ][gc,phases,start] GC(319) Phase 4: Compact heap
[2.373s][info   ][gc,phases      ] GC(319) Phase 4: Compact heap 0.152ms
[2.374s][info   ][gc,heap        ] GC(319) Eden regions: 0->0(3)
[2.374s][info   ][gc,heap        ] GC(319) Survivor regions: 0->0(0)
[2.374s][info   ][gc,heap        ] GC(319) Old regions: 2->2
[2.374s][info   ][gc,heap        ] GC(319) Archive regions: 2->2
[2.374s][info   ][gc,heap        ] GC(319) Humongous regions: 0->0
[2.374s][info   ][gc,metaspace   ] GC(319) Metaspace: 9520K(9792K)->9520K(9792K) NonClass: 8363K(8512K)->8363K(8512K) Class: 1157K(1280K)->1157K(1280K)
[2.374s][info   ][gc             ] GC(319) Pause Full (System.gc()) 4M->4M(28M) 6.404ms
[2.374s][info   ][gc,cpu         ] GC(319) User=0.00s Sys=0.01s Real=0.01s
[2.375s][info   ][gc,start       ] GC(320) Pause Full (System.gc())
[2.375s][info   ][gc,task        ] GC(320) Using 1 workers of 10 for full compaction
[2.375s][info   ][gc,phases,start] GC(320) Phase 1: Mark live objects
[2.378s][info   ][gc,phases      ] GC(320) Phase 1: Mark live objects 3.382ms
[2.378s][info   ][gc,phases,start] GC(320) Phase 2: Prepare for compaction
[2.378s][info   ][gc,phases      ] GC(320) Phase 2: Prepare for compaction 0.126ms
[2.378s][info   ][gc,phases,start] GC(320) Phase 3: Adjust pointers
[2.381s][info   ][gc,phases      ] GC(320) Phase 3: Adjust pointers 3.240ms
[2.381s][info   ][gc,phases,start] GC(320) Phase 4: Compact heap
[2.382s][info   ][gc,phases      ] GC(320) Phase 4: Compact heap 0.181ms
[2.382s][info   ][gc,heap        ] GC(320) Eden regions: 1->0(3)
[2.382s][info   ][gc,heap        ] GC(320) Survivor regions: 0->0(0)
[2.382s][info   ][gc,heap        ] GC(320) Old regions: 2->2
[2.382s][info   ][gc,heap        ] GC(320) Archive regions: 2->2
[2.382s][info   ][gc,heap        ] GC(320) Humongous regions: 0->0
[2.382s][info   ][gc,metaspace   ] GC(320) Metaspace: 9520K(9792K)->9520K(9792K) NonClass: 8363K(8512K)->8363K(8512K) Class: 1157K(1280K)->1157K(1280K)
[2.382s][info   ][gc             ] GC(320) Pause Full (System.gc()) 4M->4M(28M) 7.468ms
[2.382s][info   ][gc,cpu         ] GC(320) User=0.01s Sys=0.00s Real=0.00s
[2.383s][info   ][gc,start       ] GC(321) Pause Full (System.gc())
[2.383s][info   ][gc,task        ] GC(321) Using 1 workers of 10 for full compaction
[2.383s][info   ][gc,phases,start] GC(321) Phase 1: Mark live objects
[2.386s][info   ][gc,phases      ] GC(321) Phase 1: Mark live objects 3.829ms
[2.386s][info   ][gc,phases,start] GC(321) Phase 2: Prepare for compaction
[2.387s][info   ][gc,phases      ] GC(321) Phase 2: Prepare for compaction 0.210ms
[2.387s][info   ][gc,phases,start] GC(321) Phase 3: Adjust pointers
[2.389s][info   ][gc,phases      ] GC(321) Phase 3: Adjust pointers 1.733ms
[2.389s][info   ][gc,phases,start] GC(321) Phase 4: Compact heap
[2.389s][info   ][gc,phases      ] GC(321) Phase 4: Compact heap 0.104ms
[2.389s][info   ][gc,heap        ] GC(321) Eden regions: 0->0(3)
[2.389s][info   ][gc,heap        ] GC(321) Survivor regions: 0->0(0)
[2.389s][info   ][gc,heap        ] GC(321) Old regions: 2->2
[2.389s][info   ][gc,heap        ] GC(321) Archive regions: 2->2
[2.389s][info   ][gc,heap        ] GC(321) Humongous regions: 0->0
[2.389s][info   ][gc,metaspace   ] GC(321) Metaspace: 9520K(9792K)->9520K(9792K) NonClass: 8363K(8512K)->8363K(8512K) Class: 1157K(1280K)->1157K(1280K)
[2.389s][info   ][gc             ] GC(321) Pause Full (System.gc()) 4M->4M(28M) 6.595ms
[2.389s][info   ][gc,cpu         ] GC(321) User=0.00s Sys=0.00s Real=0.01s
[2.390s][info   ][gc,start       ] GC(322) Pause Full (System.gc())
[2.390s][info   ][gc,task        ] GC(322) Using 1 workers of 10 for full compaction
[2.390s][info   ][gc,phases,start] GC(322) Phase 1: Mark live objects
[2.392s][info   ][gc,phases      ] GC(322) Phase 1: Mark live objects 2.458ms
[2.392s][info   ][gc,phases,start] GC(322) Phase 2: Prepare for compaction
[2.392s][info   ][gc,phases      ] GC(322) Phase 2: Prepare for compaction 0.238ms
[2.392s][info   ][gc,phases,start] GC(322) Phase 3: Adjust pointers
[2.394s][info   ][gc,phases      ] GC(322) Phase 3: Adjust pointers 1.726ms
[2.394s][info   ][gc,phases,start] GC(322) Phase 4: Compact heap
[2.395s][info   ][gc,phases      ] GC(322) Phase 4: Compact heap 0.214ms
[2.395s][info   ][gc,heap        ] GC(322) Eden regions: 1->0(3)
[2.395s][info   ][gc,heap        ] GC(322) Survivor regions: 0->0(0)
[2.395s][info   ][gc,heap        ] GC(322) Old regions: 2->2
[2.395s][info   ][gc,heap        ] GC(322) Archive regions: 2->2
[2.395s][info   ][gc,heap        ] GC(322) Humongous regions: 0->0
[2.395s][info   ][gc,metaspace   ] GC(322) Metaspace: 9520K(9792K)->9520K(9792K) NonClass: 8363K(8512K)->8363K(8512K) Class: 1157K(1280K)->1157K(1280K)
[2.395s][info   ][gc             ] GC(322) Pause Full (System.gc()) 4M->4M(28M) 5.478ms
[2.395s][info   ][gc,cpu         ] GC(322) User=0.01s Sys=0.00s Real=0.01s
[2.396s][info   ][gc,start       ] GC(323) Pause Full (System.gc())
[2.396s][info   ][gc,task        ] GC(323) Using 1 workers of 10 for full compaction
[2.396s][info   ][gc,phases,start] GC(323) Phase 1: Mark live objects
[2.398s][info   ][gc,phases      ] GC(323) Phase 1: Mark live objects 2.636ms
[2.398s][info   ][gc,phases,start] GC(323) Phase 2: Prepare for compaction
[2.399s][info   ][gc,phases      ] GC(323) Phase 2: Prepare for compaction 0.226ms
[2.399s][info   ][gc,phases,start] GC(323) Phase 3: Adjust pointers
[2.401s][info   ][gc,phases      ] GC(323) Phase 3: Adjust pointers 2.119ms
[2.401s][info   ][gc,phases,start] GC(323) Phase 4: Compact heap
[2.402s][info   ][gc,phases      ] GC(323) Phase 4: Compact heap 0.189ms
[2.402s][info   ][gc,heap        ] GC(323) Eden regions: 0->0(3)
[2.402s][info   ][gc,heap        ] GC(323) Survivor regions: 0->0(0)
[2.402s][info   ][gc,heap        ] GC(323) Old regions: 2->2
[2.402s][info   ][gc,heap        ] GC(323) Archive regions: 2->2
[2.402s][info   ][gc,heap        ] GC(323) Humongous regions: 0->0
[2.402s][info   ][gc,metaspace   ] GC(323) Metaspace: 9520K(9792K)->9520K(9792K) NonClass: 8363K(8512K)->8363K(8512K) Class: 1157K(1280K)->1157K(1280K)
[2.402s][info   ][gc             ] GC(323) Pause Full (System.gc()) 4M->4M(28M) 6.316ms
[2.402s][info   ][gc,cpu         ] GC(323) User=0.00s Sys=0.00s Real=0.00s
[2.403s][info   ][gc,start       ] GC(324) Pause Full (System.gc())
[2.403s][info   ][gc,task        ] GC(324) Using 1 workers of 10 for full compaction
[2.403s][info   ][gc,phases,start] GC(324) Phase 1: Mark live objects
[2.406s][info   ][gc,phases      ] GC(324) Phase 1: Mark live objects 3.178ms
[2.406s][info   ][gc,phases,start] GC(324) Phase 2: Prepare for compaction
[2.406s][info   ][gc,phases      ] GC(324) Phase 2: Prepare for compaction 0.228ms
[2.406s][info   ][gc,phases,start] GC(324) Phase 3: Adjust pointers
[2.408s][info   ][gc,phases      ] GC(324) Phase 3: Adjust pointers 1.749ms
[2.408s][info   ][gc,phases,start] GC(324) Phase 4: Compact heap
[2.408s][info   ][gc,phases      ] GC(324) Phase 4: Compact heap 0.165ms
[2.408s][info   ][gc,heap        ] GC(324) Eden regions: 1->0(3)
[2.408s][info   ][gc,heap        ] GC(324) Survivor regions: 0->0(0)
[2.408s][info   ][gc,heap        ] GC(324) Old regions: 2->2
[2.408s][info   ][gc,heap        ] GC(324) Archive regions: 2->2
[2.408s][info   ][gc,heap        ] GC(324) Humongous regions: 0->0
[2.408s][info   ][gc,metaspace   ] GC(324) Metaspace: 9520K(9792K)->9520K(9792K) NonClass: 8363K(8512K)->8363K(8512K) Class: 1157K(1280K)->1157K(1280K)
[2.408s][info   ][gc             ] GC(324) Pause Full (System.gc()) 4M->4M(28M) 5.875ms
[2.408s][info   ][gc,cpu         ] GC(324) User=0.01s Sys=0.00s Real=0.01s
[2.409s][info   ][gc,start       ] GC(325) Pause Full (System.gc())
[2.409s][info   ][gc,task        ] GC(325) Using 1 workers of 10 for full compaction
[2.409s][info   ][gc,phases,start] GC(325) Phase 1: Mark live objects
[2.412s][info   ][gc,phases      ] GC(325) Phase 1: Mark live objects 2.631ms
[2.412s][info   ][gc,phases,start] GC(325) Phase 2: Prepare for compaction
[2.412s][info   ][gc,phases      ] GC(325) Phase 2: Prepare for compaction 0.296ms
[2.412s][info   ][gc,phases,start] GC(325) Phase 3: Adjust pointers
[2.414s][info   ][gc,phases      ] GC(325) Phase 3: Adjust pointers 1.680ms
[2.414s][info   ][gc,phases,start] GC(325) Phase 4: Compact heap
[2.414s][info   ][gc,phases      ] GC(325) Phase 4: Compact heap 0.069ms
[2.414s][info   ][gc,heap        ] GC(325) Eden regions: 1->0(3)
[2.414s][info   ][gc,heap        ] GC(325) Survivor regions: 0->0(0)
[2.414s][info   ][gc,heap        ] GC(325) Old regions: 2->2
[2.414s][info   ][gc,heap        ] GC(325) Archive regions: 2->2
[2.414s][info   ][gc,heap        ] GC(325) Humongous regions: 0->0
[2.414s][info   ][gc,metaspace   ] GC(325) Metaspace: 9520K(9792K)->9520K(9792K) NonClass: 8363K(8512K)->8363K(8512K) Class: 1157K(1280K)->1157K(1280K)
[2.414s][info   ][gc             ] GC(325) Pause Full (System.gc()) 4M->4M(28M) 5.263ms
[2.414s][info   ][gc,cpu         ] GC(325) User=0.00s Sys=0.00s Real=0.01s
[2.414s][info   ][gc,start       ] GC(326) Pause Full (System.gc())
[2.414s][info   ][gc,task        ] GC(326) Using 1 workers of 10 for full compaction
[2.414s][info   ][gc,phases,start] GC(326) Phase 1: Mark live objects
[2.417s][info   ][gc,phases      ] GC(326) Phase 1: Mark live objects 3.028ms
[2.417s][info   ][gc,phases,start] GC(326) Phase 2: Prepare for compaction
[2.418s][info   ][gc,phases      ] GC(326) Phase 2: Prepare for compaction 0.197ms
[2.418s][info   ][gc,phases,start] GC(326) Phase 3: Adjust pointers
[2.419s][info   ][gc,phases      ] GC(326) Phase 3: Adjust pointers 1.748ms
[2.419s][info   ][gc,phases,start] GC(326) Phase 4: Compact heap
[2.420s][info   ][gc,phases      ] GC(326) Phase 4: Compact heap 0.123ms
[2.420s][info   ][gc,heap        ] GC(326) Eden regions: 1->0(3)
[2.420s][info   ][gc,heap        ] GC(326) Survivor regions: 0->0(0)
[2.420s][info   ][gc,heap        ] GC(326) Old regions: 2->2
[2.420s][info   ][gc,heap        ] GC(326) Archive regions: 2->2
[2.420s][info   ][gc,heap        ] GC(326) Humongous regions: 0->0
[2.420s][info   ][gc,metaspace   ] GC(326) Metaspace: 9520K(9792K)->9520K(9792K) NonClass: 8363K(8512K)->8363K(8512K) Class: 1157K(1280K)->1157K(1280K)
[2.420s][info   ][gc             ] GC(326) Pause Full (System.gc()) 4M->4M(28M) 5.812ms
[2.420s][info   ][gc,cpu         ] GC(326) User=0.01s Sys=0.00s Real=0.00s
[2.420s][info   ][gc,start       ] GC(327) Pause Full (System.gc())
[2.420s][info   ][gc,task        ] GC(327) Using 1 workers of 10 for full compaction
[2.420s][info   ][gc,phases,start] GC(327) Phase 1: Mark live objects
[2.423s][info   ][gc,phases      ] GC(327) Phase 1: Mark live objects 2.673ms
[2.423s][info   ][gc,phases,start] GC(327) Phase 2: Prepare for compaction
[2.423s][info   ][gc,phases      ] GC(327) Phase 2: Prepare for compaction 0.248ms
[2.423s][info   ][gc,phases,start] GC(327) Phase 3: Adjust pointers
[2.425s][info   ][gc,phases      ] GC(327) Phase 3: Adjust pointers 1.755ms
[2.425s][info   ][gc,phases,start] GC(327) Phase 4: Compact heap
[2.425s][info   ][gc,phases      ] GC(327) Phase 4: Compact heap 0.082ms
[2.426s][info   ][gc,heap        ] GC(327) Eden regions: 0->0(3)
[2.426s][info   ][gc,heap        ] GC(327) Survivor regions: 0->0(0)
[2.426s][info   ][gc,heap        ] GC(327) Old regions: 2->2
[2.426s][info   ][gc,heap        ] GC(327) Archive regions: 2->2
[2.426s][info   ][gc,heap        ] GC(327) Humongous regions: 0->0
[2.426s][info   ][gc,metaspace   ] GC(327) Metaspace: 9520K(9792K)->9520K(9792K) NonClass: 8363K(8512K)->8363K(8512K) Class: 1157K(1280K)->1157K(1280K)
[2.426s][info   ][gc             ] GC(327) Pause Full (System.gc()) 4M->4M(28M) 5.290ms
[2.426s][info   ][gc,cpu         ] GC(327) User=0.00s Sys=0.00s Real=0.01s
[2.426s][info   ][gc,start       ] GC(328) Pause Full (System.gc())
[2.426s][info   ][gc,task        ] GC(328) Using 1 workers of 10 for full compaction
[2.426s][info   ][gc,phases,start] GC(328) Phase 1: Mark live objects
[2.429s][info   ][gc,phases      ] GC(328) Phase 1: Mark live objects 2.860ms
[2.429s][info   ][gc,phases,start] GC(328) Phase 2: Prepare for compaction
[2.429s][info   ][gc,phases      ] GC(328) Phase 2: Prepare for compaction 0.209ms
[2.429s][info   ][gc,phases,start] GC(328) Phase 3: Adjust pointers
[2.431s][info   ][gc,phases      ] GC(328) Phase 3: Adjust pointers 1.862ms
[2.431s][info   ][gc,phases,start] GC(328) Phase 4: Compact heap
[2.431s][info   ][gc,phases      ] GC(328) Phase 4: Compact heap 0.091ms
[2.432s][info   ][gc,heap        ] GC(328) Eden regions: 1->0(3)
[2.432s][info   ][gc,heap        ] GC(328) Survivor regions: 0->0(0)
[2.432s][info   ][gc,heap        ] GC(328) Old regions: 2->2
[2.432s][info   ][gc,heap        ] GC(328) Archive regions: 2->2
[2.432s][info   ][gc,heap        ] GC(328) Humongous regions: 0->0
[2.432s][info   ][gc,metaspace   ] GC(328) Metaspace: 9520K(9792K)->9520K(9792K) NonClass: 8363K(8512K)->8363K(8512K) Class: 1157K(1280K)->1157K(1280K)
[2.432s][info   ][gc             ] GC(328) Pause Full (System.gc()) 4M->4M(28M) 5.951ms
[2.432s][info   ][gc,cpu         ] GC(328) User=0.01s Sys=0.00s Real=0.00s
[2.432s][info   ][gc,start       ] GC(329) Pause Full (System.gc())
[2.432s][info   ][gc,task        ] GC(329) Using 1 workers of 10 for full compaction
[2.432s][info   ][gc,phases,start] GC(329) Phase 1: Mark live objects
[2.435s][info   ][gc,phases      ] GC(329) Phase 1: Mark live objects 3.074ms
[2.435s][info   ][gc,phases,start] GC(329) Phase 2: Prepare for compaction
[2.436s][info   ][gc,phases      ] GC(329) Phase 2: Prepare for compaction 0.272ms
[2.436s][info   ][gc,phases,start] GC(329) Phase 3: Adjust pointers
[2.437s][info   ][gc,phases      ] GC(329) Phase 3: Adjust pointers 1.512ms
[2.437s][info   ][gc,phases,start] GC(329) Phase 4: Compact heap
[2.437s][info   ][gc,phases      ] GC(329) Phase 4: Compact heap 0.133ms
[2.438s][info   ][gc,heap        ] GC(329) Eden regions: 0->0(3)
[2.438s][info   ][gc,heap        ] GC(329) Survivor regions: 0->0(0)
[2.438s][info   ][gc,heap        ] GC(329) Old regions: 2->2
[2.438s][info   ][gc,heap        ] GC(329) Archive regions: 2->2
[2.438s][info   ][gc,heap        ] GC(329) Humongous regions: 0->0
[2.438s][info   ][gc,metaspace   ] GC(329) Metaspace: 9520K(9792K)->9520K(9792K) NonClass: 8363K(8512K)->8363K(8512K) Class: 1157K(1280K)->1157K(1280K)
[2.438s][info   ][gc             ] GC(329) Pause Full (System.gc()) 4M->4M(28M) 5.849ms
[2.438s][info   ][gc,cpu         ] GC(329) User=0.00s Sys=0.00s Real=0.01s
[2.439s][info   ][gc,start       ] GC(330) Pause Full (System.gc())
[2.439s][info   ][gc,task        ] GC(330) Using 1 workers of 10 for full compaction
[2.439s][info   ][gc,phases,start] GC(330) Phase 1: Mark live objects
[2.442s][info   ][gc,phases      ] GC(330) Phase 1: Mark live objects 3.143ms
[2.442s][info   ][gc,phases,start] GC(330) Phase 2: Prepare for compaction
[2.442s][info   ][gc,phases      ] GC(330) Phase 2: Prepare for compaction 0.144ms
[2.442s][info   ][gc,phases,start] GC(330) Phase 3: Adjust pointers
[2.444s][info   ][gc,phases      ] GC(330) Phase 3: Adjust pointers 2.098ms
[2.444s][info   ][gc,phases,start] GC(330) Phase 4: Compact heap
[2.444s][info   ][gc,phases      ] GC(330) Phase 4: Compact heap 0.214ms
[2.445s][info   ][gc,heap        ] GC(330) Eden regions: 1->0(3)
[2.445s][info   ][gc,heap        ] GC(330) Survivor regions: 0->0(0)
[2.445s][info   ][gc,heap        ] GC(330) Old regions: 2->2
[2.445s][info   ][gc,heap        ] GC(330) Archive regions: 2->2
[2.445s][info   ][gc,heap        ] GC(330) Humongous regions: 0->0
[2.445s][info   ][gc,metaspace   ] GC(330) Metaspace: 9520K(9792K)->9520K(9792K) NonClass: 8363K(8512K)->8363K(8512K) Class: 1157K(1280K)->1157K(1280K)
[2.445s][info   ][gc             ] GC(330) Pause Full (System.gc()) 4M->4M(28M) 6.545ms
[2.445s][info   ][gc,cpu         ] GC(330) User=0.01s Sys=0.00s Real=0.01s
[2.446s][info   ][gc,start       ] GC(331) Pause Full (System.gc())
[2.446s][info   ][gc,task        ] GC(331) Using 1 workers of 10 for full compaction
[2.446s][info   ][gc,phases,start] GC(331) Phase 1: Mark live objects
[2.449s][info   ][gc,phases      ] GC(331) Phase 1: Mark live objects 3.452ms
[2.449s][info   ][gc,phases,start] GC(331) Phase 2: Prepare for compaction
[2.449s][info   ][gc,phases      ] GC(331) Phase 2: Prepare for compaction 0.251ms
[2.449s][info   ][gc,phases,start] GC(331) Phase 3: Adjust pointers
[2.451s][info   ][gc,phases      ] GC(331) Phase 3: Adjust pointers 1.637ms
[2.451s][info   ][gc,phases,start] GC(331) Phase 4: Compact heap
[2.451s][info   ][gc,phases      ] GC(331) Phase 4: Compact heap 0.146ms
[2.452s][info   ][gc,heap        ] GC(331) Eden regions: 1->0(3)
[2.452s][info   ][gc,heap        ] GC(331) Survivor regions: 0->0(0)
[2.452s][info   ][gc,heap        ] GC(331) Old regions: 2->2
[2.452s][info   ][gc,heap        ] GC(331) Archive regions: 2->2
[2.452s][info   ][gc,heap        ] GC(331) Humongous regions: 0->0
[2.452s][info   ][gc,metaspace   ] GC(331) Metaspace: 9520K(9792K)->9520K(9792K) NonClass: 8363K(8512K)->8363K(8512K) Class: 1157K(1280K)->1157K(1280K)
[2.452s][info   ][gc             ] GC(331) Pause Full (System.gc()) 4M->4M(28M) 6.237ms
[2.452s][info   ][gc,cpu         ] GC(331) User=0.00s Sys=0.00s Real=0.00s
[2.452s][info   ][gc,start       ] GC(332) Pause Full (System.gc())
[2.452s][info   ][gc,task        ] GC(332) Using 1 workers of 10 for full compaction
[2.452s][info   ][gc,phases,start] GC(332) Phase 1: Mark live objects
[2.456s][info   ][gc,phases      ] GC(332) Phase 1: Mark live objects 3.687ms
[2.456s][info   ][gc,phases,start] GC(332) Phase 2: Prepare for compaction
[2.456s][info   ][gc,phases      ] GC(332) Phase 2: Prepare for compaction 0.264ms
[2.456s][info   ][gc,phases,start] GC(332) Phase 3: Adjust pointers
[2.459s][info   ][gc,phases      ] GC(332) Phase 3: Adjust pointers 3.125ms
[2.459s][info   ][gc,phases,start] GC(332) Phase 4: Compact heap
[2.460s][info   ][gc,phases      ] GC(332) Phase 4: Compact heap 0.197ms
[2.460s][info   ][gc,heap        ] GC(332) Eden regions: 1->0(3)
[2.460s][info   ][gc,heap        ] GC(332) Survivor regions: 0->0(0)
[2.460s][info   ][gc,heap        ] GC(332) Old regions: 2->2
[2.460s][info   ][gc,heap        ] GC(332) Archive regions: 2->2
[2.460s][info   ][gc,heap        ] GC(332) Humongous regions: 0->0
[2.460s][info   ][gc,metaspace   ] GC(332) Metaspace: 9520K(9792K)->9520K(9792K) NonClass: 8363K(8512K)->8363K(8512K) Class: 1157K(1280K)->1157K(1280K)
[2.460s][info   ][gc             ] GC(332) Pause Full (System.gc()) 4M->4M(28M) 8.170ms
[2.460s][info   ][gc,cpu         ] GC(332) User=0.01s Sys=0.00s Real=0.01s
[2.461s][info   ][gc,start       ] GC(333) Pause Full (System.gc())
[2.461s][info   ][gc,task        ] GC(333) Using 1 workers of 10 for full compaction
[2.461s][info   ][gc,phases,start] GC(333) Phase 1: Mark live objects
[2.466s][info   ][gc,phases      ] GC(333) Phase 1: Mark live objects 5.012ms
[2.466s][info   ][gc,phases,start] GC(333) Phase 2: Prepare for compaction
[2.466s][info   ][gc,phases      ] GC(333) Phase 2: Prepare for compaction 0.259ms
[2.466s][info   ][gc,phases,start] GC(333) Phase 3: Adjust pointers
[2.469s][info   ][gc,phases      ] GC(333) Phase 3: Adjust pointers 2.875ms
[2.469s][info   ][gc,phases,start] GC(333) Phase 4: Compact heap
[2.469s][info   ][gc,phases      ] GC(333) Phase 4: Compact heap 0.211ms
[2.470s][info   ][gc,heap        ] GC(333) Eden regions: 0->0(3)
[2.470s][info   ][gc,heap        ] GC(333) Survivor regions: 0->0(0)
[2.470s][info   ][gc,heap        ] GC(333) Old regions: 2->2
[2.470s][info   ][gc,heap        ] GC(333) Archive regions: 2->2
[2.470s][info   ][gc,heap        ] GC(333) Humongous regions: 0->0
[2.470s][info   ][gc,metaspace   ] GC(333) Metaspace: 9520K(9792K)->9520K(9792K) NonClass: 8363K(8512K)->8363K(8512K) Class: 1157K(1280K)->1157K(1280K)
[2.470s][info   ][gc             ] GC(333) Pause Full (System.gc()) 4M->4M(28M) 9.326ms
[2.470s][info   ][gc,cpu         ] GC(333) User=0.01s Sys=0.00s Real=0.01s
[2.471s][info   ][gc,start       ] GC(334) Pause Full (System.gc())
[2.471s][info   ][gc,task        ] GC(334) Using 1 workers of 10 for full compaction
[2.471s][info   ][gc,phases,start] GC(334) Phase 1: Mark live objects
[2.475s][info   ][gc,phases      ] GC(334) Phase 1: Mark live objects 4.727ms
[2.475s][info   ][gc,phases,start] GC(334) Phase 2: Prepare for compaction
[2.476s][info   ][gc,phases      ] GC(334) Phase 2: Prepare for compaction 0.253ms
[2.476s][info   ][gc,phases,start] GC(334) Phase 3: Adjust pointers
[2.477s][info   ][gc,phases      ] GC(334) Phase 3: Adjust pointers 1.785ms
[2.477s][info   ][gc,phases,start] GC(334) Phase 4: Compact heap
[2.478s][info   ][gc,phases      ] GC(334) Phase 4: Compact heap 0.265ms
[2.478s][info   ][gc,heap        ] GC(334) Eden regions: 1->0(3)
[2.478s][info   ][gc,heap        ] GC(334) Survivor regions: 0->0(0)
[2.478s][info   ][gc,heap        ] GC(334) Old regions: 2->2
[2.478s][info   ][gc,heap        ] GC(334) Archive regions: 2->2
[2.478s][info   ][gc,heap        ] GC(334) Humongous regions: 0->0
[2.478s][info   ][gc,metaspace   ] GC(334) Metaspace: 9520K(9792K)->9520K(9792K) NonClass: 8363K(8512K)->8363K(8512K) Class: 1157K(1280K)->1157K(1280K)
[2.478s][info   ][gc             ] GC(334) Pause Full (System.gc()) 4M->4M(28M) 7.724ms
[2.478s][info   ][gc,cpu         ] GC(334) User=0.00s Sys=0.00s Real=0.01s
[2.479s][info   ][gc,start       ] GC(335) Pause Full (System.gc())
[2.479s][info   ][gc,task        ] GC(335) Using 1 workers of 10 for full compaction
[2.479s][info   ][gc,phases,start] GC(335) Phase 1: Mark live objects
[2.484s][info   ][gc,phases      ] GC(335) Phase 1: Mark live objects 4.934ms
[2.484s][info   ][gc,phases,start] GC(335) Phase 2: Prepare for compaction
[2.484s][info   ][gc,phases      ] GC(335) Phase 2: Prepare for compaction 0.219ms
[2.484s][info   ][gc,phases,start] GC(335) Phase 3: Adjust pointers
[2.487s][info   ][gc,phases      ] GC(335) Phase 3: Adjust pointers 2.763ms
[2.487s][info   ][gc,phases,start] GC(335) Phase 4: Compact heap
[2.487s][info   ][gc,phases      ] GC(335) Phase 4: Compact heap 0.097ms
[2.488s][info   ][gc,heap        ] GC(335) Eden regions: 0->0(3)
[2.488s][info   ][gc,heap        ] GC(335) Survivor regions: 0->0(0)
[2.488s][info   ][gc,heap        ] GC(335) Old regions: 2->2
[2.488s][info   ][gc,heap        ] GC(335) Archive regions: 2->2
[2.488s][info   ][gc,heap        ] GC(335) Humongous regions: 0->0
[2.488s][info   ][gc,metaspace   ] GC(335) Metaspace: 9520K(9792K)->9520K(9792K) NonClass: 8363K(8512K)->8363K(8512K) Class: 1157K(1280K)->1157K(1280K)
[2.488s][info   ][gc             ] GC(335) Pause Full (System.gc()) 4M->4M(28M) 8.962ms
[2.488s][info   ][gc,cpu         ] GC(335) User=0.01s Sys=0.00s Real=0.01s
[2.488s][info   ][gc,start       ] GC(336) Pause Full (System.gc())
[2.488s][info   ][gc,task        ] GC(336) Using 1 workers of 10 for full compaction
[2.488s][info   ][gc,phases,start] GC(336) Phase 1: Mark live objects
[2.493s][info   ][gc,phases      ] GC(336) Phase 1: Mark live objects 4.357ms
[2.493s][info   ][gc,phases,start] GC(336) Phase 2: Prepare for compaction
[2.493s][info   ][gc,phases      ] GC(336) Phase 2: Prepare for compaction 0.211ms
[2.493s][info   ][gc,phases,start] GC(336) Phase 3: Adjust pointers
[2.496s][info   ][gc,phases      ] GC(336) Phase 3: Adjust pointers 2.812ms
[2.496s][info   ][gc,phases,start] GC(336) Phase 4: Compact heap
[2.496s][info   ][gc,phases      ] GC(336) Phase 4: Compact heap 0.142ms
[2.497s][info   ][gc,heap        ] GC(336) Eden regions: 1->0(3)
[2.497s][info   ][gc,heap        ] GC(336) Survivor regions: 0->0(0)
[2.497s][info   ][gc,heap        ] GC(336) Old regions: 2->2
[2.497s][info   ][gc,heap        ] GC(336) Archive regions: 2->2
[2.497s][info   ][gc,heap        ] GC(336) Humongous regions: 0->0
[2.497s][info   ][gc,metaspace   ] GC(336) Metaspace: 9520K(9792K)->9520K(9792K) NonClass: 8363K(8512K)->8363K(8512K) Class: 1157K(1280K)->1157K(1280K)
[2.497s][info   ][gc             ] GC(336) Pause Full (System.gc()) 4M->4M(28M) 8.463ms
[2.497s][info   ][gc,cpu         ] GC(336) User=0.01s Sys=0.00s Real=0.01s
[2.497s][info   ][gc,start       ] GC(337) Pause Full (System.gc())
[2.497s][info   ][gc,task        ] GC(337) Using 1 workers of 10 for full compaction
[2.497s][info   ][gc,phases,start] GC(337) Phase 1: Mark live objects
[2.501s][info   ][gc,phases      ] GC(337) Phase 1: Mark live objects 3.822ms
[2.501s][info   ][gc,phases,start] GC(337) Phase 2: Prepare for compaction
[2.501s][info   ][gc,phases      ] GC(337) Phase 2: Prepare for compaction 0.192ms
[2.501s][info   ][gc,phases,start] GC(337) Phase 3: Adjust pointers
[2.503s][info   ][gc,phases      ] GC(337) Phase 3: Adjust pointers 1.790ms
[2.503s][info   ][gc,phases,start] GC(337) Phase 4: Compact heap
[2.503s][info   ][gc,phases      ] GC(337) Phase 4: Compact heap 0.186ms
[2.504s][info   ][gc,heap        ] GC(337) Eden regions: 0->0(3)
[2.504s][info   ][gc,heap        ] GC(337) Survivor regions: 0->0(0)
[2.504s][info   ][gc,heap        ] GC(337) Old regions: 2->2
[2.504s][info   ][gc,heap        ] GC(337) Archive regions: 2->2
[2.504s][info   ][gc,heap        ] GC(337) Humongous regions: 0->0
[2.504s][info   ][gc,metaspace   ] GC(337) Metaspace: 9520K(9792K)->9520K(9792K) NonClass: 8363K(8512K)->8363K(8512K) Class: 1157K(1280K)->1157K(1280K)
[2.504s][info   ][gc             ] GC(337) Pause Full (System.gc()) 4M->4M(28M) 6.948ms
[2.504s][info   ][gc,cpu         ] GC(337) User=0.01s Sys=0.00s Real=0.01s
[2.504s][info   ][gc,start       ] GC(338) Pause Full (System.gc())
[2.504s][info   ][gc,task        ] GC(338) Using 1 workers of 10 for full compaction
[2.504s][info   ][gc,phases,start] GC(338) Phase 1: Mark live objects
[2.508s][info   ][gc,phases      ] GC(338) Phase 1: Mark live objects 3.373ms
[2.508s][info   ][gc,phases,start] GC(338) Phase 2: Prepare for compaction
[2.508s][info   ][gc,phases      ] GC(338) Phase 2: Prepare for compaction 0.276ms
[2.508s][info   ][gc,phases,start] GC(338) Phase 3: Adjust pointers
[2.510s][info   ][gc,phases      ] GC(338) Phase 3: Adjust pointers 1.649ms
[2.510s][info   ][gc,phases,start] GC(338) Phase 4: Compact heap
[2.510s][info   ][gc,phases      ] GC(338) Phase 4: Compact heap 0.231ms
[2.511s][info   ][gc,heap        ] GC(338) Eden regions: 1->0(3)
[2.511s][info   ][gc,heap        ] GC(338) Survivor regions: 0->0(0)
[2.511s][info   ][gc,heap        ] GC(338) Old regions: 2->2
[2.511s][info   ][gc,heap        ] GC(338) Archive regions: 2->2
[2.511s][info   ][gc,heap        ] GC(338) Humongous regions: 0->0
[2.511s][info   ][gc,metaspace   ] GC(338) Metaspace: 9520K(9792K)->9520K(9792K) NonClass: 8363K(8512K)->8363K(8512K) Class: 1157K(1280K)->1157K(1280K)
[2.511s][info   ][gc             ] GC(338) Pause Full (System.gc()) 4M->4M(28M) 6.555ms
[2.511s][info   ][gc,cpu         ] GC(338) User=0.00s Sys=0.00s Real=0.00s
[2.511s][info   ][gc,start       ] GC(339) Pause Full (System.gc())
[2.512s][info   ][gc,task        ] GC(339) Using 1 workers of 10 for full compaction
[2.512s][info   ][gc,phases,start] GC(339) Phase 1: Mark live objects
[2.517s][info   ][gc,phases      ] GC(339) Phase 1: Mark live objects 4.964ms
[2.517s][info   ][gc,phases,start] GC(339) Phase 2: Prepare for compaction
[2.517s][info   ][gc,phases      ] GC(339) Phase 2: Prepare for compaction 0.214ms
[2.517s][info   ][gc,phases,start] GC(339) Phase 3: Adjust pointers
[2.519s][info   ][gc,phases      ] GC(339) Phase 3: Adjust pointers 2.297ms
[2.519s][info   ][gc,phases,start] GC(339) Phase 4: Compact heap
[2.519s][info   ][gc,phases      ] GC(339) Phase 4: Compact heap 0.248ms
[2.520s][info   ][gc,heap        ] GC(339) Eden regions: 1->0(3)
[2.520s][info   ][gc,heap        ] GC(339) Survivor regions: 0->0(0)
[2.520s][info   ][gc,heap        ] GC(339) Old regions: 2->2
[2.520s][info   ][gc,heap        ] GC(339) Archive regions: 2->2
[2.520s][info   ][gc,heap        ] GC(339) Humongous regions: 0->0
[2.520s][info   ][gc,metaspace   ] GC(339) Metaspace: 9520K(9792K)->9520K(9792K) NonClass: 8363K(8512K)->8363K(8512K) Class: 1157K(1280K)->1157K(1280K)
[2.520s][info   ][gc             ] GC(339) Pause Full (System.gc()) 4M->4M(28M) 8.679ms
[2.520s][info   ][gc,cpu         ] GC(339) User=0.01s Sys=0.00s Real=0.01s
[2.520s][info   ][gc,start       ] GC(340) Pause Full (System.gc())
[2.520s][info   ][gc,task        ] GC(340) Using 1 workers of 10 for full compaction
[2.520s][info   ][gc,phases,start] GC(340) Phase 1: Mark live objects
[2.524s][info   ][gc,phases      ] GC(340) Phase 1: Mark live objects 3.031ms
[2.524s][info   ][gc,phases,start] GC(340) Phase 2: Prepare for compaction
[2.524s][info   ][gc,phases      ] GC(340) Phase 2: Prepare for compaction 0.171ms
[2.524s][info   ][gc,phases,start] GC(340) Phase 3: Adjust pointers
[2.525s][info   ][gc,phases      ] GC(340) Phase 3: Adjust pointers 1.328ms
[2.525s][info   ][gc,phases,start] GC(340) Phase 4: Compact heap
[2.525s][info   ][gc,phases      ] GC(340) Phase 4: Compact heap 0.088ms
[2.526s][info   ][gc,heap        ] GC(340) Eden regions: 0->0(3)
[2.526s][info   ][gc,heap        ] GC(340) Survivor regions: 0->0(0)
[2.526s][info   ][gc,heap        ] GC(340) Old regions: 2->2
[2.526s][info   ][gc,heap        ] GC(340) Archive regions: 2->2
[2.526s][info   ][gc,heap        ] GC(340) Humongous regions: 0->0
[2.526s][info   ][gc,metaspace   ] GC(340) Metaspace: 9520K(9792K)->9520K(9792K) NonClass: 8363K(8512K)->8363K(8512K) Class: 1157K(1280K)->1157K(1280K)
[2.526s][info   ][gc             ] GC(340) Pause Full (System.gc()) 4M->4M(28M) 5.353ms
[2.526s][info   ][gc,cpu         ] GC(340) User=0.01s Sys=0.00s Real=0.01s
[2.526s][info   ][gc,start       ] GC(341) Pause Full (System.gc())
[2.526s][info   ][gc,task        ] GC(341) Using 1 workers of 10 for full compaction
[2.526s][info   ][gc,phases,start] GC(341) Phase 1: Mark live objects
[2.529s][info   ][gc,phases      ] GC(341) Phase 1: Mark live objects 2.405ms
[2.529s][info   ][gc,phases,start] GC(341) Phase 2: Prepare for compaction
[2.529s][info   ][gc,phases      ] GC(341) Phase 2: Prepare for compaction 0.072ms
[2.529s][info   ][gc,phases,start] GC(341) Phase 3: Adjust pointers
[2.530s][info   ][gc,phases      ] GC(341) Phase 3: Adjust pointers 1.069ms
[2.530s][info   ][gc,phases,start] GC(341) Phase 4: Compact heap
[2.530s][info   ][gc,phases      ] GC(341) Phase 4: Compact heap 0.118ms
[2.530s][info   ][gc,heap        ] GC(341) Eden regions: 1->0(3)
[2.530s][info   ][gc,heap        ] GC(341) Survivor regions: 0->0(0)
[2.530s][info   ][gc,heap        ] GC(341) Old regions: 2->2
[2.530s][info   ][gc,heap        ] GC(341) Archive regions: 2->2
[2.530s][info   ][gc,heap        ] GC(341) Humongous regions: 0->0
[2.530s][info   ][gc,metaspace   ] GC(341) Metaspace: 9520K(9792K)->9520K(9792K) NonClass: 8363K(8512K)->8363K(8512K) Class: 1157K(1280K)->1157K(1280K)
[2.530s][info   ][gc             ] GC(341) Pause Full (System.gc()) 4M->4M(28M) 4.032ms
[2.530s][info   ][gc,cpu         ] GC(341) User=0.00s Sys=0.00s Real=0.00s
[2.531s][info   ][gc,start       ] GC(342) Pause Full (System.gc())
[2.531s][info   ][gc,task        ] GC(342) Using 1 workers of 10 for full compaction
[2.531s][info   ][gc,phases,start] GC(342) Phase 1: Mark live objects
[2.533s][info   ][gc,phases      ] GC(342) Phase 1: Mark live objects 2.500ms
[2.533s][info   ][gc,phases,start] GC(342) Phase 2: Prepare for compaction
[2.533s][info   ][gc,phases      ] GC(342) Phase 2: Prepare for compaction 0.173ms
[2.533s][info   ][gc,phases,start] GC(342) Phase 3: Adjust pointers
[2.534s][info   ][gc,phases      ] GC(342) Phase 3: Adjust pointers 1.185ms
[2.534s][info   ][gc,phases,start] GC(342) Phase 4: Compact heap
[2.535s][info   ][gc,phases      ] GC(342) Phase 4: Compact heap 0.140ms
[2.535s][info   ][gc,heap        ] GC(342) Eden regions: 0->0(3)
[2.535s][info   ][gc,heap        ] GC(342) Survivor regions: 0->0(0)
[2.535s][info   ][gc,heap        ] GC(342) Old regions: 2->2
[2.535s][info   ][gc,heap        ] GC(342) Archive regions: 2->2
[2.535s][info   ][gc,heap        ] GC(342) Humongous regions: 0->0
[2.535s][info   ][gc,metaspace   ] GC(342) Metaspace: 9520K(9792K)->9520K(9792K) NonClass: 8363K(8512K)->8363K(8512K) Class: 1157K(1280K)->1157K(1280K)
[2.535s][info   ][gc             ] GC(342) Pause Full (System.gc()) 4M->4M(28M) 4.522ms
[2.535s][info   ][gc,cpu         ] GC(342) User=0.01s Sys=0.00s Real=0.01s
[2.536s][info   ][gc,start       ] GC(343) Pause Full (System.gc())
[2.536s][info   ][gc,task        ] GC(343) Using 1 workers of 10 for full compaction
[2.536s][info   ][gc,phases,start] GC(343) Phase 1: Mark live objects
[2.539s][info   ][gc,phases      ] GC(343) Phase 1: Mark live objects 3.284ms
[2.539s][info   ][gc,phases,start] GC(343) Phase 2: Prepare for compaction
[2.539s][info   ][gc,phases      ] GC(343) Phase 2: Prepare for compaction 0.087ms
[2.539s][info   ][gc,phases,start] GC(343) Phase 3: Adjust pointers
[2.540s][info   ][gc,phases      ] GC(343) Phase 3: Adjust pointers 1.446ms
[2.540s][info   ][gc,phases,start] GC(343) Phase 4: Compact heap
[2.541s][info   ][gc,phases      ] GC(343) Phase 4: Compact heap 0.154ms
[2.541s][info   ][gc,heap        ] GC(343) Eden regions: 1->0(3)
[2.541s][info   ][gc,heap        ] GC(343) Survivor regions: 0->0(0)
[2.541s][info   ][gc,heap        ] GC(343) Old regions: 2->2
[2.541s][info   ][gc,heap        ] GC(343) Archive regions: 2->2
[2.541s][info   ][gc,heap        ] GC(343) Humongous regions: 0->0
[2.541s][info   ][gc,metaspace   ] GC(343) Metaspace: 9520K(9792K)->9520K(9792K) NonClass: 8363K(8512K)->8363K(8512K) Class: 1157K(1280K)->1157K(1280K)
[2.541s][info   ][gc             ] GC(343) Pause Full (System.gc()) 4M->4M(28M) 5.410ms
[2.541s][info   ][gc,cpu         ] GC(343) User=0.00s Sys=0.00s Real=0.00s
[2.541s][info   ][gc,start       ] GC(344) Pause Full (System.gc())
[2.541s][info   ][gc,task        ] GC(344) Using 1 workers of 10 for full compaction
[2.541s][info   ][gc,phases,start] GC(344) Phase 1: Mark live objects
[2.544s][info   ][gc,phases      ] GC(344) Phase 1: Mark live objects 2.393ms
[2.544s][info   ][gc,phases,start] GC(344) Phase 2: Prepare for compaction
[2.544s][info   ][gc,phases      ] GC(344) Phase 2: Prepare for compaction 0.081ms
[2.544s][info   ][gc,phases,start] GC(344) Phase 3: Adjust pointers
[2.545s][info   ][gc,phases      ] GC(344) Phase 3: Adjust pointers 1.238ms
[2.545s][info   ][gc,phases,start] GC(344) Phase 4: Compact heap
[2.545s][info   ][gc,phases      ] GC(344) Phase 4: Compact heap 0.178ms
[2.545s][info   ][gc,heap        ] GC(344) Eden regions: 0->0(3)
[2.545s][info   ][gc,heap        ] GC(344) Survivor regions: 0->0(0)
[2.545s][info   ][gc,heap        ] GC(344) Old regions: 2->2
[2.545s][info   ][gc,heap        ] GC(344) Archive regions: 2->2
[2.545s][info   ][gc,heap        ] GC(344) Humongous regions: 0->0
[2.545s][info   ][gc,metaspace   ] GC(344) Metaspace: 9520K(9792K)->9520K(9792K) NonClass: 8363K(8512K)->8363K(8512K) Class: 1157K(1280K)->1157K(1280K)
[2.545s][info   ][gc             ] GC(344) Pause Full (System.gc()) 4M->4M(28M) 4.204ms
[2.545s][info   ][gc,cpu         ] GC(344) User=0.00s Sys=0.00s Real=0.01s
[2.546s][info   ][gc,start       ] GC(345) Pause Full (System.gc())
[2.546s][info   ][gc,task        ] GC(345) Using 1 workers of 10 for full compaction
[2.546s][info   ][gc,phases,start] GC(345) Phase 1: Mark live objects
[2.548s][info   ][gc,phases      ] GC(345) Phase 1: Mark live objects 2.270ms
[2.548s][info   ][gc,phases,start] GC(345) Phase 2: Prepare for compaction
[2.548s][info   ][gc,phases      ] GC(345) Phase 2: Prepare for compaction 0.127ms
[2.548s][info   ][gc,phases,start] GC(345) Phase 3: Adjust pointers
[2.549s][info   ][gc,phases      ] GC(345) Phase 3: Adjust pointers 1.081ms
[2.549s][info   ][gc,phases,start] GC(345) Phase 4: Compact heap
[2.550s][info   ][gc,phases      ] GC(345) Phase 4: Compact heap 0.232ms
[2.550s][info   ][gc,heap        ] GC(345) Eden regions: 1->0(3)
[2.550s][info   ][gc,heap        ] GC(345) Survivor regions: 0->0(0)
[2.550s][info   ][gc,heap        ] GC(345) Old regions: 2->2
[2.550s][info   ][gc,heap        ] GC(345) Archive regions: 2->2
[2.550s][info   ][gc,heap        ] GC(345) Humongous regions: 0->0
[2.550s][info   ][gc,metaspace   ] GC(345) Metaspace: 9520K(9792K)->9520K(9792K) NonClass: 8363K(8512K)->8363K(8512K) Class: 1157K(1280K)->1157K(1280K)
[2.550s][info   ][gc             ] GC(345) Pause Full (System.gc()) 4M->4M(28M) 4.229ms
[2.550s][info   ][gc,cpu         ] GC(345) User=0.01s Sys=0.00s Real=0.00s
[2.550s][info   ][gc,start       ] GC(346) Pause Full (System.gc())
[2.550s][info   ][gc,task        ] GC(346) Using 1 workers of 10 for full compaction
[2.550s][info   ][gc,phases,start] GC(346) Phase 1: Mark live objects
[2.553s][info   ][gc,phases      ] GC(346) Phase 1: Mark live objects 2.749ms
[2.553s][info   ][gc,phases,start] GC(346) Phase 2: Prepare for compaction
[2.553s][info   ][gc,phases      ] GC(346) Phase 2: Prepare for compaction 0.102ms
[2.553s][info   ][gc,phases,start] GC(346) Phase 3: Adjust pointers
[2.555s][info   ][gc,phases      ] GC(346) Phase 3: Adjust pointers 1.355ms
[2.555s][info   ][gc,phases,start] GC(346) Phase 4: Compact heap
[2.555s][info   ][gc,phases      ] GC(346) Phase 4: Compact heap 0.060ms
[2.555s][info   ][gc,heap        ] GC(346) Eden regions: 0->0(3)
[2.555s][info   ][gc,heap        ] GC(346) Survivor regions: 0->0(0)
[2.555s][info   ][gc,heap        ] GC(346) Old regions: 2->2
[2.555s][info   ][gc,heap        ] GC(346) Archive regions: 2->2
[2.555s][info   ][gc,heap        ] GC(346) Humongous regions: 0->0
[2.555s][info   ][gc,metaspace   ] GC(346) Metaspace: 9520K(9792K)->9520K(9792K) NonClass: 8363K(8512K)->8363K(8512K) Class: 1157K(1280K)->1157K(1280K)
[2.555s][info   ][gc             ] GC(346) Pause Full (System.gc()) 4M->4M(28M) 4.760ms
[2.555s][info   ][gc,cpu         ] GC(346) User=0.00s Sys=0.00s Real=0.01s
[2.555s][info   ][gc,start       ] GC(347) Pause Full (System.gc())
[2.555s][info   ][gc,task        ] GC(347) Using 1 workers of 10 for full compaction
[2.555s][info   ][gc,phases,start] GC(347) Phase 1: Mark live objects
[2.559s][info   ][gc,phases      ] GC(347) Phase 1: Mark live objects 3.398ms
[2.559s][info   ][gc,phases,start] GC(347) Phase 2: Prepare for compaction
[2.559s][info   ][gc,phases      ] GC(347) Phase 2: Prepare for compaction 0.150ms
[2.559s][info   ][gc,phases,start] GC(347) Phase 3: Adjust pointers
[2.560s][info   ][gc,phases      ] GC(347) Phase 3: Adjust pointers 1.377ms
[2.560s][info   ][gc,phases,start] GC(347) Phase 4: Compact heap
[2.560s][info   ][gc,phases      ] GC(347) Phase 4: Compact heap 0.172ms
[2.561s][info   ][gc,heap        ] GC(347) Eden regions: 1->0(3)
[2.561s][info   ][gc,heap        ] GC(347) Survivor regions: 0->0(0)
[2.561s][info   ][gc,heap        ] GC(347) Old regions: 2->2
[2.561s][info   ][gc,heap        ] GC(347) Archive regions: 2->2
[2.561s][info   ][gc,heap        ] GC(347) Humongous regions: 0->0
[2.561s][info   ][gc,metaspace   ] GC(347) Metaspace: 9520K(9792K)->9520K(9792K) NonClass: 8363K(8512K)->8363K(8512K) Class: 1157K(1280K)->1157K(1280K)
[2.561s][info   ][gc             ] GC(347) Pause Full (System.gc()) 4M->4M(28M) 5.946ms
[2.561s][info   ][gc,cpu         ] GC(347) User=0.01s Sys=0.00s Real=0.00s
[2.562s][info   ][gc,start       ] GC(348) Pause Full (System.gc())
[2.562s][info   ][gc,task        ] GC(348) Using 1 workers of 10 for full compaction
[2.562s][info   ][gc,phases,start] GC(348) Phase 1: Mark live objects
[2.565s][info   ][gc,phases      ] GC(348) Phase 1: Mark live objects 3.612ms
[2.565s][info   ][gc,phases,start] GC(348) Phase 2: Prepare for compaction
[2.566s][info   ][gc,phases      ] GC(348) Phase 2: Prepare for compaction 0.253ms
[2.566s][info   ][gc,phases,start] GC(348) Phase 3: Adjust pointers
[2.567s][info   ][gc,phases      ] GC(348) Phase 3: Adjust pointers 1.478ms
[2.567s][info   ][gc,phases,start] GC(348) Phase 4: Compact heap
[2.567s][info   ][gc,phases      ] GC(348) Phase 4: Compact heap 0.119ms
[2.568s][info   ][gc,heap        ] GC(348) Eden regions: 1->0(3)
[2.568s][info   ][gc,heap        ] GC(348) Survivor regions: 0->0(0)
[2.568s][info   ][gc,heap        ] GC(348) Old regions: 2->2
[2.568s][info   ][gc,heap        ] GC(348) Archive regions: 2->2
[2.568s][info   ][gc,heap        ] GC(348) Humongous regions: 0->0
[2.568s][info   ][gc,metaspace   ] GC(348) Metaspace: 9520K(9792K)->9520K(9792K) NonClass: 8363K(8512K)->8363K(8512K) Class: 1157K(1280K)->1157K(1280K)
[2.568s][info   ][gc             ] GC(348) Pause Full (System.gc()) 4M->4M(28M) 5.990ms
[2.568s][info   ][gc,cpu         ] GC(348) User=0.00s Sys=0.01s Real=0.01s
[2.568s][info   ][gc,start       ] GC(349) Pause Full (System.gc())
[2.568s][info   ][gc,task        ] GC(349) Using 1 workers of 10 for full compaction
[2.568s][info   ][gc,phases,start] GC(349) Phase 1: Mark live objects
[2.571s][info   ][gc,phases      ] GC(349) Phase 1: Mark live objects 2.977ms
[2.571s][info   ][gc,phases,start] GC(349) Phase 2: Prepare for compaction
[2.571s][info   ][gc,phases      ] GC(349) Phase 2: Prepare for compaction 0.225ms
[2.571s][info   ][gc,phases,start] GC(349) Phase 3: Adjust pointers
[2.573s][info   ][gc,phases      ] GC(349) Phase 3: Adjust pointers 1.592ms
[2.573s][info   ][gc,phases,start] GC(349) Phase 4: Compact heap
[2.573s][info   ][gc,phases      ] GC(349) Phase 4: Compact heap 0.126ms
[2.574s][info   ][gc,heap        ] GC(349) Eden regions: 1->0(3)
[2.574s][info   ][gc,heap        ] GC(349) Survivor regions: 0->0(0)
[2.574s][info   ][gc,heap        ] GC(349) Old regions: 2->2
[2.574s][info   ][gc,heap        ] GC(349) Archive regions: 2->2
[2.574s][info   ][gc,heap        ] GC(349) Humongous regions: 0->0
[2.574s][info   ][gc,metaspace   ] GC(349) Metaspace: 9520K(9792K)->9520K(9792K) NonClass: 8363K(8512K)->8363K(8512K) Class: 1157K(1280K)->1157K(1280K)
[2.574s][info   ][gc             ] GC(349) Pause Full (System.gc()) 4M->4M(28M) 5.707ms
[2.574s][info   ][gc,cpu         ] GC(349) User=0.01s Sys=0.00s Real=0.01s
[2.574s][info   ][gc,start       ] GC(350) Pause Full (System.gc())
[2.574s][info   ][gc,task        ] GC(350) Using 1 workers of 10 for full compaction
[2.574s][info   ][gc,phases,start] GC(350) Phase 1: Mark live objects
[2.578s][info   ][gc,phases      ] GC(350) Phase 1: Mark live objects 3.322ms
[2.578s][info   ][gc,phases,start] GC(350) Phase 2: Prepare for compaction
[2.578s][info   ][gc,phases      ] GC(350) Phase 2: Prepare for compaction 0.141ms
[2.578s][info   ][gc,phases,start] GC(350) Phase 3: Adjust pointers
[2.579s][info   ][gc,phases      ] GC(350) Phase 3: Adjust pointers 1.348ms
[2.579s][info   ][gc,phases,start] GC(350) Phase 4: Compact heap
[2.579s][info   ][gc,phases      ] GC(350) Phase 4: Compact heap 0.127ms
[2.580s][info   ][gc,heap        ] GC(350) Eden regions: 0->0(3)
[2.580s][info   ][gc,heap        ] GC(350) Survivor regions: 0->0(0)
[2.580s][info   ][gc,heap        ] GC(350) Old regions: 2->2
[2.580s][info   ][gc,heap        ] GC(350) Archive regions: 2->2
[2.580s][info   ][gc,heap        ] GC(350) Humongous regions: 0->0
[2.580s][info   ][gc,metaspace   ] GC(350) Metaspace: 9520K(9792K)->9520K(9792K) NonClass: 8363K(8512K)->8363K(8512K) Class: 1157K(1280K)->1157K(1280K)
[2.580s][info   ][gc             ] GC(350) Pause Full (System.gc()) 4M->4M(28M) 5.731ms
[2.580s][info   ][gc,cpu         ] GC(350) User=0.00s Sys=0.00s Real=0.00s
[2.580s][info   ][gc,start       ] GC(351) Pause Full (System.gc())
[2.580s][info   ][gc,task        ] GC(351) Using 1 workers of 10 for full compaction
[2.580s][info   ][gc,phases,start] GC(351) Phase 1: Mark live objects
[2.583s][info   ][gc,phases      ] GC(351) Phase 1: Mark live objects 2.959ms
[2.583s][info   ][gc,phases,start] GC(351) Phase 2: Prepare for compaction
[2.583s][info   ][gc,phases      ] GC(351) Phase 2: Prepare for compaction 0.288ms
[2.583s][info   ][gc,phases,start] GC(351) Phase 3: Adjust pointers
[2.585s][info   ][gc,phases      ] GC(351) Phase 3: Adjust pointers 1.436ms
[2.585s][info   ][gc,phases,start] GC(351) Phase 4: Compact heap
[2.585s][info   ][gc,phases      ] GC(351) Phase 4: Compact heap 0.193ms
[2.586s][info   ][gc,heap        ] GC(351) Eden regions: 0->0(3)
[2.586s][info   ][gc,heap        ] GC(351) Survivor regions: 0->0(0)
[2.586s][info   ][gc,heap        ] GC(351) Old regions: 2->2
[2.586s][info   ][gc,heap        ] GC(351) Archive regions: 2->2
[2.586s][info   ][gc,heap        ] GC(351) Humongous regions: 0->0
[2.586s][info   ][gc,metaspace   ] GC(351) Metaspace: 9520K(9792K)->9520K(9792K) NonClass: 8363K(8512K)->8363K(8512K) Class: 1157K(1280K)->1157K(1280K)
[2.586s][info   ][gc             ] GC(351) Pause Full (System.gc()) 4M->4M(28M) 5.591ms
[2.586s][info   ][gc,cpu         ] GC(351) User=0.01s Sys=0.00s Real=0.01s
[2.586s][info   ][gc,start       ] GC(352) Pause Full (System.gc())
[2.586s][info   ][gc,task        ] GC(352) Using 1 workers of 10 for full compaction
[2.586s][info   ][gc,phases,start] GC(352) Phase 1: Mark live objects
[2.589s][info   ][gc,phases      ] GC(352) Phase 1: Mark live objects 3.232ms
[2.589s][info   ][gc,phases,start] GC(352) Phase 2: Prepare for compaction
[2.589s][info   ][gc,phases      ] GC(352) Phase 2: Prepare for compaction 0.090ms
[2.589s][info   ][gc,phases,start] GC(352) Phase 3: Adjust pointers
[2.591s][info   ][gc,phases      ] GC(352) Phase 3: Adjust pointers 1.325ms
[2.591s][info   ][gc,phases,start] GC(352) Phase 4: Compact heap
[2.591s][info   ][gc,phases      ] GC(352) Phase 4: Compact heap 0.175ms
[2.591s][info   ][gc,heap        ] GC(352) Eden regions: 0->0(3)
[2.591s][info   ][gc,heap        ] GC(352) Survivor regions: 0->0(0)
[2.591s][info   ][gc,heap        ] GC(352) Old regions: 2->2
[2.591s][info   ][gc,heap        ] GC(352) Archive regions: 2->2
[2.591s][info   ][gc,heap        ] GC(352) Humongous regions: 0->0
[2.591s][info   ][gc,metaspace   ] GC(352) Metaspace: 9520K(9792K)->9520K(9792K) NonClass: 8363K(8512K)->8363K(8512K) Class: 1157K(1280K)->1157K(1280K)
[2.591s][info   ][gc             ] GC(352) Pause Full (System.gc()) 4M->4M(28M) 5.447ms
[2.591s][info   ][gc,cpu         ] GC(352) User=0.00s Sys=0.00s Real=0.00s
[2.592s][info   ][gc,start       ] GC(353) Pause Full (System.gc())
[2.592s][info   ][gc,task        ] GC(353) Using 1 workers of 10 for full compaction
[2.592s][info   ][gc,phases,start] GC(353) Phase 1: Mark live objects
[2.595s][info   ][gc,phases      ] GC(353) Phase 1: Mark live objects 3.240ms
[2.595s][info   ][gc,phases,start] GC(353) Phase 2: Prepare for compaction
[2.595s][info   ][gc,phases      ] GC(353) Phase 2: Prepare for compaction 0.165ms
[2.595s][info   ][gc,phases,start] GC(353) Phase 3: Adjust pointers
[2.597s][info   ][gc,phases      ] GC(353) Phase 3: Adjust pointers 1.251ms
[2.597s][info   ][gc,phases,start] GC(353) Phase 4: Compact heap
[2.597s][info   ][gc,phases      ] GC(353) Phase 4: Compact heap 0.221ms
[2.597s][info   ][gc,heap        ] GC(353) Eden regions: 1->0(3)
[2.597s][info   ][gc,heap        ] GC(353) Survivor regions: 0->0(0)
[2.597s][info   ][gc,heap        ] GC(353) Old regions: 2->2
[2.597s][info   ][gc,heap        ] GC(353) Archive regions: 2->2
[2.597s][info   ][gc,heap        ] GC(353) Humongous regions: 0->0
[2.597s][info   ][gc,metaspace   ] GC(353) Metaspace: 9520K(9792K)->9520K(9792K) NonClass: 8363K(8512K)->8363K(8512K) Class: 1157K(1280K)->1157K(1280K)
[2.597s][info   ][gc             ] GC(353) Pause Full (System.gc()) 4M->4M(28M) 5.608ms
[2.597s][info   ][gc,cpu         ] GC(353) User=0.01s Sys=0.00s Real=0.01s
[2.598s][info   ][gc,start       ] GC(354) Pause Full (System.gc())
[2.598s][info   ][gc,task        ] GC(354) Using 1 workers of 10 for full compaction
[2.598s][info   ][gc,phases,start] GC(354) Phase 1: Mark live objects
[2.601s][info   ][gc,phases      ] GC(354) Phase 1: Mark live objects 3.409ms
[2.601s][info   ][gc,phases,start] GC(354) Phase 2: Prepare for compaction
[2.602s][info   ][gc,phases      ] GC(354) Phase 2: Prepare for compaction 0.425ms
[2.602s][info   ][gc,phases,start] GC(354) Phase 3: Adjust pointers
[2.604s][info   ][gc,phases      ] GC(354) Phase 3: Adjust pointers 2.370ms
[2.604s][info   ][gc,phases,start] GC(354) Phase 4: Compact heap
[2.604s][info   ][gc,phases      ] GC(354) Phase 4: Compact heap 0.192ms
[2.605s][info   ][gc,heap        ] GC(354) Eden regions: 1->0(3)
[2.605s][info   ][gc,heap        ] GC(354) Survivor regions: 0->0(0)
[2.605s][info   ][gc,heap        ] GC(354) Old regions: 2->2
[2.605s][info   ][gc,heap        ] GC(354) Archive regions: 2->2
[2.605s][info   ][gc,heap        ] GC(354) Humongous regions: 0->0
[2.605s][info   ][gc,metaspace   ] GC(354) Metaspace: 9520K(9792K)->9520K(9792K) NonClass: 8363K(8512K)->8363K(8512K) Class: 1157K(1280K)->1157K(1280K)
[2.605s][info   ][gc             ] GC(354) Pause Full (System.gc()) 4M->4M(28M) 7.466ms
[2.605s][info   ][gc,cpu         ] GC(354) User=0.00s Sys=0.00s Real=0.01s
[2.606s][info   ][gc,start       ] GC(355) Pause Full (System.gc())
[2.606s][info   ][gc,task        ] GC(355) Using 1 workers of 10 for full compaction
[2.606s][info   ][gc,phases,start] GC(355) Phase 1: Mark live objects
[2.608s][info   ][gc,phases      ] GC(355) Phase 1: Mark live objects 2.609ms
[2.608s][info   ][gc,phases,start] GC(355) Phase 2: Prepare for compaction
[2.608s][info   ][gc,phases      ] GC(355) Phase 2: Prepare for compaction 0.209ms
[2.608s][info   ][gc,phases,start] GC(355) Phase 3: Adjust pointers
[2.610s][info   ][gc,phases      ] GC(355) Phase 3: Adjust pointers 1.686ms
[2.610s][info   ][gc,phases,start] GC(355) Phase 4: Compact heap
[2.610s][info   ][gc,phases      ] GC(355) Phase 4: Compact heap 0.088ms
[2.611s][info   ][gc,heap        ] GC(355) Eden regions: 0->0(3)
[2.611s][info   ][gc,heap        ] GC(355) Survivor regions: 0->0(0)
[2.611s][info   ][gc,heap        ] GC(355) Old regions: 2->2
[2.611s][info   ][gc,heap        ] GC(355) Archive regions: 2->2
[2.611s][info   ][gc,heap        ] GC(355) Humongous regions: 0->0
[2.611s][info   ][gc,metaspace   ] GC(355) Metaspace: 9520K(9792K)->9520K(9792K) NonClass: 8363K(8512K)->8363K(8512K) Class: 1157K(1280K)->1157K(1280K)
[2.611s][info   ][gc             ] GC(355) Pause Full (System.gc()) 4M->4M(28M) 5.314ms
[2.611s][info   ][gc,cpu         ] GC(355) User=0.01s Sys=0.00s Real=0.00s
[2.611s][info   ][gc,start       ] GC(356) Pause Full (System.gc())
[2.611s][info   ][gc,task        ] GC(356) Using 1 workers of 10 for full compaction
[2.611s][info   ][gc,phases,start] GC(356) Phase 1: Mark live objects
[2.614s][info   ][gc,phases      ] GC(356) Phase 1: Mark live objects 2.531ms
[2.614s][info   ][gc,phases,start] GC(356) Phase 2: Prepare for compaction
[2.614s][info   ][gc,phases      ] GC(356) Phase 2: Prepare for compaction 0.224ms
[2.614s][info   ][gc,phases,start] GC(356) Phase 3: Adjust pointers
[2.615s][info   ][gc,phases      ] GC(356) Phase 3: Adjust pointers 1.232ms
[2.615s][info   ][gc,phases,start] GC(356) Phase 4: Compact heap
[2.615s][info   ][gc,phases      ] GC(356) Phase 4: Compact heap 0.166ms
[2.616s][info   ][gc,heap        ] GC(356) Eden regions: 1->0(3)
[2.616s][info   ][gc,heap        ] GC(356) Survivor regions: 0->0(0)
[2.616s][info   ][gc,heap        ] GC(356) Old regions: 2->2
[2.616s][info   ][gc,heap        ] GC(356) Archive regions: 2->2
[2.616s][info   ][gc,heap        ] GC(356) Humongous regions: 0->0
[2.616s][info   ][gc,metaspace   ] GC(356) Metaspace: 9520K(9792K)->9520K(9792K) NonClass: 8363K(8512K)->8363K(8512K) Class: 1157K(1280K)->1157K(1280K)
[2.616s][info   ][gc             ] GC(356) Pause Full (System.gc()) 4M->4M(28M) 4.806ms
[2.616s][info   ][gc,cpu         ] GC(356) User=0.00s Sys=0.00s Real=0.01s
[2.616s][info   ][gc,start       ] GC(357) Pause Full (System.gc())
[2.616s][info   ][gc,task        ] GC(357) Using 1 workers of 10 for full compaction
[2.616s][info   ][gc,phases,start] GC(357) Phase 1: Mark live objects
[2.619s][info   ][gc,phases      ] GC(357) Phase 1: Mark live objects 2.557ms
[2.619s][info   ][gc,phases,start] GC(357) Phase 2: Prepare for compaction
[2.619s][info   ][gc,phases      ] GC(357) Phase 2: Prepare for compaction 0.219ms
[2.619s][info   ][gc,phases,start] GC(357) Phase 3: Adjust pointers
[2.621s][info   ][gc,phases      ] GC(357) Phase 3: Adjust pointers 1.758ms
[2.621s][info   ][gc,phases,start] GC(357) Phase 4: Compact heap
[2.621s][info   ][gc,phases      ] GC(357) Phase 4: Compact heap 0.185ms
[2.622s][info   ][gc,heap        ] GC(357) Eden regions: 0->0(3)
[2.622s][info   ][gc,heap        ] GC(357) Survivor regions: 0->0(0)
[2.622s][info   ][gc,heap        ] GC(357) Old regions: 2->2
[2.622s][info   ][gc,heap        ] GC(357) Archive regions: 2->2
[2.622s][info   ][gc,heap        ] GC(357) Humongous regions: 0->0
[2.622s][info   ][gc,metaspace   ] GC(357) Metaspace: 9520K(9792K)->9520K(9792K) NonClass: 8363K(8512K)->8363K(8512K) Class: 1157K(1280K)->1157K(1280K)
[2.622s][info   ][gc             ] GC(357) Pause Full (System.gc()) 4M->4M(28M) 5.647ms
[2.622s][info   ][gc,cpu         ] GC(357) User=0.01s Sys=0.00s Real=0.00s
[2.622s][info   ][gc,start       ] GC(358) Pause Full (System.gc())
[2.622s][info   ][gc,task        ] GC(358) Using 1 workers of 10 for full compaction
[2.622s][info   ][gc,phases,start] GC(358) Phase 1: Mark live objects
[2.626s][info   ][gc,phases      ] GC(358) Phase 1: Mark live objects 3.273ms
[2.626s][info   ][gc,phases,start] GC(358) Phase 2: Prepare for compaction
[2.626s][info   ][gc,phases      ] GC(358) Phase 2: Prepare for compaction 0.133ms
[2.626s][info   ][gc,phases,start] GC(358) Phase 3: Adjust pointers
[2.628s][info   ][gc,phases      ] GC(358) Phase 3: Adjust pointers 1.878ms
[2.628s][info   ][gc,phases,start] GC(358) Phase 4: Compact heap
[2.628s][info   ][gc,phases      ] GC(358) Phase 4: Compact heap 0.176ms
[2.629s][info   ][gc,heap        ] GC(358) Eden regions: 1->0(3)
[2.629s][info   ][gc,heap        ] GC(358) Survivor regions: 0->0(0)
[2.629s][info   ][gc,heap        ] GC(358) Old regions: 2->2
[2.629s][info   ][gc,heap        ] GC(358) Archive regions: 2->2
[2.629s][info   ][gc,heap        ] GC(358) Humongous regions: 0->0
[2.629s][info   ][gc,metaspace   ] GC(358) Metaspace: 9520K(9792K)->9520K(9792K) NonClass: 8363K(8512K)->8363K(8512K) Class: 1157K(1280K)->1157K(1280K)
[2.629s][info   ][gc             ] GC(358) Pause Full (System.gc()) 4M->4M(28M) 6.296ms
[2.629s][info   ][gc,cpu         ] GC(358) User=0.01s Sys=0.00s Real=0.01s
[2.629s][info   ][gc,start       ] GC(359) Pause Full (System.gc())
[2.629s][info   ][gc,task        ] GC(359) Using 1 workers of 10 for full compaction
[2.629s][info   ][gc,phases,start] GC(359) Phase 1: Mark live objects
[2.631s][info   ][gc,phases      ] GC(359) Phase 1: Mark live objects 2.370ms
[2.631s][info   ][gc,phases,start] GC(359) Phase 2: Prepare for compaction
[2.631s][info   ][gc,phases      ] GC(359) Phase 2: Prepare for compaction 0.142ms
[2.631s][info   ][gc,phases,start] GC(359) Phase 3: Adjust pointers
[2.633s][info   ][gc,phases      ] GC(359) Phase 3: Adjust pointers 1.643ms
[2.633s][info   ][gc,phases,start] GC(359) Phase 4: Compact heap
[2.633s][info   ][gc,phases      ] GC(359) Phase 4: Compact heap 0.131ms
[2.634s][info   ][gc,heap        ] GC(359) Eden regions: 1->0(3)
[2.634s][info   ][gc,heap        ] GC(359) Survivor regions: 0->0(0)
[2.634s][info   ][gc,heap        ] GC(359) Old regions: 2->2
[2.634s][info   ][gc,heap        ] GC(359) Archive regions: 2->2
[2.634s][info   ][gc,heap        ] GC(359) Humongous regions: 0->0
[2.634s][info   ][gc,metaspace   ] GC(359) Metaspace: 9520K(9792K)->9520K(9792K) NonClass: 8363K(8512K)->8363K(8512K) Class: 1157K(1280K)->1157K(1280K)
[2.634s][info   ][gc             ] GC(359) Pause Full (System.gc()) 4M->4M(28M) 4.874ms
[2.634s][info   ][gc,cpu         ] GC(359) User=0.00s Sys=0.00s Real=0.01s
[2.634s][info   ][gc,start       ] GC(360) Pause Full (System.gc())
[2.634s][info   ][gc,task        ] GC(360) Using 1 workers of 10 for full compaction
[2.634s][info   ][gc,phases,start] GC(360) Phase 1: Mark live objects
[2.637s][info   ][gc,phases      ] GC(360) Phase 1: Mark live objects 2.802ms
[2.637s][info   ][gc,phases,start] GC(360) Phase 2: Prepare for compaction
[2.637s][info   ][gc,phases      ] GC(360) Phase 2: Prepare for compaction 0.188ms
[2.637s][info   ][gc,phases,start] GC(360) Phase 3: Adjust pointers
[2.640s][info   ][gc,phases      ] GC(360) Phase 3: Adjust pointers 2.733ms
[2.640s][info   ][gc,phases,start] GC(360) Phase 4: Compact heap
[2.640s][info   ][gc,phases      ] GC(360) Phase 4: Compact heap 0.093ms
[2.641s][info   ][gc,heap        ] GC(360) Eden regions: 0->0(3)
[2.641s][info   ][gc,heap        ] GC(360) Survivor regions: 0->0(0)
[2.641s][info   ][gc,heap        ] GC(360) Old regions: 2->2
[2.641s][info   ][gc,heap        ] GC(360) Archive regions: 2->2
[2.641s][info   ][gc,heap        ] GC(360) Humongous regions: 0->0
[2.641s][info   ][gc,metaspace   ] GC(360) Metaspace: 9520K(9792K)->9520K(9792K) NonClass: 8363K(8512K)->8363K(8512K) Class: 1157K(1280K)->1157K(1280K)
[2.641s][info   ][gc             ] GC(360) Pause Full (System.gc()) 4M->4M(28M) 6.680ms
[2.641s][info   ][gc,cpu         ] GC(360) User=0.01s Sys=0.00s Real=0.00s
[2.641s][info   ][gc,start       ] GC(361) Pause Full (System.gc())
[2.641s][info   ][gc,task        ] GC(361) Using 1 workers of 10 for full compaction
[2.641s][info   ][gc,phases,start] GC(361) Phase 1: Mark live objects
[2.644s][info   ][gc,phases      ] GC(361) Phase 1: Mark live objects 3.132ms
[2.644s][info   ][gc,phases,start] GC(361) Phase 2: Prepare for compaction
[2.644s][info   ][gc,phases      ] GC(361) Phase 2: Prepare for compaction 0.232ms
[2.644s][info   ][gc,phases,start] GC(361) Phase 3: Adjust pointers
[2.646s][info   ][gc,phases      ] GC(361) Phase 3: Adjust pointers 1.687ms
[2.646s][info   ][gc,phases,start] GC(361) Phase 4: Compact heap
[2.646s][info   ][gc,phases      ] GC(361) Phase 4: Compact heap 0.076ms
[2.647s][info   ][gc,heap        ] GC(361) Eden regions: 1->0(3)
[2.647s][info   ][gc,heap        ] GC(361) Survivor regions: 0->0(0)
[2.647s][info   ][gc,heap        ] GC(361) Old regions: 2->2
[2.647s][info   ][gc,heap        ] GC(361) Archive regions: 2->2
[2.647s][info   ][gc,heap        ] GC(361) Humongous regions: 0->0
[2.647s][info   ][gc,metaspace   ] GC(361) Metaspace: 9520K(9792K)->9520K(9792K) NonClass: 8363K(8512K)->8363K(8512K) Class: 1157K(1280K)->1157K(1280K)
[2.647s][info   ][gc             ] GC(361) Pause Full (System.gc()) 4M->4M(28M) 5.775ms
[2.647s][info   ][gc,cpu         ] GC(361) User=0.00s Sys=0.00s Real=0.01s
[2.647s][info   ][gc,start       ] GC(362) Pause Full (System.gc())
[2.647s][info   ][gc,task        ] GC(362) Using 1 workers of 10 for full compaction
[2.647s][info   ][gc,phases,start] GC(362) Phase 1: Mark live objects
[2.650s][info   ][gc,phases      ] GC(362) Phase 1: Mark live objects 3.268ms
[2.650s][info   ][gc,phases,start] GC(362) Phase 2: Prepare for compaction
[2.651s][info   ][gc,phases      ] GC(362) Phase 2: Prepare for compaction 0.167ms
[2.651s][info   ][gc,phases,start] GC(362) Phase 3: Adjust pointers
[2.653s][info   ][gc,phases      ] GC(362) Phase 3: Adjust pointers 1.900ms
[2.653s][info   ][gc,phases,start] GC(362) Phase 4: Compact heap
[2.653s][info   ][gc,phases      ] GC(362) Phase 4: Compact heap 0.318ms
[2.654s][info   ][gc,heap        ] GC(362) Eden regions: 1->0(3)
[2.654s][info   ][gc,heap        ] GC(362) Survivor regions: 0->0(0)
[2.654s][info   ][gc,heap        ] GC(362) Old regions: 2->2
[2.654s][info   ][gc,heap        ] GC(362) Archive regions: 2->2
[2.654s][info   ][gc,heap        ] GC(362) Humongous regions: 0->0
[2.654s][info   ][gc,metaspace   ] GC(362) Metaspace: 9520K(9792K)->9520K(9792K) NonClass: 8363K(8512K)->8363K(8512K) Class: 1157K(1280K)->1157K(1280K)
[2.654s][info   ][gc             ] GC(362) Pause Full (System.gc()) 4M->4M(28M) 6.734ms
[2.654s][info   ][gc,cpu         ] GC(362) User=0.01s Sys=0.00s Real=0.01s
[2.655s][info   ][gc,start       ] GC(363) Pause Full (System.gc())
[2.655s][info   ][gc,task        ] GC(363) Using 1 workers of 10 for full compaction
[2.655s][info   ][gc,phases,start] GC(363) Phase 1: Mark live objects
[2.658s][info   ][gc,phases      ] GC(363) Phase 1: Mark live objects 3.409ms
[2.658s][info   ][gc,phases,start] GC(363) Phase 2: Prepare for compaction
[2.658s][info   ][gc,phases      ] GC(363) Phase 2: Prepare for compaction 0.096ms
[2.658s][info   ][gc,phases,start] GC(363) Phase 3: Adjust pointers
[2.660s][info   ][gc,phases      ] GC(363) Phase 3: Adjust pointers 1.711ms
[2.660s][info   ][gc,phases,start] GC(363) Phase 4: Compact heap
[2.660s][info   ][gc,phases      ] GC(363) Phase 4: Compact heap 0.097ms
[2.661s][info   ][gc,heap        ] GC(363) Eden regions: 1->0(3)
[2.661s][info   ][gc,heap        ] GC(363) Survivor regions: 0->0(0)
[2.661s][info   ][gc,heap        ] GC(363) Old regions: 2->2
[2.661s][info   ][gc,heap        ] GC(363) Archive regions: 2->2
[2.661s][info   ][gc,heap        ] GC(363) Humongous regions: 0->0
[2.661s][info   ][gc,metaspace   ] GC(363) Metaspace: 9522K(9792K)->9522K(9792K) NonClass: 8364K(8512K)->8364K(8512K) Class: 1157K(1280K)->1157K(1280K)
[2.661s][info   ][gc             ] GC(363) Pause Full (System.gc()) 4M->4M(28M) 6.025ms
[2.661s][info   ][gc,cpu         ] GC(363) User=0.01s Sys=0.00s Real=0.00s
[2.661s][info   ][gc,start       ] GC(364) Pause Full (System.gc())
[2.661s][info   ][gc,task        ] GC(364) Using 1 workers of 10 for full compaction
[2.661s][info   ][gc,phases,start] GC(364) Phase 1: Mark live objects
[2.664s][info   ][gc,phases      ] GC(364) Phase 1: Mark live objects 2.907ms
[2.664s][info   ][gc,phases,start] GC(364) Phase 2: Prepare for compaction
[2.664s][info   ][gc,phases      ] GC(364) Phase 2: Prepare for compaction 0.182ms
[2.664s][info   ][gc,phases,start] GC(364) Phase 3: Adjust pointers
[2.665s][info   ][gc,phases      ] GC(364) Phase 3: Adjust pointers 1.429ms
[2.665s][info   ][gc,phases,start] GC(364) Phase 4: Compact heap
[2.666s][info   ][gc,phases      ] GC(364) Phase 4: Compact heap 0.192ms
[2.666s][info   ][gc,heap        ] GC(364) Eden regions: 0->0(3)
[2.666s][info   ][gc,heap        ] GC(364) Survivor regions: 0->0(0)
[2.666s][info   ][gc,heap        ] GC(364) Old regions: 2->2
[2.666s][info   ][gc,heap        ] GC(364) Archive regions: 2->2
[2.666s][info   ][gc,heap        ] GC(364) Humongous regions: 0->0
[2.666s][info   ][gc,metaspace   ] GC(364) Metaspace: 9522K(9792K)->9522K(9792K) NonClass: 8364K(8512K)->8364K(8512K) Class: 1157K(1280K)->1157K(1280K)
[2.666s][info   ][gc             ] GC(364) Pause Full (System.gc()) 4M->4M(28M) 5.393ms
[2.666s][info   ][gc,cpu         ] GC(364) User=0.00s Sys=0.00s Real=0.01s
[2.666s][info   ][gc,start       ] GC(365) Pause Full (System.gc())
[2.666s][info   ][gc,task        ] GC(365) Using 1 workers of 10 for full compaction
[2.666s][info   ][gc,phases,start] GC(365) Phase 1: Mark live objects
[2.670s][info   ][gc,phases      ] GC(365) Phase 1: Mark live objects 3.443ms
[2.670s][info   ][gc,phases,start] GC(365) Phase 2: Prepare for compaction
[2.670s][info   ][gc,phases      ] GC(365) Phase 2: Prepare for compaction 0.158ms
[2.670s][info   ][gc,phases,start] GC(365) Phase 3: Adjust pointers
[2.672s][info   ][gc,phases      ] GC(365) Phase 3: Adjust pointers 1.910ms
[2.672s][info   ][gc,phases,start] GC(365) Phase 4: Compact heap
[2.672s][info   ][gc,phases      ] GC(365) Phase 4: Compact heap 0.156ms
[2.673s][info   ][gc,heap        ] GC(365) Eden regions: 0->0(3)
[2.673s][info   ][gc,heap        ] GC(365) Survivor regions: 0->0(0)
[2.673s][info   ][gc,heap        ] GC(365) Old regions: 2->2
[2.673s][info   ][gc,heap        ] GC(365) Archive regions: 2->2
[2.673s][info   ][gc,heap        ] GC(365) Humongous regions: 0->0
[2.673s][info   ][gc,metaspace   ] GC(365) Metaspace: 9522K(9792K)->9522K(9792K) NonClass: 8364K(8512K)->8364K(8512K) Class: 1157K(1280K)->1157K(1280K)
[2.673s][info   ][gc             ] GC(365) Pause Full (System.gc()) 4M->4M(28M) 6.398ms
[2.673s][info   ][gc,cpu         ] GC(365) User=0.01s Sys=0.00s Real=0.00s
[2.673s][info   ][gc,start       ] GC(366) Pause Full (System.gc())
[2.673s][info   ][gc,task        ] GC(366) Using 1 workers of 10 for full compaction
[2.673s][info   ][gc,phases,start] GC(366) Phase 1: Mark live objects
[2.676s][info   ][gc,phases      ] GC(366) Phase 1: Mark live objects 3.215ms
[2.676s][info   ][gc,phases,start] GC(366) Phase 2: Prepare for compaction
[2.677s][info   ][gc,phases      ] GC(366) Phase 2: Prepare for compaction 0.186ms
[2.677s][info   ][gc,phases,start] GC(366) Phase 3: Adjust pointers
[2.678s][info   ][gc,phases      ] GC(366) Phase 3: Adjust pointers 1.662ms
[2.678s][info   ][gc,phases,start] GC(366) Phase 4: Compact heap
[2.678s][info   ][gc,phases      ] GC(366) Phase 4: Compact heap 0.050ms
[2.679s][info   ][gc,heap        ] GC(366) Eden regions: 1->0(3)
[2.679s][info   ][gc,heap        ] GC(366) Survivor regions: 0->0(0)
[2.679s][info   ][gc,heap        ] GC(366) Old regions: 2->2
[2.679s][info   ][gc,heap        ] GC(366) Archive regions: 2->2
[2.679s][info   ][gc,heap        ] GC(366) Humongous regions: 0->0
[2.679s][info   ][gc,metaspace   ] GC(366) Metaspace: 9522K(9792K)->9522K(9792K) NonClass: 8364K(8512K)->8364K(8512K) Class: 1157K(1280K)->1157K(1280K)
[2.679s][info   ][gc             ] GC(366) Pause Full (System.gc()) 4M->4M(28M) 5.690ms
[2.679s][info   ][gc,cpu         ] GC(366) User=0.00s Sys=0.00s Real=0.01s
[2.679s][info   ][gc,start       ] GC(367) Pause Full (System.gc())
[2.679s][info   ][gc,task        ] GC(367) Using 1 workers of 10 for full compaction
[2.679s][info   ][gc,phases,start] GC(367) Phase 1: Mark live objects
[2.683s][info   ][gc,phases      ] GC(367) Phase 1: Mark live objects 3.244ms
[2.683s][info   ][gc,phases,start] GC(367) Phase 2: Prepare for compaction
[2.683s][info   ][gc,phases      ] GC(367) Phase 2: Prepare for compaction 0.150ms
[2.683s][info   ][gc,phases,start] GC(367) Phase 3: Adjust pointers
[2.684s][info   ][gc,phases      ] GC(367) Phase 3: Adjust pointers 1.274ms
[2.684s][info   ][gc,phases,start] GC(367) Phase 4: Compact heap
[2.684s][info   ][gc,phases      ] GC(367) Phase 4: Compact heap 0.176ms
[2.685s][info   ][gc,heap        ] GC(367) Eden regions: 1->0(3)
[2.685s][info   ][gc,heap        ] GC(367) Survivor regions: 0->0(0)
[2.685s][info   ][gc,heap        ] GC(367) Old regions: 2->2
[2.685s][info   ][gc,heap        ] GC(367) Archive regions: 2->2
[2.685s][info   ][gc,heap        ] GC(367) Humongous regions: 0->0
[2.685s][info   ][gc,metaspace   ] GC(367) Metaspace: 9522K(9792K)->9522K(9792K) NonClass: 8364K(8512K)->8364K(8512K) Class: 1157K(1280K)->1157K(1280K)
[2.685s][info   ][gc             ] GC(367) Pause Full (System.gc()) 4M->4M(28M) 5.286ms
[2.685s][info   ][gc,cpu         ] GC(367) User=0.01s Sys=0.00s Real=0.01s
[2.685s][info   ][gc,start       ] GC(368) Pause Full (System.gc())
[2.685s][info   ][gc,task        ] GC(368) Using 1 workers of 10 for full compaction
[2.685s][info   ][gc,phases,start] GC(368) Phase 1: Mark live objects
[2.689s][info   ][gc,phases      ] GC(368) Phase 1: Mark live objects 3.708ms
[2.689s][info   ][gc,phases,start] GC(368) Phase 2: Prepare for compaction
[2.689s][info   ][gc,phases      ] GC(368) Phase 2: Prepare for compaction 0.237ms
[2.689s][info   ][gc,phases,start] GC(368) Phase 3: Adjust pointers
[2.691s][info   ][gc,phases      ] GC(368) Phase 3: Adjust pointers 2.147ms
[2.691s][info   ][gc,phases,start] GC(368) Phase 4: Compact heap
[2.691s][info   ][gc,phases      ] GC(368) Phase 4: Compact heap 0.205ms
[2.692s][info   ][gc,heap        ] GC(368) Eden regions: 1->0(3)
[2.692s][info   ][gc,heap        ] GC(368) Survivor regions: 0->0(0)
[2.692s][info   ][gc,heap        ] GC(368) Old regions: 2->2
[2.692s][info   ][gc,heap        ] GC(368) Archive regions: 2->2
[2.692s][info   ][gc,heap        ] GC(368) Humongous regions: 0->0
[2.692s][info   ][gc,metaspace   ] GC(368) Metaspace: 9522K(9792K)->9522K(9792K) NonClass: 8364K(8512K)->8364K(8512K) Class: 1157K(1280K)->1157K(1280K)
[2.692s][info   ][gc             ] GC(368) Pause Full (System.gc()) 4M->4M(28M) 7.106ms
[2.692s][info   ][gc,cpu         ] GC(368) User=0.00s Sys=0.00s Real=0.00s
[2.693s][info   ][gc,start       ] GC(369) Pause Full (System.gc())
[2.693s][info   ][gc,task        ] GC(369) Using 1 workers of 10 for full compaction
[2.693s][info   ][gc,phases,start] GC(369) Phase 1: Mark live objects
[2.696s][info   ][gc,phases      ] GC(369) Phase 1: Mark live objects 3.048ms
[2.696s][info   ][gc,phases,start] GC(369) Phase 2: Prepare for compaction
[2.696s][info   ][gc,phases      ] GC(369) Phase 2: Prepare for compaction 0.207ms
[2.696s][info   ][gc,phases,start] GC(369) Phase 3: Adjust pointers
[2.698s][info   ][gc,phases      ] GC(369) Phase 3: Adjust pointers 1.772ms
[2.698s][info   ][gc,phases,start] GC(369) Phase 4: Compact heap
[2.698s][info   ][gc,phases      ] GC(369) Phase 4: Compact heap 0.180ms
[2.699s][info   ][gc,heap        ] GC(369) Eden regions: 1->0(3)
[2.699s][info   ][gc,heap        ] GC(369) Survivor regions: 0->0(0)
[2.699s][info   ][gc,heap        ] GC(369) Old regions: 2->2
[2.699s][info   ][gc,heap        ] GC(369) Archive regions: 2->2
[2.699s][info   ][gc,heap        ] GC(369) Humongous regions: 0->0
[2.699s][info   ][gc,metaspace   ] GC(369) Metaspace: 9522K(9792K)->9522K(9792K) NonClass: 8364K(8512K)->8364K(8512K) Class: 1157K(1280K)->1157K(1280K)
[2.699s][info   ][gc             ] GC(369) Pause Full (System.gc()) 4M->4M(28M) 5.925ms
[2.699s][info   ][gc,cpu         ] GC(369) User=0.01s Sys=0.00s Real=0.01s
[2.699s][info   ][gc,start       ] GC(370) Pause Full (System.gc())
[2.699s][info   ][gc,task        ] GC(370) Using 1 workers of 10 for full compaction
[2.699s][info   ][gc,phases,start] GC(370) Phase 1: Mark live objects
[2.703s][info   ][gc,phases      ] GC(370) Phase 1: Mark live objects 3.726ms
[2.703s][info   ][gc,phases,start] GC(370) Phase 2: Prepare for compaction
[2.703s][info   ][gc,phases      ] GC(370) Phase 2: Prepare for compaction 0.097ms
[2.703s][info   ][gc,phases,start] GC(370) Phase 3: Adjust pointers
[2.706s][info   ][gc,phases      ] GC(370) Phase 3: Adjust pointers 2.903ms
[2.706s][info   ][gc,phases,start] GC(370) Phase 4: Compact heap
[2.706s][info   ][gc,phases      ] GC(370) Phase 4: Compact heap 0.172ms
[2.707s][info   ][gc,heap        ] GC(370) Eden regions: 0->0(3)
[2.707s][info   ][gc,heap        ] GC(370) Survivor regions: 0->0(0)
[2.707s][info   ][gc,heap        ] GC(370) Old regions: 2->2
[2.707s][info   ][gc,heap        ] GC(370) Archive regions: 2->2
[2.707s][info   ][gc,heap        ] GC(370) Humongous regions: 0->0
[2.707s][info   ][gc,metaspace   ] GC(370) Metaspace: 9522K(9792K)->9522K(9792K) NonClass: 8364K(8512K)->8364K(8512K) Class: 1157K(1280K)->1157K(1280K)
[2.707s][info   ][gc             ] GC(370) Pause Full (System.gc()) 4M->4M(28M) 7.779ms
[2.707s][info   ][gc,cpu         ] GC(370) User=0.01s Sys=0.00s Real=0.01s
[2.707s][info   ][gc,start       ] GC(371) Pause Full (System.gc())
[2.707s][info   ][gc,task        ] GC(371) Using 1 workers of 10 for full compaction
[2.707s][info   ][gc,phases,start] GC(371) Phase 1: Mark live objects
[2.711s][info   ][gc,phases      ] GC(371) Phase 1: Mark live objects 3.654ms
[2.711s][info   ][gc,phases,start] GC(371) Phase 2: Prepare for compaction
[2.711s][info   ][gc,phases      ] GC(371) Phase 2: Prepare for compaction 0.215ms
[2.711s][info   ][gc,phases,start] GC(371) Phase 3: Adjust pointers
[2.712s][info   ][gc,phases      ] GC(371) Phase 3: Adjust pointers 1.300ms
[2.712s][info   ][gc,phases,start] GC(371) Phase 4: Compact heap
[2.712s][info   ][gc,phases      ] GC(371) Phase 4: Compact heap 0.147ms
[2.713s][info   ][gc,heap        ] GC(371) Eden regions: 0->0(3)
[2.713s][info   ][gc,heap        ] GC(371) Survivor regions: 0->0(0)
[2.713s][info   ][gc,heap        ] GC(371) Old regions: 2->2
[2.713s][info   ][gc,heap        ] GC(371) Archive regions: 2->2
[2.713s][info   ][gc,heap        ] GC(371) Humongous regions: 0->0
[2.713s][info   ][gc,metaspace   ] GC(371) Metaspace: 9522K(9792K)->9522K(9792K) NonClass: 8364K(8512K)->8364K(8512K) Class: 1157K(1280K)->1157K(1280K)
[2.713s][info   ][gc             ] GC(371) Pause Full (System.gc()) 4M->4M(28M) 5.897ms
[2.713s][info   ][gc,cpu         ] GC(371) User=0.00s Sys=0.00s Real=0.00s
[2.713s][info   ][gc,start       ] GC(372) Pause Full (System.gc())
[2.713s][info   ][gc,task        ] GC(372) Using 1 workers of 10 for full compaction
[2.713s][info   ][gc,phases,start] GC(372) Phase 1: Mark live objects
[2.716s][info   ][gc,phases      ] GC(372) Phase 1: Mark live objects 3.020ms
[2.716s][info   ][gc,phases,start] GC(372) Phase 2: Prepare for compaction
[2.716s][info   ][gc,phases      ] GC(372) Phase 2: Prepare for compaction 0.099ms
[2.716s][info   ][gc,phases,start] GC(372) Phase 3: Adjust pointers
[2.718s][info   ][gc,phases      ] GC(372) Phase 3: Adjust pointers 1.409ms
[2.718s][info   ][gc,phases,start] GC(372) Phase 4: Compact heap
[2.718s][info   ][gc,phases      ] GC(372) Phase 4: Compact heap 0.149ms
[2.718s][info   ][gc,heap        ] GC(372) Eden regions: 0->0(3)
[2.718s][info   ][gc,heap        ] GC(372) Survivor regions: 0->0(0)
[2.718s][info   ][gc,heap        ] GC(372) Old regions: 2->2
[2.718s][info   ][gc,heap        ] GC(372) Archive regions: 2->2
[2.718s][info   ][gc,heap        ] GC(372) Humongous regions: 0->0
[2.718s][info   ][gc,metaspace   ] GC(372) Metaspace: 9522K(9792K)->9522K(9792K) NonClass: 8364K(8512K)->8364K(8512K) Class: 1157K(1280K)->1157K(1280K)
[2.718s][info   ][gc             ] GC(372) Pause Full (System.gc()) 4M->4M(28M) 5.184ms
[2.718s][info   ][gc,cpu         ] GC(372) User=0.01s Sys=0.00s Real=0.01s
[2.719s][info   ][gc,start       ] GC(373) Pause Full (System.gc())
[2.719s][info   ][gc,task        ] GC(373) Using 1 workers of 10 for full compaction
[2.719s][info   ][gc,phases,start] GC(373) Phase 1: Mark live objects
[2.723s][info   ][gc,phases      ] GC(373) Phase 1: Mark live objects 3.937ms
[2.723s][info   ][gc,phases,start] GC(373) Phase 2: Prepare for compaction
[2.723s][info   ][gc,phases      ] GC(373) Phase 2: Prepare for compaction 0.230ms
[2.723s][info   ][gc,phases,start] GC(373) Phase 3: Adjust pointers
[2.724s][info   ][gc,phases      ] GC(373) Phase 3: Adjust pointers 1.316ms
[2.724s][info   ][gc,phases,start] GC(373) Phase 4: Compact heap
[2.725s][info   ][gc,phases      ] GC(373) Phase 4: Compact heap 0.253ms
[2.725s][info   ][gc,heap        ] GC(373) Eden regions: 1->0(3)
[2.725s][info   ][gc,heap        ] GC(373) Survivor regions: 0->0(0)
[2.725s][info   ][gc,heap        ] GC(373) Old regions: 2->2
[2.725s][info   ][gc,heap        ] GC(373) Archive regions: 2->2
[2.725s][info   ][gc,heap        ] GC(373) Humongous regions: 0->0
[2.725s][info   ][gc,metaspace   ] GC(373) Metaspace: 9522K(9792K)->9522K(9792K) NonClass: 8364K(8512K)->8364K(8512K) Class: 1157K(1280K)->1157K(1280K)
[2.725s][info   ][gc             ] GC(373) Pause Full (System.gc()) 4M->4M(28M) 6.438ms
[2.725s][info   ][gc,cpu         ] GC(373) User=0.00s Sys=0.00s Real=0.01s
[2.725s][info   ][gc,start       ] GC(374) Pause Full (System.gc())
[2.725s][info   ][gc,task        ] GC(374) Using 1 workers of 10 for full compaction
[2.725s][info   ][gc,phases,start] GC(374) Phase 1: Mark live objects
[2.728s][info   ][gc,phases      ] GC(374) Phase 1: Mark live objects 3.056ms
[2.728s][info   ][gc,phases,start] GC(374) Phase 2: Prepare for compaction
[2.729s][info   ][gc,phases      ] GC(374) Phase 2: Prepare for compaction 0.095ms
[2.729s][info   ][gc,phases,start] GC(374) Phase 3: Adjust pointers
[2.730s][info   ][gc,phases      ] GC(374) Phase 3: Adjust pointers 1.243ms
[2.730s][info   ][gc,phases,start] GC(374) Phase 4: Compact heap
[2.730s][info   ][gc,phases      ] GC(374) Phase 4: Compact heap 0.239ms
[2.730s][info   ][gc,heap        ] GC(374) Eden regions: 0->0(3)
[2.730s][info   ][gc,heap        ] GC(374) Survivor regions: 0->0(0)
[2.730s][info   ][gc,heap        ] GC(374) Old regions: 2->2
[2.730s][info   ][gc,heap        ] GC(374) Archive regions: 2->2
[2.730s][info   ][gc,heap        ] GC(374) Humongous regions: 0->0
[2.730s][info   ][gc,metaspace   ] GC(374) Metaspace: 9522K(9792K)->9522K(9792K) NonClass: 8364K(8512K)->8364K(8512K) Class: 1157K(1280K)->1157K(1280K)
[2.730s][info   ][gc             ] GC(374) Pause Full (System.gc()) 4M->4M(28M) 5.116ms
[2.730s][info   ][gc,cpu         ] GC(374) User=0.01s Sys=0.00s Real=0.00s
[2.731s][info   ][gc,start       ] GC(375) Pause Full (System.gc())
[2.731s][info   ][gc,task        ] GC(375) Using 1 workers of 10 for full compaction
[2.731s][info   ][gc,phases,start] GC(375) Phase 1: Mark live objects
[2.734s][info   ][gc,phases      ] GC(375) Phase 1: Mark live objects 3.478ms
[2.734s][info   ][gc,phases,start] GC(375) Phase 2: Prepare for compaction
[2.735s][info   ][gc,phases      ] GC(375) Phase 2: Prepare for compaction 0.328ms
[2.735s][info   ][gc,phases,start] GC(375) Phase 3: Adjust pointers
[2.736s][info   ][gc,phases      ] GC(375) Phase 3: Adjust pointers 1.203ms
[2.736s][info   ][gc,phases,start] GC(375) Phase 4: Compact heap
[2.736s][info   ][gc,phases      ] GC(375) Phase 4: Compact heap 0.105ms
[2.737s][info   ][gc,heap        ] GC(375) Eden regions: 1->0(3)
[2.737s][info   ][gc,heap        ] GC(375) Survivor regions: 0->0(0)
[2.737s][info   ][gc,heap        ] GC(375) Old regions: 2->2
[2.737s][info   ][gc,heap        ] GC(375) Archive regions: 2->2
[2.737s][info   ][gc,heap        ] GC(375) Humongous regions: 0->0
[2.737s][info   ][gc,metaspace   ] GC(375) Metaspace: 9522K(9792K)->9522K(9792K) NonClass: 8364K(8512K)->8364K(8512K) Class: 1157K(1280K)->1157K(1280K)
[2.737s][info   ][gc             ] GC(375) Pause Full (System.gc()) 4M->4M(28M) 5.600ms
[2.737s][info   ][gc,cpu         ] GC(375) User=0.00s Sys=0.01s Real=0.01s
[2.737s][info   ][gc,start       ] GC(376) Pause Full (System.gc())
[2.737s][info   ][gc,task        ] GC(376) Using 1 workers of 10 for full compaction
[2.737s][info   ][gc,phases,start] GC(376) Phase 1: Mark live objects
[2.741s][info   ][gc,phases      ] GC(376) Phase 1: Mark live objects 4.040ms
[2.741s][info   ][gc,phases,start] GC(376) Phase 2: Prepare for compaction
[2.741s][info   ][gc,phases      ] GC(376) Phase 2: Prepare for compaction 0.202ms
[2.741s][info   ][gc,phases,start] GC(376) Phase 3: Adjust pointers
[2.743s][info   ][gc,phases      ] GC(376) Phase 3: Adjust pointers 1.871ms
[2.743s][info   ][gc,phases,start] GC(376) Phase 4: Compact heap
[2.743s][info   ][gc,phases      ] GC(376) Phase 4: Compact heap 0.049ms
[2.743s][info   ][gc,heap        ] GC(376) Eden regions: 0->0(3)
[2.743s][info   ][gc,heap        ] GC(376) Survivor regions: 0->0(0)
[2.743s][info   ][gc,heap        ] GC(376) Old regions: 2->2
[2.743s][info   ][gc,heap        ] GC(376) Archive regions: 2->2
[2.743s][info   ][gc,heap        ] GC(376) Humongous regions: 0->0
[2.743s][info   ][gc,metaspace   ] GC(376) Metaspace: 9522K(9792K)->9522K(9792K) NonClass: 8364K(8512K)->8364K(8512K) Class: 1157K(1280K)->1157K(1280K)
[2.743s][info   ][gc             ] GC(376) Pause Full (System.gc()) 4M->4M(28M) 6.729ms
[2.743s][info   ][gc,cpu         ] GC(376) User=0.01s Sys=0.00s Real=0.00s
[2.744s][info   ][gc,start       ] GC(377) Pause Full (System.gc())
[2.744s][info   ][gc,task        ] GC(377) Using 1 workers of 10 for full compaction
[2.744s][info   ][gc,phases,start] GC(377) Phase 1: Mark live objects
[2.748s][info   ][gc,phases      ] GC(377) Phase 1: Mark live objects 3.460ms
[2.748s][info   ][gc,phases,start] GC(377) Phase 2: Prepare for compaction
[2.748s][info   ][gc,phases      ] GC(377) Phase 2: Prepare for compaction 0.245ms
[2.748s][info   ][gc,phases,start] GC(377) Phase 3: Adjust pointers
[2.750s][info   ][gc,phases      ] GC(377) Phase 3: Adjust pointers 1.768ms
[2.750s][info   ][gc,phases,start] GC(377) Phase 4: Compact heap
[2.750s][info   ][gc,phases      ] GC(377) Phase 4: Compact heap 0.061ms
[2.750s][info   ][gc,heap        ] GC(377) Eden regions: 1->0(3)
[2.750s][info   ][gc,heap        ] GC(377) Survivor regions: 0->0(0)
[2.750s][info   ][gc,heap        ] GC(377) Old regions: 2->2
[2.750s][info   ][gc,heap        ] GC(377) Archive regions: 2->2
[2.750s][info   ][gc,heap        ] GC(377) Humongous regions: 0->0
[2.750s][info   ][gc,metaspace   ] GC(377) Metaspace: 9522K(9792K)->9522K(9792K) NonClass: 8364K(8512K)->8364K(8512K) Class: 1157K(1280K)->1157K(1280K)
[2.750s][info   ][gc             ] GC(377) Pause Full (System.gc()) 4M->4M(28M) 6.154ms
[2.750s][info   ][gc,cpu         ] GC(377) User=0.00s Sys=0.00s Real=0.00s
[2.751s][info   ][gc,start       ] GC(378) Pause Full (System.gc())
[2.751s][info   ][gc,task        ] GC(378) Using 1 workers of 10 for full compaction
[2.751s][info   ][gc,phases,start] GC(378) Phase 1: Mark live objects
[2.755s][info   ][gc,phases      ] GC(378) Phase 1: Mark live objects 3.848ms
[2.755s][info   ][gc,phases,start] GC(378) Phase 2: Prepare for compaction
[2.755s][info   ][gc,phases      ] GC(378) Phase 2: Prepare for compaction 0.251ms
[2.755s][info   ][gc,phases,start] GC(378) Phase 3: Adjust pointers
[2.756s][info   ][gc,phases      ] GC(378) Phase 3: Adjust pointers 1.508ms
[2.756s][info   ][gc,phases,start] GC(378) Phase 4: Compact heap
[2.757s][info   ][gc,phases      ] GC(378) Phase 4: Compact heap 0.241ms
[2.757s][info   ][gc,heap        ] GC(378) Eden regions: 1->0(3)
[2.757s][info   ][gc,heap        ] GC(378) Survivor regions: 0->0(0)
[2.757s][info   ][gc,heap        ] GC(378) Old regions: 2->2
[2.757s][info   ][gc,heap        ] GC(378) Archive regions: 2->2
[2.757s][info   ][gc,heap        ] GC(378) Humongous regions: 0->0
[2.757s][info   ][gc,metaspace   ] GC(378) Metaspace: 9522K(9792K)->9522K(9792K) NonClass: 8364K(8512K)->8364K(8512K) Class: 1157K(1280K)->1157K(1280K)
[2.757s][info   ][gc             ] GC(378) Pause Full (System.gc()) 4M->4M(28M) 6.606ms
[2.757s][info   ][gc,cpu         ] GC(378) User=0.01s Sys=0.00s Real=0.01s
[2.757s][info   ][gc,start       ] GC(379) Pause Full (System.gc())
[2.757s][info   ][gc,task        ] GC(379) Using 1 workers of 10 for full compaction
[2.758s][info   ][gc,phases,start] GC(379) Phase 1: Mark live objects
[2.762s][info   ][gc,phases      ] GC(379) Phase 1: Mark live objects 4.073ms
[2.762s][info   ][gc,phases,start] GC(379) Phase 2: Prepare for compaction
[2.762s][info   ][gc,phases      ] GC(379) Phase 2: Prepare for compaction 0.272ms
[2.762s][info   ][gc,phases,start] GC(379) Phase 3: Adjust pointers
[2.763s][info   ][gc,phases      ] GC(379) Phase 3: Adjust pointers 1.429ms
[2.763s][info   ][gc,phases,start] GC(379) Phase 4: Compact heap
[2.764s][info   ][gc,phases      ] GC(379) Phase 4: Compact heap 0.296ms
[2.764s][info   ][gc,heap        ] GC(379) Eden regions: 0->0(3)
[2.764s][info   ][gc,heap        ] GC(379) Survivor regions: 0->0(0)
[2.764s][info   ][gc,heap        ] GC(379) Old regions: 2->2
[2.764s][info   ][gc,heap        ] GC(379) Archive regions: 2->2
[2.764s][info   ][gc,heap        ] GC(379) Humongous regions: 0->0
[2.764s][info   ][gc,metaspace   ] GC(379) Metaspace: 9522K(9792K)->9522K(9792K) NonClass: 8364K(8512K)->8364K(8512K) Class: 1157K(1280K)->1157K(1280K)
[2.764s][info   ][gc             ] GC(379) Pause Full (System.gc()) 4M->4M(28M) 6.752ms
[2.764s][info   ][gc,cpu         ] GC(379) User=0.00s Sys=0.00s Real=0.01s
[2.765s][info   ][gc,start       ] GC(380) Pause Full (System.gc())
[2.765s][info   ][gc,task        ] GC(380) Using 1 workers of 10 for full compaction
[2.765s][info   ][gc,phases,start] GC(380) Phase 1: Mark live objects
[2.769s][info   ][gc,phases      ] GC(380) Phase 1: Mark live objects 3.909ms
[2.769s][info   ][gc,phases,start] GC(380) Phase 2: Prepare for compaction
[2.769s][info   ][gc,phases      ] GC(380) Phase 2: Prepare for compaction 0.198ms
[2.769s][info   ][gc,phases,start] GC(380) Phase 3: Adjust pointers
[2.772s][info   ][gc,phases      ] GC(380) Phase 3: Adjust pointers 2.478ms
[2.772s][info   ][gc,phases,start] GC(380) Phase 4: Compact heap
[2.772s][info   ][gc,phases      ] GC(380) Phase 4: Compact heap 0.073ms
[2.772s][info   ][gc,heap        ] GC(380) Eden regions: 1->0(3)
[2.772s][info   ][gc,heap        ] GC(380) Survivor regions: 0->0(0)
[2.772s][info   ][gc,heap        ] GC(380) Old regions: 2->2
[2.772s][info   ][gc,heap        ] GC(380) Archive regions: 2->2
[2.772s][info   ][gc,heap        ] GC(380) Humongous regions: 0->0
[2.772s][info   ][gc,metaspace   ] GC(380) Metaspace: 9523K(9792K)->9523K(9792K) NonClass: 8365K(8512K)->8365K(8512K) Class: 1157K(1280K)->1157K(1280K)
[2.772s][info   ][gc             ] GC(380) Pause Full (System.gc()) 4M->4M(28M) 7.384ms
[2.772s][info   ][gc,cpu         ] GC(380) User=0.01s Sys=0.00s Real=0.00s
[2.773s][info   ][gc,start       ] GC(381) Pause Full (System.gc())
[2.773s][info   ][gc,task        ] GC(381) Using 1 workers of 10 for full compaction
[2.773s][info   ][gc,phases,start] GC(381) Phase 1: Mark live objects
[2.777s][info   ][gc,phases      ] GC(381) Phase 1: Mark live objects 4.284ms
[2.777s][info   ][gc,phases,start] GC(381) Phase 2: Prepare for compaction
[2.777s][info   ][gc,phases      ] GC(381) Phase 2: Prepare for compaction 0.155ms
[2.777s][info   ][gc,phases,start] GC(381) Phase 3: Adjust pointers
[2.779s][info   ][gc,phases      ] GC(381) Phase 3: Adjust pointers 1.727ms
[2.779s][info   ][gc,phases,start] GC(381) Phase 4: Compact heap
[2.779s][info   ][gc,phases      ] GC(381) Phase 4: Compact heap 0.189ms
[2.780s][info   ][gc,heap        ] GC(381) Eden regions: 0->0(3)
[2.780s][info   ][gc,heap        ] GC(381) Survivor regions: 0->0(0)
[2.780s][info   ][gc,heap        ] GC(381) Old regions: 2->2
[2.780s][info   ][gc,heap        ] GC(381) Archive regions: 2->2
[2.780s][info   ][gc,heap        ] GC(381) Humongous regions: 0->0
[2.780s][info   ][gc,metaspace   ] GC(381) Metaspace: 9523K(9792K)->9523K(9792K) NonClass: 8365K(8512K)->8365K(8512K) Class: 1157K(1280K)->1157K(1280K)
[2.780s][info   ][gc             ] GC(381) Pause Full (System.gc()) 4M->4M(28M) 6.934ms
[2.780s][info   ][gc,cpu         ] GC(381) User=0.01s Sys=0.00s Real=0.01s
[2.780s][info   ][gc,start       ] GC(382) Pause Full (System.gc())
[2.780s][info   ][gc,task        ] GC(382) Using 1 workers of 10 for full compaction
[2.780s][info   ][gc,phases,start] GC(382) Phase 1: Mark live objects
[2.784s][info   ][gc,phases      ] GC(382) Phase 1: Mark live objects 4.081ms
[2.784s][info   ][gc,phases,start] GC(382) Phase 2: Prepare for compaction
[2.785s][info   ][gc,phases      ] GC(382) Phase 2: Prepare for compaction 0.271ms
[2.785s][info   ][gc,phases,start] GC(382) Phase 3: Adjust pointers
[2.786s][info   ][gc,phases      ] GC(382) Phase 3: Adjust pointers 1.675ms
[2.786s][info   ][gc,phases,start] GC(382) Phase 4: Compact heap
[2.786s][info   ][gc,phases      ] GC(382) Phase 4: Compact heap 0.121ms
[2.787s][info   ][gc,heap        ] GC(382) Eden regions: 1->0(3)
[2.787s][info   ][gc,heap        ] GC(382) Survivor regions: 0->0(0)
[2.787s][info   ][gc,heap        ] GC(382) Old regions: 2->2
[2.787s][info   ][gc,heap        ] GC(382) Archive regions: 2->2
[2.787s][info   ][gc,heap        ] GC(382) Humongous regions: 0->0
[2.787s][info   ][gc,metaspace   ] GC(382) Metaspace: 9523K(9792K)->9523K(9792K) NonClass: 8365K(8512K)->8365K(8512K) Class: 1157K(1280K)->1157K(1280K)
[2.787s][info   ][gc             ] GC(382) Pause Full (System.gc()) 4M->4M(28M) 6.986ms
[2.787s][info   ][gc,cpu         ] GC(382) User=0.00s Sys=0.00s Real=0.01s
[2.787s][info   ][gc,start       ] GC(383) Pause Full (System.gc())
[2.787s][info   ][gc,task        ] GC(383) Using 1 workers of 10 for full compaction
[2.787s][info   ][gc,phases,start] GC(383) Phase 1: Mark live objects
[2.791s][info   ][gc,phases      ] GC(383) Phase 1: Mark live objects 3.788ms
[2.791s][info   ][gc,phases,start] GC(383) Phase 2: Prepare for compaction
[2.791s][info   ][gc,phases      ] GC(383) Phase 2: Prepare for compaction 0.248ms
[2.791s][info   ][gc,phases,start] GC(383) Phase 3: Adjust pointers
[2.793s][info   ][gc,phases      ] GC(383) Phase 3: Adjust pointers 1.448ms
[2.793s][info   ][gc,phases,start] GC(383) Phase 4: Compact heap
[2.793s][info   ][gc,phases      ] GC(383) Phase 4: Compact heap 0.167ms
[2.794s][info   ][gc,heap        ] GC(383) Eden regions: 0->0(3)
[2.794s][info   ][gc,heap        ] GC(383) Survivor regions: 0->0(0)
[2.794s][info   ][gc,heap        ] GC(383) Old regions: 2->2
[2.794s][info   ][gc,heap        ] GC(383) Archive regions: 2->2
[2.794s][info   ][gc,heap        ] GC(383) Humongous regions: 0->0
[2.794s][info   ][gc,metaspace   ] GC(383) Metaspace: 9523K(9792K)->9523K(9792K) NonClass: 8365K(8512K)->8365K(8512K) Class: 1157K(1280K)->1157K(1280K)
[2.794s][info   ][gc             ] GC(383) Pause Full (System.gc()) 4M->4M(28M) 6.403ms
[2.794s][info   ][gc,cpu         ] GC(383) User=0.01s Sys=0.00s Real=0.01s
[2.794s][info   ][gc,start       ] GC(384) Pause Full (System.gc())
[2.794s][info   ][gc,task        ] GC(384) Using 1 workers of 10 for full compaction
[2.794s][info   ][gc,phases,start] GC(384) Phase 1: Mark live objects
[2.798s][info   ][gc,phases      ] GC(384) Phase 1: Mark live objects 4.278ms
[2.798s][info   ][gc,phases,start] GC(384) Phase 2: Prepare for compaction
[2.799s][info   ][gc,phases      ] GC(384) Phase 2: Prepare for compaction 0.254ms
[2.799s][info   ][gc,phases,start] GC(384) Phase 3: Adjust pointers
[2.801s][info   ][gc,phases      ] GC(384) Phase 3: Adjust pointers 2.235ms
[2.801s][info   ][gc,phases,start] GC(384) Phase 4: Compact heap
[2.801s][info   ][gc,phases      ] GC(384) Phase 4: Compact heap 0.141ms
[2.801s][info   ][gc,heap        ] GC(384) Eden regions: 1->0(3)
[2.801s][info   ][gc,heap        ] GC(384) Survivor regions: 0->0(0)
[2.801s][info   ][gc,heap        ] GC(384) Old regions: 2->2
[2.801s][info   ][gc,heap        ] GC(384) Archive regions: 2->2
[2.801s][info   ][gc,heap        ] GC(384) Humongous regions: 0->0
[2.801s][info   ][gc,metaspace   ] GC(384) Metaspace: 9523K(9792K)->9523K(9792K) NonClass: 8365K(8512K)->8365K(8512K) Class: 1157K(1280K)->1157K(1280K)
[2.801s][info   ][gc             ] GC(384) Pause Full (System.gc()) 4M->4M(28M) 7.488ms
[2.801s][info   ][gc,cpu         ] GC(384) User=0.01s Sys=0.00s Real=0.00s
[2.802s][info   ][gc,start       ] GC(385) Pause Full (System.gc())
[2.802s][info   ][gc,task        ] GC(385) Using 1 workers of 10 for full compaction
[2.802s][info   ][gc,phases,start] GC(385) Phase 1: Mark live objects
[2.805s][info   ][gc,phases      ] GC(385) Phase 1: Mark live objects 3.379ms
[2.805s][info   ][gc,phases,start] GC(385) Phase 2: Prepare for compaction
[2.805s][info   ][gc,phases      ] GC(385) Phase 2: Prepare for compaction 0.101ms
[2.805s][info   ][gc,phases,start] GC(385) Phase 3: Adjust pointers
[2.807s][info   ][gc,phases      ] GC(385) Phase 3: Adjust pointers 1.723ms
[2.807s][info   ][gc,phases,start] GC(385) Phase 4: Compact heap
[2.807s][info   ][gc,phases      ] GC(385) Phase 4: Compact heap 0.233ms
[2.808s][info   ][gc,heap        ] GC(385) Eden regions: 0->0(3)
[2.808s][info   ][gc,heap        ] GC(385) Survivor regions: 0->0(0)
[2.808s][info   ][gc,heap        ] GC(385) Old regions: 2->2
[2.808s][info   ][gc,heap        ] GC(385) Archive regions: 2->2
[2.808s][info   ][gc,heap        ] GC(385) Humongous regions: 0->0
[2.808s][info   ][gc,metaspace   ] GC(385) Metaspace: 9523K(9792K)->9523K(9792K) NonClass: 8365K(8512K)->8365K(8512K) Class: 1157K(1280K)->1157K(1280K)
[2.808s][info   ][gc             ] GC(385) Pause Full (System.gc()) 4M->4M(28M) 6.107ms
[2.808s][info   ][gc,cpu         ] GC(385) User=0.00s Sys=0.00s Real=0.01s
[2.808s][info   ][gc,start       ] GC(386) Pause Full (System.gc())
[2.808s][info   ][gc,task        ] GC(386) Using 1 workers of 10 for full compaction
[2.809s][info   ][gc,phases,start] GC(386) Phase 1: Mark live objects
[2.812s][info   ][gc,phases      ] GC(386) Phase 1: Mark live objects 3.273ms
[2.812s][info   ][gc,phases,start] GC(386) Phase 2: Prepare for compaction
[2.812s][info   ][gc,phases      ] GC(386) Phase 2: Prepare for compaction 0.194ms
[2.812s][info   ][gc,phases,start] GC(386) Phase 3: Adjust pointers
[2.813s][info   ][gc,phases      ] GC(386) Phase 3: Adjust pointers 1.296ms
[2.813s][info   ][gc,phases,start] GC(386) Phase 4: Compact heap
[2.814s][info   ][gc,phases      ] GC(386) Phase 4: Compact heap 0.273ms
[2.814s][info   ][gc,heap        ] GC(386) Eden regions: 1->0(3)
[2.814s][info   ][gc,heap        ] GC(386) Survivor regions: 0->0(0)
[2.814s][info   ][gc,heap        ] GC(386) Old regions: 2->2
[2.814s][info   ][gc,heap        ] GC(386) Archive regions: 2->2
[2.814s][info   ][gc,heap        ] GC(386) Humongous regions: 0->0
[2.814s][info   ][gc,metaspace   ] GC(386) Metaspace: 9524K(9792K)->9524K(9792K) NonClass: 8366K(8512K)->8366K(8512K) Class: 1157K(1280K)->1157K(1280K)
[2.814s][info   ][gc             ] GC(386) Pause Full (System.gc()) 4M->4M(28M) 5.644ms
[2.814s][info   ][gc,cpu         ] GC(386) User=0.01s Sys=0.00s Real=0.01s
[2.814s][info   ][gc,start       ] GC(387) Pause Full (System.gc())
[2.814s][info   ][gc,task        ] GC(387) Using 1 workers of 10 for full compaction
[2.814s][info   ][gc,phases,start] GC(387) Phase 1: Mark live objects
[2.818s][info   ][gc,phases      ] GC(387) Phase 1: Mark live objects 3.063ms
[2.818s][info   ][gc,phases,start] GC(387) Phase 2: Prepare for compaction
[2.818s][info   ][gc,phases      ] GC(387) Phase 2: Prepare for compaction 0.112ms
[2.818s][info   ][gc,phases,start] GC(387) Phase 3: Adjust pointers
[2.819s][info   ][gc,phases      ] GC(387) Phase 3: Adjust pointers 1.284ms
[2.819s][info   ][gc,phases,start] GC(387) Phase 4: Compact heap
[2.819s][info   ][gc,phases      ] GC(387) Phase 4: Compact heap 0.053ms
[2.820s][info   ][gc,heap        ] GC(387) Eden regions: 0->0(3)
[2.820s][info   ][gc,heap        ] GC(387) Survivor regions: 0->0(0)
[2.820s][info   ][gc,heap        ] GC(387) Old regions: 2->2
[2.820s][info   ][gc,heap        ] GC(387) Archive regions: 2->2
[2.820s][info   ][gc,heap        ] GC(387) Humongous regions: 0->0
[2.820s][info   ][gc,metaspace   ] GC(387) Metaspace: 9524K(9792K)->9524K(9792K) NonClass: 8366K(8512K)->8366K(8512K) Class: 1157K(1280K)->1157K(1280K)
[2.820s][info   ][gc             ] GC(387) Pause Full (System.gc()) 4M->4M(28M) 5.200ms
[2.820s][info   ][gc,cpu         ] GC(387) User=0.00s Sys=0.00s Real=0.00s
[2.820s][info   ][gc,start       ] GC(388) Pause Full (System.gc())
[2.820s][info   ][gc,task        ] GC(388) Using 1 workers of 10 for full compaction
[2.820s][info   ][gc,phases,start] GC(388) Phase 1: Mark live objects
[2.824s][info   ][gc,phases      ] GC(388) Phase 1: Mark live objects 4.104ms
[2.824s][info   ][gc,phases,start] GC(388) Phase 2: Prepare for compaction
[2.824s][info   ][gc,phases      ] GC(388) Phase 2: Prepare for compaction 0.194ms
[2.824s][info   ][gc,phases,start] GC(388) Phase 3: Adjust pointers
[2.826s][info   ][gc,phases      ] GC(388) Phase 3: Adjust pointers 1.422ms
[2.826s][info   ][gc,phases,start] GC(388) Phase 4: Compact heap
[2.826s][info   ][gc,phases      ] GC(388) Phase 4: Compact heap 0.196ms
[2.826s][info   ][gc,heap        ] GC(388) Eden regions: 0->0(3)
[2.826s][info   ][gc,heap        ] GC(388) Survivor regions: 0->0(0)
[2.826s][info   ][gc,heap        ] GC(388) Old regions: 2->2
[2.826s][info   ][gc,heap        ] GC(388) Archive regions: 2->2
[2.826s][info   ][gc,heap        ] GC(388) Humongous regions: 0->0
[2.826s][info   ][gc,metaspace   ] GC(388) Metaspace: 9524K(9792K)->9524K(9792K) NonClass: 8366K(8512K)->8366K(8512K) Class: 1157K(1280K)->1157K(1280K)
[2.826s][info   ][gc             ] GC(388) Pause Full (System.gc()) 4M->4M(28M) 6.563ms
[2.826s][info   ][gc,cpu         ] GC(388) User=0.01s Sys=0.00s Real=0.01s
[2.827s][info   ][gc,start       ] GC(389) Pause Full (System.gc())
[2.827s][info   ][gc,task        ] GC(389) Using 1 workers of 10 for full compaction
[2.827s][info   ][gc,phases,start] GC(389) Phase 1: Mark live objects
[2.830s][info   ][gc,phases      ] GC(389) Phase 1: Mark live objects 3.652ms
[2.830s][info   ][gc,phases,start] GC(389) Phase 2: Prepare for compaction
[2.831s][info   ][gc,phases      ] GC(389) Phase 2: Prepare for compaction 0.247ms
[2.831s][info   ][gc,phases,start] GC(389) Phase 3: Adjust pointers
[2.832s][info   ][gc,phases      ] GC(389) Phase 3: Adjust pointers 1.159ms
[2.832s][info   ][gc,phases,start] GC(389) Phase 4: Compact heap
[2.832s][info   ][gc,phases      ] GC(389) Phase 4: Compact heap 0.172ms
[2.832s][info   ][gc,heap        ] GC(389) Eden regions: 0->0(3)
[2.832s][info   ][gc,heap        ] GC(389) Survivor regions: 0->0(0)
[2.832s][info   ][gc,heap        ] GC(389) Old regions: 2->2
[2.832s][info   ][gc,heap        ] GC(389) Archive regions: 2->2
[2.832s][info   ][gc,heap        ] GC(389) Humongous regions: 0->0
[2.832s][info   ][gc,metaspace   ] GC(389) Metaspace: 9524K(9792K)->9524K(9792K) NonClass: 8366K(8512K)->8366K(8512K) Class: 1157K(1280K)->1157K(1280K)
[2.832s][info   ][gc             ] GC(389) Pause Full (System.gc()) 4M->4M(28M) 5.877ms
[2.832s][info   ][gc,cpu         ] GC(389) User=0.00s Sys=0.00s Real=0.00s
[2.833s][info   ][gc,start       ] GC(390) Pause Full (System.gc())
[2.833s][info   ][gc,task        ] GC(390) Using 1 workers of 10 for full compaction
[2.833s][info   ][gc,phases,start] GC(390) Phase 1: Mark live objects
[2.836s][info   ][gc,phases      ] GC(390) Phase 1: Mark live objects 3.429ms
[2.836s][info   ][gc,phases,start] GC(390) Phase 2: Prepare for compaction
[2.836s][info   ][gc,phases      ] GC(390) Phase 2: Prepare for compaction 0.271ms
[2.836s][info   ][gc,phases,start] GC(390) Phase 3: Adjust pointers
[2.838s][info   ][gc,phases      ] GC(390) Phase 3: Adjust pointers 1.211ms
[2.838s][info   ][gc,phases,start] GC(390) Phase 4: Compact heap
[2.838s][info   ][gc,phases      ] GC(390) Phase 4: Compact heap 0.189ms
[2.838s][info   ][gc,heap        ] GC(390) Eden regions: 0->0(3)
[2.839s][info   ][gc,heap        ] GC(390) Survivor regions: 0->0(0)
[2.839s][info   ][gc,heap        ] GC(390) Old regions: 2->2
[2.839s][info   ][gc,heap        ] GC(390) Archive regions: 2->2
[2.839s][info   ][gc,heap        ] GC(390) Humongous regions: 0->0
[2.839s][info   ][gc,metaspace   ] GC(390) Metaspace: 9524K(9792K)->9524K(9792K) NonClass: 8366K(8512K)->8366K(8512K) Class: 1157K(1280K)->1157K(1280K)
[2.839s][info   ][gc             ] GC(390) Pause Full (System.gc()) 4M->4M(28M) 5.856ms
[2.839s][info   ][gc,cpu         ] GC(390) User=0.01s Sys=0.00s Real=0.01s
[2.839s][info   ][gc,start       ] GC(391) Pause Full (System.gc())
[2.839s][info   ][gc,task        ] GC(391) Using 1 workers of 10 for full compaction
[2.839s][info   ][gc,phases,start] GC(391) Phase 1: Mark live objects
[2.843s][info   ][gc,phases      ] GC(391) Phase 1: Mark live objects 3.735ms
[2.843s][info   ][gc,phases,start] GC(391) Phase 2: Prepare for compaction
[2.843s][info   ][gc,phases      ] GC(391) Phase 2: Prepare for compaction 0.132ms
[2.843s][info   ][gc,phases,start] GC(391) Phase 3: Adjust pointers
[2.844s][info   ][gc,phases      ] GC(391) Phase 3: Adjust pointers 1.334ms
[2.844s][info   ][gc,phases,start] GC(391) Phase 4: Compact heap
[2.845s][info   ][gc,phases      ] GC(391) Phase 4: Compact heap 0.246ms
[2.845s][info   ][gc,heap        ] GC(391) Eden regions: 1->0(3)
[2.845s][info   ][gc,heap        ] GC(391) Survivor regions: 0->0(0)
[2.845s][info   ][gc,heap        ] GC(391) Old regions: 2->2
[2.845s][info   ][gc,heap        ] GC(391) Archive regions: 2->2
[2.845s][info   ][gc,heap        ] GC(391) Humongous regions: 0->0
[2.845s][info   ][gc,metaspace   ] GC(391) Metaspace: 9524K(9792K)->9524K(9792K) NonClass: 8366K(8512K)->8366K(8512K) Class: 1157K(1280K)->1157K(1280K)
[2.845s][info   ][gc             ] GC(391) Pause Full (System.gc()) 4M->4M(28M) 6.096ms
[2.845s][info   ][gc,cpu         ] GC(391) User=0.00s Sys=0.00s Real=0.01s
[2.845s][info   ][gc,start       ] GC(392) Pause Full (System.gc())
[2.845s][info   ][gc,task        ] GC(392) Using 1 workers of 10 for full compaction
[2.845s][info   ][gc,phases,start] GC(392) Phase 1: Mark live objects
[2.848s][info   ][gc,phases      ] GC(392) Phase 1: Mark live objects 3.087ms
[2.848s][info   ][gc,phases,start] GC(392) Phase 2: Prepare for compaction
[2.849s][info   ][gc,phases      ] GC(392) Phase 2: Prepare for compaction 0.226ms
[2.849s][info   ][gc,phases,start] GC(392) Phase 3: Adjust pointers
[2.850s][info   ][gc,phases      ] GC(392) Phase 3: Adjust pointers 1.394ms
[2.850s][info   ][gc,phases,start] GC(392) Phase 4: Compact heap
[2.850s][info   ][gc,phases      ] GC(392) Phase 4: Compact heap 0.054ms
[2.851s][info   ][gc,heap        ] GC(392) Eden regions: 0->0(3)
[2.851s][info   ][gc,heap        ] GC(392) Survivor regions: 0->0(0)
[2.851s][info   ][gc,heap        ] GC(392) Old regions: 2->2
[2.851s][info   ][gc,heap        ] GC(392) Archive regions: 2->2
[2.851s][info   ][gc,heap        ] GC(392) Humongous regions: 0->0
[2.851s][info   ][gc,metaspace   ] GC(392) Metaspace: 9524K(9792K)->9524K(9792K) NonClass: 8366K(8512K)->8366K(8512K) Class: 1157K(1280K)->1157K(1280K)
[2.851s][info   ][gc             ] GC(392) Pause Full (System.gc()) 4M->4M(28M) 5.409ms
[2.851s][info   ][gc,cpu         ] GC(392) User=0.01s Sys=0.01s Real=0.00s
[2.851s][info   ][gc,start       ] GC(393) Pause Full (System.gc())
[2.851s][info   ][gc,task        ] GC(393) Using 1 workers of 10 for full compaction
[2.851s][info   ][gc,phases,start] GC(393) Phase 1: Mark live objects
[2.855s][info   ][gc,phases      ] GC(393) Phase 1: Mark live objects 4.082ms
[2.855s][info   ][gc,phases,start] GC(393) Phase 2: Prepare for compaction
[2.856s][info   ][gc,phases      ] GC(393) Phase 2: Prepare for compaction 0.282ms
[2.856s][info   ][gc,phases,start] GC(393) Phase 3: Adjust pointers
[2.857s][info   ][gc,phases      ] GC(393) Phase 3: Adjust pointers 1.349ms
[2.857s][info   ][gc,phases,start] GC(393) Phase 4: Compact heap
[2.857s][info   ][gc,phases      ] GC(393) Phase 4: Compact heap 0.059ms
[2.858s][info   ][gc,heap        ] GC(393) Eden regions: 1->0(3)
[2.858s][info   ][gc,heap        ] GC(393) Survivor regions: 0->0(0)
[2.858s][info   ][gc,heap        ] GC(393) Old regions: 2->2
[2.858s][info   ][gc,heap        ] GC(393) Archive regions: 2->2
[2.858s][info   ][gc,heap        ] GC(393) Humongous regions: 0->0
[2.858s][info   ][gc,metaspace   ] GC(393) Metaspace: 9524K(9792K)->9524K(9792K) NonClass: 8366K(8512K)->8366K(8512K) Class: 1157K(1280K)->1157K(1280K)
[2.858s][info   ][gc             ] GC(393) Pause Full (System.gc()) 4M->4M(28M) 6.549ms
[2.858s][info   ][gc,cpu         ] GC(393) User=0.00s Sys=0.00s Real=0.01s
[2.858s][info   ][gc,start       ] GC(394) Pause Full (System.gc())
[2.858s][info   ][gc,task        ] GC(394) Using 1 workers of 10 for full compaction
[2.858s][info   ][gc,phases,start] GC(394) Phase 1: Mark live objects
[2.862s][info   ][gc,phases      ] GC(394) Phase 1: Mark live objects 3.536ms
[2.862s][info   ][gc,phases,start] GC(394) Phase 2: Prepare for compaction
[2.862s][info   ][gc,phases      ] GC(394) Phase 2: Prepare for compaction 0.217ms
[2.862s][info   ][gc,phases,start] GC(394) Phase 3: Adjust pointers
[2.863s][info   ][gc,phases      ] GC(394) Phase 3: Adjust pointers 1.467ms
[2.863s][info   ][gc,phases,start] GC(394) Phase 4: Compact heap
[2.863s][info   ][gc,phases      ] GC(394) Phase 4: Compact heap 0.052ms
[2.864s][info   ][gc,heap        ] GC(394) Eden regions: 0->0(3)
[2.864s][info   ][gc,heap        ] GC(394) Survivor regions: 0->0(0)
[2.864s][info   ][gc,heap        ] GC(394) Old regions: 2->2
[2.864s][info   ][gc,heap        ] GC(394) Archive regions: 2->2
[2.864s][info   ][gc,heap        ] GC(394) Humongous regions: 0->0
[2.864s][info   ][gc,metaspace   ] GC(394) Metaspace: 9524K(9792K)->9524K(9792K) NonClass: 8366K(8512K)->8366K(8512K) Class: 1157K(1280K)->1157K(1280K)
[2.864s][info   ][gc             ] GC(394) Pause Full (System.gc()) 4M->4M(28M) 5.901ms
[2.864s][info   ][gc,cpu         ] GC(394) User=0.01s Sys=0.00s Real=0.01s
[2.864s][info   ][gc,start       ] GC(395) Pause Full (System.gc())
[2.864s][info   ][gc,task        ] GC(395) Using 1 workers of 10 for full compaction
[2.864s][info   ][gc,phases,start] GC(395) Phase 1: Mark live objects
[2.867s][info   ][gc,phases      ] GC(395) Phase 1: Mark live objects 2.980ms
[2.867s][info   ][gc,phases,start] GC(395) Phase 2: Prepare for compaction
[2.868s][info   ][gc,phases      ] GC(395) Phase 2: Prepare for compaction 0.160ms
[2.868s][info   ][gc,phases,start] GC(395) Phase 3: Adjust pointers
[2.869s][info   ][gc,phases      ] GC(395) Phase 3: Adjust pointers 1.089ms
[2.869s][info   ][gc,phases,start] GC(395) Phase 4: Compact heap
[2.869s][info   ][gc,phases      ] GC(395) Phase 4: Compact heap 0.210ms
[2.869s][info   ][gc,heap        ] GC(395) Eden regions: 1->0(3)
[2.869s][info   ][gc,heap        ] GC(395) Survivor regions: 0->0(0)
[2.869s][info   ][gc,heap        ] GC(395) Old regions: 2->2
[2.869s][info   ][gc,heap        ] GC(395) Archive regions: 2->2
[2.869s][info   ][gc,heap        ] GC(395) Humongous regions: 0->0
[2.869s][info   ][gc,metaspace   ] GC(395) Metaspace: 9524K(9792K)->9524K(9792K) NonClass: 8366K(8512K)->8366K(8512K) Class: 1157K(1280K)->1157K(1280K)
[2.870s][info   ][gc             ] GC(395) Pause Full (System.gc()) 4M->4M(28M) 5.031ms
[2.870s][info   ][gc,cpu         ] GC(395) User=0.00s Sys=0.00s Real=0.00s
[2.870s][info   ][gc,start       ] GC(396) Pause Full (System.gc())
[2.870s][info   ][gc,task        ] GC(396) Using 1 workers of 10 for full compaction
[2.870s][info   ][gc,phases,start] GC(396) Phase 1: Mark live objects
[2.873s][info   ][gc,phases      ] GC(396) Phase 1: Mark live objects 3.664ms
[2.873s][info   ][gc,phases,start] GC(396) Phase 2: Prepare for compaction
[2.874s][info   ][gc,phases      ] GC(396) Phase 2: Prepare for compaction 0.305ms
[2.874s][info   ][gc,phases,start] GC(396) Phase 3: Adjust pointers
[2.875s][info   ][gc,phases      ] GC(396) Phase 3: Adjust pointers 1.294ms
[2.875s][info   ][gc,phases,start] GC(396) Phase 4: Compact heap
[2.875s][info   ][gc,phases      ] GC(396) Phase 4: Compact heap 0.254ms
[2.876s][info   ][gc,heap        ] GC(396) Eden regions: 0->0(3)
[2.876s][info   ][gc,heap        ] GC(396) Survivor regions: 0->0(0)
[2.876s][info   ][gc,heap        ] GC(396) Old regions: 2->2
[2.876s][info   ][gc,heap        ] GC(396) Archive regions: 2->2
[2.876s][info   ][gc,heap        ] GC(396) Humongous regions: 0->0
[2.876s][info   ][gc,metaspace   ] GC(396) Metaspace: 9524K(9792K)->9524K(9792K) NonClass: 8366K(8512K)->8366K(8512K) Class: 1157K(1280K)->1157K(1280K)
[2.876s][info   ][gc             ] GC(396) Pause Full (System.gc()) 4M->4M(28M) 6.355ms
[2.876s][info   ][gc,cpu         ] GC(396) User=0.01s Sys=0.00s Real=0.01s
[2.877s][info   ][gc,start       ] GC(397) Pause Full (System.gc())
[2.877s][info   ][gc,task        ] GC(397) Using 1 workers of 10 for full compaction
[2.877s][info   ][gc,phases,start] GC(397) Phase 1: Mark live objects
[2.880s][info   ][gc,phases      ] GC(397) Phase 1: Mark live objects 3.605ms
[2.880s][info   ][gc,phases,start] GC(397) Phase 2: Prepare for compaction
[2.881s][info   ][gc,phases      ] GC(397) Phase 2: Prepare for compaction 0.302ms
[2.881s][info   ][gc,phases,start] GC(397) Phase 3: Adjust pointers
[2.883s][info   ][gc,phases      ] GC(397) Phase 3: Adjust pointers 1.730ms
[2.883s][info   ][gc,phases,start] GC(397) Phase 4: Compact heap
[2.883s][info   ][gc,phases      ] GC(397) Phase 4: Compact heap 0.053ms
[2.883s][info   ][gc,heap        ] GC(397) Eden regions: 1->0(3)
[2.883s][info   ][gc,heap        ] GC(397) Survivor regions: 0->0(0)
[2.883s][info   ][gc,heap        ] GC(397) Old regions: 2->2
[2.883s][info   ][gc,heap        ] GC(397) Archive regions: 2->2
[2.883s][info   ][gc,heap        ] GC(397) Humongous regions: 0->0
[2.883s][info   ][gc,metaspace   ] GC(397) Metaspace: 9524K(9792K)->9524K(9792K) NonClass: 8366K(8512K)->8366K(8512K) Class: 1157K(1280K)->1157K(1280K)
[2.883s][info   ][gc             ] GC(397) Pause Full (System.gc()) 4M->4M(28M) 6.296ms
[2.883s][info   ][gc,cpu         ] GC(397) User=0.00s Sys=0.00s Real=0.00s
[2.883s][info   ][gc,start       ] GC(398) Pause Full (System.gc())
[2.883s][info   ][gc,task        ] GC(398) Using 1 workers of 10 for full compaction
[2.883s][info   ][gc,phases,start] GC(398) Phase 1: Mark live objects
[2.886s][info   ][gc,phases      ] GC(398) Phase 1: Mark live objects 3.027ms
[2.886s][info   ][gc,phases,start] GC(398) Phase 2: Prepare for compaction
[2.886s][info   ][gc,phases      ] GC(398) Phase 2: Prepare for compaction 0.169ms
[2.886s][info   ][gc,phases,start] GC(398) Phase 3: Adjust pointers
[2.888s][info   ][gc,phases      ] GC(398) Phase 3: Adjust pointers 1.960ms
[2.888s][info   ][gc,phases,start] GC(398) Phase 4: Compact heap
[2.889s][info   ][gc,phases      ] GC(398) Phase 4: Compact heap 0.132ms
[2.889s][info   ][gc,heap        ] GC(398) Eden regions: 0->0(3)
[2.889s][info   ][gc,heap        ] GC(398) Survivor regions: 0->0(0)
[2.889s][info   ][gc,heap        ] GC(398) Old regions: 2->2
[2.889s][info   ][gc,heap        ] GC(398) Archive regions: 2->2
[2.889s][info   ][gc,heap        ] GC(398) Humongous regions: 0->0
[2.889s][info   ][gc,metaspace   ] GC(398) Metaspace: 9524K(9792K)->9524K(9792K) NonClass: 8366K(8512K)->8366K(8512K) Class: 1157K(1280K)->1157K(1280K)
[2.889s][info   ][gc             ] GC(398) Pause Full (System.gc()) 4M->4M(28M) 5.901ms
[2.889s][info   ][gc,cpu         ] GC(398) User=0.01s Sys=0.00s Real=0.01s
[2.890s][info   ][gc,start       ] GC(399) Pause Full (System.gc())
[2.890s][info   ][gc,task        ] GC(399) Using 1 workers of 10 for full compaction
[2.890s][info   ][gc,phases,start] GC(399) Phase 1: Mark live objects
[2.893s][info   ][gc,phases      ] GC(399) Phase 1: Mark live objects 3.717ms
[2.893s][info   ][gc,phases,start] GC(399) Phase 2: Prepare for compaction
[2.893s][info   ][gc,phases      ] GC(399) Phase 2: Prepare for compaction 0.118ms
[2.893s][info   ][gc,phases,start] GC(399) Phase 3: Adjust pointers
[2.895s][info   ][gc,phases      ] GC(399) Phase 3: Adjust pointers 1.757ms
[2.895s][info   ][gc,phases,start] GC(399) Phase 4: Compact heap
[2.895s][info   ][gc,phases      ] GC(399) Phase 4: Compact heap 0.063ms
[2.896s][info   ][gc,heap        ] GC(399) Eden regions: 1->0(3)
[2.896s][info   ][gc,heap        ] GC(399) Survivor regions: 0->0(0)
[2.896s][info   ][gc,heap        ] GC(399) Old regions: 2->2
[2.896s][info   ][gc,heap        ] GC(399) Archive regions: 2->2
[2.896s][info   ][gc,heap        ] GC(399) Humongous regions: 0->0
[2.896s][info   ][gc,metaspace   ] GC(399) Metaspace: 9524K(9792K)->9524K(9792K) NonClass: 8366K(8512K)->8366K(8512K) Class: 1157K(1280K)->1157K(1280K)
[2.896s][info   ][gc             ] GC(399) Pause Full (System.gc()) 4M->4M(28M) 6.251ms
[2.896s][info   ][gc,cpu         ] GC(399) User=0.00s Sys=0.00s Real=0.01s
[2.896s][info   ][gc,start       ] GC(400) Pause Full (System.gc())
[2.896s][info   ][gc,task        ] GC(400) Using 1 workers of 10 for full compaction
[2.896s][info   ][gc,phases,start] GC(400) Phase 1: Mark live objects
[2.900s][info   ][gc,phases      ] GC(400) Phase 1: Mark live objects 3.911ms
[2.900s][info   ][gc,phases,start] GC(400) Phase 2: Prepare for compaction
[2.900s][info   ][gc,phases      ] GC(400) Phase 2: Prepare for compaction 0.249ms
[2.900s][info   ][gc,phases,start] GC(400) Phase 3: Adjust pointers
[2.902s][info   ][gc,phases      ] GC(400) Phase 3: Adjust pointers 2.140ms
[2.902s][info   ][gc,phases,start] GC(400) Phase 4: Compact heap
[2.903s][info   ][gc,phases      ] GC(400) Phase 4: Compact heap 0.121ms
[2.903s][info   ][gc,heap        ] GC(400) Eden regions: 0->0(3)
[2.903s][info   ][gc,heap        ] GC(400) Survivor regions: 0->0(0)
[2.903s][info   ][gc,heap        ] GC(400) Old regions: 2->2
[2.903s][info   ][gc,heap        ] GC(400) Archive regions: 2->2
[2.903s][info   ][gc,heap        ] GC(400) Humongous regions: 0->0
[2.903s][info   ][gc,metaspace   ] GC(400) Metaspace: 9524K(9792K)->9524K(9792K) NonClass: 8366K(8512K)->8366K(8512K) Class: 1157K(1280K)->1157K(1280K)
[2.903s][info   ][gc             ] GC(400) Pause Full (System.gc()) 4M->4M(28M) 7.436ms
[2.903s][info   ][gc,cpu         ] GC(400) User=0.01s Sys=0.00s Real=0.00s
[2.904s][info   ][gc,start       ] GC(401) Pause Full (System.gc())
[2.904s][info   ][gc,task        ] GC(401) Using 1 workers of 10 for full compaction
[2.904s][info   ][gc,phases,start] GC(401) Phase 1: Mark live objects
[2.908s][info   ][gc,phases      ] GC(401) Phase 1: Mark live objects 4.274ms
[2.908s][info   ][gc,phases,start] GC(401) Phase 2: Prepare for compaction
[2.908s][info   ][gc,phases      ] GC(401) Phase 2: Prepare for compaction 0.139ms
[2.908s][info   ][gc,phases,start] GC(401) Phase 3: Adjust pointers
[2.911s][info   ][gc,phases      ] GC(401) Phase 3: Adjust pointers 2.398ms
[2.911s][info   ][gc,phases,start] GC(401) Phase 4: Compact heap
[2.911s][info   ][gc,phases      ] GC(401) Phase 4: Compact heap 0.074ms
[2.911s][info   ][gc,heap        ] GC(401) Eden regions: 1->0(3)
[2.911s][info   ][gc,heap        ] GC(401) Survivor regions: 0->0(0)
[2.911s][info   ][gc,heap        ] GC(401) Old regions: 2->2
[2.911s][info   ][gc,heap        ] GC(401) Archive regions: 2->2
[2.911s][info   ][gc,heap        ] GC(401) Humongous regions: 0->0
[2.911s][info   ][gc,metaspace   ] GC(401) Metaspace: 9524K(9792K)->9524K(9792K) NonClass: 8366K(8512K)->8366K(8512K) Class: 1157K(1280K)->1157K(1280K)
[2.912s][info   ][gc             ] GC(401) Pause Full (System.gc()) 4M->4M(28M) 7.607ms
[2.912s][info   ][gc,cpu         ] GC(401) User=0.01s Sys=0.00s Real=0.00s
[2.912s][info   ][gc,start       ] GC(402) Pause Full (System.gc())
[2.912s][info   ][gc,task        ] GC(402) Using 1 workers of 10 for full compaction
[2.912s][info   ][gc,phases,start] GC(402) Phase 1: Mark live objects
[2.915s][info   ][gc,phases      ] GC(402) Phase 1: Mark live objects 3.557ms
[2.915s][info   ][gc,phases,start] GC(402) Phase 2: Prepare for compaction
[2.916s][info   ][gc,phases      ] GC(402) Phase 2: Prepare for compaction 0.238ms
[2.916s][info   ][gc,phases,start] GC(402) Phase 3: Adjust pointers
[2.918s][info   ][gc,phases      ] GC(402) Phase 3: Adjust pointers 2.115ms
[2.918s][info   ][gc,phases,start] GC(402) Phase 4: Compact heap
[2.918s][info   ][gc,phases      ] GC(402) Phase 4: Compact heap 0.120ms
[2.919s][info   ][gc,heap        ] GC(402) Eden regions: 1->0(3)
[2.919s][info   ][gc,heap        ] GC(402) Survivor regions: 0->0(0)
[2.919s][info   ][gc,heap        ] GC(402) Old regions: 2->2
[2.919s][info   ][gc,heap        ] GC(402) Archive regions: 2->2
[2.919s][info   ][gc,heap        ] GC(402) Humongous regions: 0->0
[2.919s][info   ][gc,metaspace   ] GC(402) Metaspace: 9524K(9792K)->9524K(9792K) NonClass: 8366K(8512K)->8366K(8512K) Class: 1157K(1280K)->1157K(1280K)
[2.919s][info   ][gc             ] GC(402) Pause Full (System.gc()) 4M->4M(28M) 6.774ms
[2.919s][info   ][gc,cpu         ] GC(402) User=0.00s Sys=0.00s Real=0.01s
[2.919s][info   ][gc,start       ] GC(403) Pause Full (System.gc())
[2.919s][info   ][gc,task        ] GC(403) Using 1 workers of 10 for full compaction
[2.919s][info   ][gc,phases,start] GC(403) Phase 1: Mark live objects
[2.923s][info   ][gc,phases      ] GC(403) Phase 1: Mark live objects 4.148ms
[2.923s][info   ][gc,phases,start] GC(403) Phase 2: Prepare for compaction
[2.923s][info   ][gc,phases      ] GC(403) Phase 2: Prepare for compaction 0.171ms
[2.923s][info   ][gc,phases,start] GC(403) Phase 3: Adjust pointers
[2.925s][info   ][gc,phases      ] GC(403) Phase 3: Adjust pointers 1.569ms
[2.925s][info   ][gc,phases,start] GC(403) Phase 4: Compact heap
[2.925s][info   ][gc,phases      ] GC(403) Phase 4: Compact heap 0.182ms
[2.926s][info   ][gc,heap        ] GC(403) Eden regions: 1->0(3)
[2.926s][info   ][gc,heap        ] GC(403) Survivor regions: 0->0(0)
[2.926s][info   ][gc,heap        ] GC(403) Old regions: 2->2
[2.926s][info   ][gc,heap        ] GC(403) Archive regions: 2->2
[2.926s][info   ][gc,heap        ] GC(403) Humongous regions: 0->0
[2.926s][info   ][gc,metaspace   ] GC(403) Metaspace: 9524K(9792K)->9524K(9792K) NonClass: 8366K(8512K)->8366K(8512K) Class: 1157K(1280K)->1157K(1280K)
[2.926s][info   ][gc             ] GC(403) Pause Full (System.gc()) 4M->4M(28M) 6.821ms
[2.926s][info   ][gc,cpu         ] GC(403) User=0.01s Sys=0.00s Real=0.01s
[2.926s][info   ][gc,start       ] GC(404) Pause Full (System.gc())
[2.926s][info   ][gc,task        ] GC(404) Using 1 workers of 10 for full compaction
[2.926s][info   ][gc,phases,start] GC(404) Phase 1: Mark live objects
[2.929s][info   ][gc,phases      ] GC(404) Phase 1: Mark live objects 2.891ms
[2.929s][info   ][gc,phases,start] GC(404) Phase 2: Prepare for compaction
[2.929s][info   ][gc,phases      ] GC(404) Phase 2: Prepare for compaction 0.250ms
[2.929s][info   ][gc,phases,start] GC(404) Phase 3: Adjust pointers
[2.931s][info   ][gc,phases      ] GC(404) Phase 3: Adjust pointers 1.819ms
[2.931s][info   ][gc,phases,start] GC(404) Phase 4: Compact heap
[2.931s][info   ][gc,phases      ] GC(404) Phase 4: Compact heap 0.150ms
[2.932s][info   ][gc,heap        ] GC(404) Eden regions: 1->0(3)
[2.932s][info   ][gc,heap        ] GC(404) Survivor regions: 0->0(0)
[2.932s][info   ][gc,heap        ] GC(404) Old regions: 2->2
[2.932s][info   ][gc,heap        ] GC(404) Archive regions: 2->2
[2.932s][info   ][gc,heap        ] GC(404) Humongous regions: 0->0
[2.932s][info   ][gc,metaspace   ] GC(404) Metaspace: 9524K(9792K)->9524K(9792K) NonClass: 8366K(8512K)->8366K(8512K) Class: 1157K(1280K)->1157K(1280K)
[2.932s][info   ][gc             ] GC(404) Pause Full (System.gc()) 4M->4M(28M) 5.650ms
[2.932s][info   ][gc,cpu         ] GC(404) User=0.01s Sys=0.00s Real=0.00s
[2.932s][info   ][gc,start       ] GC(405) Pause Full (System.gc())
[2.932s][info   ][gc,task        ] GC(405) Using 1 workers of 10 for full compaction
[2.932s][info   ][gc,phases,start] GC(405) Phase 1: Mark live objects
[2.935s][info   ][gc,phases      ] GC(405) Phase 1: Mark live objects 2.958ms
[2.935s][info   ][gc,phases,start] GC(405) Phase 2: Prepare for compaction
[2.935s][info   ][gc,phases      ] GC(405) Phase 2: Prepare for compaction 0.239ms
[2.935s][info   ][gc,phases,start] GC(405) Phase 3: Adjust pointers
[2.937s][info   ][gc,phases      ] GC(405) Phase 3: Adjust pointers 1.808ms
[2.937s][info   ][gc,phases,start] GC(405) Phase 4: Compact heap
[2.937s][info   ][gc,phases      ] GC(405) Phase 4: Compact heap 0.134ms
[2.938s][info   ][gc,heap        ] GC(405) Eden regions: 1->0(3)
[2.938s][info   ][gc,heap        ] GC(405) Survivor regions: 0->0(0)
[2.938s][info   ][gc,heap        ] GC(405) Old regions: 2->2
[2.938s][info   ][gc,heap        ] GC(405) Archive regions: 2->2
[2.938s][info   ][gc,heap        ] GC(405) Humongous regions: 0->0
[2.938s][info   ][gc,metaspace   ] GC(405) Metaspace: 9524K(9792K)->9524K(9792K) NonClass: 8366K(8512K)->8366K(8512K) Class: 1157K(1280K)->1157K(1280K)
[2.938s][info   ][gc             ] GC(405) Pause Full (System.gc()) 4M->4M(28M) 5.969ms
[2.938s][info   ][gc,cpu         ] GC(405) User=0.00s Sys=0.00s Real=0.01s
[2.938s][info   ][gc,start       ] GC(406) Pause Full (System.gc())
[2.939s][info   ][gc,task        ] GC(406) Using 1 workers of 10 for full compaction
[2.939s][info   ][gc,phases,start] GC(406) Phase 1: Mark live objects
[2.943s][info   ][gc,phases      ] GC(406) Phase 1: Mark live objects 4.355ms
[2.943s][info   ][gc,phases,start] GC(406) Phase 2: Prepare for compaction
[2.943s][info   ][gc,phases      ] GC(406) Phase 2: Prepare for compaction 0.188ms
[2.943s][info   ][gc,phases,start] GC(406) Phase 3: Adjust pointers
[2.945s][info   ][gc,phases      ] GC(406) Phase 3: Adjust pointers 1.768ms
[2.945s][info   ][gc,phases,start] GC(406) Phase 4: Compact heap
[2.945s][info   ][gc,phases      ] GC(406) Phase 4: Compact heap 0.122ms
[2.946s][info   ][gc,heap        ] GC(406) Eden regions: 1->0(3)
[2.946s][info   ][gc,heap        ] GC(406) Survivor regions: 0->0(0)
[2.946s][info   ][gc,heap        ] GC(406) Old regions: 2->2
[2.946s][info   ][gc,heap        ] GC(406) Archive regions: 2->2
[2.946s][info   ][gc,heap        ] GC(406) Humongous regions: 0->0
[2.946s][info   ][gc,metaspace   ] GC(406) Metaspace: 9524K(9792K)->9524K(9792K) NonClass: 8366K(8512K)->8366K(8512K) Class: 1157K(1280K)->1157K(1280K)
[2.946s][info   ][gc             ] GC(406) Pause Full (System.gc()) 4M->4M(28M) 7.328ms
[2.946s][info   ][gc,cpu         ] GC(406) User=0.01s Sys=0.00s Real=0.01s
[2.946s][info   ][gc,start       ] GC(407) Pause Full (System.gc())
[2.946s][info   ][gc,task        ] GC(407) Using 1 workers of 10 for full compaction
[2.946s][info   ][gc,phases,start] GC(407) Phase 1: Mark live objects
[2.950s][info   ][gc,phases      ] GC(407) Phase 1: Mark live objects 3.343ms
[2.950s][info   ][gc,phases,start] GC(407) Phase 2: Prepare for compaction
[2.950s][info   ][gc,phases      ] GC(407) Phase 2: Prepare for compaction 0.195ms
[2.950s][info   ][gc,phases,start] GC(407) Phase 3: Adjust pointers
[2.952s][info   ][gc,phases      ] GC(407) Phase 3: Adjust pointers 1.917ms
[2.952s][info   ][gc,phases,start] GC(407) Phase 4: Compact heap
[2.952s][info   ][gc,phases      ] GC(407) Phase 4: Compact heap 0.087ms
[2.953s][info   ][gc,heap        ] GC(407) Eden regions: 1->0(3)
[2.953s][info   ][gc,heap        ] GC(407) Survivor regions: 0->0(0)
[2.953s][info   ][gc,heap        ] GC(407) Old regions: 2->2
[2.953s][info   ][gc,heap        ] GC(407) Archive regions: 2->2
[2.953s][info   ][gc,heap        ] GC(407) Humongous regions: 0->0
[2.953s][info   ][gc,metaspace   ] GC(407) Metaspace: 9524K(9792K)->9524K(9792K) NonClass: 8366K(8512K)->8366K(8512K) Class: 1157K(1280K)->1157K(1280K)
[2.953s][info   ][gc             ] GC(407) Pause Full (System.gc()) 4M->4M(28M) 6.452ms
[2.953s][info   ][gc,cpu         ] GC(407) User=0.01s Sys=0.00s Real=0.00s
[2.953s][info   ][gc,start       ] GC(408) Pause Full (System.gc())
[2.953s][info   ][gc,task        ] GC(408) Using 1 workers of 10 for full compaction
[2.953s][info   ][gc,phases,start] GC(408) Phase 1: Mark live objects
[2.957s][info   ][gc,phases      ] GC(408) Phase 1: Mark live objects 3.830ms
[2.957s][info   ][gc,phases,start] GC(408) Phase 2: Prepare for compaction
[2.957s][info   ][gc,phases      ] GC(408) Phase 2: Prepare for compaction 0.114ms
[2.957s][info   ][gc,phases,start] GC(408) Phase 3: Adjust pointers
[2.959s][info   ][gc,phases      ] GC(408) Phase 3: Adjust pointers 1.960ms
[2.959s][info   ][gc,phases,start] GC(408) Phase 4: Compact heap
[2.959s][info   ][gc,phases      ] GC(408) Phase 4: Compact heap 0.131ms
[2.960s][info   ][gc,heap        ] GC(408) Eden regions: 0->0(3)
[2.960s][info   ][gc,heap        ] GC(408) Survivor regions: 0->0(0)
[2.960s][info   ][gc,heap        ] GC(408) Old regions: 2->2
[2.960s][info   ][gc,heap        ] GC(408) Archive regions: 2->2
[2.960s][info   ][gc,heap        ] GC(408) Humongous regions: 0->0
[2.960s][info   ][gc,metaspace   ] GC(408) Metaspace: 9524K(9792K)->9524K(9792K) NonClass: 8366K(8512K)->8366K(8512K) Class: 1157K(1280K)->1157K(1280K)
[2.960s][info   ][gc             ] GC(408) Pause Full (System.gc()) 4M->4M(28M) 6.725ms
[2.960s][info   ][gc,cpu         ] GC(408) User=0.00s Sys=0.00s Real=0.01s
[2.960s][info   ][gc,start       ] GC(409) Pause Full (System.gc())
[2.960s][info   ][gc,task        ] GC(409) Using 1 workers of 10 for full compaction
[2.960s][info   ][gc,phases,start] GC(409) Phase 1: Mark live objects
[2.964s][info   ][gc,phases      ] GC(409) Phase 1: Mark live objects 3.494ms
[2.964s][info   ][gc,phases,start] GC(409) Phase 2: Prepare for compaction
[2.964s][info   ][gc,phases      ] GC(409) Phase 2: Prepare for compaction 0.097ms
[2.964s][info   ][gc,phases,start] GC(409) Phase 3: Adjust pointers
[2.965s][info   ][gc,phases      ] GC(409) Phase 3: Adjust pointers 1.435ms
[2.965s][info   ][gc,phases,start] GC(409) Phase 4: Compact heap
[2.965s][info   ][gc,phases      ] GC(409) Phase 4: Compact heap 0.235ms
[2.966s][info   ][gc,heap        ] GC(409) Eden regions: 1->0(3)
[2.966s][info   ][gc,heap        ] GC(409) Survivor regions: 0->0(0)
[2.966s][info   ][gc,heap        ] GC(409) Old regions: 2->2
[2.966s][info   ][gc,heap        ] GC(409) Archive regions: 2->2
[2.966s][info   ][gc,heap        ] GC(409) Humongous regions: 0->0
[2.966s][info   ][gc,metaspace   ] GC(409) Metaspace: 9524K(9792K)->9524K(9792K) NonClass: 8366K(8512K)->8366K(8512K) Class: 1157K(1280K)->1157K(1280K)
[2.966s][info   ][gc             ] GC(409) Pause Full (System.gc()) 4M->4M(28M) 6.037ms
[2.966s][info   ][gc,cpu         ] GC(409) User=0.01s Sys=0.00s Real=0.01s
[2.966s][info   ][gc,start       ] GC(410) Pause Full (System.gc())
[2.966s][info   ][gc,task        ] GC(410) Using 1 workers of 10 for full compaction
[2.966s][info   ][gc,phases,start] GC(410) Phase 1: Mark live objects
[2.970s][info   ][gc,phases      ] GC(410) Phase 1: Mark live objects 3.521ms
[2.970s][info   ][gc,phases,start] GC(410) Phase 2: Prepare for compaction
[2.970s][info   ][gc,phases      ] GC(410) Phase 2: Prepare for compaction 0.156ms
[2.970s][info   ][gc,phases,start] GC(410) Phase 3: Adjust pointers
[2.972s][info   ][gc,phases      ] GC(410) Phase 3: Adjust pointers 1.472ms
[2.972s][info   ][gc,phases,start] GC(410) Phase 4: Compact heap
[2.972s][info   ][gc,phases      ] GC(410) Phase 4: Compact heap 0.180ms
[2.973s][info   ][gc,heap        ] GC(410) Eden regions: 0->0(3)
[2.973s][info   ][gc,heap        ] GC(410) Survivor regions: 0->0(0)
[2.973s][info   ][gc,heap        ] GC(410) Old regions: 2->2
[2.973s][info   ][gc,heap        ] GC(410) Archive regions: 2->2
[2.973s][info   ][gc,heap        ] GC(410) Humongous regions: 0->0
[2.973s][info   ][gc,metaspace   ] GC(410) Metaspace: 9524K(9792K)->9524K(9792K) NonClass: 8366K(8512K)->8366K(8512K) Class: 1157K(1280K)->1157K(1280K)
[2.973s][info   ][gc             ] GC(410) Pause Full (System.gc()) 4M->4M(28M) 6.216ms
[2.973s][info   ][gc,cpu         ] GC(410) User=0.00s Sys=0.01s Real=0.00s
[2.973s][info   ][gc,start       ] GC(411) Pause Full (System.gc())
[2.973s][info   ][gc,task        ] GC(411) Using 1 workers of 10 for full compaction
[2.973s][info   ][gc,phases,start] GC(411) Phase 1: Mark live objects
[2.977s][info   ][gc,phases      ] GC(411) Phase 1: Mark live objects 3.706ms
[2.977s][info   ][gc,phases,start] GC(411) Phase 2: Prepare for compaction
[2.977s][info   ][gc,phases      ] GC(411) Phase 2: Prepare for compaction 0.174ms
[2.977s][info   ][gc,phases,start] GC(411) Phase 3: Adjust pointers
[2.979s][info   ][gc,phases      ] GC(411) Phase 3: Adjust pointers 2.068ms
[2.979s][info   ][gc,phases,start] GC(411) Phase 4: Compact heap
[2.979s][info   ][gc,phases      ] GC(411) Phase 4: Compact heap 0.097ms
[2.980s][info   ][gc,heap        ] GC(411) Eden regions: 1->0(3)
[2.980s][info   ][gc,heap        ] GC(411) Survivor regions: 0->0(0)
[2.980s][info   ][gc,heap        ] GC(411) Old regions: 2->2
[2.980s][info   ][gc,heap        ] GC(411) Archive regions: 2->2
[2.980s][info   ][gc,heap        ] GC(411) Humongous regions: 0->0
[2.980s][info   ][gc,metaspace   ] GC(411) Metaspace: 9524K(9792K)->9524K(9792K) NonClass: 8366K(8512K)->8366K(8512K) Class: 1157K(1280K)->1157K(1280K)
[2.980s][info   ][gc             ] GC(411) Pause Full (System.gc()) 4M->4M(28M) 6.825ms
[2.980s][info   ][gc,cpu         ] GC(411) User=0.01s Sys=0.00s Real=0.01s
[2.980s][info   ][gc,start       ] GC(412) Pause Full (System.gc())
[2.980s][info   ][gc,task        ] GC(412) Using 1 workers of 10 for full compaction
[2.980s][info   ][gc,phases,start] GC(412) Phase 1: Mark live objects
[2.984s][info   ][gc,phases      ] GC(412) Phase 1: Mark live objects 3.519ms
[2.984s][info   ][gc,phases,start] GC(412) Phase 2: Prepare for compaction
[2.984s][info   ][gc,phases      ] GC(412) Phase 2: Prepare for compaction 0.286ms
[2.984s][info   ][gc,phases,start] GC(412) Phase 3: Adjust pointers
[2.986s][info   ][gc,phases      ] GC(412) Phase 3: Adjust pointers 1.964ms
[2.986s][info   ][gc,phases,start] GC(412) Phase 4: Compact heap
[2.986s][info   ][gc,phases      ] GC(412) Phase 4: Compact heap 0.233ms
[2.987s][info   ][gc,heap        ] GC(412) Eden regions: 1->0(3)
[2.987s][info   ][gc,heap        ] GC(412) Survivor regions: 0->0(0)
[2.987s][info   ][gc,heap        ] GC(412) Old regions: 2->2
[2.987s][info   ][gc,heap        ] GC(412) Archive regions: 2->2
[2.987s][info   ][gc,heap        ] GC(412) Humongous regions: 0->0
[2.987s][info   ][gc,metaspace   ] GC(412) Metaspace: 9524K(9792K)->9524K(9792K) NonClass: 8366K(8512K)->8366K(8512K) Class: 1157K(1280K)->1157K(1280K)
[2.987s][info   ][gc             ] GC(412) Pause Full (System.gc()) 4M->4M(28M) 6.490ms
[2.987s][info   ][gc,cpu         ] GC(412) User=0.01s Sys=0.00s Real=0.01s
[2.987s][info   ][gc,start       ] GC(413) Pause Full (System.gc())
[2.987s][info   ][gc,task        ] GC(413) Using 1 workers of 10 for full compaction
[2.987s][info   ][gc,phases,start] GC(413) Phase 1: Mark live objects
[2.991s][info   ][gc,phases      ] GC(413) Phase 1: Mark live objects 4.228ms
[2.991s][info   ][gc,phases,start] GC(413) Phase 2: Prepare for compaction
[2.992s][info   ][gc,phases      ] GC(413) Phase 2: Prepare for compaction 0.250ms
[2.992s][info   ][gc,phases,start] GC(413) Phase 3: Adjust pointers
[2.994s][info   ][gc,phases      ] GC(413) Phase 3: Adjust pointers 1.871ms
[2.994s][info   ][gc,phases,start] GC(413) Phase 4: Compact heap
[2.994s][info   ][gc,phases      ] GC(413) Phase 4: Compact heap 0.272ms
[2.994s][info   ][gc,heap        ] GC(413) Eden regions: 1->0(3)
[2.994s][info   ][gc,heap        ] GC(413) Survivor regions: 0->0(0)
[2.994s][info   ][gc,heap        ] GC(413) Old regions: 2->2
[2.994s][info   ][gc,heap        ] GC(413) Archive regions: 2->2
[2.994s][info   ][gc,heap        ] GC(413) Humongous regions: 0->0
[2.994s][info   ][gc,metaspace   ] GC(413) Metaspace: 9524K(9792K)->9524K(9792K) NonClass: 8366K(8512K)->8366K(8512K) Class: 1157K(1280K)->1157K(1280K)
[2.994s][info   ][gc             ] GC(413) Pause Full (System.gc()) 4M->4M(28M) 7.320ms
[2.994s][info   ][gc,cpu         ] GC(413) User=0.00s Sys=0.00s Real=0.01s
[2.995s][info   ][gc,start       ] GC(414) Pause Full (System.gc())
[2.995s][info   ][gc,task        ] GC(414) Using 1 workers of 10 for full compaction
[2.995s][info   ][gc,phases,start] GC(414) Phase 1: Mark live objects
[2.998s][info   ][gc,phases      ] GC(414) Phase 1: Mark live objects 3.381ms
[2.998s][info   ][gc,phases,start] GC(414) Phase 2: Prepare for compaction
[2.998s][info   ][gc,phases      ] GC(414) Phase 2: Prepare for compaction 0.228ms
[2.998s][info   ][gc,phases,start] GC(414) Phase 3: Adjust pointers
[3.000s][info   ][gc,phases      ] GC(414) Phase 3: Adjust pointers 1.489ms
[3.000s][info   ][gc,phases,start] GC(414) Phase 4: Compact heap
[3.000s][info   ][gc,phases      ] GC(414) Phase 4: Compact heap 0.183ms
[3.001s][info   ][gc,heap        ] GC(414) Eden regions: 0->0(3)
[3.001s][info   ][gc,heap        ] GC(414) Survivor regions: 0->0(0)
[3.001s][info   ][gc,heap        ] GC(414) Old regions: 2->2
[3.001s][info   ][gc,heap        ] GC(414) Archive regions: 2->2
[3.001s][info   ][gc,heap        ] GC(414) Humongous regions: 0->0
[3.001s][info   ][gc,metaspace   ] GC(414) Metaspace: 9524K(9792K)->9524K(9792K) NonClass: 8366K(8512K)->8366K(8512K) Class: 1157K(1280K)->1157K(1280K)
[3.001s][info   ][gc             ] GC(414) Pause Full (System.gc()) 4M->4M(28M) 5.913ms
[3.001s][info   ][gc,cpu         ] GC(414) User=0.01s Sys=0.00s Real=0.00s
[3.001s][info   ][gc,start       ] GC(415) Pause Full (System.gc())
[3.001s][info   ][gc,task        ] GC(415) Using 1 workers of 10 for full compaction
[3.001s][info   ][gc,phases,start] GC(415) Phase 1: Mark live objects
[3.004s][info   ][gc,phases      ] GC(415) Phase 1: Mark live objects 3.191ms
[3.004s][info   ][gc,phases,start] GC(415) Phase 2: Prepare for compaction
[3.004s][info   ][gc,phases      ] GC(415) Phase 2: Prepare for compaction 0.212ms
[3.004s][info   ][gc,phases,start] GC(415) Phase 3: Adjust pointers
[3.007s][info   ][gc,phases      ] GC(415) Phase 3: Adjust pointers 2.162ms
[3.007s][info   ][gc,phases,start] GC(415) Phase 4: Compact heap
[3.007s][info   ][gc,phases      ] GC(415) Phase 4: Compact heap 0.144ms
[3.007s][info   ][gc,heap        ] GC(415) Eden regions: 1->0(3)
[3.007s][info   ][gc,heap        ] GC(415) Survivor regions: 0->0(0)
[3.007s][info   ][gc,heap        ] GC(415) Old regions: 2->2
[3.007s][info   ][gc,heap        ] GC(415) Archive regions: 2->2
[3.007s][info   ][gc,heap        ] GC(415) Humongous regions: 0->0
[3.007s][info   ][gc,metaspace   ] GC(415) Metaspace: 9524K(9792K)->9524K(9792K) NonClass: 8366K(8512K)->8366K(8512K) Class: 1157K(1280K)->1157K(1280K)
[3.007s][info   ][gc             ] GC(415) Pause Full (System.gc()) 4M->4M(28M) 6.453ms
[3.007s][info   ][gc,cpu         ] GC(415) User=0.00s Sys=0.00s Real=0.01s
[3.008s][info   ][gc,start       ] GC(416) Pause Full (System.gc())
[3.008s][info   ][gc,task        ] GC(416) Using 1 workers of 10 for full compaction
[3.008s][info   ][gc,phases,start] GC(416) Phase 1: Mark live objects
[3.011s][info   ][gc,phases      ] GC(416) Phase 1: Mark live objects 3.354ms
[3.011s][info   ][gc,phases,start] GC(416) Phase 2: Prepare for compaction
[3.012s][info   ][gc,phases      ] GC(416) Phase 2: Prepare for compaction 0.203ms
[3.012s][info   ][gc,phases,start] GC(416) Phase 3: Adjust pointers
[3.013s][info   ][gc,phases      ] GC(416) Phase 3: Adjust pointers 1.823ms
[3.013s][info   ][gc,phases,start] GC(416) Phase 4: Compact heap
[3.014s][info   ][gc,phases      ] GC(416) Phase 4: Compact heap 0.189ms
[3.014s][info   ][gc,heap        ] GC(416) Eden regions: 1->0(3)
[3.014s][info   ][gc,heap        ] GC(416) Survivor regions: 0->0(0)
[3.014s][info   ][gc,heap        ] GC(416) Old regions: 2->2
[3.014s][info   ][gc,heap        ] GC(416) Archive regions: 2->2
[3.014s][info   ][gc,heap        ] GC(416) Humongous regions: 0->0
[3.014s][info   ][gc,metaspace   ] GC(416) Metaspace: 9524K(9792K)->9524K(9792K) NonClass: 8366K(8512K)->8366K(8512K) Class: 1157K(1280K)->1157K(1280K)
[3.014s][info   ][gc             ] GC(416) Pause Full (System.gc()) 4M->4M(28M) 6.157ms
[3.014s][info   ][gc,cpu         ] GC(416) User=0.01s Sys=0.00s Real=0.01s
[3.014s][info   ][gc,start       ] GC(417) Pause Full (System.gc())
[3.014s][info   ][gc,task        ] GC(417) Using 1 workers of 10 for full compaction
[3.014s][info   ][gc,phases,start] GC(417) Phase 1: Mark live objects
[3.017s][info   ][gc,phases      ] GC(417) Phase 1: Mark live objects 2.740ms
[3.017s][info   ][gc,phases,start] GC(417) Phase 2: Prepare for compaction
[3.017s][info   ][gc,phases      ] GC(417) Phase 2: Prepare for compaction 0.198ms
[3.017s][info   ][gc,phases,start] GC(417) Phase 3: Adjust pointers
[3.019s][info   ][gc,phases      ] GC(417) Phase 3: Adjust pointers 1.164ms
[3.019s][info   ][gc,phases,start] GC(417) Phase 4: Compact heap
[3.019s][info   ][gc,phases      ] GC(417) Phase 4: Compact heap 0.125ms
[3.019s][info   ][gc,heap        ] GC(417) Eden regions: 0->0(3)
[3.019s][info   ][gc,heap        ] GC(417) Survivor regions: 0->0(0)
[3.019s][info   ][gc,heap        ] GC(417) Old regions: 2->2
[3.019s][info   ][gc,heap        ] GC(417) Archive regions: 2->2
[3.019s][info   ][gc,heap        ] GC(417) Humongous regions: 0->0
[3.019s][info   ][gc,metaspace   ] GC(417) Metaspace: 9524K(9792K)->9524K(9792K) NonClass: 8366K(8512K)->8366K(8512K) Class: 1157K(1280K)->1157K(1280K)
[3.019s][info   ][gc             ] GC(417) Pause Full (System.gc()) 4M->4M(28M) 4.771ms
[3.019s][info   ][gc,cpu         ] GC(417) User=0.00s Sys=0.00s Real=0.00s
[3.019s][info   ][gc,start       ] GC(418) Pause Full (System.gc())
[3.019s][info   ][gc,task        ] GC(418) Using 1 workers of 10 for full compaction
[3.020s][info   ][gc,phases,start] GC(418) Phase 1: Mark live objects
[3.023s][info   ][gc,phases      ] GC(418) Phase 1: Mark live objects 3.873ms
[3.023s][info   ][gc,phases,start] GC(418) Phase 2: Prepare for compaction
[3.024s][info   ][gc,phases      ] GC(418) Phase 2: Prepare for compaction 0.185ms
[3.024s][info   ][gc,phases,start] GC(418) Phase 3: Adjust pointers
[3.025s][info   ][gc,phases      ] GC(418) Phase 3: Adjust pointers 1.866ms
[3.025s][info   ][gc,phases,start] GC(418) Phase 4: Compact heap
[3.026s][info   ][gc,phases      ] GC(418) Phase 4: Compact heap 0.162ms
[3.026s][info   ][gc,heap        ] GC(418) Eden regions: 1->0(3)
[3.026s][info   ][gc,heap        ] GC(418) Survivor regions: 0->0(0)
[3.026s][info   ][gc,heap        ] GC(418) Old regions: 2->2
[3.026s][info   ][gc,heap        ] GC(418) Archive regions: 2->2
[3.026s][info   ][gc,heap        ] GC(418) Humongous regions: 0->0
[3.026s][info   ][gc,metaspace   ] GC(418) Metaspace: 9524K(9792K)->9524K(9792K) NonClass: 8366K(8512K)->8366K(8512K) Class: 1157K(1280K)->1157K(1280K)
[3.026s][info   ][gc             ] GC(418) Pause Full (System.gc()) 4M->4M(28M) 6.772ms
[3.026s][info   ][gc,cpu         ] GC(418) User=0.01s Sys=0.00s Real=0.01s
[3.027s][info   ][gc,start       ] GC(419) Pause Full (System.gc())
[3.027s][info   ][gc,task        ] GC(419) Using 1 workers of 10 for full compaction
[3.027s][info   ][gc,phases,start] GC(419) Phase 1: Mark live objects
[3.029s][info   ][gc,phases      ] GC(419) Phase 1: Mark live objects 2.485ms
[3.029s][info   ][gc,phases,start] GC(419) Phase 2: Prepare for compaction
[3.029s][info   ][gc,phases      ] GC(419) Phase 2: Prepare for compaction 0.247ms
[3.029s][info   ][gc,phases,start] GC(419) Phase 3: Adjust pointers
[3.031s][info   ][gc,phases      ] GC(419) Phase 3: Adjust pointers 1.390ms
[3.031s][info   ][gc,phases,start] GC(419) Phase 4: Compact heap
[3.031s][info   ][gc,phases      ] GC(419) Phase 4: Compact heap 0.091ms
[3.031s][info   ][gc,heap        ] GC(419) Eden regions: 1->0(3)
[3.031s][info   ][gc,heap        ] GC(419) Survivor regions: 0->0(0)
[3.031s][info   ][gc,heap        ] GC(419) Old regions: 2->2
[3.031s][info   ][gc,heap        ] GC(419) Archive regions: 2->2
[3.031s][info   ][gc,heap        ] GC(419) Humongous regions: 0->0
[3.031s][info   ][gc,metaspace   ] GC(419) Metaspace: 9524K(9792K)->9524K(9792K) NonClass: 8366K(8512K)->8366K(8512K) Class: 1157K(1280K)->1157K(1280K)
[3.031s][info   ][gc             ] GC(419) Pause Full (System.gc()) 4M->4M(28M) 4.852ms
[3.031s][info   ][gc,cpu         ] GC(419) User=0.00s Sys=0.00s Real=0.00s
[3.032s][info   ][gc,start       ] GC(420) Pause Full (System.gc())
[3.032s][info   ][gc,task        ] GC(420) Using 1 workers of 10 for full compaction
[3.032s][info   ][gc,phases,start] GC(420) Phase 1: Mark live objects
[3.035s][info   ][gc,phases      ] GC(420) Phase 1: Mark live objects 2.705ms
[3.035s][info   ][gc,phases,start] GC(420) Phase 2: Prepare for compaction
[3.035s][info   ][gc,phases      ] GC(420) Phase 2: Prepare for compaction 0.244ms
[3.035s][info   ][gc,phases,start] GC(420) Phase 3: Adjust pointers
[3.036s][info   ][gc,phases      ] GC(420) Phase 3: Adjust pointers 1.252ms
[3.036s][info   ][gc,phases,start] GC(420) Phase 4: Compact heap
[3.036s][info   ][gc,phases      ] GC(420) Phase 4: Compact heap 0.184ms
[3.037s][info   ][gc,heap        ] GC(420) Eden regions: 1->0(3)
[3.037s][info   ][gc,heap        ] GC(420) Survivor regions: 0->0(0)
[3.037s][info   ][gc,heap        ] GC(420) Old regions: 2->2
[3.037s][info   ][gc,heap        ] GC(420) Archive regions: 2->2
[3.037s][info   ][gc,heap        ] GC(420) Humongous regions: 0->0
[3.037s][info   ][gc,metaspace   ] GC(420) Metaspace: 9524K(9792K)->9524K(9792K) NonClass: 8366K(8512K)->8366K(8512K) Class: 1157K(1280K)->1157K(1280K)
[3.037s][info   ][gc             ] GC(420) Pause Full (System.gc()) 4M->4M(28M) 5.062ms
[3.037s][info   ][gc,cpu         ] GC(420) User=0.01s Sys=0.00s Real=0.01s
[3.037s][info   ][gc,start       ] GC(421) Pause Full (System.gc())
[3.037s][info   ][gc,task        ] GC(421) Using 1 workers of 10 for full compaction
[3.037s][info   ][gc,phases,start] GC(421) Phase 1: Mark live objects
[3.041s][info   ][gc,phases      ] GC(421) Phase 1: Mark live objects 3.668ms
[3.041s][info   ][gc,phases,start] GC(421) Phase 2: Prepare for compaction
[3.041s][info   ][gc,phases      ] GC(421) Phase 2: Prepare for compaction 0.267ms
[3.041s][info   ][gc,phases,start] GC(421) Phase 3: Adjust pointers
[3.043s][info   ][gc,phases      ] GC(421) Phase 3: Adjust pointers 1.543ms
[3.043s][info   ][gc,phases,start] GC(421) Phase 4: Compact heap
[3.043s][info   ][gc,phases      ] GC(421) Phase 4: Compact heap 0.124ms
[3.043s][info   ][gc,heap        ] GC(421) Eden regions: 1->0(3)
[3.043s][info   ][gc,heap        ] GC(421) Survivor regions: 0->0(0)
[3.043s][info   ][gc,heap        ] GC(421) Old regions: 2->2
[3.043s][info   ][gc,heap        ] GC(421) Archive regions: 2->2
[3.043s][info   ][gc,heap        ] GC(421) Humongous regions: 0->0
[3.044s][info   ][gc,metaspace   ] GC(421) Metaspace: 9524K(9792K)->9524K(9792K) NonClass: 8366K(8512K)->8366K(8512K) Class: 1157K(1280K)->1157K(1280K)
[3.044s][info   ][gc             ] GC(421) Pause Full (System.gc()) 4M->4M(28M) 6.280ms
[3.044s][info   ][gc,cpu         ] GC(421) User=0.00s Sys=0.00s Real=0.01s
[3.044s][info   ][gc,start       ] GC(422) Pause Full (System.gc())
[3.044s][info   ][gc,task        ] GC(422) Using 1 workers of 10 for full compaction
[3.044s][info   ][gc,phases,start] GC(422) Phase 1: Mark live objects
[3.046s][info   ][gc,phases      ] GC(422) Phase 1: Mark live objects 2.407ms
[3.046s][info   ][gc,phases,start] GC(422) Phase 2: Prepare for compaction
[3.047s][info   ][gc,phases      ] GC(422) Phase 2: Prepare for compaction 0.238ms
[3.047s][info   ][gc,phases,start] GC(422) Phase 3: Adjust pointers
[3.048s][info   ][gc,phases      ] GC(422) Phase 3: Adjust pointers 1.643ms
[3.048s][info   ][gc,phases,start] GC(422) Phase 4: Compact heap
[3.048s][info   ][gc,phases      ] GC(422) Phase 4: Compact heap 0.183ms
[3.049s][info   ][gc,heap        ] GC(422) Eden regions: 1->0(3)
[3.049s][info   ][gc,heap        ] GC(422) Survivor regions: 0->0(0)
[3.049s][info   ][gc,heap        ] GC(422) Old regions: 2->2
[3.049s][info   ][gc,heap        ] GC(422) Archive regions: 2->2
[3.049s][info   ][gc,heap        ] GC(422) Humongous regions: 0->0
[3.049s][info   ][gc,metaspace   ] GC(422) Metaspace: 9524K(9792K)->9524K(9792K) NonClass: 8366K(8512K)->8366K(8512K) Class: 1157K(1280K)->1157K(1280K)
[3.049s][info   ][gc             ] GC(422) Pause Full (System.gc()) 4M->4M(28M) 5.042ms
[3.049s][info   ][gc,cpu         ] GC(422) User=0.01s Sys=0.00s Real=0.00s
[3.049s][info   ][gc,start       ] GC(423) Pause Full (System.gc())
[3.049s][info   ][gc,task        ] GC(423) Using 1 workers of 10 for full compaction
[3.049s][info   ][gc,phases,start] GC(423) Phase 1: Mark live objects
[3.052s][info   ][gc,phases      ] GC(423) Phase 1: Mark live objects 2.268ms
[3.052s][info   ][gc,phases,start] GC(423) Phase 2: Prepare for compaction
[3.052s][info   ][gc,phases      ] GC(423) Phase 2: Prepare for compaction 0.198ms
[3.052s][info   ][gc,phases,start] GC(423) Phase 3: Adjust pointers
[3.053s][info   ][gc,phases      ] GC(423) Phase 3: Adjust pointers 1.588ms
[3.053s][info   ][gc,phases,start] GC(423) Phase 4: Compact heap
[3.054s][info   ][gc,phases      ] GC(423) Phase 4: Compact heap 0.188ms
[3.055s][info   ][gc,heap        ] GC(423) Eden regions: 1->0(3)
[3.055s][info   ][gc,heap        ] GC(423) Survivor regions: 0->0(0)
[3.055s][info   ][gc,heap        ] GC(423) Old regions: 2->2
[3.055s][info   ][gc,heap        ] GC(423) Archive regions: 2->2
[3.055s][info   ][gc,heap        ] GC(423) Humongous regions: 0->0
[3.055s][info   ][gc,metaspace   ] GC(423) Metaspace: 9524K(9792K)->9524K(9792K) NonClass: 8366K(8512K)->8366K(8512K) Class: 1157K(1280K)->1157K(1280K)
[3.055s][info   ][gc             ] GC(423) Pause Full (System.gc()) 4M->4M(28M) 5.608ms
[3.055s][info   ][gc,cpu         ] GC(423) User=0.00s Sys=0.00s Real=0.01s
[3.055s][info   ][gc,start       ] GC(424) Pause Full (System.gc())
[3.056s][info   ][gc,task        ] GC(424) Using 1 workers of 10 for full compaction
[3.056s][info   ][gc,phases,start] GC(424) Phase 1: Mark live objects
[3.059s][info   ][gc,phases      ] GC(424) Phase 1: Mark live objects 3.468ms
[3.059s][info   ][gc,phases,start] GC(424) Phase 2: Prepare for compaction
[3.059s][info   ][gc,phases      ] GC(424) Phase 2: Prepare for compaction 0.309ms
[3.059s][info   ][gc,phases,start] GC(424) Phase 3: Adjust pointers
[3.061s][info   ][gc,phases      ] GC(424) Phase 3: Adjust pointers 1.929ms
[3.061s][info   ][gc,phases,start] GC(424) Phase 4: Compact heap
[3.062s][info   ][gc,phases      ] GC(424) Phase 4: Compact heap 0.254ms
[3.062s][info   ][gc,heap        ] GC(424) Eden regions: 1->0(3)
[3.062s][info   ][gc,heap        ] GC(424) Survivor regions: 0->0(0)
[3.062s][info   ][gc,heap        ] GC(424) Old regions: 2->2
[3.062s][info   ][gc,heap        ] GC(424) Archive regions: 2->2
[3.062s][info   ][gc,heap        ] GC(424) Humongous regions: 0->0
[3.062s][info   ][gc,metaspace   ] GC(424) Metaspace: 9524K(9792K)->9524K(9792K) NonClass: 8366K(8512K)->8366K(8512K) Class: 1157K(1280K)->1157K(1280K)
[3.062s][info   ][gc             ] GC(424) Pause Full (System.gc()) 4M->4M(28M) 6.625ms
[3.062s][info   ][gc,cpu         ] GC(424) User=0.01s Sys=0.00s Real=0.00s
[3.062s][info   ][gc,start       ] GC(425) Pause Full (System.gc())
[3.062s][info   ][gc,task        ] GC(425) Using 1 workers of 10 for full compaction
[3.062s][info   ][gc,phases,start] GC(425) Phase 1: Mark live objects
[3.066s][info   ][gc,phases      ] GC(425) Phase 1: Mark live objects 3.248ms
[3.066s][info   ][gc,phases,start] GC(425) Phase 2: Prepare for compaction
[3.066s][info   ][gc,phases      ] GC(425) Phase 2: Prepare for compaction 0.270ms
[3.066s][info   ][gc,phases,start] GC(425) Phase 3: Adjust pointers
[3.068s][info   ][gc,phases      ] GC(425) Phase 3: Adjust pointers 1.713ms
[3.068s][info   ][gc,phases,start] GC(425) Phase 4: Compact heap
[3.068s][info   ][gc,phases      ] GC(425) Phase 4: Compact heap 0.155ms
[3.068s][info   ][gc,heap        ] GC(425) Eden regions: 0->0(3)
[3.068s][info   ][gc,heap        ] GC(425) Survivor regions: 0->0(0)
[3.068s][info   ][gc,heap        ] GC(425) Old regions: 2->2
[3.068s][info   ][gc,heap        ] GC(425) Archive regions: 2->2
[3.068s][info   ][gc,heap        ] GC(425) Humongous regions: 0->0
[3.068s][info   ][gc,metaspace   ] GC(425) Metaspace: 9524K(9792K)->9524K(9792K) NonClass: 8366K(8512K)->8366K(8512K) Class: 1157K(1280K)->1157K(1280K)
[3.068s][info   ][gc             ] GC(425) Pause Full (System.gc()) 4M->4M(28M) 6.027ms
[3.068s][info   ][gc,cpu         ] GC(425) User=0.01s Sys=0.00s Real=0.01s
[3.069s][info   ][gc,start       ] GC(426) Pause Full (System.gc())
[3.069s][info   ][gc,task        ] GC(426) Using 1 workers of 10 for full compaction
[3.069s][info   ][gc,phases,start] GC(426) Phase 1: Mark live objects
[3.072s][info   ][gc,phases      ] GC(426) Phase 1: Mark live objects 3.306ms
[3.072s][info   ][gc,phases,start] GC(426) Phase 2: Prepare for compaction
[3.073s][info   ][gc,phases      ] GC(426) Phase 2: Prepare for compaction 0.378ms
[3.073s][info   ][gc,phases,start] GC(426) Phase 3: Adjust pointers
[3.074s][info   ][gc,phases      ] GC(426) Phase 3: Adjust pointers 1.534ms
[3.074s][info   ][gc,phases,start] GC(426) Phase 4: Compact heap
[3.074s][info   ][gc,phases      ] GC(426) Phase 4: Compact heap 0.112ms
[3.075s][info   ][gc,heap        ] GC(426) Eden regions: 1->0(3)
[3.075s][info   ][gc,heap        ] GC(426) Survivor regions: 0->0(0)
[3.075s][info   ][gc,heap        ] GC(426) Old regions: 2->2
[3.075s][info   ][gc,heap        ] GC(426) Archive regions: 2->2
[3.075s][info   ][gc,heap        ] GC(426) Humongous regions: 0->0
[3.075s][info   ][gc,metaspace   ] GC(426) Metaspace: 9524K(9792K)->9524K(9792K) NonClass: 8366K(8512K)->8366K(8512K) Class: 1157K(1280K)->1157K(1280K)
[3.075s][info   ][gc             ] GC(426) Pause Full (System.gc()) 4M->4M(28M) 5.965ms
[3.075s][info   ][gc,cpu         ] GC(426) User=0.00s Sys=0.00s Real=0.01s
[3.075s][info   ][gc,start       ] GC(427) Pause Full (System.gc())
[3.075s][info   ][gc,task        ] GC(427) Using 1 workers of 10 for full compaction
[3.075s][info   ][gc,phases,start] GC(427) Phase 1: Mark live objects
[3.079s][info   ][gc,phases      ] GC(427) Phase 1: Mark live objects 3.782ms
[3.079s][info   ][gc,phases,start] GC(427) Phase 2: Prepare for compaction
[3.079s][info   ][gc,phases      ] GC(427) Phase 2: Prepare for compaction 0.122ms
[3.079s][info   ][gc,phases,start] GC(427) Phase 3: Adjust pointers
[3.081s][info   ][gc,phases      ] GC(427) Phase 3: Adjust pointers 2.072ms
[3.081s][info   ][gc,phases,start] GC(427) Phase 4: Compact heap
[3.081s][info   ][gc,phases      ] GC(427) Phase 4: Compact heap 0.141ms
[3.082s][info   ][gc,heap        ] GC(427) Eden regions: 0->0(3)
[3.082s][info   ][gc,heap        ] GC(427) Survivor regions: 0->0(0)
[3.082s][info   ][gc,heap        ] GC(427) Old regions: 2->2
[3.082s][info   ][gc,heap        ] GC(427) Archive regions: 2->2
[3.082s][info   ][gc,heap        ] GC(427) Humongous regions: 0->0
[3.082s][info   ][gc,metaspace   ] GC(427) Metaspace: 9524K(9792K)->9524K(9792K) NonClass: 8366K(8512K)->8366K(8512K) Class: 1157K(1280K)->1157K(1280K)
[3.082s][info   ][gc             ] GC(427) Pause Full (System.gc()) 4M->4M(28M) 7.040ms
[3.082s][info   ][gc,cpu         ] GC(427) User=0.01s Sys=0.00s Real=0.00s
[3.083s][info   ][gc,start       ] GC(428) Pause Full (System.gc())
[3.083s][info   ][gc,task        ] GC(428) Using 1 workers of 10 for full compaction
[3.083s][info   ][gc,phases,start] GC(428) Phase 1: Mark live objects
[3.085s][info   ][gc,phases      ] GC(428) Phase 1: Mark live objects 2.780ms
[3.085s][info   ][gc,phases,start] GC(428) Phase 2: Prepare for compaction
[3.086s][info   ][gc,phases      ] GC(428) Phase 2: Prepare for compaction 0.288ms
[3.086s][info   ][gc,phases,start] GC(428) Phase 3: Adjust pointers
[3.087s][info   ][gc,phases      ] GC(428) Phase 3: Adjust pointers 1.561ms
[3.087s][info   ][gc,phases,start] GC(428) Phase 4: Compact heap
[3.087s][info   ][gc,phases      ] GC(428) Phase 4: Compact heap 0.127ms
[3.088s][info   ][gc,heap        ] GC(428) Eden regions: 1->0(3)
[3.088s][info   ][gc,heap        ] GC(428) Survivor regions: 0->0(0)
[3.088s][info   ][gc,heap        ] GC(428) Old regions: 2->2
[3.088s][info   ][gc,heap        ] GC(428) Archive regions: 2->2
[3.088s][info   ][gc,heap        ] GC(428) Humongous regions: 0->0
[3.088s][info   ][gc,metaspace   ] GC(428) Metaspace: 9524K(9792K)->9524K(9792K) NonClass: 8366K(8512K)->8366K(8512K) Class: 1157K(1280K)->1157K(1280K)
[3.088s][info   ][gc             ] GC(428) Pause Full (System.gc()) 4M->4M(28M) 5.649ms
[3.088s][info   ][gc,cpu         ] GC(428) User=0.00s Sys=0.00s Real=0.01s
[3.088s][info   ][gc,start       ] GC(429) Pause Full (System.gc())
[3.088s][info   ][gc,task        ] GC(429) Using 1 workers of 10 for full compaction
[3.088s][info   ][gc,phases,start] GC(429) Phase 1: Mark live objects
[3.092s][info   ][gc,phases      ] GC(429) Phase 1: Mark live objects 3.279ms
[3.092s][info   ][gc,phases,start] GC(429) Phase 2: Prepare for compaction
[3.092s][info   ][gc,phases      ] GC(429) Phase 2: Prepare for compaction 0.212ms
[3.092s][info   ][gc,phases,start] GC(429) Phase 3: Adjust pointers
[3.094s][info   ][gc,phases      ] GC(429) Phase 3: Adjust pointers 1.756ms
[3.094s][info   ][gc,phases,start] GC(429) Phase 4: Compact heap
[3.094s][info   ][gc,phases      ] GC(429) Phase 4: Compact heap 0.117ms
[3.095s][info   ][gc,heap        ] GC(429) Eden regions: 0->0(3)
[3.095s][info   ][gc,heap        ] GC(429) Survivor regions: 0->0(0)
[3.095s][info   ][gc,heap        ] GC(429) Old regions: 2->2
[3.095s][info   ][gc,heap        ] GC(429) Archive regions: 2->2
[3.095s][info   ][gc,heap        ] GC(429) Humongous regions: 0->0
[3.095s][info   ][gc,metaspace   ] GC(429) Metaspace: 9524K(9792K)->9524K(9792K) NonClass: 8366K(8512K)->8366K(8512K) Class: 1157K(1280K)->1157K(1280K)
[3.095s][info   ][gc             ] GC(429) Pause Full (System.gc()) 4M->4M(28M) 6.173ms
[3.095s][info   ][gc,cpu         ] GC(429) User=0.01s Sys=0.00s Real=0.01s
[3.095s][info   ][gc,start       ] GC(430) Pause Full (System.gc())
[3.095s][info   ][gc,task        ] GC(430) Using 1 workers of 10 for full compaction
[3.095s][info   ][gc,phases,start] GC(430) Phase 1: Mark live objects
[3.098s][info   ][gc,phases      ] GC(430) Phase 1: Mark live objects 2.603ms
[3.098s][info   ][gc,phases,start] GC(430) Phase 2: Prepare for compaction
[3.098s][info   ][gc,phases      ] GC(430) Phase 2: Prepare for compaction 0.146ms
[3.098s][info   ][gc,phases,start] GC(430) Phase 3: Adjust pointers
[3.099s][info   ][gc,phases      ] GC(430) Phase 3: Adjust pointers 1.622ms
[3.099s][info   ][gc,phases,start] GC(430) Phase 4: Compact heap
[3.100s][info   ][gc,phases      ] GC(430) Phase 4: Compact heap 0.130ms
[3.100s][info   ][gc,heap        ] GC(430) Eden regions: 1->0(3)
[3.100s][info   ][gc,heap        ] GC(430) Survivor regions: 0->0(0)
[3.100s][info   ][gc,heap        ] GC(430) Old regions: 2->2
[3.100s][info   ][gc,heap        ] GC(430) Archive regions: 2->2
[3.100s][info   ][gc,heap        ] GC(430) Humongous regions: 0->0
[3.100s][info   ][gc,metaspace   ] GC(430) Metaspace: 9524K(9792K)->9524K(9792K) NonClass: 8366K(8512K)->8366K(8512K) Class: 1157K(1280K)->1157K(1280K)
[3.100s][info   ][gc             ] GC(430) Pause Full (System.gc()) 4M->4M(28M) 5.123ms
[3.100s][info   ][gc,cpu         ] GC(430) User=0.00s Sys=0.00s Real=0.00s
[3.100s][info   ][gc,start       ] GC(431) Pause Full (System.gc())
[3.100s][info   ][gc,task        ] GC(431) Using 1 workers of 10 for full compaction
[3.100s][info   ][gc,phases,start] GC(431) Phase 1: Mark live objects
[3.104s][info   ][gc,phases      ] GC(431) Phase 1: Mark live objects 3.272ms
[3.104s][info   ][gc,phases,start] GC(431) Phase 2: Prepare for compaction
[3.104s][info   ][gc,phases      ] GC(431) Phase 2: Prepare for compaction 0.125ms
[3.104s][info   ][gc,phases,start] GC(431) Phase 3: Adjust pointers
[3.106s][info   ][gc,phases      ] GC(431) Phase 3: Adjust pointers 1.810ms
[3.106s][info   ][gc,phases,start] GC(431) Phase 4: Compact heap
[3.106s][info   ][gc,phases      ] GC(431) Phase 4: Compact heap 0.117ms
[3.106s][info   ][gc,heap        ] GC(431) Eden regions: 0->0(3)
[3.106s][info   ][gc,heap        ] GC(431) Survivor regions: 0->0(0)
[3.106s][info   ][gc,heap        ] GC(431) Old regions: 2->2
[3.106s][info   ][gc,heap        ] GC(431) Archive regions: 2->2
[3.106s][info   ][gc,heap        ] GC(431) Humongous regions: 0->0
[3.106s][info   ][gc,metaspace   ] GC(431) Metaspace: 9524K(9792K)->9524K(9792K) NonClass: 8366K(8512K)->8366K(8512K) Class: 1157K(1280K)->1157K(1280K)
[3.106s][info   ][gc             ] GC(431) Pause Full (System.gc()) 4M->4M(28M) 6.038ms
[3.106s][info   ][gc,cpu         ] GC(431) User=0.01s Sys=0.00s Real=0.01s
[3.107s][info   ][gc,start       ] GC(432) Pause Full (System.gc())
[3.107s][info   ][gc,task        ] GC(432) Using 1 workers of 10 for full compaction
[3.107s][info   ][gc,phases,start] GC(432) Phase 1: Mark live objects
[3.110s][info   ][gc,phases      ] GC(432) Phase 1: Mark live objects 3.031ms
[3.110s][info   ][gc,phases,start] GC(432) Phase 2: Prepare for compaction
[3.110s][info   ][gc,phases      ] GC(432) Phase 2: Prepare for compaction 0.217ms
[3.110s][info   ][gc,phases,start] GC(432) Phase 3: Adjust pointers
[3.112s][info   ][gc,phases      ] GC(432) Phase 3: Adjust pointers 1.950ms
[3.112s][info   ][gc,phases,start] GC(432) Phase 4: Compact heap
[3.112s][info   ][gc,phases      ] GC(432) Phase 4: Compact heap 0.130ms
[3.113s][info   ][gc,heap        ] GC(432) Eden regions: 1->0(3)
[3.113s][info   ][gc,heap        ] GC(432) Survivor regions: 0->0(0)
[3.113s][info   ][gc,heap        ] GC(432) Old regions: 2->2
[3.113s][info   ][gc,heap        ] GC(432) Archive regions: 2->2
[3.113s][info   ][gc,heap        ] GC(432) Humongous regions: 0->0
[3.113s][info   ][gc,metaspace   ] GC(432) Metaspace: 9524K(9792K)->9524K(9792K) NonClass: 8366K(8512K)->8366K(8512K) Class: 1157K(1280K)->1157K(1280K)
[3.113s][info   ][gc             ] GC(432) Pause Full (System.gc()) 4M->4M(28M) 5.950ms
[3.113s][info   ][gc,cpu         ] GC(432) User=0.00s Sys=0.00s Real=0.00s
[3.113s][info   ][gc,start       ] GC(433) Pause Full (System.gc())
[3.113s][info   ][gc,task        ] GC(433) Using 1 workers of 10 for full compaction
[3.113s][info   ][gc,phases,start] GC(433) Phase 1: Mark live objects
[3.116s][info   ][gc,phases      ] GC(433) Phase 1: Mark live objects 2.476ms
[3.116s][info   ][gc,phases,start] GC(433) Phase 2: Prepare for compaction
[3.116s][info   ][gc,phases      ] GC(433) Phase 2: Prepare for compaction 0.228ms
[3.116s][info   ][gc,phases,start] GC(433) Phase 3: Adjust pointers
[3.117s][info   ][gc,phases      ] GC(433) Phase 3: Adjust pointers 1.351ms
[3.117s][info   ][gc,phases,start] GC(433) Phase 4: Compact heap
[3.117s][info   ][gc,phases      ] GC(433) Phase 4: Compact heap 0.127ms
[3.118s][info   ][gc,heap        ] GC(433) Eden regions: 0->0(3)
[3.118s][info   ][gc,heap        ] GC(433) Survivor regions: 0->0(0)
[3.118s][info   ][gc,heap        ] GC(433) Old regions: 2->2
[3.118s][info   ][gc,heap        ] GC(433) Archive regions: 2->2
[3.118s][info   ][gc,heap        ] GC(433) Humongous regions: 0->0
[3.118s][info   ][gc,metaspace   ] GC(433) Metaspace: 9524K(9792K)->9524K(9792K) NonClass: 8366K(8512K)->8366K(8512K) Class: 1157K(1280K)->1157K(1280K)
[3.118s][info   ][gc             ] GC(433) Pause Full (System.gc()) 4M->4M(28M) 4.796ms
[3.118s][info   ][gc,cpu         ] GC(433) User=0.01s Sys=0.00s Real=0.01s
[3.118s][info   ][gc,start       ] GC(434) Pause Full (System.gc())
[3.118s][info   ][gc,task        ] GC(434) Using 1 workers of 10 for full compaction
[3.118s][info   ][gc,phases,start] GC(434) Phase 1: Mark live objects
[3.121s][info   ][gc,phases      ] GC(434) Phase 1: Mark live objects 2.836ms
[3.121s][info   ][gc,phases,start] GC(434) Phase 2: Prepare for compaction
[3.121s][info   ][gc,phases      ] GC(434) Phase 2: Prepare for compaction 0.123ms
[3.121s][info   ][gc,phases,start] GC(434) Phase 3: Adjust pointers
[3.123s][info   ][gc,phases      ] GC(434) Phase 3: Adjust pointers 1.858ms
[3.123s][info   ][gc,phases,start] GC(434) Phase 4: Compact heap
[3.123s][info   ][gc,phases      ] GC(434) Phase 4: Compact heap 0.148ms
[3.124s][info   ][gc,heap        ] GC(434) Eden regions: 1->0(3)
[3.124s][info   ][gc,heap        ] GC(434) Survivor regions: 0->0(0)
[3.124s][info   ][gc,heap        ] GC(434) Old regions: 2->2
[3.124s][info   ][gc,heap        ] GC(434) Archive regions: 2->2
[3.124s][info   ][gc,heap        ] GC(434) Humongous regions: 0->0
[3.124s][info   ][gc,metaspace   ] GC(434) Metaspace: 9524K(9792K)->9524K(9792K) NonClass: 8366K(8512K)->8366K(8512K) Class: 1157K(1280K)->1157K(1280K)
[3.124s][info   ][gc             ] GC(434) Pause Full (System.gc()) 4M->4M(28M) 5.836ms
[3.124s][info   ][gc,cpu         ] GC(434) User=0.00s Sys=0.00s Real=0.01s
[3.124s][info   ][gc,start       ] GC(435) Pause Full (System.gc())
[3.124s][info   ][gc,task        ] GC(435) Using 1 workers of 10 for full compaction
[3.124s][info   ][gc,phases,start] GC(435) Phase 1: Mark live objects
[3.128s][info   ][gc,phases      ] GC(435) Phase 1: Mark live objects 3.783ms
[3.128s][info   ][gc,phases,start] GC(435) Phase 2: Prepare for compaction
[3.128s][info   ][gc,phases      ] GC(435) Phase 2: Prepare for compaction 0.271ms
[3.128s][info   ][gc,phases,start] GC(435) Phase 3: Adjust pointers
[3.130s][info   ][gc,phases      ] GC(435) Phase 3: Adjust pointers 1.888ms
[3.130s][info   ][gc,phases,start] GC(435) Phase 4: Compact heap
[3.130s][info   ][gc,phases      ] GC(435) Phase 4: Compact heap 0.121ms
[3.131s][info   ][gc,heap        ] GC(435) Eden regions: 0->0(3)
[3.131s][info   ][gc,heap        ] GC(435) Survivor regions: 0->0(0)
[3.131s][info   ][gc,heap        ] GC(435) Old regions: 2->2
[3.131s][info   ][gc,heap        ] GC(435) Archive regions: 2->2
[3.131s][info   ][gc,heap        ] GC(435) Humongous regions: 0->0
[3.131s][info   ][gc,metaspace   ] GC(435) Metaspace: 9524K(9792K)->9524K(9792K) NonClass: 8366K(8512K)->8366K(8512K) Class: 1157K(1280K)->1157K(1280K)
[3.131s][info   ][gc             ] GC(435) Pause Full (System.gc()) 4M->4M(28M) 6.935ms
[3.131s][info   ][gc,cpu         ] GC(435) User=0.01s Sys=0.00s Real=0.00s
[3.131s][info   ][gc,start       ] GC(436) Pause Full (System.gc())
[3.131s][info   ][gc,task        ] GC(436) Using 1 workers of 10 for full compaction
[3.131s][info   ][gc,phases,start] GC(436) Phase 1: Mark live objects
[3.134s][info   ][gc,phases      ] GC(436) Phase 1: Mark live objects 2.793ms
[3.134s][info   ][gc,phases,start] GC(436) Phase 2: Prepare for compaction
[3.134s][info   ][gc,phases      ] GC(436) Phase 2: Prepare for compaction 0.158ms
[3.134s][info   ][gc,phases,start] GC(436) Phase 3: Adjust pointers
[3.137s][info   ][gc,phases      ] GC(436) Phase 3: Adjust pointers 2.392ms
[3.137s][info   ][gc,phases,start] GC(436) Phase 4: Compact heap
[3.137s][info   ][gc,phases      ] GC(436) Phase 4: Compact heap 0.218ms
[3.138s][info   ][gc,heap        ] GC(436) Eden regions: 0->0(3)
[3.138s][info   ][gc,heap        ] GC(436) Survivor regions: 0->0(0)
[3.138s][info   ][gc,heap        ] GC(436) Old regions: 2->2
[3.138s][info   ][gc,heap        ] GC(436) Archive regions: 2->2
[3.138s][info   ][gc,heap        ] GC(436) Humongous regions: 0->0
[3.138s][info   ][gc,metaspace   ] GC(436) Metaspace: 9524K(9792K)->9524K(9792K) NonClass: 8366K(8512K)->8366K(8512K) Class: 1157K(1280K)->1157K(1280K)
[3.138s][info   ][gc             ] GC(436) Pause Full (System.gc()) 4M->4M(28M) 6.461ms
[3.138s][info   ][gc,cpu         ] GC(436) User=0.00s Sys=0.01s Real=0.01s
[3.138s][info   ][gc,start       ] GC(437) Pause Full (System.gc())
[3.138s][info   ][gc,task        ] GC(437) Using 1 workers of 10 for full compaction
[3.138s][info   ][gc,phases,start] GC(437) Phase 1: Mark live objects
[3.142s][info   ][gc,phases      ] GC(437) Phase 1: Mark live objects 3.525ms
[3.142s][info   ][gc,phases,start] GC(437) Phase 2: Prepare for compaction
[3.142s][info   ][gc,phases      ] GC(437) Phase 2: Prepare for compaction 0.233ms
[3.142s][info   ][gc,phases,start] GC(437) Phase 3: Adjust pointers
[3.144s][info   ][gc,phases      ] GC(437) Phase 3: Adjust pointers 2.128ms
[3.144s][info   ][gc,phases,start] GC(437) Phase 4: Compact heap
[3.144s][info   ][gc,phases      ] GC(437) Phase 4: Compact heap 0.170ms
[3.145s][info   ][gc,heap        ] GC(437) Eden regions: 1->0(3)
[3.145s][info   ][gc,heap        ] GC(437) Survivor regions: 0->0(0)
[3.145s][info   ][gc,heap        ] GC(437) Old regions: 2->2
[3.145s][info   ][gc,heap        ] GC(437) Archive regions: 2->2
[3.145s][info   ][gc,heap        ] GC(437) Humongous regions: 0->0
[3.145s][info   ][gc,metaspace   ] GC(437) Metaspace: 9524K(9792K)->9524K(9792K) NonClass: 8366K(8512K)->8366K(8512K) Class: 1157K(1280K)->1157K(1280K)
[3.145s][info   ][gc             ] GC(437) Pause Full (System.gc()) 4M->4M(28M) 6.798ms
[3.145s][info   ][gc,cpu         ] GC(437) User=0.00s Sys=0.00s Real=0.01s
[3.145s][info   ][gc,start       ] GC(438) Pause Full (System.gc())
[3.145s][info   ][gc,task        ] GC(438) Using 1 workers of 10 for full compaction
[3.145s][info   ][gc,phases,start] GC(438) Phase 1: Mark live objects
[3.148s][info   ][gc,phases      ] GC(438) Phase 1: Mark live objects 2.913ms
[3.148s][info   ][gc,phases,start] GC(438) Phase 2: Prepare for compaction
[3.149s][info   ][gc,phases      ] GC(438) Phase 2: Prepare for compaction 0.163ms
[3.149s][info   ][gc,phases,start] GC(438) Phase 3: Adjust pointers
[3.150s][info   ][gc,phases      ] GC(438) Phase 3: Adjust pointers 1.736ms
[3.150s][info   ][gc,phases,start] GC(438) Phase 4: Compact heap
[3.150s][info   ][gc,phases      ] GC(438) Phase 4: Compact heap 0.092ms
[3.151s][info   ][gc,heap        ] GC(438) Eden regions: 1->0(3)
[3.151s][info   ][gc,heap        ] GC(438) Survivor regions: 0->0(0)
[3.151s][info   ][gc,heap        ] GC(438) Old regions: 2->2
[3.151s][info   ][gc,heap        ] GC(438) Archive regions: 2->2
[3.151s][info   ][gc,heap        ] GC(438) Humongous regions: 0->0
[3.151s][info   ][gc,metaspace   ] GC(438) Metaspace: 9524K(9792K)->9524K(9792K) NonClass: 8366K(8512K)->8366K(8512K) Class: 1157K(1280K)->1157K(1280K)
[3.151s][info   ][gc             ] GC(438) Pause Full (System.gc()) 4M->4M(28M) 5.730ms
[3.151s][info   ][gc,cpu         ] GC(438) User=0.01s Sys=0.00s Real=0.00s
[3.152s][info   ][gc,start       ] GC(439) Pause Full (System.gc())
[3.152s][info   ][gc,task        ] GC(439) Using 1 workers of 10 for full compaction
[3.152s][info   ][gc,phases,start] GC(439) Phase 1: Mark live objects
[3.156s][info   ][gc,phases      ] GC(439) Phase 1: Mark live objects 4.340ms
[3.156s][info   ][gc,phases,start] GC(439) Phase 2: Prepare for compaction
[3.156s][info   ][gc,phases      ] GC(439) Phase 2: Prepare for compaction 0.231ms
[3.156s][info   ][gc,phases,start] GC(439) Phase 3: Adjust pointers
[3.158s][info   ][gc,phases      ] GC(439) Phase 3: Adjust pointers 1.687ms
[3.158s][info   ][gc,phases,start] GC(439) Phase 4: Compact heap
[3.158s][info   ][gc,phases      ] GC(439) Phase 4: Compact heap 0.124ms
[3.159s][info   ][gc,heap        ] GC(439) Eden regions: 1->0(3)
[3.159s][info   ][gc,heap        ] GC(439) Survivor regions: 0->0(0)
[3.159s][info   ][gc,heap        ] GC(439) Old regions: 2->2
[3.159s][info   ][gc,heap        ] GC(439) Archive regions: 2->2
[3.159s][info   ][gc,heap        ] GC(439) Humongous regions: 0->0
[3.159s][info   ][gc,metaspace   ] GC(439) Metaspace: 9524K(9792K)->9524K(9792K) NonClass: 8366K(8512K)->8366K(8512K) Class: 1157K(1280K)->1157K(1280K)
[3.159s][info   ][gc             ] GC(439) Pause Full (System.gc()) 4M->4M(28M) 7.230ms
[3.159s][info   ][gc,cpu         ] GC(439) User=0.00s Sys=0.00s Real=0.01s
[3.159s][info   ][gc,start       ] GC(440) Pause Full (System.gc())
[3.159s][info   ][gc,task        ] GC(440) Using 1 workers of 10 for full compaction
[3.159s][info   ][gc,phases,start] GC(440) Phase 1: Mark live objects
[3.162s][info   ][gc,phases      ] GC(440) Phase 1: Mark live objects 3.084ms
[3.162s][info   ][gc,phases,start] GC(440) Phase 2: Prepare for compaction
[3.163s][info   ][gc,phases      ] GC(440) Phase 2: Prepare for compaction 0.266ms
[3.163s][info   ][gc,phases,start] GC(440) Phase 3: Adjust pointers
[3.164s][info   ][gc,phases      ] GC(440) Phase 3: Adjust pointers 1.522ms
[3.164s][info   ][gc,phases,start] GC(440) Phase 4: Compact heap
[3.164s][info   ][gc,phases      ] GC(440) Phase 4: Compact heap 0.144ms
[3.165s][info   ][gc,heap        ] GC(440) Eden regions: 0->0(3)
[3.165s][info   ][gc,heap        ] GC(440) Survivor regions: 0->0(0)
[3.165s][info   ][gc,heap        ] GC(440) Old regions: 2->2
[3.165s][info   ][gc,heap        ] GC(440) Archive regions: 2->2
[3.165s][info   ][gc,heap        ] GC(440) Humongous regions: 0->0
[3.165s][info   ][gc,metaspace   ] GC(440) Metaspace: 9524K(9792K)->9524K(9792K) NonClass: 8366K(8512K)->8366K(8512K) Class: 1157K(1280K)->1157K(1280K)
[3.165s][info   ][gc             ] GC(440) Pause Full (System.gc()) 4M->4M(28M) 5.829ms
[3.165s][info   ][gc,cpu         ] GC(440) User=0.01s Sys=0.00s Real=0.01s
[3.165s][info   ][gc,start       ] GC(441) Pause Full (System.gc())
[3.165s][info   ][gc,task        ] GC(441) Using 1 workers of 10 for full compaction
[3.165s][info   ][gc,phases,start] GC(441) Phase 1: Mark live objects
[3.168s][info   ][gc,phases      ] GC(441) Phase 1: Mark live objects 3.268ms
[3.168s][info   ][gc,phases,start] GC(441) Phase 2: Prepare for compaction
[3.169s][info   ][gc,phases      ] GC(441) Phase 2: Prepare for compaction 0.164ms
[3.169s][info   ][gc,phases,start] GC(441) Phase 3: Adjust pointers
[3.171s][info   ][gc,phases      ] GC(441) Phase 3: Adjust pointers 2.032ms
[3.171s][info   ][gc,phases,start] GC(441) Phase 4: Compact heap
[3.171s][info   ][gc,phases      ] GC(441) Phase 4: Compact heap 0.114ms
[3.172s][info   ][gc,heap        ] GC(441) Eden regions: 1->0(3)
[3.172s][info   ][gc,heap        ] GC(441) Survivor regions: 0->0(0)
[3.172s][info   ][gc,heap        ] GC(441) Old regions: 2->2
[3.172s][info   ][gc,heap        ] GC(441) Archive regions: 2->2
[3.172s][info   ][gc,heap        ] GC(441) Humongous regions: 0->0
[3.172s][info   ][gc,metaspace   ] GC(441) Metaspace: 9524K(9792K)->9524K(9792K) NonClass: 8366K(8512K)->8366K(8512K) Class: 1157K(1280K)->1157K(1280K)
[3.172s][info   ][gc             ] GC(441) Pause Full (System.gc()) 4M->4M(28M) 6.441ms
[3.172s][info   ][gc,cpu         ] GC(441) User=0.00s Sys=0.00s Real=0.00s
[3.172s][info   ][gc,start       ] GC(442) Pause Full (System.gc())
[3.172s][info   ][gc,task        ] GC(442) Using 1 workers of 10 for full compaction
[3.172s][info   ][gc,phases,start] GC(442) Phase 1: Mark live objects
[3.176s][info   ][gc,phases      ] GC(442) Phase 1: Mark live objects 3.532ms
[3.176s][info   ][gc,phases,start] GC(442) Phase 2: Prepare for compaction
[3.176s][info   ][gc,phases      ] GC(442) Phase 2: Prepare for compaction 0.223ms
[3.176s][info   ][gc,phases,start] GC(442) Phase 3: Adjust pointers
[3.178s][info   ][gc,phases      ] GC(442) Phase 3: Adjust pointers 2.061ms
[3.178s][info   ][gc,phases,start] GC(442) Phase 4: Compact heap
[3.178s][info   ][gc,phases      ] GC(442) Phase 4: Compact heap 0.066ms
[3.179s][info   ][gc,heap        ] GC(442) Eden regions: 1->0(3)
[3.179s][info   ][gc,heap        ] GC(442) Survivor regions: 0->0(0)
[3.179s][info   ][gc,heap        ] GC(442) Old regions: 2->2
[3.179s][info   ][gc,heap        ] GC(442) Archive regions: 2->2
[3.179s][info   ][gc,heap        ] GC(442) Humongous regions: 0->0
[3.179s][info   ][gc,metaspace   ] GC(442) Metaspace: 9524K(9792K)->9524K(9792K) NonClass: 8366K(8512K)->8366K(8512K) Class: 1157K(1280K)->1157K(1280K)
[3.179s][info   ][gc             ] GC(442) Pause Full (System.gc()) 4M->4M(28M) 6.609ms
[3.179s][info   ][gc,cpu         ] GC(442) User=0.01s Sys=0.00s Real=0.01s
[3.179s][info   ][gc,start       ] GC(443) Pause Full (System.gc())
[3.179s][info   ][gc,task        ] GC(443) Using 1 workers of 10 for full compaction
[3.179s][info   ][gc,phases,start] GC(443) Phase 1: Mark live objects
[3.182s][info   ][gc,phases      ] GC(443) Phase 1: Mark live objects 3.271ms
[3.182s][info   ][gc,phases,start] GC(443) Phase 2: Prepare for compaction
[3.182s][info   ][gc,phases      ] GC(443) Phase 2: Prepare for compaction 0.142ms
[3.182s][info   ][gc,phases,start] GC(443) Phase 3: Adjust pointers
[3.184s][info   ][gc,phases      ] GC(443) Phase 3: Adjust pointers 1.827ms
[3.184s][info   ][gc,phases,start] GC(443) Phase 4: Compact heap
[3.184s][info   ][gc,phases      ] GC(443) Phase 4: Compact heap 0.091ms
[3.185s][info   ][gc,heap        ] GC(443) Eden regions: 1->0(3)
[3.185s][info   ][gc,heap        ] GC(443) Survivor regions: 0->0(0)
[3.185s][info   ][gc,heap        ] GC(443) Old regions: 2->2
[3.185s][info   ][gc,heap        ] GC(443) Archive regions: 2->2
[3.185s][info   ][gc,heap        ] GC(443) Humongous regions: 0->0
[3.185s][info   ][gc,metaspace   ] GC(443) Metaspace: 9524K(9792K)->9524K(9792K) NonClass: 8366K(8512K)->8366K(8512K) Class: 1157K(1280K)->1157K(1280K)
[3.185s][info   ][gc             ] GC(443) Pause Full (System.gc()) 4M->4M(28M) 5.919ms
[3.185s][info   ][gc,cpu         ] GC(443) User=0.01s Sys=0.00s Real=0.01s
[3.185s][info   ][gc,start       ] GC(444) Pause Full (System.gc())
[3.185s][info   ][gc,task        ] GC(444) Using 1 workers of 10 for full compaction
[3.185s][info   ][gc,phases,start] GC(444) Phase 1: Mark live objects
[3.189s][info   ][gc,phases      ] GC(444) Phase 1: Mark live objects 3.822ms
[3.189s][info   ][gc,phases,start] GC(444) Phase 2: Prepare for compaction
[3.189s][info   ][gc,phases      ] GC(444) Phase 2: Prepare for compaction 0.156ms
[3.189s][info   ][gc,phases,start] GC(444) Phase 3: Adjust pointers
[3.192s][info   ][gc,phases      ] GC(444) Phase 3: Adjust pointers 2.236ms
[3.192s][info   ][gc,phases,start] GC(444) Phase 4: Compact heap
[3.192s][info   ][gc,phases      ] GC(444) Phase 4: Compact heap 0.122ms
[3.192s][info   ][gc,heap        ] GC(444) Eden regions: 1->0(3)
[3.192s][info   ][gc,heap        ] GC(444) Survivor regions: 0->0(0)
[3.192s][info   ][gc,heap        ] GC(444) Old regions: 2->2
[3.192s][info   ][gc,heap        ] GC(444) Archive regions: 2->2
[3.192s][info   ][gc,heap        ] GC(444) Humongous regions: 0->0
[3.192s][info   ][gc,metaspace   ] GC(444) Metaspace: 9524K(9792K)->9524K(9792K) NonClass: 8366K(8512K)->8366K(8512K) Class: 1157K(1280K)->1157K(1280K)
[3.192s][info   ][gc             ] GC(444) Pause Full (System.gc()) 4M->4M(28M) 7.017ms
[3.192s][info   ][gc,cpu         ] GC(444) User=0.00s Sys=0.00s Real=0.00s
[3.193s][info   ][gc,start       ] GC(445) Pause Full (System.gc())
[3.193s][info   ][gc,task        ] GC(445) Using 1 workers of 10 for full compaction
[3.193s][info   ][gc,phases,start] GC(445) Phase 1: Mark live objects
[3.196s][info   ][gc,phases      ] GC(445) Phase 1: Mark live objects 3.331ms
[3.196s][info   ][gc,phases,start] GC(445) Phase 2: Prepare for compaction
[3.196s][info   ][gc,phases      ] GC(445) Phase 2: Prepare for compaction 0.136ms
[3.196s][info   ][gc,phases,start] GC(445) Phase 3: Adjust pointers
[3.198s][info   ][gc,phases      ] GC(445) Phase 3: Adjust pointers 1.911ms
[3.198s][info   ][gc,phases,start] GC(445) Phase 4: Compact heap
[3.198s][info   ][gc,phases      ] GC(445) Phase 4: Compact heap 0.170ms
[3.199s][info   ][gc,heap        ] GC(445) Eden regions: 1->0(3)
[3.199s][info   ][gc,heap        ] GC(445) Survivor regions: 0->0(0)
[3.199s][info   ][gc,heap        ] GC(445) Old regions: 2->2
[3.199s][info   ][gc,heap        ] GC(445) Archive regions: 2->2
[3.199s][info   ][gc,heap        ] GC(445) Humongous regions: 0->0
[3.199s][info   ][gc,metaspace   ] GC(445) Metaspace: 9524K(9792K)->9524K(9792K) NonClass: 8366K(8512K)->8366K(8512K) Class: 1157K(1280K)->1157K(1280K)
[3.199s][info   ][gc             ] GC(445) Pause Full (System.gc()) 4M->4M(28M) 6.108ms
[3.199s][info   ][gc,cpu         ] GC(445) User=0.01s Sys=0.00s Real=0.01s
[3.199s][info   ][gc,start       ] GC(446) Pause Full (System.gc())
[3.199s][info   ][gc,task        ] GC(446) Using 1 workers of 10 for full compaction
[3.199s][info   ][gc,phases,start] GC(446) Phase 1: Mark live objects
[3.203s][info   ][gc,phases      ] GC(446) Phase 1: Mark live objects 3.596ms
[3.203s][info   ][gc,phases,start] GC(446) Phase 2: Prepare for compaction
[3.203s][info   ][gc,phases      ] GC(446) Phase 2: Prepare for compaction 0.259ms
[3.203s][info   ][gc,phases,start] GC(446) Phase 3: Adjust pointers
[3.205s][info   ][gc,phases      ] GC(446) Phase 3: Adjust pointers 2.148ms
[3.205s][info   ][gc,phases,start] GC(446) Phase 4: Compact heap
[3.205s][info   ][gc,phases      ] GC(446) Phase 4: Compact heap 0.121ms
[3.206s][info   ][gc,heap        ] GC(446) Eden regions: 1->0(3)
[3.206s][info   ][gc,heap        ] GC(446) Survivor regions: 0->0(0)
[3.206s][info   ][gc,heap        ] GC(446) Old regions: 2->2
[3.206s][info   ][gc,heap        ] GC(446) Archive regions: 2->2
[3.206s][info   ][gc,heap        ] GC(446) Humongous regions: 0->0
[3.206s][info   ][gc,metaspace   ] GC(446) Metaspace: 9524K(9792K)->9524K(9792K) NonClass: 8366K(8512K)->8366K(8512K) Class: 1157K(1280K)->1157K(1280K)
[3.206s][info   ][gc             ] GC(446) Pause Full (System.gc()) 4M->4M(28M) 6.821ms
[3.206s][info   ][gc,cpu         ] GC(446) User=0.01s Sys=0.00s Real=0.01s
[3.206s][info   ][gc,start       ] GC(447) Pause Full (System.gc())
[3.206s][info   ][gc,task        ] GC(447) Using 1 workers of 10 for full compaction
[3.206s][info   ][gc,phases,start] GC(447) Phase 1: Mark live objects
[3.210s][info   ][gc,phases      ] GC(447) Phase 1: Mark live objects 3.797ms
[3.210s][info   ][gc,phases,start] GC(447) Phase 2: Prepare for compaction
[3.210s][info   ][gc,phases      ] GC(447) Phase 2: Prepare for compaction 0.145ms
[3.210s][info   ][gc,phases,start] GC(447) Phase 3: Adjust pointers
[3.212s][info   ][gc,phases      ] GC(447) Phase 3: Adjust pointers 1.790ms
[3.212s][info   ][gc,phases,start] GC(447) Phase 4: Compact heap
[3.212s][info   ][gc,phases      ] GC(447) Phase 4: Compact heap 0.059ms
[3.213s][info   ][gc,heap        ] GC(447) Eden regions: 1->0(3)
[3.213s][info   ][gc,heap        ] GC(447) Survivor regions: 0->0(0)
[3.213s][info   ][gc,heap        ] GC(447) Old regions: 2->2
[3.213s][info   ][gc,heap        ] GC(447) Archive regions: 2->2
[3.213s][info   ][gc,heap        ] GC(447) Humongous regions: 0->0
[3.213s][info   ][gc,metaspace   ] GC(447) Metaspace: 9524K(9792K)->9524K(9792K) NonClass: 8366K(8512K)->8366K(8512K) Class: 1157K(1280K)->1157K(1280K)
[3.213s][info   ][gc             ] GC(447) Pause Full (System.gc()) 4M->4M(28M) 6.471ms
[3.213s][info   ][gc,cpu         ] GC(447) User=0.00s Sys=0.00s Real=0.00s
[3.213s][info   ][gc,start       ] GC(448) Pause Full (System.gc())
[3.213s][info   ][gc,task        ] GC(448) Using 1 workers of 10 for full compaction
[3.213s][info   ][gc,phases,start] GC(448) Phase 1: Mark live objects
[3.218s][info   ][gc,phases      ] GC(448) Phase 1: Mark live objects 4.486ms
[3.218s][info   ][gc,phases,start] GC(448) Phase 2: Prepare for compaction
[3.218s][info   ][gc,phases      ] GC(448) Phase 2: Prepare for compaction 0.263ms
[3.218s][info   ][gc,phases,start] GC(448) Phase 3: Adjust pointers
[3.220s][info   ][gc,phases      ] GC(448) Phase 3: Adjust pointers 1.868ms
[3.220s][info   ][gc,phases,start] GC(448) Phase 4: Compact heap
[3.220s][info   ][gc,phases      ] GC(448) Phase 4: Compact heap 0.139ms
[3.221s][info   ][gc,heap        ] GC(448) Eden regions: 1->0(3)
[3.221s][info   ][gc,heap        ] GC(448) Survivor regions: 0->0(0)
[3.221s][info   ][gc,heap        ] GC(448) Old regions: 2->2
[3.221s][info   ][gc,heap        ] GC(448) Archive regions: 2->2
[3.221s][info   ][gc,heap        ] GC(448) Humongous regions: 0->0
[3.221s][info   ][gc,metaspace   ] GC(448) Metaspace: 9524K(9792K)->9524K(9792K) NonClass: 8366K(8512K)->8366K(8512K) Class: 1157K(1280K)->1157K(1280K)
[3.221s][info   ][gc             ] GC(448) Pause Full (System.gc()) 4M->4M(28M) 7.832ms
[3.221s][info   ][gc,cpu         ] GC(448) User=0.01s Sys=0.00s Real=0.01s
[3.222s][info   ][gc,start       ] GC(449) Pause Full (System.gc())
[3.222s][info   ][gc,task        ] GC(449) Using 1 workers of 10 for full compaction
[3.222s][info   ][gc,phases,start] GC(449) Phase 1: Mark live objects
[3.225s][info   ][gc,phases      ] GC(449) Phase 1: Mark live objects 3.400ms
[3.225s][info   ][gc,phases,start] GC(449) Phase 2: Prepare for compaction
[3.225s][info   ][gc,phases      ] GC(449) Phase 2: Prepare for compaction 0.184ms
[3.225s][info   ][gc,phases,start] GC(449) Phase 3: Adjust pointers
[3.227s][info   ][gc,phases      ] GC(449) Phase 3: Adjust pointers 1.694ms
[3.227s][info   ][gc,phases,start] GC(449) Phase 4: Compact heap
[3.227s][info   ][gc,phases      ] GC(449) Phase 4: Compact heap 0.091ms
[3.228s][info   ][gc,heap        ] GC(449) Eden regions: 1->0(3)
[3.228s][info   ][gc,heap        ] GC(449) Survivor regions: 0->0(0)
[3.228s][info   ][gc,heap        ] GC(449) Old regions: 2->2
[3.228s][info   ][gc,heap        ] GC(449) Archive regions: 2->2
[3.228s][info   ][gc,heap        ] GC(449) Humongous regions: 0->0
[3.228s][info   ][gc,metaspace   ] GC(449) Metaspace: 9524K(9792K)->9524K(9792K) NonClass: 8366K(8512K)->8366K(8512K) Class: 1157K(1280K)->1157K(1280K)
[3.228s][info   ][gc             ] GC(449) Pause Full (System.gc()) 4M->4M(28M) 6.121ms
[3.228s][info   ][gc,cpu         ] GC(449) User=0.01s Sys=0.00s Real=0.01s
[3.228s][info   ][gc,start       ] GC(450) Pause Full (System.gc())
[3.228s][info   ][gc,task        ] GC(450) Using 1 workers of 10 for full compaction
[3.228s][info   ][gc,phases,start] GC(450) Phase 1: Mark live objects
[3.231s][info   ][gc,phases      ] GC(450) Phase 1: Mark live objects 3.024ms
[3.231s][info   ][gc,phases,start] GC(450) Phase 2: Prepare for compaction
[3.232s][info   ][gc,phases      ] GC(450) Phase 2: Prepare for compaction 0.258ms
[3.232s][info   ][gc,phases,start] GC(450) Phase 3: Adjust pointers
[3.233s][info   ][gc,phases      ] GC(450) Phase 3: Adjust pointers 1.299ms
[3.233s][info   ][gc,phases,start] GC(450) Phase 4: Compact heap
[3.233s][info   ][gc,phases      ] GC(450) Phase 4: Compact heap 0.215ms
[3.234s][info   ][gc,heap        ] GC(450) Eden regions: 1->0(3)
[3.234s][info   ][gc,heap        ] GC(450) Survivor regions: 0->0(0)
[3.234s][info   ][gc,heap        ] GC(450) Old regions: 2->2
[3.234s][info   ][gc,heap        ] GC(450) Archive regions: 2->2
[3.234s][info   ][gc,heap        ] GC(450) Humongous regions: 0->0
[3.234s][info   ][gc,metaspace   ] GC(450) Metaspace: 9524K(9792K)->9524K(9792K) NonClass: 8366K(8512K)->8366K(8512K) Class: 1157K(1280K)->1157K(1280K)
[3.234s][info   ][gc             ] GC(450) Pause Full (System.gc()) 4M->4M(28M) 5.540ms
[3.234s][info   ][gc,cpu         ] GC(450) User=0.00s Sys=0.00s Real=0.01s
[3.234s][info   ][gc,start       ] GC(451) Pause Full (System.gc())
[3.234s][info   ][gc,task        ] GC(451) Using 1 workers of 10 for full compaction
[3.234s][info   ][gc,phases,start] GC(451) Phase 1: Mark live objects
[3.238s][info   ][gc,phases      ] GC(451) Phase 1: Mark live objects 3.428ms
[3.238s][info   ][gc,phases,start] GC(451) Phase 2: Prepare for compaction
[3.238s][info   ][gc,phases      ] GC(451) Phase 2: Prepare for compaction 0.243ms
[3.238s][info   ][gc,phases,start] GC(451) Phase 3: Adjust pointers
[3.240s][info   ][gc,phases      ] GC(451) Phase 3: Adjust pointers 1.781ms
[3.240s][info   ][gc,phases,start] GC(451) Phase 4: Compact heap
[3.240s][info   ][gc,phases      ] GC(451) Phase 4: Compact heap 0.137ms
[3.241s][info   ][gc,heap        ] GC(451) Eden regions: 0->0(3)
[3.241s][info   ][gc,heap        ] GC(451) Survivor regions: 0->0(0)
[3.241s][info   ][gc,heap        ] GC(451) Old regions: 2->2
[3.241s][info   ][gc,heap        ] GC(451) Archive regions: 2->2
[3.241s][info   ][gc,heap        ] GC(451) Humongous regions: 0->0
[3.241s][info   ][gc,metaspace   ] GC(451) Metaspace: 9524K(9792K)->9524K(9792K) NonClass: 8366K(8512K)->8366K(8512K) Class: 1157K(1280K)->1157K(1280K)
[3.241s][info   ][gc             ] GC(451) Pause Full (System.gc()) 4M->4M(28M) 6.525ms
[3.241s][info   ][gc,cpu         ] GC(451) User=0.01s Sys=0.00s Real=0.00s
[3.241s][info   ][gc,start       ] GC(452) Pause Full (System.gc())
[3.241s][info   ][gc,task        ] GC(452) Using 1 workers of 10 for full compaction
[3.241s][info   ][gc,phases,start] GC(452) Phase 1: Mark live objects
[3.245s][info   ][gc,phases      ] GC(452) Phase 1: Mark live objects 3.391ms
[3.245s][info   ][gc,phases,start] GC(452) Phase 2: Prepare for compaction
[3.245s][info   ][gc,phases      ] GC(452) Phase 2: Prepare for compaction 0.125ms
[3.245s][info   ][gc,phases,start] GC(452) Phase 3: Adjust pointers
[3.247s][info   ][gc,phases      ] GC(452) Phase 3: Adjust pointers 2.101ms
[3.247s][info   ][gc,phases,start] GC(452) Phase 4: Compact heap
[3.247s][info   ][gc,phases      ] GC(452) Phase 4: Compact heap 0.172ms
[3.248s][info   ][gc,heap        ] GC(452) Eden regions: 1->0(3)
[3.248s][info   ][gc,heap        ] GC(452) Survivor regions: 0->0(0)
[3.248s][info   ][gc,heap        ] GC(452) Old regions: 2->2
[3.248s][info   ][gc,heap        ] GC(452) Archive regions: 2->2
[3.248s][info   ][gc,heap        ] GC(452) Humongous regions: 0->0
[3.248s][info   ][gc,metaspace   ] GC(452) Metaspace: 9524K(9792K)->9524K(9792K) NonClass: 8366K(8512K)->8366K(8512K) Class: 1157K(1280K)->1157K(1280K)
[3.248s][info   ][gc             ] GC(452) Pause Full (System.gc()) 4M->4M(28M) 6.596ms
[3.248s][info   ][gc,cpu         ] GC(452) User=0.00s Sys=0.00s Real=0.01s
[3.248s][info   ][gc,start       ] GC(453) Pause Full (System.gc())
[3.248s][info   ][gc,task        ] GC(453) Using 1 workers of 10 for full compaction
[3.248s][info   ][gc,phases,start] GC(453) Phase 1: Mark live objects
[3.251s][info   ][gc,phases      ] GC(453) Phase 1: Mark live objects 3.094ms
[3.251s][info   ][gc,phases,start] GC(453) Phase 2: Prepare for compaction
[3.251s][info   ][gc,phases      ] GC(453) Phase 2: Prepare for compaction 0.162ms
[3.251s][info   ][gc,phases,start] GC(453) Phase 3: Adjust pointers
[3.253s][info   ][gc,phases      ] GC(453) Phase 3: Adjust pointers 2.162ms
[3.253s][info   ][gc,phases,start] GC(453) Phase 4: Compact heap
[3.254s][info   ][gc,phases      ] GC(453) Phase 4: Compact heap 0.169ms
[3.254s][info   ][gc,heap        ] GC(453) Eden regions: 0->0(3)
[3.255s][info   ][gc,heap        ] GC(453) Survivor regions: 0->0(0)
[3.255s][info   ][gc,heap        ] GC(453) Old regions: 2->2
[3.255s][info   ][gc,heap        ] GC(453) Archive regions: 2->2
[3.255s][info   ][gc,heap        ] GC(453) Humongous regions: 0->0
[3.255s][info   ][gc,metaspace   ] GC(453) Metaspace: 9524K(9792K)->9524K(9792K) NonClass: 8366K(8512K)->8366K(8512K) Class: 1157K(1280K)->1157K(1280K)
[3.255s][info   ][gc             ] GC(453) Pause Full (System.gc()) 4M->4M(28M) 6.750ms
[3.255s][info   ][gc,cpu         ] GC(453) User=0.01s Sys=0.00s Real=0.01s
[3.255s][info   ][gc,start       ] GC(454) Pause Full (System.gc())
[3.255s][info   ][gc,task        ] GC(454) Using 1 workers of 10 for full compaction
[3.255s][info   ][gc,phases,start] GC(454) Phase 1: Mark live objects
[3.259s][info   ][gc,phases      ] GC(454) Phase 1: Mark live objects 3.415ms
[3.259s][info   ][gc,phases,start] GC(454) Phase 2: Prepare for compaction
[3.259s][info   ][gc,phases      ] GC(454) Phase 2: Prepare for compaction 0.181ms
[3.259s][info   ][gc,phases,start] GC(454) Phase 3: Adjust pointers
[3.260s][info   ][gc,phases      ] GC(454) Phase 3: Adjust pointers 1.323ms
[3.260s][info   ][gc,phases,start] GC(454) Phase 4: Compact heap
[3.260s][info   ][gc,phases      ] GC(454) Phase 4: Compact heap 0.106ms
[3.261s][info   ][gc,heap        ] GC(454) Eden regions: 1->0(3)
[3.261s][info   ][gc,heap        ] GC(454) Survivor regions: 0->0(0)
[3.261s][info   ][gc,heap        ] GC(454) Old regions: 2->2
[3.261s][info   ][gc,heap        ] GC(454) Archive regions: 2->2
[3.261s][info   ][gc,heap        ] GC(454) Humongous regions: 0->0
[3.261s][info   ][gc,metaspace   ] GC(454) Metaspace: 9524K(9792K)->9524K(9792K) NonClass: 8366K(8512K)->8366K(8512K) Class: 1157K(1280K)->1157K(1280K)
[3.261s][info   ][gc             ] GC(454) Pause Full (System.gc()) 4M->4M(28M) 5.701ms
[3.261s][info   ][gc,cpu         ] GC(454) User=0.00s Sys=0.00s Real=0.00s
[3.261s][info   ][gc,start       ] GC(455) Pause Full (System.gc())
[3.261s][info   ][gc,task        ] GC(455) Using 1 workers of 10 for full compaction
[3.261s][info   ][gc,phases,start] GC(455) Phase 1: Mark live objects
[3.264s][info   ][gc,phases      ] GC(455) Phase 1: Mark live objects 2.769ms
[3.264s][info   ][gc,phases,start] GC(455) Phase 2: Prepare for compaction
[3.264s][info   ][gc,phases      ] GC(455) Phase 2: Prepare for compaction 0.240ms
[3.264s][info   ][gc,phases,start] GC(455) Phase 3: Adjust pointers
[3.266s][info   ][gc,phases      ] GC(455) Phase 3: Adjust pointers 1.418ms
[3.266s][info   ][gc,phases,start] GC(455) Phase 4: Compact heap
[3.266s][info   ][gc,phases      ] GC(455) Phase 4: Compact heap 0.177ms
[3.266s][info   ][gc,heap        ] GC(455) Eden regions: 1->0(3)
[3.267s][info   ][gc,heap        ] GC(455) Survivor regions: 0->0(0)
[3.267s][info   ][gc,heap        ] GC(455) Old regions: 2->2
[3.267s][info   ][gc,heap        ] GC(455) Archive regions: 2->2
[3.267s][info   ][gc,heap        ] GC(455) Humongous regions: 0->0
[3.267s][info   ][gc,metaspace   ] GC(455) Metaspace: 9524K(9792K)->9524K(9792K) NonClass: 8366K(8512K)->8366K(8512K) Class: 1157K(1280K)->1157K(1280K)
[3.267s][info   ][gc             ] GC(455) Pause Full (System.gc()) 4M->4M(28M) 5.417ms
[3.267s][info   ][gc,cpu         ] GC(455) User=0.01s Sys=0.00s Real=0.01s
[3.267s][info   ][gc,start       ] GC(456) Pause Full (System.gc())
[3.267s][info   ][gc,task        ] GC(456) Using 1 workers of 10 for full compaction
[3.267s][info   ][gc,phases,start] GC(456) Phase 1: Mark live objects
[3.270s][info   ][gc,phases      ] GC(456) Phase 1: Mark live objects 2.985ms
[3.270s][info   ][gc,phases,start] GC(456) Phase 2: Prepare for compaction
[3.270s][info   ][gc,phases      ] GC(456) Phase 2: Prepare for compaction 0.209ms
[3.270s][info   ][gc,phases,start] GC(456) Phase 3: Adjust pointers
[3.272s][info   ][gc,phases      ] GC(456) Phase 3: Adjust pointers 1.534ms
[3.272s][info   ][gc,phases,start] GC(456) Phase 4: Compact heap
[3.272s][info   ][gc,phases      ] GC(456) Phase 4: Compact heap 0.169ms
[3.273s][info   ][gc,heap        ] GC(456) Eden regions: 0->0(3)
[3.273s][info   ][gc,heap        ] GC(456) Survivor regions: 0->0(0)
[3.273s][info   ][gc,heap        ] GC(456) Old regions: 2->2
[3.273s][info   ][gc,heap        ] GC(456) Archive regions: 2->2
[3.273s][info   ][gc,heap        ] GC(456) Humongous regions: 0->0
[3.273s][info   ][gc,metaspace   ] GC(456) Metaspace: 9524K(9792K)->9524K(9792K) NonClass: 8366K(8512K)->8366K(8512K) Class: 1157K(1280K)->1157K(1280K)
[3.273s][info   ][gc             ] GC(456) Pause Full (System.gc()) 4M->4M(28M) 5.672ms
[3.273s][info   ][gc,cpu         ] GC(456) User=0.00s Sys=0.00s Real=0.00s
[3.273s][info   ][gc,start       ] GC(457) Pause Full (System.gc())
[3.273s][info   ][gc,task        ] GC(457) Using 1 workers of 10 for full compaction
[3.273s][info   ][gc,phases,start] GC(457) Phase 1: Mark live objects
[3.276s][info   ][gc,phases      ] GC(457) Phase 1: Mark live objects 3.338ms
[3.276s][info   ][gc,phases,start] GC(457) Phase 2: Prepare for compaction
[3.277s][info   ][gc,phases      ] GC(457) Phase 2: Prepare for compaction 0.254ms
[3.277s][info   ][gc,phases,start] GC(457) Phase 3: Adjust pointers
[3.279s][info   ][gc,phases      ] GC(457) Phase 3: Adjust pointers 1.884ms
[3.279s][info   ][gc,phases,start] GC(457) Phase 4: Compact heap
[3.279s][info   ][gc,phases      ] GC(457) Phase 4: Compact heap 0.215ms
[3.280s][info   ][gc,heap        ] GC(457) Eden regions: 1->0(3)
[3.280s][info   ][gc,heap        ] GC(457) Survivor regions: 0->0(0)
[3.280s][info   ][gc,heap        ] GC(457) Old regions: 2->2
[3.280s][info   ][gc,heap        ] GC(457) Archive regions: 2->2
[3.280s][info   ][gc,heap        ] GC(457) Humongous regions: 0->0
[3.280s][info   ][gc,metaspace   ] GC(457) Metaspace: 9524K(9792K)->9524K(9792K) NonClass: 8366K(8512K)->8366K(8512K) Class: 1157K(1280K)->1157K(1280K)
[3.280s][info   ][gc             ] GC(457) Pause Full (System.gc()) 4M->4M(28M) 6.590ms
[3.280s][info   ][gc,cpu         ] GC(457) User=0.00s Sys=0.00s Real=0.01s
[3.280s][info   ][gc,start       ] GC(458) Pause Full (System.gc())
[3.280s][info   ][gc,task        ] GC(458) Using 1 workers of 10 for full compaction
[3.280s][info   ][gc,phases,start] GC(458) Phase 1: Mark live objects
[3.284s][info   ][gc,phases      ] GC(458) Phase 1: Mark live objects 3.975ms
[3.284s][info   ][gc,phases,start] GC(458) Phase 2: Prepare for compaction
[3.284s][info   ][gc,phases      ] GC(458) Phase 2: Prepare for compaction 0.300ms
[3.284s][info   ][gc,phases,start] GC(458) Phase 3: Adjust pointers
[3.287s][info   ][gc,phases      ] GC(458) Phase 3: Adjust pointers 2.139ms
[3.287s][info   ][gc,phases,start] GC(458) Phase 4: Compact heap
[3.287s][info   ][gc,phases      ] GC(458) Phase 4: Compact heap 0.160ms
[3.288s][info   ][gc,heap        ] GC(458) Eden regions: 1->0(3)
[3.288s][info   ][gc,heap        ] GC(458) Survivor regions: 0->0(0)
[3.288s][info   ][gc,heap        ] GC(458) Old regions: 2->2
[3.288s][info   ][gc,heap        ] GC(458) Archive regions: 2->2
[3.288s][info   ][gc,heap        ] GC(458) Humongous regions: 0->0
[3.288s][info   ][gc,metaspace   ] GC(458) Metaspace: 9524K(9792K)->9524K(9792K) NonClass: 8366K(8512K)->8366K(8512K) Class: 1157K(1280K)->1157K(1280K)
[3.288s][info   ][gc             ] GC(458) Pause Full (System.gc()) 4M->4M(28M) 7.555ms
[3.288s][info   ][gc,cpu         ] GC(458) User=0.01s Sys=0.00s Real=0.01s
[3.288s][info   ][gc,start       ] GC(459) Pause Full (System.gc())
[3.288s][info   ][gc,task        ] GC(459) Using 1 workers of 10 for full compaction
[3.288s][info   ][gc,phases,start] GC(459) Phase 1: Mark live objects
[3.292s][info   ][gc,phases      ] GC(459) Phase 1: Mark live objects 3.699ms
[3.292s][info   ][gc,phases,start] GC(459) Phase 2: Prepare for compaction
[3.292s][info   ][gc,phases      ] GC(459) Phase 2: Prepare for compaction 0.268ms
[3.292s][info   ][gc,phases,start] GC(459) Phase 3: Adjust pointers
[3.294s][info   ][gc,phases      ] GC(459) Phase 3: Adjust pointers 2.193ms
[3.294s][info   ][gc,phases,start] GC(459) Phase 4: Compact heap
[3.294s][info   ][gc,phases      ] GC(459) Phase 4: Compact heap 0.207ms
[3.295s][info   ][gc,heap        ] GC(459) Eden regions: 1->0(3)
[3.295s][info   ][gc,heap        ] GC(459) Survivor regions: 0->0(0)
[3.295s][info   ][gc,heap        ] GC(459) Old regions: 2->2
[3.295s][info   ][gc,heap        ] GC(459) Archive regions: 2->2
[3.295s][info   ][gc,heap        ] GC(459) Humongous regions: 0->0
[3.295s][info   ][gc,metaspace   ] GC(459) Metaspace: 9524K(9792K)->9524K(9792K) NonClass: 8366K(8512K)->8366K(8512K) Class: 1157K(1280K)->1157K(1280K)
[3.295s][info   ][gc             ] GC(459) Pause Full (System.gc()) 4M->4M(28M) 7.229ms
[3.295s][info   ][gc,cpu         ] GC(459) User=0.00s Sys=0.00s Real=0.01s
[3.296s][info   ][gc,start       ] GC(460) Pause Full (System.gc())
[3.296s][info   ][gc,task        ] GC(460) Using 1 workers of 10 for full compaction
[3.296s][info   ][gc,phases,start] GC(460) Phase 1: Mark live objects
[3.300s][info   ][gc,phases      ] GC(460) Phase 1: Mark live objects 3.672ms
[3.300s][info   ][gc,phases,start] GC(460) Phase 2: Prepare for compaction
[3.300s][info   ][gc,phases      ] GC(460) Phase 2: Prepare for compaction 0.240ms
[3.300s][info   ][gc,phases,start] GC(460) Phase 3: Adjust pointers
[3.302s][info   ][gc,phases      ] GC(460) Phase 3: Adjust pointers 1.791ms
[3.302s][info   ][gc,phases,start] GC(460) Phase 4: Compact heap
[3.302s][info   ][gc,phases      ] GC(460) Phase 4: Compact heap 0.195ms
[3.303s][info   ][gc,heap        ] GC(460) Eden regions: 1->0(3)
[3.303s][info   ][gc,heap        ] GC(460) Survivor regions: 0->0(0)
[3.303s][info   ][gc,heap        ] GC(460) Old regions: 2->2
[3.303s][info   ][gc,heap        ] GC(460) Archive regions: 2->2
[3.303s][info   ][gc,heap        ] GC(460) Humongous regions: 0->0
[3.303s][info   ][gc,metaspace   ] GC(460) Metaspace: 9524K(9792K)->9524K(9792K) NonClass: 8366K(8512K)->8366K(8512K) Class: 1157K(1280K)->1157K(1280K)
[3.303s][info   ][gc             ] GC(460) Pause Full (System.gc()) 4M->4M(28M) 6.759ms
[3.303s][info   ][gc,cpu         ] GC(460) User=0.01s Sys=0.00s Real=0.00s
[3.303s][info   ][gc,start       ] GC(461) Pause Full (System.gc())
[3.303s][info   ][gc,task        ] GC(461) Using 1 workers of 10 for full compaction
[3.303s][info   ][gc,phases,start] GC(461) Phase 1: Mark live objects
[3.307s][info   ][gc,phases      ] GC(461) Phase 1: Mark live objects 4.000ms
[3.307s][info   ][gc,phases,start] GC(461) Phase 2: Prepare for compaction
[3.307s][info   ][gc,phases      ] GC(461) Phase 2: Prepare for compaction 0.256ms
[3.307s][info   ][gc,phases,start] GC(461) Phase 3: Adjust pointers
[3.310s][info   ][gc,phases      ] GC(461) Phase 3: Adjust pointers 2.590ms
[3.310s][info   ][gc,phases,start] GC(461) Phase 4: Compact heap
[3.310s][info   ][gc,phases      ] GC(461) Phase 4: Compact heap 0.226ms
[3.311s][info   ][gc,heap        ] GC(461) Eden regions: 1->0(3)
[3.311s][info   ][gc,heap        ] GC(461) Survivor regions: 0->0(0)
[3.311s][info   ][gc,heap        ] GC(461) Old regions: 2->2
[3.311s][info   ][gc,heap        ] GC(461) Archive regions: 2->2
[3.311s][info   ][gc,heap        ] GC(461) Humongous regions: 0->0
[3.311s][info   ][gc,metaspace   ] GC(461) Metaspace: 9524K(9792K)->9524K(9792K) NonClass: 8366K(8512K)->8366K(8512K) Class: 1157K(1280K)->1157K(1280K)
[3.311s][info   ][gc             ] GC(461) Pause Full (System.gc()) 4M->4M(28M) 7.988ms
[3.311s][info   ][gc,cpu         ] GC(461) User=0.01s Sys=0.00s Real=0.01s
[3.311s][info   ][gc,start       ] GC(462) Pause Full (System.gc())
[3.312s][info   ][gc,task        ] GC(462) Using 1 workers of 10 for full compaction
[3.312s][info   ][gc,phases,start] GC(462) Phase 1: Mark live objects
[3.315s][info   ][gc,phases      ] GC(462) Phase 1: Mark live objects 3.184ms
[3.315s][info   ][gc,phases,start] GC(462) Phase 2: Prepare for compaction
[3.315s][info   ][gc,phases      ] GC(462) Phase 2: Prepare for compaction 0.171ms
[3.315s][info   ][gc,phases,start] GC(462) Phase 3: Adjust pointers
[3.316s][info   ][gc,phases      ] GC(462) Phase 3: Adjust pointers 1.272ms
[3.316s][info   ][gc,phases,start] GC(462) Phase 4: Compact heap
[3.316s][info   ][gc,phases      ] GC(462) Phase 4: Compact heap 0.196ms
[3.317s][info   ][gc,heap        ] GC(462) Eden regions: 1->0(3)
[3.317s][info   ][gc,heap        ] GC(462) Survivor regions: 0->0(0)
[3.317s][info   ][gc,heap        ] GC(462) Old regions: 2->2
[3.317s][info   ][gc,heap        ] GC(462) Archive regions: 2->2
[3.317s][info   ][gc,heap        ] GC(462) Humongous regions: 0->0
[3.317s][info   ][gc,metaspace   ] GC(462) Metaspace: 9524K(9792K)->9524K(9792K) NonClass: 8366K(8512K)->8366K(8512K) Class: 1157K(1280K)->1157K(1280K)
[3.317s][info   ][gc             ] GC(462) Pause Full (System.gc()) 4M->4M(28M) 5.515ms
[3.317s][info   ][gc,cpu         ] GC(462) User=0.00s Sys=0.00s Real=0.01s
[3.317s][info   ][gc,start       ] GC(463) Pause Full (System.gc())
[3.317s][info   ][gc,task        ] GC(463) Using 1 workers of 10 for full compaction
[3.317s][info   ][gc,phases,start] GC(463) Phase 1: Mark live objects
[3.320s][info   ][gc,phases      ] GC(463) Phase 1: Mark live objects 2.246ms
[3.320s][info   ][gc,phases,start] GC(463) Phase 2: Prepare for compaction
[3.320s][info   ][gc,phases      ] GC(463) Phase 2: Prepare for compaction 0.166ms
[3.320s][info   ][gc,phases,start] GC(463) Phase 3: Adjust pointers
[3.321s][info   ][gc,phases      ] GC(463) Phase 3: Adjust pointers 1.345ms
[3.321s][info   ][gc,phases,start] GC(463) Phase 4: Compact heap
[3.321s][info   ][gc,phases      ] GC(463) Phase 4: Compact heap 0.192ms
[3.322s][info   ][gc,heap        ] GC(463) Eden regions: 1->0(3)
[3.322s][info   ][gc,heap        ] GC(463) Survivor regions: 0->0(0)
[3.322s][info   ][gc,heap        ] GC(463) Old regions: 2->2
[3.322s][info   ][gc,heap        ] GC(463) Archive regions: 2->2
[3.322s][info   ][gc,heap        ] GC(463) Humongous regions: 0->0
[3.322s][info   ][gc,metaspace   ] GC(463) Metaspace: 9524K(9792K)->9524K(9792K) NonClass: 8366K(8512K)->8366K(8512K) Class: 1157K(1280K)->1157K(1280K)
[3.322s][info   ][gc             ] GC(463) Pause Full (System.gc()) 4M->4M(28M) 4.797ms
[3.322s][info   ][gc,cpu         ] GC(463) User=0.01s Sys=0.00s Real=0.00s
[3.322s][info   ][gc,start       ] GC(464) Pause Full (System.gc())
[3.322s][info   ][gc,task        ] GC(464) Using 1 workers of 10 for full compaction
[3.322s][info   ][gc,phases,start] GC(464) Phase 1: Mark live objects
[3.326s][info   ][gc,phases      ] GC(464) Phase 1: Mark live objects 3.235ms
[3.326s][info   ][gc,phases,start] GC(464) Phase 2: Prepare for compaction
[3.326s][info   ][gc,phases      ] GC(464) Phase 2: Prepare for compaction 0.182ms
[3.326s][info   ][gc,phases,start] GC(464) Phase 3: Adjust pointers
[3.328s][info   ][gc,phases      ] GC(464) Phase 3: Adjust pointers 1.840ms
[3.328s][info   ][gc,phases,start] GC(464) Phase 4: Compact heap
[3.328s][info   ][gc,phases      ] GC(464) Phase 4: Compact heap 0.163ms
[3.329s][info   ][gc,heap        ] GC(464) Eden regions: 0->0(3)
[3.329s][info   ][gc,heap        ] GC(464) Survivor regions: 0->0(0)
[3.329s][info   ][gc,heap        ] GC(464) Old regions: 2->2
[3.329s][info   ][gc,heap        ] GC(464) Archive regions: 2->2
[3.329s][info   ][gc,heap        ] GC(464) Humongous regions: 0->0
[3.329s][info   ][gc,metaspace   ] GC(464) Metaspace: 9524K(9792K)->9524K(9792K) NonClass: 8366K(8512K)->8366K(8512K) Class: 1157K(1280K)->1157K(1280K)
[3.329s][info   ][gc             ] GC(464) Pause Full (System.gc()) 4M->4M(28M) 6.249ms
[3.329s][info   ][gc,cpu         ] GC(464) User=0.00s Sys=0.00s Real=0.01s
[3.329s][info   ][gc,start       ] GC(465) Pause Full (System.gc())
[3.329s][info   ][gc,task        ] GC(465) Using 1 workers of 10 for full compaction
[3.329s][info   ][gc,phases,start] GC(465) Phase 1: Mark live objects
[3.332s][info   ][gc,phases      ] GC(465) Phase 1: Mark live objects 3.254ms
[3.332s][info   ][gc,phases,start] GC(465) Phase 2: Prepare for compaction
[3.333s][info   ][gc,phases      ] GC(465) Phase 2: Prepare for compaction 0.270ms
[3.333s][info   ][gc,phases,start] GC(465) Phase 3: Adjust pointers
[3.334s][info   ][gc,phases      ] GC(465) Phase 3: Adjust pointers 1.474ms
[3.334s][info   ][gc,phases,start] GC(465) Phase 4: Compact heap
[3.334s][info   ][gc,phases      ] GC(465) Phase 4: Compact heap 0.234ms
[3.335s][info   ][gc,heap        ] GC(465) Eden regions: 1->0(3)
[3.335s][info   ][gc,heap        ] GC(465) Survivor regions: 0->0(0)
[3.335s][info   ][gc,heap        ] GC(465) Old regions: 2->2
[3.335s][info   ][gc,heap        ] GC(465) Archive regions: 2->2
[3.335s][info   ][gc,heap        ] GC(465) Humongous regions: 0->0
[3.335s][info   ][gc,metaspace   ] GC(465) Metaspace: 9524K(9792K)->9524K(9792K) NonClass: 8366K(8512K)->8366K(8512K) Class: 1157K(1280K)->1157K(1280K)
[3.335s][info   ][gc             ] GC(465) Pause Full (System.gc()) 4M->4M(28M) 6.031ms
[3.335s][info   ][gc,cpu         ] GC(465) User=0.01s Sys=0.00s Real=0.01s
[3.335s][info   ][gc,start       ] GC(466) Pause Full (System.gc())
[3.335s][info   ][gc,task        ] GC(466) Using 1 workers of 10 for full compaction
[3.335s][info   ][gc,phases,start] GC(466) Phase 1: Mark live objects
[3.339s][info   ][gc,phases      ] GC(466) Phase 1: Mark live objects 3.540ms
[3.339s][info   ][gc,phases,start] GC(466) Phase 2: Prepare for compaction
[3.339s][info   ][gc,phases      ] GC(466) Phase 2: Prepare for compaction 0.155ms
[3.339s][info   ][gc,phases,start] GC(466) Phase 3: Adjust pointers
[3.341s][info   ][gc,phases      ] GC(466) Phase 3: Adjust pointers 1.449ms
[3.341s][info   ][gc,phases,start] GC(466) Phase 4: Compact heap
[3.341s][info   ][gc,phases      ] GC(466) Phase 4: Compact heap 0.124ms
[3.341s][info   ][gc,heap        ] GC(466) Eden regions: 0->0(3)
[3.341s][info   ][gc,heap        ] GC(466) Survivor regions: 0->0(0)
[3.341s][info   ][gc,heap        ] GC(466) Old regions: 2->2
[3.341s][info   ][gc,heap        ] GC(466) Archive regions: 2->2
[3.341s][info   ][gc,heap        ] GC(466) Humongous regions: 0->0
[3.341s][info   ][gc,metaspace   ] GC(466) Metaspace: 9524K(9792K)->9524K(9792K) NonClass: 8366K(8512K)->8366K(8512K) Class: 1157K(1280K)->1157K(1280K)
[3.341s][info   ][gc             ] GC(466) Pause Full (System.gc()) 4M->4M(28M) 5.953ms
[3.341s][info   ][gc,cpu         ] GC(466) User=0.00s Sys=0.00s Real=0.00s
[3.342s][info   ][gc,start       ] GC(467) Pause Full (System.gc())
[3.342s][info   ][gc,task        ] GC(467) Using 1 workers of 10 for full compaction
[3.342s][info   ][gc,phases,start] GC(467) Phase 1: Mark live objects
[3.345s][info   ][gc,phases      ] GC(467) Phase 1: Mark live objects 3.281ms
[3.345s][info   ][gc,phases,start] GC(467) Phase 2: Prepare for compaction
[3.345s][info   ][gc,phases      ] GC(467) Phase 2: Prepare for compaction 0.240ms
[3.345s][info   ][gc,phases,start] GC(467) Phase 3: Adjust pointers
[3.347s][info   ][gc,phases      ] GC(467) Phase 3: Adjust pointers 1.259ms
[3.347s][info   ][gc,phases,start] GC(467) Phase 4: Compact heap
[3.347s][info   ][gc,phases      ] GC(467) Phase 4: Compact heap 0.156ms
[3.347s][info   ][gc,heap        ] GC(467) Eden regions: 1->0(3)
[3.347s][info   ][gc,heap        ] GC(467) Survivor regions: 0->0(0)
[3.347s][info   ][gc,heap        ] GC(467) Old regions: 2->2
[3.347s][info   ][gc,heap        ] GC(467) Archive regions: 2->2
[3.347s][info   ][gc,heap        ] GC(467) Humongous regions: 0->0
[3.347s][info   ][gc,metaspace   ] GC(467) Metaspace: 9524K(9792K)->9524K(9792K) NonClass: 8366K(8512K)->8366K(8512K) Class: 1157K(1280K)->1157K(1280K)
[3.347s][info   ][gc             ] GC(467) Pause Full (System.gc()) 4M->4M(28M) 5.504ms
[3.347s][info   ][gc,cpu         ] GC(467) User=0.01s Sys=0.00s Real=0.01s
[3.348s][info   ][gc,start       ] GC(468) Pause Full (System.gc())
[3.348s][info   ][gc,task        ] GC(468) Using 1 workers of 10 for full compaction
[3.348s][info   ][gc,phases,start] GC(468) Phase 1: Mark live objects
[3.352s][info   ][gc,phases      ] GC(468) Phase 1: Mark live objects 3.865ms
[3.352s][info   ][gc,phases,start] GC(468) Phase 2: Prepare for compaction
[3.352s][info   ][gc,phases      ] GC(468) Phase 2: Prepare for compaction 0.298ms
[3.352s][info   ][gc,phases,start] GC(468) Phase 3: Adjust pointers
[3.354s][info   ][gc,phases      ] GC(468) Phase 3: Adjust pointers 2.555ms
[3.355s][info   ][gc,phases,start] GC(468) Phase 4: Compact heap
[3.355s][info   ][gc,phases      ] GC(468) Phase 4: Compact heap 0.166ms
[3.355s][info   ][gc,heap        ] GC(468) Eden regions: 1->0(3)
[3.355s][info   ][gc,heap        ] GC(468) Survivor regions: 0->0(0)
[3.355s][info   ][gc,heap        ] GC(468) Old regions: 2->2
[3.355s][info   ][gc,heap        ] GC(468) Archive regions: 2->2
[3.355s][info   ][gc,heap        ] GC(468) Humongous regions: 0->0
[3.355s][info   ][gc,metaspace   ] GC(468) Metaspace: 9524K(9792K)->9524K(9792K) NonClass: 8366K(8512K)->8366K(8512K) Class: 1157K(1280K)->1157K(1280K)
[3.355s][info   ][gc             ] GC(468) Pause Full (System.gc()) 4M->4M(28M) 7.638ms
[3.355s][info   ][gc,cpu         ] GC(468) User=0.01s Sys=0.01s Real=0.01s
[3.356s][info   ][gc,start       ] GC(469) Pause Full (System.gc())
[3.356s][info   ][gc,task        ] GC(469) Using 1 workers of 10 for full compaction
[3.356s][info   ][gc,phases,start] GC(469) Phase 1: Mark live objects
[3.361s][info   ][gc,phases      ] GC(469) Phase 1: Mark live objects 4.853ms
[3.361s][info   ][gc,phases,start] GC(469) Phase 2: Prepare for compaction
[3.361s][info   ][gc,phases      ] GC(469) Phase 2: Prepare for compaction 0.305ms
[3.361s][info   ][gc,phases,start] GC(469) Phase 3: Adjust pointers
[3.365s][info   ][gc,phases      ] GC(469) Phase 3: Adjust pointers 3.524ms
[3.365s][info   ][gc,phases,start] GC(469) Phase 4: Compact heap
[3.365s][info   ][gc,phases      ] GC(469) Phase 4: Compact heap 0.174ms
[3.365s][info   ][gc,heap        ] GC(469) Eden regions: 1->0(3)
[3.365s][info   ][gc,heap        ] GC(469) Survivor regions: 0->0(0)
[3.365s][info   ][gc,heap        ] GC(469) Old regions: 2->2
[3.365s][info   ][gc,heap        ] GC(469) Archive regions: 2->2
[3.366s][info   ][gc,heap        ] GC(469) Humongous regions: 0->0
[3.366s][info   ][gc,metaspace   ] GC(469) Metaspace: 9524K(9792K)->9524K(9792K) NonClass: 8366K(8512K)->8366K(8512K) Class: 1157K(1280K)->1157K(1280K)
[3.366s][info   ][gc             ] GC(469) Pause Full (System.gc()) 4M->4M(28M) 9.740ms
[3.366s][info   ][gc,cpu         ] GC(469) User=0.01s Sys=0.00s Real=0.01s
[3.366s][info   ][gc,start       ] GC(470) Pause Full (System.gc())
[3.366s][info   ][gc,task        ] GC(470) Using 1 workers of 10 for full compaction
[3.366s][info   ][gc,phases,start] GC(470) Phase 1: Mark live objects
[3.372s][info   ][gc,phases      ] GC(470) Phase 1: Mark live objects 5.735ms
[3.372s][info   ][gc,phases,start] GC(470) Phase 2: Prepare for compaction
[3.372s][info   ][gc,phases      ] GC(470) Phase 2: Prepare for compaction 0.287ms
[3.372s][info   ][gc,phases,start] GC(470) Phase 3: Adjust pointers
[3.376s][info   ][gc,phases      ] GC(470) Phase 3: Adjust pointers 3.581ms
[3.376s][info   ][gc,phases,start] GC(470) Phase 4: Compact heap
[3.376s][info   ][gc,phases      ] GC(470) Phase 4: Compact heap 0.247ms
[3.377s][info   ][gc,heap        ] GC(470) Eden regions: 0->0(3)
[3.377s][info   ][gc,heap        ] GC(470) Survivor regions: 0->0(0)
[3.377s][info   ][gc,heap        ] GC(470) Old regions: 2->2
[3.377s][info   ][gc,heap        ] GC(470) Archive regions: 2->2
[3.377s][info   ][gc,heap        ] GC(470) Humongous regions: 0->0
[3.377s][info   ][gc,metaspace   ] GC(470) Metaspace: 9524K(9792K)->9524K(9792K) NonClass: 8366K(8512K)->8366K(8512K) Class: 1157K(1280K)->1157K(1280K)
[3.377s][info   ][gc             ] GC(470) Pause Full (System.gc()) 4M->4M(28M) 10.962ms
[3.377s][info   ][gc,cpu         ] GC(470) User=0.01s Sys=0.00s Real=0.01s
[3.378s][info   ][gc,start       ] GC(471) Pause Full (System.gc())
[3.378s][info   ][gc,task        ] GC(471) Using 1 workers of 10 for full compaction
[3.378s][info   ][gc,phases,start] GC(471) Phase 1: Mark live objects
[3.383s][info   ][gc,phases      ] GC(471) Phase 1: Mark live objects 5.705ms
[3.383s][info   ][gc,phases,start] GC(471) Phase 2: Prepare for compaction
[3.384s][info   ][gc,phases      ] GC(471) Phase 2: Prepare for compaction 0.316ms
[3.384s][info   ][gc,phases,start] GC(471) Phase 3: Adjust pointers
[3.387s][info   ][gc,phases      ] GC(471) Phase 3: Adjust pointers 3.365ms
[3.387s][info   ][gc,phases,start] GC(471) Phase 4: Compact heap
[3.387s][info   ][gc,phases      ] GC(471) Phase 4: Compact heap 0.167ms
[3.388s][info   ][gc,heap        ] GC(471) Eden regions: 1->0(3)
[3.388s][info   ][gc,heap        ] GC(471) Survivor regions: 0->0(0)
[3.388s][info   ][gc,heap        ] GC(471) Old regions: 2->2
[3.388s][info   ][gc,heap        ] GC(471) Archive regions: 2->2
[3.388s][info   ][gc,heap        ] GC(471) Humongous regions: 0->0
[3.388s][info   ][gc,metaspace   ] GC(471) Metaspace: 9524K(9792K)->9524K(9792K) NonClass: 8366K(8512K)->8366K(8512K) Class: 1157K(1280K)->1157K(1280K)
[3.388s][info   ][gc             ] GC(471) Pause Full (System.gc()) 4M->4M(28M) 10.657ms
[3.388s][info   ][gc,cpu         ] GC(471) User=0.00s Sys=0.00s Real=0.01s
[3.388s][info   ][gc,start       ] GC(472) Pause Full (System.gc())
[3.388s][info   ][gc,task        ] GC(472) Using 1 workers of 10 for full compaction
[3.389s][info   ][gc,phases,start] GC(472) Phase 1: Mark live objects
[3.396s][info   ][gc,phases      ] GC(472) Phase 1: Mark live objects 7.358ms
[3.396s][info   ][gc,phases,start] GC(472) Phase 2: Prepare for compaction
[3.396s][info   ][gc,phases      ] GC(472) Phase 2: Prepare for compaction 0.252ms
[3.396s][info   ][gc,phases,start] GC(472) Phase 3: Adjust pointers
[3.399s][info   ][gc,phases      ] GC(472) Phase 3: Adjust pointers 2.422ms
[3.399s][info   ][gc,phases,start] GC(472) Phase 4: Compact heap
[3.399s][info   ][gc,phases      ] GC(472) Phase 4: Compact heap 0.190ms
[3.399s][info   ][gc,heap        ] GC(472) Eden regions: 1->0(3)
[3.399s][info   ][gc,heap        ] GC(472) Survivor regions: 0->0(0)
[3.399s][info   ][gc,heap        ] GC(472) Old regions: 2->2
[3.399s][info   ][gc,heap        ] GC(472) Archive regions: 2->2
[3.399s][info   ][gc,heap        ] GC(472) Humongous regions: 0->0
[3.399s][info   ][gc,metaspace   ] GC(472) Metaspace: 9524K(9792K)->9524K(9792K) NonClass: 8366K(8512K)->8366K(8512K) Class: 1157K(1280K)->1157K(1280K)
[3.399s][info   ][gc             ] GC(472) Pause Full (System.gc()) 4M->4M(28M) 11.009ms
[3.399s][info   ][gc,cpu         ] GC(472) User=0.02s Sys=0.00s Real=0.01s
[3.400s][info   ][gc,start       ] GC(473) Pause Full (System.gc())
[3.400s][info   ][gc,task        ] GC(473) Using 1 workers of 10 for full compaction
[3.400s][info   ][gc,phases,start] GC(473) Phase 1: Mark live objects
[3.404s][info   ][gc,phases      ] GC(473) Phase 1: Mark live objects 4.473ms
[3.404s][info   ][gc,phases,start] GC(473) Phase 2: Prepare for compaction
[3.405s][info   ][gc,phases      ] GC(473) Phase 2: Prepare for compaction 0.322ms
[3.405s][info   ][gc,phases,start] GC(473) Phase 3: Adjust pointers
[3.407s][info   ][gc,phases      ] GC(473) Phase 3: Adjust pointers 1.925ms
[3.407s][info   ][gc,phases,start] GC(473) Phase 4: Compact heap
[3.407s][info   ][gc,phases      ] GC(473) Phase 4: Compact heap 0.145ms
[3.407s][info   ][gc,heap        ] GC(473) Eden regions: 0->0(3)
[3.407s][info   ][gc,heap        ] GC(473) Survivor regions: 0->0(0)
[3.407s][info   ][gc,heap        ] GC(473) Old regions: 2->2
[3.407s][info   ][gc,heap        ] GC(473) Archive regions: 2->2
[3.407s][info   ][gc,heap        ] GC(473) Humongous regions: 0->0
[3.407s][info   ][gc,metaspace   ] GC(473) Metaspace: 9524K(9792K)->9524K(9792K) NonClass: 8366K(8512K)->8366K(8512K) Class: 1157K(1280K)->1157K(1280K)
[3.407s][info   ][gc             ] GC(473) Pause Full (System.gc()) 4M->4M(28M) 7.746ms
[3.407s][info   ][gc,cpu         ] GC(473) User=0.00s Sys=0.00s Real=0.01s
[3.408s][info   ][gc,start       ] GC(474) Pause Full (System.gc())
[3.408s][info   ][gc,task        ] GC(474) Using 1 workers of 10 for full compaction
[3.408s][info   ][gc,phases,start] GC(474) Phase 1: Mark live objects
[3.412s][info   ][gc,phases      ] GC(474) Phase 1: Mark live objects 3.467ms
[3.412s][info   ][gc,phases,start] GC(474) Phase 2: Prepare for compaction
[3.412s][info   ][gc,phases      ] GC(474) Phase 2: Prepare for compaction 0.157ms
[3.412s][info   ][gc,phases,start] GC(474) Phase 3: Adjust pointers
[3.414s][info   ][gc,phases      ] GC(474) Phase 3: Adjust pointers 1.885ms
[3.414s][info   ][gc,phases,start] GC(474) Phase 4: Compact heap
[3.414s][info   ][gc,phases      ] GC(474) Phase 4: Compact heap 0.157ms
[3.415s][info   ][gc,heap        ] GC(474) Eden regions: 1->0(3)
[3.415s][info   ][gc,heap        ] GC(474) Survivor regions: 0->0(0)
[3.415s][info   ][gc,heap        ] GC(474) Old regions: 2->2
[3.415s][info   ][gc,heap        ] GC(474) Archive regions: 2->2
[3.415s][info   ][gc,heap        ] GC(474) Humongous regions: 0->0
[3.415s][info   ][gc,metaspace   ] GC(474) Metaspace: 9524K(9792K)->9524K(9792K) NonClass: 8366K(8512K)->8366K(8512K) Class: 1157K(1280K)->1157K(1280K)
[3.415s][info   ][gc             ] GC(474) Pause Full (System.gc()) 4M->4M(28M) 6.579ms
[3.415s][info   ][gc,cpu         ] GC(474) User=0.01s Sys=0.00s Real=0.01s
[3.415s][info   ][gc,start       ] GC(475) Pause Full (System.gc())
[3.415s][info   ][gc,task        ] GC(475) Using 1 workers of 10 for full compaction
[3.415s][info   ][gc,phases,start] GC(475) Phase 1: Mark live objects
[3.418s][info   ][gc,phases      ] GC(475) Phase 1: Mark live objects 3.073ms
[3.418s][info   ][gc,phases,start] GC(475) Phase 2: Prepare for compaction
[3.418s][info   ][gc,phases      ] GC(475) Phase 2: Prepare for compaction 0.171ms
[3.418s][info   ][gc,phases,start] GC(475) Phase 3: Adjust pointers
[3.420s][info   ][gc,phases      ] GC(475) Phase 3: Adjust pointers 1.652ms
[3.420s][info   ][gc,phases,start] GC(475) Phase 4: Compact heap
[3.420s][info   ][gc,phases      ] GC(475) Phase 4: Compact heap 0.092ms
[3.421s][info   ][gc,heap        ] GC(475) Eden regions: 1->0(3)
[3.421s][info   ][gc,heap        ] GC(475) Survivor regions: 0->0(0)
[3.421s][info   ][gc,heap        ] GC(475) Old regions: 2->2
[3.421s][info   ][gc,heap        ] GC(475) Archive regions: 2->2
[3.421s][info   ][gc,heap        ] GC(475) Humongous regions: 0->0
[3.421s][info   ][gc,metaspace   ] GC(475) Metaspace: 9524K(9792K)->9524K(9792K) NonClass: 8366K(8512K)->8366K(8512K) Class: 1157K(1280K)->1157K(1280K)
[3.421s][info   ][gc             ] GC(475) Pause Full (System.gc()) 4M->4M(28M) 6.017ms
[3.421s][info   ][gc,cpu         ] GC(475) User=0.01s Sys=0.00s Real=0.00s
[3.421s][info   ][gc,start       ] GC(476) Pause Full (System.gc())
[3.421s][info   ][gc,task        ] GC(476) Using 1 workers of 10 for full compaction
[3.421s][info   ][gc,phases,start] GC(476) Phase 1: Mark live objects
[3.424s][info   ][gc,phases      ] GC(476) Phase 1: Mark live objects 2.915ms
[3.424s][info   ][gc,phases,start] GC(476) Phase 2: Prepare for compaction
[3.424s][info   ][gc,phases      ] GC(476) Phase 2: Prepare for compaction 0.211ms
[3.424s][info   ][gc,phases,start] GC(476) Phase 3: Adjust pointers
[3.426s][info   ][gc,phases      ] GC(476) Phase 3: Adjust pointers 1.951ms
[3.426s][info   ][gc,phases,start] GC(476) Phase 4: Compact heap
[3.427s][info   ][gc,phases      ] GC(476) Phase 4: Compact heap 0.125ms
[3.427s][info   ][gc,heap        ] GC(476) Eden regions: 0->0(3)
[3.427s][info   ][gc,heap        ] GC(476) Survivor regions: 0->0(0)
[3.427s][info   ][gc,heap        ] GC(476) Old regions: 2->2
[3.427s][info   ][gc,heap        ] GC(476) Archive regions: 2->2
[3.427s][info   ][gc,heap        ] GC(476) Humongous regions: 0->0
[3.427s][info   ][gc,metaspace   ] GC(476) Metaspace: 9524K(9792K)->9524K(9792K) NonClass: 8366K(8512K)->8366K(8512K) Class: 1157K(1280K)->1157K(1280K)
[3.427s][info   ][gc             ] GC(476) Pause Full (System.gc()) 4M->4M(28M) 6.179ms
[3.427s][info   ][gc,cpu         ] GC(476) User=0.00s Sys=0.00s Real=0.01s
[3.428s][info   ][gc,start       ] GC(477) Pause Full (System.gc())
[3.428s][info   ][gc,task        ] GC(477) Using 1 workers of 10 for full compaction
[3.428s][info   ][gc,phases,start] GC(477) Phase 1: Mark live objects
[3.431s][info   ][gc,phases      ] GC(477) Phase 1: Mark live objects 2.973ms
[3.431s][info   ][gc,phases,start] GC(477) Phase 2: Prepare for compaction
[3.431s][info   ][gc,phases      ] GC(477) Phase 2: Prepare for compaction 0.086ms
[3.431s][info   ][gc,phases,start] GC(477) Phase 3: Adjust pointers
[3.433s][info   ][gc,phases      ] GC(477) Phase 3: Adjust pointers 1.885ms
[3.433s][info   ][gc,phases,start] GC(477) Phase 4: Compact heap
[3.433s][info   ][gc,phases      ] GC(477) Phase 4: Compact heap 0.130ms
[3.433s][info   ][gc,heap        ] GC(477) Eden regions: 0->0(3)
[3.433s][info   ][gc,heap        ] GC(477) Survivor regions: 0->0(0)
[3.433s][info   ][gc,heap        ] GC(477) Old regions: 2->2
[3.433s][info   ][gc,heap        ] GC(477) Archive regions: 2->2
[3.433s][info   ][gc,heap        ] GC(477) Humongous regions: 0->0
[3.433s][info   ][gc,metaspace   ] GC(477) Metaspace: 9524K(9792K)->9524K(9792K) NonClass: 8366K(8512K)->8366K(8512K) Class: 1157K(1280K)->1157K(1280K)
[3.433s][info   ][gc             ] GC(477) Pause Full (System.gc()) 4M->4M(28M) 5.735ms
[3.433s][info   ][gc,cpu         ] GC(477) User=0.00s Sys=0.00s Real=0.00s
[3.434s][info   ][gc,start       ] GC(478) Pause Full (System.gc())
[3.434s][info   ][gc,task        ] GC(478) Using 1 workers of 10 for full compaction
[3.434s][info   ][gc,phases,start] GC(478) Phase 1: Mark live objects
[3.437s][info   ][gc,phases      ] GC(478) Phase 1: Mark live objects 3.409ms
[3.437s][info   ][gc,phases,start] GC(478) Phase 2: Prepare for compaction
[3.437s][info   ][gc,phases      ] GC(478) Phase 2: Prepare for compaction 0.194ms
[3.437s][info   ][gc,phases,start] GC(478) Phase 3: Adjust pointers
[3.440s][info   ][gc,phases      ] GC(478) Phase 3: Adjust pointers 2.430ms
[3.440s][info   ][gc,phases,start] GC(478) Phase 4: Compact heap
[3.440s][info   ][gc,phases      ] GC(478) Phase 4: Compact heap 0.060ms
[3.441s][info   ][gc,heap        ] GC(478) Eden regions: 1->0(3)
[3.441s][info   ][gc,heap        ] GC(478) Survivor regions: 0->0(0)
[3.441s][info   ][gc,heap        ] GC(478) Old regions: 2->2
[3.441s][info   ][gc,heap        ] GC(478) Archive regions: 2->2
[3.441s][info   ][gc,heap        ] GC(478) Humongous regions: 0->0
[3.441s][info   ][gc,metaspace   ] GC(478) Metaspace: 9524K(9792K)->9524K(9792K) NonClass: 8366K(8512K)->8366K(8512K) Class: 1157K(1280K)->1157K(1280K)
[3.441s][info   ][gc             ] GC(478) Pause Full (System.gc()) 4M->4M(28M) 6.841ms
[3.441s][info   ][gc,cpu         ] GC(478) User=0.01s Sys=0.00s Real=0.00s
[3.441s][info   ][gc,start       ] GC(479) Pause Full (System.gc())
[3.441s][info   ][gc,task        ] GC(479) Using 1 workers of 10 for full compaction
[3.441s][info   ][gc,phases,start] GC(479) Phase 1: Mark live objects
[3.445s][info   ][gc,phases      ] GC(479) Phase 1: Mark live objects 4.167ms
[3.445s][info   ][gc,phases,start] GC(479) Phase 2: Prepare for compaction
[3.445s][info   ][gc,phases      ] GC(479) Phase 2: Prepare for compaction 0.231ms
[3.445s][info   ][gc,phases,start] GC(479) Phase 3: Adjust pointers
[3.447s][info   ][gc,phases      ] GC(479) Phase 3: Adjust pointers 1.287ms
[3.447s][info   ][gc,phases,start] GC(479) Phase 4: Compact heap
[3.447s][info   ][gc,phases      ] GC(479) Phase 4: Compact heap 0.162ms
[3.447s][info   ][gc,heap        ] GC(479) Eden regions: 1->0(3)
[3.447s][info   ][gc,heap        ] GC(479) Survivor regions: 0->0(0)
[3.447s][info   ][gc,heap        ] GC(479) Old regions: 2->2
[3.447s][info   ][gc,heap        ] GC(479) Archive regions: 2->2
[3.447s][info   ][gc,heap        ] GC(479) Humongous regions: 0->0
[3.447s][info   ][gc,metaspace   ] GC(479) Metaspace: 9524K(9792K)->9524K(9792K) NonClass: 8366K(8512K)->8366K(8512K) Class: 1157K(1280K)->1157K(1280K)
[3.447s][info   ][gc             ] GC(479) Pause Full (System.gc()) 4M->4M(28M) 6.498ms
[3.447s][info   ][gc,cpu         ] GC(479) User=0.01s Sys=0.00s Real=0.01s
[3.448s][info   ][gc,start       ] GC(480) Pause Full (System.gc())
[3.448s][info   ][gc,task        ] GC(480) Using 1 workers of 10 for full compaction
[3.448s][info   ][gc,phases,start] GC(480) Phase 1: Mark live objects
[3.451s][info   ][gc,phases      ] GC(480) Phase 1: Mark live objects 2.741ms
[3.451s][info   ][gc,phases,start] GC(480) Phase 2: Prepare for compaction
[3.451s][info   ][gc,phases      ] GC(480) Phase 2: Prepare for compaction 0.252ms
[3.451s][info   ][gc,phases,start] GC(480) Phase 3: Adjust pointers
[3.452s][info   ][gc,phases      ] GC(480) Phase 3: Adjust pointers 1.149ms
[3.452s][info   ][gc,phases,start] GC(480) Phase 4: Compact heap
[3.452s][info   ][gc,phases      ] GC(480) Phase 4: Compact heap 0.187ms
[3.453s][info   ][gc,heap        ] GC(480) Eden regions: 1->0(3)
[3.453s][info   ][gc,heap        ] GC(480) Survivor regions: 0->0(0)
[3.453s][info   ][gc,heap        ] GC(480) Old regions: 2->2
[3.453s][info   ][gc,heap        ] GC(480) Archive regions: 2->2
[3.453s][info   ][gc,heap        ] GC(480) Humongous regions: 0->0
[3.453s][info   ][gc,metaspace   ] GC(480) Metaspace: 9524K(9792K)->9524K(9792K) NonClass: 8366K(8512K)->8366K(8512K) Class: 1157K(1280K)->1157K(1280K)
[3.453s][info   ][gc             ] GC(480) Pause Full (System.gc()) 4M->4M(28M) 4.791ms
[3.453s][info   ][gc,cpu         ] GC(480) User=0.00s Sys=0.00s Real=0.00s
[3.453s][info   ][gc,start       ] GC(481) Pause Full (System.gc())
[3.453s][info   ][gc,task        ] GC(481) Using 1 workers of 10 for full compaction
[3.453s][info   ][gc,phases,start] GC(481) Phase 1: Mark live objects
[3.457s][info   ][gc,phases      ] GC(481) Phase 1: Mark live objects 4.153ms
[3.457s][info   ][gc,phases,start] GC(481) Phase 2: Prepare for compaction
[3.457s][info   ][gc,phases      ] GC(481) Phase 2: Prepare for compaction 0.284ms
[3.457s][info   ][gc,phases,start] GC(481) Phase 3: Adjust pointers
[3.459s][info   ][gc,phases      ] GC(481) Phase 3: Adjust pointers 1.345ms
[3.459s][info   ][gc,phases,start] GC(481) Phase 4: Compact heap
[3.459s][info   ][gc,phases      ] GC(481) Phase 4: Compact heap 0.546ms
[3.460s][info   ][gc,heap        ] GC(481) Eden regions: 0->0(3)
[3.460s][info   ][gc,heap        ] GC(481) Survivor regions: 0->0(0)
[3.460s][info   ][gc,heap        ] GC(481) Old regions: 2->2
[3.460s][info   ][gc,heap        ] GC(481) Archive regions: 2->2
[3.460s][info   ][gc,heap        ] GC(481) Humongous regions: 0->0
[3.460s][info   ][gc,metaspace   ] GC(481) Metaspace: 9524K(9792K)->9524K(9792K) NonClass: 8366K(8512K)->8366K(8512K) Class: 1157K(1280K)->1157K(1280K)
[3.460s][info   ][gc             ] GC(481) Pause Full (System.gc()) 4M->4M(28M) 7.150ms
[3.460s][info   ][gc,cpu         ] GC(481) User=0.00s Sys=0.01s Real=0.01s
[3.460s][info   ][gc,start       ] GC(482) Pause Full (System.gc())
[3.460s][info   ][gc,task        ] GC(482) Using 1 workers of 10 for full compaction
[3.461s][info   ][gc,phases,start] GC(482) Phase 1: Mark live objects
[3.463s][info   ][gc,phases      ] GC(482) Phase 1: Mark live objects 2.896ms
[3.463s][info   ][gc,phases,start] GC(482) Phase 2: Prepare for compaction
[3.464s][info   ][gc,phases      ] GC(482) Phase 2: Prepare for compaction 0.188ms
[3.464s][info   ][gc,phases,start] GC(482) Phase 3: Adjust pointers
[3.465s][info   ][gc,phases      ] GC(482) Phase 3: Adjust pointers 1.102ms
[3.465s][info   ][gc,phases,start] GC(482) Phase 4: Compact heap
[3.465s][info   ][gc,phases      ] GC(482) Phase 4: Compact heap 0.159ms
[3.466s][info   ][gc,heap        ] GC(482) Eden regions: 1->0(3)
[3.466s][info   ][gc,heap        ] GC(482) Survivor regions: 0->0(0)
[3.466s][info   ][gc,heap        ] GC(482) Old regions: 2->2
[3.466s][info   ][gc,heap        ] GC(482) Archive regions: 2->2
[3.466s][info   ][gc,heap        ] GC(482) Humongous regions: 0->0
[3.466s][info   ][gc,metaspace   ] GC(482) Metaspace: 9524K(9792K)->9524K(9792K) NonClass: 8366K(8512K)->8366K(8512K) Class: 1157K(1280K)->1157K(1280K)
[3.466s][info   ][gc             ] GC(482) Pause Full (System.gc()) 4M->4M(28M) 5.060ms
[3.466s][info   ][gc,cpu         ] GC(482) User=0.00s Sys=0.00s Real=0.01s
[3.466s][info   ][gc,start       ] GC(483) Pause Full (System.gc())
[3.466s][info   ][gc,task        ] GC(483) Using 1 workers of 10 for full compaction
[3.466s][info   ][gc,phases,start] GC(483) Phase 1: Mark live objects
[3.468s][info   ][gc,phases      ] GC(483) Phase 1: Mark live objects 2.559ms
[3.468s][info   ][gc,phases,start] GC(483) Phase 2: Prepare for compaction
[3.468s][info   ][gc,phases      ] GC(483) Phase 2: Prepare for compaction 0.141ms
[3.468s][info   ][gc,phases,start] GC(483) Phase 3: Adjust pointers
[3.470s][info   ][gc,phases      ] GC(483) Phase 3: Adjust pointers 1.118ms
[3.470s][info   ][gc,phases,start] GC(483) Phase 4: Compact heap
[3.470s][info   ][gc,phases      ] GC(483) Phase 4: Compact heap 0.157ms
[3.470s][info   ][gc,heap        ] GC(483) Eden regions: 0->0(3)
[3.470s][info   ][gc,heap        ] GC(483) Survivor regions: 0->0(0)
[3.470s][info   ][gc,heap        ] GC(483) Old regions: 2->2
[3.470s][info   ][gc,heap        ] GC(483) Archive regions: 2->2
[3.470s][info   ][gc,heap        ] GC(483) Humongous regions: 0->0
[3.470s][info   ][gc,metaspace   ] GC(483) Metaspace: 9524K(9792K)->9524K(9792K) NonClass: 8366K(8512K)->8366K(8512K) Class: 1157K(1280K)->1157K(1280K)
[3.470s][info   ][gc             ] GC(483) Pause Full (System.gc()) 4M->4M(28M) 4.685ms
[3.470s][info   ][gc,cpu         ] GC(483) User=0.00s Sys=0.00s Real=0.00s
[3.471s][info   ][gc,start       ] GC(484) Pause Full (System.gc())
[3.471s][info   ][gc,task        ] GC(484) Using 1 workers of 10 for full compaction
[3.471s][info   ][gc,phases,start] GC(484) Phase 1: Mark live objects
[3.475s][info   ][gc,phases      ] GC(484) Phase 1: Mark live objects 3.627ms
[3.475s][info   ][gc,phases,start] GC(484) Phase 2: Prepare for compaction
[3.475s][info   ][gc,phases      ] GC(484) Phase 2: Prepare for compaction 0.281ms
[3.475s][info   ][gc,phases,start] GC(484) Phase 3: Adjust pointers
[3.477s][info   ][gc,phases      ] GC(484) Phase 3: Adjust pointers 1.657ms
[3.477s][info   ][gc,phases,start] GC(484) Phase 4: Compact heap
[3.477s][info   ][gc,phases      ] GC(484) Phase 4: Compact heap 0.145ms
[3.477s][info   ][gc,heap        ] GC(484) Eden regions: 1->0(3)
[3.477s][info   ][gc,heap        ] GC(484) Survivor regions: 0->0(0)
[3.477s][info   ][gc,heap        ] GC(484) Old regions: 2->2
[3.477s][info   ][gc,heap        ] GC(484) Archive regions: 2->2
[3.477s][info   ][gc,heap        ] GC(484) Humongous regions: 0->0
[3.477s][info   ][gc,metaspace   ] GC(484) Metaspace: 9524K(9792K)->9524K(9792K) NonClass: 8366K(8512K)->8366K(8512K) Class: 1157K(1280K)->1157K(1280K)
[3.477s][info   ][gc             ] GC(484) Pause Full (System.gc()) 4M->4M(28M) 6.388ms
[3.477s][info   ][gc,cpu         ] GC(484) User=0.01s Sys=0.00s Real=0.01s
[3.478s][info   ][gc,start       ] GC(485) Pause Full (System.gc())
[3.478s][info   ][gc,task        ] GC(485) Using 1 workers of 10 for full compaction
[3.478s][info   ][gc,phases,start] GC(485) Phase 1: Mark live objects
[3.481s][info   ][gc,phases      ] GC(485) Phase 1: Mark live objects 3.004ms
[3.481s][info   ][gc,phases,start] GC(485) Phase 2: Prepare for compaction
[3.481s][info   ][gc,phases      ] GC(485) Phase 2: Prepare for compaction 0.215ms
[3.481s][info   ][gc,phases,start] GC(485) Phase 3: Adjust pointers
[3.482s][info   ][gc,phases      ] GC(485) Phase 3: Adjust pointers 1.629ms
[3.482s][info   ][gc,phases,start] GC(485) Phase 4: Compact heap
[3.483s][info   ][gc,phases      ] GC(485) Phase 4: Compact heap 0.167ms
[3.483s][info   ][gc,heap        ] GC(485) Eden regions: 0->0(3)
[3.483s][info   ][gc,heap        ] GC(485) Survivor regions: 0->0(0)
[3.483s][info   ][gc,heap        ] GC(485) Old regions: 2->2
[3.483s][info   ][gc,heap        ] GC(485) Archive regions: 2->2
[3.483s][info   ][gc,heap        ] GC(485) Humongous regions: 0->0
[3.483s][info   ][gc,metaspace   ] GC(485) Metaspace: 9524K(9792K)->9524K(9792K) NonClass: 8366K(8512K)->8366K(8512K) Class: 1157K(1280K)->1157K(1280K)
[3.483s][info   ][gc             ] GC(485) Pause Full (System.gc()) 4M->4M(28M) 5.632ms
[3.483s][info   ][gc,cpu         ] GC(485) User=0.00s Sys=0.00s Real=0.00s
[3.484s][info   ][gc,start       ] GC(486) Pause Full (System.gc())
[3.484s][info   ][gc,task        ] GC(486) Using 1 workers of 10 for full compaction
[3.484s][info   ][gc,phases,start] GC(486) Phase 1: Mark live objects
[3.486s][info   ][gc,phases      ] GC(486) Phase 1: Mark live objects 2.314ms
[3.486s][info   ][gc,phases,start] GC(486) Phase 2: Prepare for compaction
[3.486s][info   ][gc,phases      ] GC(486) Phase 2: Prepare for compaction 0.070ms
[3.486s][info   ][gc,phases,start] GC(486) Phase 3: Adjust pointers
[3.488s][info   ][gc,phases      ] GC(486) Phase 3: Adjust pointers 2.119ms
[3.488s][info   ][gc,phases,start] GC(486) Phase 4: Compact heap
[3.488s][info   ][gc,phases      ] GC(486) Phase 4: Compact heap 0.113ms
[3.489s][info   ][gc,heap        ] GC(486) Eden regions: 1->0(3)
[3.489s][info   ][gc,heap        ] GC(486) Survivor regions: 0->0(0)
[3.489s][info   ][gc,heap        ] GC(486) Old regions: 2->2
[3.489s][info   ][gc,heap        ] GC(486) Archive regions: 2->2
[3.489s][info   ][gc,heap        ] GC(486) Humongous regions: 0->0
[3.489s][info   ][gc,metaspace   ] GC(486) Metaspace: 9524K(9792K)->9524K(9792K) NonClass: 8366K(8512K)->8366K(8512K) Class: 1157K(1280K)->1157K(1280K)
[3.489s][info   ][gc             ] GC(486) Pause Full (System.gc()) 4M->4M(28M) 5.431ms
[3.489s][info   ][gc,cpu         ] GC(486) User=0.01s Sys=0.00s Real=0.00s
[3.489s][info   ][gc,start       ] GC(487) Pause Full (System.gc())
[3.489s][info   ][gc,task        ] GC(487) Using 1 workers of 10 for full compaction
[3.489s][info   ][gc,phases,start] GC(487) Phase 1: Mark live objects
[3.493s][info   ][gc,phases      ] GC(487) Phase 1: Mark live objects 3.838ms
[3.493s][info   ][gc,phases,start] GC(487) Phase 2: Prepare for compaction
[3.493s][info   ][gc,phases      ] GC(487) Phase 2: Prepare for compaction 0.172ms
[3.493s][info   ][gc,phases,start] GC(487) Phase 3: Adjust pointers
[3.495s][info   ][gc,phases      ] GC(487) Phase 3: Adjust pointers 1.399ms
[3.495s][info   ][gc,phases,start] GC(487) Phase 4: Compact heap
[3.495s][info   ][gc,phases      ] GC(487) Phase 4: Compact heap 0.134ms
[3.496s][info   ][gc,heap        ] GC(487) Eden regions: 0->0(3)
[3.496s][info   ][gc,heap        ] GC(487) Survivor regions: 0->0(0)
[3.496s][info   ][gc,heap        ] GC(487) Old regions: 2->2
[3.496s][info   ][gc,heap        ] GC(487) Archive regions: 2->2
[3.496s][info   ][gc,heap        ] GC(487) Humongous regions: 0->0
[3.496s][info   ][gc,metaspace   ] GC(487) Metaspace: 9524K(9792K)->9524K(9792K) NonClass: 8366K(8512K)->8366K(8512K) Class: 1157K(1280K)->1157K(1280K)
[3.496s][info   ][gc             ] GC(487) Pause Full (System.gc()) 4M->4M(28M) 6.214ms
[3.496s][info   ][gc,cpu         ] GC(487) User=0.00s Sys=0.00s Real=0.01s
[3.496s][info   ][gc,start       ] GC(488) Pause Full (System.gc())
[3.496s][info   ][gc,task        ] GC(488) Using 1 workers of 10 for full compaction
[3.496s][info   ][gc,phases,start] GC(488) Phase 1: Mark live objects
[3.500s][info   ][gc,phases      ] GC(488) Phase 1: Mark live objects 3.595ms
[3.500s][info   ][gc,phases,start] GC(488) Phase 2: Prepare for compaction
[3.500s][info   ][gc,phases      ] GC(488) Phase 2: Prepare for compaction 0.232ms
[3.500s][info   ][gc,phases,start] GC(488) Phase 3: Adjust pointers
[3.501s][info   ][gc,phases      ] GC(488) Phase 3: Adjust pointers 1.293ms
[3.501s][info   ][gc,phases,start] GC(488) Phase 4: Compact heap
[3.501s][info   ][gc,phases      ] GC(488) Phase 4: Compact heap 0.251ms
[3.502s][info   ][gc,heap        ] GC(488) Eden regions: 0->0(3)
[3.502s][info   ][gc,heap        ] GC(488) Survivor regions: 0->0(0)
[3.502s][info   ][gc,heap        ] GC(488) Old regions: 2->2
[3.502s][info   ][gc,heap        ] GC(488) Archive regions: 2->2
[3.502s][info   ][gc,heap        ] GC(488) Humongous regions: 0->0
[3.502s][info   ][gc,metaspace   ] GC(488) Metaspace: 9524K(9792K)->9524K(9792K) NonClass: 8366K(8512K)->8366K(8512K) Class: 1157K(1280K)->1157K(1280K)
[3.502s][info   ][gc             ] GC(488) Pause Full (System.gc()) 4M->4M(28M) 5.953ms
[3.502s][info   ][gc,cpu         ] GC(488) User=0.01s Sys=0.00s Real=0.00s
[3.503s][info   ][gc,start       ] GC(489) Pause Full (System.gc())
[3.503s][info   ][gc,task        ] GC(489) Using 1 workers of 10 for full compaction
[3.503s][info   ][gc,phases,start] GC(489) Phase 1: Mark live objects
[3.506s][info   ][gc,phases      ] GC(489) Phase 1: Mark live objects 3.826ms
[3.506s][info   ][gc,phases,start] GC(489) Phase 2: Prepare for compaction
[3.507s][info   ][gc,phases      ] GC(489) Phase 2: Prepare for compaction 0.296ms
[3.507s][info   ][gc,phases,start] GC(489) Phase 3: Adjust pointers
[3.508s][info   ][gc,phases      ] GC(489) Phase 3: Adjust pointers 1.513ms
[3.508s][info   ][gc,phases,start] GC(489) Phase 4: Compact heap
[3.509s][info   ][gc,phases      ] GC(489) Phase 4: Compact heap 0.280ms
[3.509s][info   ][gc,heap        ] GC(489) Eden regions: 1->0(3)
[3.509s][info   ][gc,heap        ] GC(489) Survivor regions: 0->0(0)
[3.509s][info   ][gc,heap        ] GC(489) Old regions: 2->2
[3.509s][info   ][gc,heap        ] GC(489) Archive regions: 2->2
[3.509s][info   ][gc,heap        ] GC(489) Humongous regions: 0->0
[3.509s][info   ][gc,metaspace   ] GC(489) Metaspace: 9524K(9792K)->9524K(9792K) NonClass: 8366K(8512K)->8366K(8512K) Class: 1157K(1280K)->1157K(1280K)
[3.509s][info   ][gc             ] GC(489) Pause Full (System.gc()) 4M->4M(28M) 6.870ms
[3.509s][info   ][gc,cpu         ] GC(489) User=0.00s Sys=0.00s Real=0.01s
[3.510s][info   ][gc,start       ] GC(490) Pause Full (System.gc())
[3.510s][info   ][gc,task        ] GC(490) Using 1 workers of 10 for full compaction
[3.510s][info   ][gc,phases,start] GC(490) Phase 1: Mark live objects
[3.513s][info   ][gc,phases      ] GC(490) Phase 1: Mark live objects 2.831ms
[3.513s][info   ][gc,phases,start] GC(490) Phase 2: Prepare for compaction
[3.513s][info   ][gc,phases      ] GC(490) Phase 2: Prepare for compaction 0.149ms
[3.513s][info   ][gc,phases,start] GC(490) Phase 3: Adjust pointers
[3.514s][info   ][gc,phases      ] GC(490) Phase 3: Adjust pointers 1.222ms
[3.514s][info   ][gc,phases,start] GC(490) Phase 4: Compact heap
[3.514s][info   ][gc,phases      ] GC(490) Phase 4: Compact heap 0.130ms
[3.515s][info   ][gc,heap        ] GC(490) Eden regions: 0->0(3)
[3.515s][info   ][gc,heap        ] GC(490) Survivor regions: 0->0(0)
[3.515s][info   ][gc,heap        ] GC(490) Old regions: 2->2
[3.515s][info   ][gc,heap        ] GC(490) Archive regions: 2->2
[3.515s][info   ][gc,heap        ] GC(490) Humongous regions: 0->0
[3.515s][info   ][gc,metaspace   ] GC(490) Metaspace: 9524K(9792K)->9524K(9792K) NonClass: 8366K(8512K)->8366K(8512K) Class: 1157K(1280K)->1157K(1280K)
[3.515s][info   ][gc             ] GC(490) Pause Full (System.gc()) 4M->4M(28M) 5.097ms
[3.515s][info   ][gc,cpu         ] GC(490) User=0.01s Sys=0.00s Real=0.01s
[3.515s][info   ][gc,start       ] GC(491) Pause Full (System.gc())
[3.515s][info   ][gc,task        ] GC(491) Using 1 workers of 10 for full compaction
[3.515s][info   ][gc,phases,start] GC(491) Phase 1: Mark live objects
[3.518s][info   ][gc,phases      ] GC(491) Phase 1: Mark live objects 2.749ms
[3.518s][info   ][gc,phases,start] GC(491) Phase 2: Prepare for compaction
[3.518s][info   ][gc,phases      ] GC(491) Phase 2: Prepare for compaction 0.241ms
[3.518s][info   ][gc,phases,start] GC(491) Phase 3: Adjust pointers
[3.519s][info   ][gc,phases      ] GC(491) Phase 3: Adjust pointers 1.309ms
[3.519s][info   ][gc,phases,start] GC(491) Phase 4: Compact heap
[3.520s][info   ][gc,phases      ] GC(491) Phase 4: Compact heap 0.272ms
[3.520s][info   ][gc,heap        ] GC(491) Eden regions: 1->0(3)
[3.520s][info   ][gc,heap        ] GC(491) Survivor regions: 0->0(0)
[3.520s][info   ][gc,heap        ] GC(491) Old regions: 2->2
[3.520s][info   ][gc,heap        ] GC(491) Archive regions: 2->2
[3.520s][info   ][gc,heap        ] GC(491) Humongous regions: 0->0
[3.520s][info   ][gc,metaspace   ] GC(491) Metaspace: 9524K(9792K)->9524K(9792K) NonClass: 8366K(8512K)->8366K(8512K) Class: 1157K(1280K)->1157K(1280K)
[3.520s][info   ][gc             ] GC(491) Pause Full (System.gc()) 4M->4M(28M) 5.287ms
[3.520s][info   ][gc,cpu         ] GC(491) User=0.00s Sys=0.00s Real=0.00s
[3.520s][info   ][gc,start       ] GC(492) Pause Full (System.gc())
[3.521s][info   ][gc,task        ] GC(492) Using 1 workers of 10 for full compaction
[3.521s][info   ][gc,phases,start] GC(492) Phase 1: Mark live objects
[3.525s][info   ][gc,phases      ] GC(492) Phase 1: Mark live objects 3.987ms
[3.525s][info   ][gc,phases,start] GC(492) Phase 2: Prepare for compaction
[3.525s][info   ][gc,phases      ] GC(492) Phase 2: Prepare for compaction 0.246ms
[3.525s][info   ][gc,phases,start] GC(492) Phase 3: Adjust pointers
[3.527s][info   ][gc,phases      ] GC(492) Phase 3: Adjust pointers 2.233ms
[3.527s][info   ][gc,phases,start] GC(492) Phase 4: Compact heap
[3.527s][info   ][gc,phases      ] GC(492) Phase 4: Compact heap 0.166ms
[3.528s][info   ][gc,heap        ] GC(492) Eden regions: 1->0(3)
[3.528s][info   ][gc,heap        ] GC(492) Survivor regions: 0->0(0)
[3.528s][info   ][gc,heap        ] GC(492) Old regions: 2->2
[3.528s][info   ][gc,heap        ] GC(492) Archive regions: 2->2
[3.528s][info   ][gc,heap        ] GC(492) Humongous regions: 0->0
[3.528s][info   ][gc,metaspace   ] GC(492) Metaspace: 9524K(9792K)->9524K(9792K) NonClass: 8366K(8512K)->8366K(8512K) Class: 1157K(1280K)->1157K(1280K)
[3.528s][info   ][gc             ] GC(492) Pause Full (System.gc()) 4M->4M(28M) 7.652ms
[3.528s][info   ][gc,cpu         ] GC(492) User=0.01s Sys=0.00s Real=0.01s
[3.529s][info   ][gc,start       ] GC(493) Pause Full (System.gc())
[3.529s][info   ][gc,task        ] GC(493) Using 1 workers of 10 for full compaction
[3.529s][info   ][gc,phases,start] GC(493) Phase 1: Mark live objects
[3.532s][info   ][gc,phases      ] GC(493) Phase 1: Mark live objects 3.385ms
[3.532s][info   ][gc,phases,start] GC(493) Phase 2: Prepare for compaction
[3.532s][info   ][gc,phases      ] GC(493) Phase 2: Prepare for compaction 0.195ms
[3.532s][info   ][gc,phases,start] GC(493) Phase 3: Adjust pointers
[3.535s][info   ][gc,phases      ] GC(493) Phase 3: Adjust pointers 2.187ms
[3.535s][info   ][gc,phases,start] GC(493) Phase 4: Compact heap
[3.535s][info   ][gc,phases      ] GC(493) Phase 4: Compact heap 0.119ms
[3.535s][info   ][gc,heap        ] GC(493) Eden regions: 1->0(3)
[3.535s][info   ][gc,heap        ] GC(493) Survivor regions: 0->0(0)
[3.535s][info   ][gc,heap        ] GC(493) Old regions: 2->2
[3.535s][info   ][gc,heap        ] GC(493) Archive regions: 2->2
[3.535s][info   ][gc,heap        ] GC(493) Humongous regions: 0->0
[3.535s][info   ][gc,metaspace   ] GC(493) Metaspace: 9524K(9792K)->9524K(9792K) NonClass: 8366K(8512K)->8366K(8512K) Class: 1157K(1280K)->1157K(1280K)
[3.535s][info   ][gc             ] GC(493) Pause Full (System.gc()) 4M->4M(28M) 6.693ms
[3.535s][info   ][gc,cpu         ] GC(493) User=0.01s Sys=0.00s Real=0.01s
[3.536s][info   ][gc,start       ] GC(494) Pause Full (System.gc())
[3.536s][info   ][gc,task        ] GC(494) Using 1 workers of 10 for full compaction
[3.536s][info   ][gc,phases,start] GC(494) Phase 1: Mark live objects
[3.539s][info   ][gc,phases      ] GC(494) Phase 1: Mark live objects 3.786ms
[3.539s][info   ][gc,phases,start] GC(494) Phase 2: Prepare for compaction
[3.540s][info   ][gc,phases      ] GC(494) Phase 2: Prepare for compaction 0.157ms
[3.540s][info   ][gc,phases,start] GC(494) Phase 3: Adjust pointers
[3.542s][info   ][gc,phases      ] GC(494) Phase 3: Adjust pointers 2.628ms
[3.542s][info   ][gc,phases,start] GC(494) Phase 4: Compact heap
[3.542s][info   ][gc,phases      ] GC(494) Phase 4: Compact heap 0.211ms
[3.543s][info   ][gc,heap        ] GC(494) Eden regions: 0->0(3)
[3.543s][info   ][gc,heap        ] GC(494) Survivor regions: 0->0(0)
[3.543s][info   ][gc,heap        ] GC(494) Old regions: 2->2
[3.543s][info   ][gc,heap        ] GC(494) Archive regions: 2->2
[3.543s][info   ][gc,heap        ] GC(494) Humongous regions: 0->0
[3.543s][info   ][gc,metaspace   ] GC(494) Metaspace: 9524K(9792K)->9524K(9792K) NonClass: 8366K(8512K)->8366K(8512K) Class: 1157K(1280K)->1157K(1280K)
[3.543s][info   ][gc             ] GC(494) Pause Full (System.gc()) 4M->4M(28M) 7.389ms
[3.543s][info   ][gc,cpu         ] GC(494) User=0.00s Sys=0.00s Real=0.00s
[3.544s][info   ][gc,start       ] GC(495) Pause Full (System.gc())
[3.544s][info   ][gc,task        ] GC(495) Using 1 workers of 10 for full compaction
[3.544s][info   ][gc,phases,start] GC(495) Phase 1: Mark live objects
[3.547s][info   ][gc,phases      ] GC(495) Phase 1: Mark live objects 3.234ms
[3.547s][info   ][gc,phases,start] GC(495) Phase 2: Prepare for compaction
[3.547s][info   ][gc,phases      ] GC(495) Phase 2: Prepare for compaction 0.257ms
[3.547s][info   ][gc,phases,start] GC(495) Phase 3: Adjust pointers
[3.549s][info   ][gc,phases      ] GC(495) Phase 3: Adjust pointers 1.475ms
[3.549s][info   ][gc,phases,start] GC(495) Phase 4: Compact heap
[3.549s][info   ][gc,phases      ] GC(495) Phase 4: Compact heap 0.176ms
[3.549s][info   ][gc,heap        ] GC(495) Eden regions: 1->0(3)
[3.549s][info   ][gc,heap        ] GC(495) Survivor regions: 0->0(0)
[3.549s][info   ][gc,heap        ] GC(495) Old regions: 2->2
[3.549s][info   ][gc,heap        ] GC(495) Archive regions: 2->2
[3.549s][info   ][gc,heap        ] GC(495) Humongous regions: 0->0
[3.549s][info   ][gc,metaspace   ] GC(495) Metaspace: 9524K(9792K)->9524K(9792K) NonClass: 8366K(8512K)->8366K(8512K) Class: 1157K(1280K)->1157K(1280K)
[3.549s][info   ][gc             ] GC(495) Pause Full (System.gc()) 4M->4M(28M) 5.709ms
[3.549s][info   ][gc,cpu         ] GC(495) User=0.01s Sys=0.00s Real=0.00s
[3.550s][info   ][gc,start       ] GC(496) Pause Full (System.gc())
[3.550s][info   ][gc,task        ] GC(496) Using 1 workers of 10 for full compaction
[3.550s][info   ][gc,phases,start] GC(496) Phase 1: Mark live objects
[3.553s][info   ][gc,phases      ] GC(496) Phase 1: Mark live objects 3.235ms
[3.553s][info   ][gc,phases,start] GC(496) Phase 2: Prepare for compaction
[3.553s][info   ][gc,phases      ] GC(496) Phase 2: Prepare for compaction 0.196ms
[3.553s][info   ][gc,phases,start] GC(496) Phase 3: Adjust pointers
[3.556s][info   ][gc,phases      ] GC(496) Phase 3: Adjust pointers 2.984ms
[3.556s][info   ][gc,phases,start] GC(496) Phase 4: Compact heap
[3.556s][info   ][gc,phases      ] GC(496) Phase 4: Compact heap 0.178ms
[3.558s][info   ][gc,heap        ] GC(496) Eden regions: 1->0(3)
[3.558s][info   ][gc,heap        ] GC(496) Survivor regions: 0->0(0)
[3.558s][info   ][gc,heap        ] GC(496) Old regions: 2->2
[3.558s][info   ][gc,heap        ] GC(496) Archive regions: 2->2
[3.558s][info   ][gc,heap        ] GC(496) Humongous regions: 0->0
[3.558s][info   ][gc,metaspace   ] GC(496) Metaspace: 9524K(9792K)->9524K(9792K) NonClass: 8366K(8512K)->8366K(8512K) Class: 1157K(1280K)->1157K(1280K)
[3.558s][info   ][gc             ] GC(496) Pause Full (System.gc()) 4M->4M(28M) 7.988ms
[3.558s][info   ][gc,cpu         ] GC(496) User=0.01s Sys=0.00s Real=0.01s
[3.558s][info   ][gc,start       ] GC(497) Pause Full (System.gc())
[3.558s][info   ][gc,task        ] GC(497) Using 1 workers of 10 for full compaction
[3.558s][info   ][gc,phases,start] GC(497) Phase 1: Mark live objects
[3.561s][info   ][gc,phases      ] GC(497) Phase 1: Mark live objects 3.100ms
[3.561s][info   ][gc,phases,start] GC(497) Phase 2: Prepare for compaction
[3.561s][info   ][gc,phases      ] GC(497) Phase 2: Prepare for compaction 0.077ms
[3.561s][info   ][gc,phases,start] GC(497) Phase 3: Adjust pointers
[3.562s][info   ][gc,phases      ] GC(497) Phase 3: Adjust pointers 1.234ms
[3.562s][info   ][gc,phases,start] GC(497) Phase 4: Compact heap
[3.563s][info   ][gc,phases      ] GC(497) Phase 4: Compact heap 0.148ms
[3.563s][info   ][gc,heap        ] GC(497) Eden regions: 0->0(3)
[3.563s][info   ][gc,heap        ] GC(497) Survivor regions: 0->0(0)
[3.563s][info   ][gc,heap        ] GC(497) Old regions: 2->2
[3.563s][info   ][gc,heap        ] GC(497) Archive regions: 2->2
[3.563s][info   ][gc,heap        ] GC(497) Humongous regions: 0->0
[3.563s][info   ][gc,metaspace   ] GC(497) Metaspace: 9524K(9792K)->9524K(9792K) NonClass: 8366K(8512K)->8366K(8512K) Class: 1157K(1280K)->1157K(1280K)
[3.563s][info   ][gc             ] GC(497) Pause Full (System.gc()) 4M->4M(28M) 5.398ms
[3.563s][info   ][gc,cpu         ] GC(497) User=0.00s Sys=0.00s Real=0.00s
[3.564s][info   ][gc,start       ] GC(498) Pause Full (System.gc())
[3.564s][info   ][gc,task        ] GC(498) Using 1 workers of 10 for full compaction
[3.564s][info   ][gc,phases,start] GC(498) Phase 1: Mark live objects
[3.566s][info   ][gc,phases      ] GC(498) Phase 1: Mark live objects 2.389ms
[3.566s][info   ][gc,phases,start] GC(498) Phase 2: Prepare for compaction
[3.567s][info   ][gc,phases      ] GC(498) Phase 2: Prepare for compaction 0.173ms
[3.567s][info   ][gc,phases,start] GC(498) Phase 3: Adjust pointers
[3.568s][info   ][gc,phases      ] GC(498) Phase 3: Adjust pointers 1.127ms
[3.568s][info   ][gc,phases,start] GC(498) Phase 4: Compact heap
[3.568s][info   ][gc,phases      ] GC(498) Phase 4: Compact heap 0.100ms
[3.568s][info   ][gc,heap        ] GC(498) Eden regions: 1->0(3)
[3.568s][info   ][gc,heap        ] GC(498) Survivor regions: 0->0(0)
[3.568s][info   ][gc,heap        ] GC(498) Old regions: 2->2
[3.568s][info   ][gc,heap        ] GC(498) Archive regions: 2->2
[3.568s][info   ][gc,heap        ] GC(498) Humongous regions: 0->0
[3.568s][info   ][gc,metaspace   ] GC(498) Metaspace: 9524K(9792K)->9524K(9792K) NonClass: 8366K(8512K)->8366K(8512K) Class: 1157K(1280K)->1157K(1280K)
[3.568s][info   ][gc             ] GC(498) Pause Full (System.gc()) 4M->4M(28M) 4.596ms
[3.568s][info   ][gc,cpu         ] GC(498) User=0.00s Sys=0.00s Real=0.00s
[3.569s][info   ][gc,start       ] GC(499) Pause Full (System.gc())
[3.569s][info   ][gc,task        ] GC(499) Using 1 workers of 10 for full compaction
[3.569s][info   ][gc,phases,start] GC(499) Phase 1: Mark live objects
[3.572s][info   ][gc,phases      ] GC(499) Phase 1: Mark live objects 2.985ms
[3.572s][info   ][gc,phases,start] GC(499) Phase 2: Prepare for compaction
[3.572s][info   ][gc,phases      ] GC(499) Phase 2: Prepare for compaction 0.215ms
[3.572s][info   ][gc,phases,start] GC(499) Phase 3: Adjust pointers
[3.574s][info   ][gc,phases      ] GC(499) Phase 3: Adjust pointers 2.173ms
[3.574s][info   ][gc,phases,start] GC(499) Phase 4: Compact heap
[3.574s][info   ][gc,phases      ] GC(499) Phase 4: Compact heap 0.193ms
[3.575s][info   ][gc,heap        ] GC(499) Eden regions: 1->0(3)
[3.575s][info   ][gc,heap        ] GC(499) Survivor regions: 0->0(0)
[3.575s][info   ][gc,heap        ] GC(499) Old regions: 2->2
[3.575s][info   ][gc,heap        ] GC(499) Archive regions: 2->2
[3.575s][info   ][gc,heap        ] GC(499) Humongous regions: 0->0
[3.575s][info   ][gc,metaspace   ] GC(499) Metaspace: 9524K(9792K)->9524K(9792K) NonClass: 8366K(8512K)->8366K(8512K) Class: 1157K(1280K)->1157K(1280K)
[3.575s][info   ][gc             ] GC(499) Pause Full (System.gc()) 4M->4M(28M) 6.470ms
[3.575s][info   ][gc,cpu         ] GC(499) User=0.00s Sys=0.00s Real=0.01s
[3.576s][info   ][gc,start       ] GC(500) Pause Full (System.gc())
[3.576s][info   ][gc,task        ] GC(500) Using 1 workers of 10 for full compaction
[3.576s][info   ][gc,phases,start] GC(500) Phase 1: Mark live objects
[3.579s][info   ][gc,phases      ] GC(500) Phase 1: Mark live objects 3.134ms
[3.579s][info   ][gc,phases,start] GC(500) Phase 2: Prepare for compaction
[3.579s][info   ][gc,phases      ] GC(500) Phase 2: Prepare for compaction 0.231ms
[3.579s][info   ][gc,phases,start] GC(500) Phase 3: Adjust pointers
[3.581s][info   ][gc,phases      ] GC(500) Phase 3: Adjust pointers 1.825ms
[3.581s][info   ][gc,phases,start] GC(500) Phase 4: Compact heap
[3.581s][info   ][gc,phases      ] GC(500) Phase 4: Compact heap 0.109ms
[3.582s][info   ][gc,heap        ] GC(500) Eden regions: 1->0(3)
[3.582s][info   ][gc,heap        ] GC(500) Survivor regions: 0->0(0)
[3.582s][info   ][gc,heap        ] GC(500) Old regions: 2->2
[3.582s][info   ][gc,heap        ] GC(500) Archive regions: 2->2
[3.582s][info   ][gc,heap        ] GC(500) Humongous regions: 0->0
[3.582s][info   ][gc,metaspace   ] GC(500) Metaspace: 9524K(9792K)->9524K(9792K) NonClass: 8366K(8512K)->8366K(8512K) Class: 1157K(1280K)->1157K(1280K)
[3.582s][info   ][gc             ] GC(500) Pause Full (System.gc()) 4M->4M(28M) 6.061ms
[3.582s][info   ][gc,cpu         ] GC(500) User=0.01s Sys=0.01s Real=0.00s
[3.582s][info   ][gc,start       ] GC(501) Pause Full (System.gc())
[3.582s][info   ][gc,task        ] GC(501) Using 1 workers of 10 for full compaction
[3.582s][info   ][gc,phases,start] GC(501) Phase 1: Mark live objects
[3.586s][info   ][gc,phases      ] GC(501) Phase 1: Mark live objects 4.119ms
[3.586s][info   ][gc,phases,start] GC(501) Phase 2: Prepare for compaction
[3.587s][info   ][gc,phases      ] GC(501) Phase 2: Prepare for compaction 0.256ms
[3.587s][info   ][gc,phases,start] GC(501) Phase 3: Adjust pointers
[3.590s][info   ][gc,phases      ] GC(501) Phase 3: Adjust pointers 3.190ms
[3.590s][info   ][gc,phases,start] GC(501) Phase 4: Compact heap
[3.590s][info   ][gc,phases      ] GC(501) Phase 4: Compact heap 0.194ms
[3.591s][info   ][gc,heap        ] GC(501) Eden regions: 1->0(3)
[3.591s][info   ][gc,heap        ] GC(501) Survivor regions: 0->0(0)
[3.591s][info   ][gc,heap        ] GC(501) Old regions: 2->2
[3.591s][info   ][gc,heap        ] GC(501) Archive regions: 2->2
[3.591s][info   ][gc,heap        ] GC(501) Humongous regions: 0->0
[3.591s][info   ][gc,metaspace   ] GC(501) Metaspace: 9524K(9792K)->9524K(9792K) NonClass: 8366K(8512K)->8366K(8512K) Class: 1157K(1280K)->1157K(1280K)
[3.591s][info   ][gc             ] GC(501) Pause Full (System.gc()) 4M->4M(28M) 8.619ms
[3.591s][info   ][gc,cpu         ] GC(501) User=0.00s Sys=0.00s Real=0.01s
[3.591s][info   ][gc,start       ] GC(502) Pause Full (System.gc())
[3.591s][info   ][gc,task        ] GC(502) Using 1 workers of 10 for full compaction
[3.591s][info   ][gc,phases,start] GC(502) Phase 1: Mark live objects
[3.595s][info   ][gc,phases      ] GC(502) Phase 1: Mark live objects 3.488ms
[3.595s][info   ][gc,phases,start] GC(502) Phase 2: Prepare for compaction
[3.595s][info   ][gc,phases      ] GC(502) Phase 2: Prepare for compaction 0.086ms
[3.595s][info   ][gc,phases,start] GC(502) Phase 3: Adjust pointers
[3.597s][info   ][gc,phases      ] GC(502) Phase 3: Adjust pointers 2.509ms
[3.597s][info   ][gc,phases,start] GC(502) Phase 4: Compact heap
[3.597s][info   ][gc,phases      ] GC(502) Phase 4: Compact heap 0.077ms
[3.598s][info   ][gc,heap        ] GC(502) Eden regions: 1->0(3)
[3.598s][info   ][gc,heap        ] GC(502) Survivor regions: 0->0(0)
[3.598s][info   ][gc,heap        ] GC(502) Old regions: 2->2
[3.598s][info   ][gc,heap        ] GC(502) Archive regions: 2->2
[3.598s][info   ][gc,heap        ] GC(502) Humongous regions: 0->0
[3.598s][info   ][gc,metaspace   ] GC(502) Metaspace: 9524K(9792K)->9524K(9792K) NonClass: 8366K(8512K)->8366K(8512K) Class: 1157K(1280K)->1157K(1280K)
[3.598s][info   ][gc             ] GC(502) Pause Full (System.gc()) 4M->4M(28M) 7.048ms
[3.598s][info   ][gc,cpu         ] GC(502) User=0.01s Sys=0.00s Real=0.01s
[3.599s][info   ][gc,start       ] GC(503) Pause Full (System.gc())
[3.599s][info   ][gc,task        ] GC(503) Using 1 workers of 10 for full compaction
[3.599s][info   ][gc,phases,start] GC(503) Phase 1: Mark live objects
[3.602s][info   ][gc,phases      ] GC(503) Phase 1: Mark live objects 2.783ms
[3.602s][info   ][gc,phases,start] GC(503) Phase 2: Prepare for compaction
[3.602s][info   ][gc,phases      ] GC(503) Phase 2: Prepare for compaction 0.176ms
[3.602s][info   ][gc,phases,start] GC(503) Phase 3: Adjust pointers
[3.603s][info   ][gc,phases      ] GC(503) Phase 3: Adjust pointers 1.328ms
[3.603s][info   ][gc,phases,start] GC(503) Phase 4: Compact heap
[3.604s][info   ][gc,phases      ] GC(503) Phase 4: Compact heap 0.195ms
[3.604s][info   ][gc,heap        ] GC(503) Eden regions: 1->0(3)
[3.604s][info   ][gc,heap        ] GC(503) Survivor regions: 0->0(0)
[3.604s][info   ][gc,heap        ] GC(503) Old regions: 2->2
[3.604s][info   ][gc,heap        ] GC(503) Archive regions: 2->2
[3.604s][info   ][gc,heap        ] GC(503) Humongous regions: 0->0
[3.604s][info   ][gc,metaspace   ] GC(503) Metaspace: 9524K(9792K)->9524K(9792K) NonClass: 8366K(8512K)->8366K(8512K) Class: 1157K(1280K)->1157K(1280K)
[3.604s][info   ][gc             ] GC(503) Pause Full (System.gc()) 4M->4M(28M) 5.182ms
[3.604s][info   ][gc,cpu         ] GC(503) User=0.01s Sys=0.00s Real=0.01s
[3.604s][info   ][gc,start       ] GC(504) Pause Full (System.gc())
[3.604s][info   ][gc,task        ] GC(504) Using 1 workers of 10 for full compaction
[3.604s][info   ][gc,phases,start] GC(504) Phase 1: Mark live objects
[3.608s][info   ][gc,phases      ] GC(504) Phase 1: Mark live objects 3.687ms
[3.608s][info   ][gc,phases,start] GC(504) Phase 2: Prepare for compaction
[3.608s][info   ][gc,phases      ] GC(504) Phase 2: Prepare for compaction 0.295ms
[3.608s][info   ][gc,phases,start] GC(504) Phase 3: Adjust pointers
[3.611s][info   ][gc,phases      ] GC(504) Phase 3: Adjust pointers 2.224ms
[3.611s][info   ][gc,phases,start] GC(504) Phase 4: Compact heap
[3.611s][info   ][gc,phases      ] GC(504) Phase 4: Compact heap 0.212ms
[3.611s][info   ][gc,heap        ] GC(504) Eden regions: 0->0(3)
[3.611s][info   ][gc,heap        ] GC(504) Survivor regions: 0->0(0)
[3.611s][info   ][gc,heap        ] GC(504) Old regions: 2->2
[3.611s][info   ][gc,heap        ] GC(504) Archive regions: 2->2
[3.611s][info   ][gc,heap        ] GC(504) Humongous regions: 0->0
[3.611s][info   ][gc,metaspace   ] GC(504) Metaspace: 9524K(9792K)->9524K(9792K) NonClass: 8366K(8512K)->8366K(8512K) Class: 1157K(1280K)->1157K(1280K)
[3.611s][info   ][gc             ] GC(504) Pause Full (System.gc()) 4M->4M(28M) 7.038ms
[3.611s][info   ][gc,cpu         ] GC(504) User=0.00s Sys=0.00s Real=0.00s
[3.612s][info   ][gc,start       ] GC(505) Pause Full (System.gc())
[3.612s][info   ][gc,task        ] GC(505) Using 1 workers of 10 for full compaction
[3.612s][info   ][gc,phases,start] GC(505) Phase 1: Mark live objects
[3.616s][info   ][gc,phases      ] GC(505) Phase 1: Mark live objects 3.925ms
[3.616s][info   ][gc,phases,start] GC(505) Phase 2: Prepare for compaction
[3.616s][info   ][gc,phases      ] GC(505) Phase 2: Prepare for compaction 0.136ms
[3.616s][info   ][gc,phases,start] GC(505) Phase 3: Adjust pointers
[3.618s][info   ][gc,phases      ] GC(505) Phase 3: Adjust pointers 1.427ms
[3.618s][info   ][gc,phases,start] GC(505) Phase 4: Compact heap
[3.618s][info   ][gc,phases      ] GC(505) Phase 4: Compact heap 0.218ms
[3.618s][info   ][gc,heap        ] GC(505) Eden regions: 1->0(3)
[3.618s][info   ][gc,heap        ] GC(505) Survivor regions: 0->0(0)
[3.618s][info   ][gc,heap        ] GC(505) Old regions: 2->2
[3.618s][info   ][gc,heap        ] GC(505) Archive regions: 2->2
[3.618s][info   ][gc,heap        ] GC(505) Humongous regions: 0->0
[3.618s][info   ][gc,metaspace   ] GC(505) Metaspace: 9524K(9792K)->9524K(9792K) NonClass: 8366K(8512K)->8366K(8512K) Class: 1157K(1280K)->1157K(1280K)
[3.618s][info   ][gc             ] GC(505) Pause Full (System.gc()) 4M->4M(28M) 6.294ms
[3.618s][info   ][gc,cpu         ] GC(505) User=0.01s Sys=0.00s Real=0.01s
[3.618s][info   ][gc,start       ] GC(506) Pause Full (System.gc())
[3.618s][info   ][gc,task        ] GC(506) Using 1 workers of 10 for full compaction
[3.619s][info   ][gc,phases,start] GC(506) Phase 1: Mark live objects
[3.624s][info   ][gc,phases      ] GC(506) Phase 1: Mark live objects 5.275ms
[3.624s][info   ][gc,phases,start] GC(506) Phase 2: Prepare for compaction
[3.624s][info   ][gc,phases      ] GC(506) Phase 2: Prepare for compaction 0.294ms
[3.624s][info   ][gc,phases,start] GC(506) Phase 3: Adjust pointers
[3.626s][info   ][gc,phases      ] GC(506) Phase 3: Adjust pointers 1.648ms
[3.626s][info   ][gc,phases,start] GC(506) Phase 4: Compact heap
[3.626s][info   ][gc,phases      ] GC(506) Phase 4: Compact heap 0.179ms
[3.627s][info   ][gc,heap        ] GC(506) Eden regions: 0->0(3)
[3.627s][info   ][gc,heap        ] GC(506) Survivor regions: 0->0(0)
[3.627s][info   ][gc,heap        ] GC(506) Old regions: 2->2
[3.627s][info   ][gc,heap        ] GC(506) Archive regions: 2->2
[3.627s][info   ][gc,heap        ] GC(506) Humongous regions: 0->0
[3.627s][info   ][gc,metaspace   ] GC(506) Metaspace: 9524K(9792K)->9524K(9792K) NonClass: 8366K(8512K)->8366K(8512K) Class: 1157K(1280K)->1157K(1280K)
[3.627s][info   ][gc             ] GC(506) Pause Full (System.gc()) 4M->4M(28M) 8.194ms
[3.627s][info   ][gc,cpu         ] GC(506) User=0.01s Sys=0.00s Real=0.01s
[3.627s][info   ][gc,start       ] GC(507) Pause Full (System.gc())
[3.627s][info   ][gc,task        ] GC(507) Using 1 workers of 10 for full compaction
[3.627s][info   ][gc,phases,start] GC(507) Phase 1: Mark live objects
[3.632s][info   ][gc,phases      ] GC(507) Phase 1: Mark live objects 4.245ms
[3.632s][info   ][gc,phases,start] GC(507) Phase 2: Prepare for compaction
[3.632s][info   ][gc,phases      ] GC(507) Phase 2: Prepare for compaction 0.266ms
[3.632s][info   ][gc,phases,start] GC(507) Phase 3: Adjust pointers
[3.634s][info   ][gc,phases      ] GC(507) Phase 3: Adjust pointers 1.813ms
[3.634s][info   ][gc,phases,start] GC(507) Phase 4: Compact heap
[3.634s][info   ][gc,phases      ] GC(507) Phase 4: Compact heap 0.189ms
[3.634s][info   ][gc,heap        ] GC(507) Eden regions: 1->0(3)
[3.634s][info   ][gc,heap        ] GC(507) Survivor regions: 0->0(0)
[3.634s][info   ][gc,heap        ] GC(507) Old regions: 2->2
[3.634s][info   ][gc,heap        ] GC(507) Archive regions: 2->2
[3.634s][info   ][gc,heap        ] GC(507) Humongous regions: 0->0
[3.634s][info   ][gc,metaspace   ] GC(507) Metaspace: 9524K(9792K)->9524K(9792K) NonClass: 8366K(8512K)->8366K(8512K) Class: 1157K(1280K)->1157K(1280K)
[3.634s][info   ][gc             ] GC(507) Pause Full (System.gc()) 4M->4M(28M) 7.198ms
[3.634s][info   ][gc,cpu         ] GC(507) User=0.00s Sys=0.00s Real=0.01s
[3.635s][info   ][gc,start       ] GC(508) Pause Full (System.gc())
[3.635s][info   ][gc,task        ] GC(508) Using 1 workers of 10 for full compaction
[3.635s][info   ][gc,phases,start] GC(508) Phase 1: Mark live objects
[3.639s][info   ][gc,phases      ] GC(508) Phase 1: Mark live objects 4.691ms
[3.639s][info   ][gc,phases,start] GC(508) Phase 2: Prepare for compaction
[3.640s][info   ][gc,phases      ] GC(508) Phase 2: Prepare for compaction 0.208ms
[3.640s][info   ][gc,phases,start] GC(508) Phase 3: Adjust pointers
[3.641s][info   ][gc,phases      ] GC(508) Phase 3: Adjust pointers 1.812ms
[3.641s][info   ][gc,phases,start] GC(508) Phase 4: Compact heap
[3.642s][info   ][gc,phases      ] GC(508) Phase 4: Compact heap 0.199ms
[3.642s][info   ][gc,heap        ] GC(508) Eden regions: 0->0(3)
[3.642s][info   ][gc,heap        ] GC(508) Survivor regions: 0->0(0)
[3.642s][info   ][gc,heap        ] GC(508) Old regions: 2->2
[3.642s][info   ][gc,heap        ] GC(508) Archive regions: 2->2
[3.642s][info   ][gc,heap        ] GC(508) Humongous regions: 0->0
[3.642s][info   ][gc,metaspace   ] GC(508) Metaspace: 9524K(9792K)->9524K(9792K) NonClass: 8366K(8512K)->8366K(8512K) Class: 1157K(1280K)->1157K(1280K)
[3.642s][info   ][gc             ] GC(508) Pause Full (System.gc()) 4M->4M(28M) 7.574ms
[3.642s][info   ][gc,cpu         ] GC(508) User=0.01s Sys=0.00s Real=0.00s
[3.643s][info   ][gc,start       ] GC(509) Pause Full (System.gc())
[3.643s][info   ][gc,task        ] GC(509) Using 1 workers of 10 for full compaction
[3.643s][info   ][gc,phases,start] GC(509) Phase 1: Mark live objects
[3.647s][info   ][gc,phases      ] GC(509) Phase 1: Mark live objects 4.474ms
[3.647s][info   ][gc,phases,start] GC(509) Phase 2: Prepare for compaction
[3.648s][info   ][gc,phases      ] GC(509) Phase 2: Prepare for compaction 0.192ms
[3.648s][info   ][gc,phases,start] GC(509) Phase 3: Adjust pointers
[3.649s][info   ][gc,phases      ] GC(509) Phase 3: Adjust pointers 1.675ms
[3.649s][info   ][gc,phases,start] GC(509) Phase 4: Compact heap
[3.649s][info   ][gc,phases      ] GC(509) Phase 4: Compact heap 0.243ms
[3.650s][info   ][gc,heap        ] GC(509) Eden regions: 1->0(3)
[3.650s][info   ][gc,heap        ] GC(509) Survivor regions: 0->0(0)
[3.650s][info   ][gc,heap        ] GC(509) Old regions: 2->2
[3.650s][info   ][gc,heap        ] GC(509) Archive regions: 2->2
[3.650s][info   ][gc,heap        ] GC(509) Humongous regions: 0->0
[3.650s][info   ][gc,metaspace   ] GC(509) Metaspace: 9524K(9792K)->9524K(9792K) NonClass: 8366K(8512K)->8366K(8512K) Class: 1157K(1280K)->1157K(1280K)
[3.650s][info   ][gc             ] GC(509) Pause Full (System.gc()) 4M->4M(28M) 7.345ms
[3.650s][info   ][gc,cpu         ] GC(509) User=0.01s Sys=0.00s Real=0.01s
[3.650s][info   ][gc,start       ] GC(510) Pause Full (System.gc())
[3.650s][info   ][gc,task        ] GC(510) Using 1 workers of 10 for full compaction
[3.650s][info   ][gc,phases,start] GC(510) Phase 1: Mark live objects
[3.655s][info   ][gc,phases      ] GC(510) Phase 1: Mark live objects 4.812ms
[3.655s][info   ][gc,phases,start] GC(510) Phase 2: Prepare for compaction
[3.655s][info   ][gc,phases      ] GC(510) Phase 2: Prepare for compaction 0.244ms
[3.655s][info   ][gc,phases,start] GC(510) Phase 3: Adjust pointers
[3.657s][info   ][gc,phases      ] GC(510) Phase 3: Adjust pointers 1.790ms
[3.657s][info   ][gc,phases,start] GC(510) Phase 4: Compact heap
[3.657s][info   ][gc,phases      ] GC(510) Phase 4: Compact heap 0.158ms
[3.658s][info   ][gc,heap        ] GC(510) Eden regions: 0->0(3)
[3.658s][info   ][gc,heap        ] GC(510) Survivor regions: 0->0(0)
[3.658s][info   ][gc,heap        ] GC(510) Old regions: 2->2
[3.658s][info   ][gc,heap        ] GC(510) Archive regions: 2->2
[3.658s][info   ][gc,heap        ] GC(510) Humongous regions: 0->0
[3.658s][info   ][gc,metaspace   ] GC(510) Metaspace: 9524K(9792K)->9524K(9792K) NonClass: 8366K(8512K)->8366K(8512K) Class: 1157K(1280K)->1157K(1280K)
[3.658s][info   ][gc             ] GC(510) Pause Full (System.gc()) 4M->4M(28M) 7.882ms
[3.658s][info   ][gc,cpu         ] GC(510) User=0.00s Sys=0.00s Real=0.01s
[3.658s][info   ][gc,start       ] GC(511) Pause Full (System.gc())
[3.658s][info   ][gc,task        ] GC(511) Using 1 workers of 10 for full compaction
[3.658s][info   ][gc,phases,start] GC(511) Phase 1: Mark live objects
[3.662s][info   ][gc,phases      ] GC(511) Phase 1: Mark live objects 3.537ms
[3.662s][info   ][gc,phases,start] GC(511) Phase 2: Prepare for compaction
[3.662s][info   ][gc,phases      ] GC(511) Phase 2: Prepare for compaction 0.219ms
[3.662s][info   ][gc,phases,start] GC(511) Phase 3: Adjust pointers
[3.664s][info   ][gc,phases      ] GC(511) Phase 3: Adjust pointers 1.389ms
[3.664s][info   ][gc,phases,start] GC(511) Phase 4: Compact heap
[3.664s][info   ][gc,phases      ] GC(511) Phase 4: Compact heap 0.159ms
[3.664s][info   ][gc,heap        ] GC(511) Eden regions: 0->0(3)
[3.664s][info   ][gc,heap        ] GC(511) Survivor regions: 0->0(0)
[3.664s][info   ][gc,heap        ] GC(511) Old regions: 2->2
[3.664s][info   ][gc,heap        ] GC(511) Archive regions: 2->2
[3.664s][info   ][gc,heap        ] GC(511) Humongous regions: 0->0
[3.664s][info   ][gc,metaspace   ] GC(511) Metaspace: 9524K(9792K)->9524K(9792K) NonClass: 8366K(8512K)->8366K(8512K) Class: 1157K(1280K)->1157K(1280K)
[3.664s][info   ][gc             ] GC(511) Pause Full (System.gc()) 4M->4M(28M) 5.967ms
[3.664s][info   ][gc,cpu         ] GC(511) User=0.01s Sys=0.00s Real=0.01s
[3.665s][info   ][gc,start       ] GC(512) Pause Full (System.gc())
[3.665s][info   ][gc,task        ] GC(512) Using 1 workers of 10 for full compaction
[3.665s][info   ][gc,phases,start] GC(512) Phase 1: Mark live objects
[3.668s][info   ][gc,phases      ] GC(512) Phase 1: Mark live objects 3.262ms
[3.668s][info   ][gc,phases,start] GC(512) Phase 2: Prepare for compaction
[3.668s][info   ][gc,phases      ] GC(512) Phase 2: Prepare for compaction 0.148ms
[3.668s][info   ][gc,phases,start] GC(512) Phase 3: Adjust pointers
[3.670s][info   ][gc,phases      ] GC(512) Phase 3: Adjust pointers 1.256ms
[3.670s][info   ][gc,phases,start] GC(512) Phase 4: Compact heap
[3.670s][info   ][gc,phases      ] GC(512) Phase 4: Compact heap 0.059ms
[3.670s][info   ][gc,heap        ] GC(512) Eden regions: 1->0(3)
[3.670s][info   ][gc,heap        ] GC(512) Survivor regions: 0->0(0)
[3.670s][info   ][gc,heap        ] GC(512) Old regions: 2->2
[3.670s][info   ][gc,heap        ] GC(512) Archive regions: 2->2
[3.670s][info   ][gc,heap        ] GC(512) Humongous regions: 0->0
[3.670s][info   ][gc,metaspace   ] GC(512) Metaspace: 9524K(9792K)->9524K(9792K) NonClass: 8366K(8512K)->8366K(8512K) Class: 1157K(1280K)->1157K(1280K)
[3.670s][info   ][gc             ] GC(512) Pause Full (System.gc()) 4M->4M(28M) 5.515ms
[3.670s][info   ][gc,cpu         ] GC(512) User=0.00s Sys=0.00s Real=0.00s
[3.671s][info   ][gc,start       ] GC(513) Pause Full (System.gc())
[3.671s][info   ][gc,task        ] GC(513) Using 1 workers of 10 for full compaction
[3.671s][info   ][gc,phases,start] GC(513) Phase 1: Mark live objects
[3.675s][info   ][gc,phases      ] GC(513) Phase 1: Mark live objects 4.101ms
[3.675s][info   ][gc,phases,start] GC(513) Phase 2: Prepare for compaction
[3.675s][info   ][gc,phases      ] GC(513) Phase 2: Prepare for compaction 0.168ms
[3.675s][info   ][gc,phases,start] GC(513) Phase 3: Adjust pointers
[3.677s][info   ][gc,phases      ] GC(513) Phase 3: Adjust pointers 1.647ms
[3.677s][info   ][gc,phases,start] GC(513) Phase 4: Compact heap
[3.677s][info   ][gc,phases      ] GC(513) Phase 4: Compact heap 0.165ms
[3.677s][info   ][gc,heap        ] GC(513) Eden regions: 0->0(3)
[3.677s][info   ][gc,heap        ] GC(513) Survivor regions: 0->0(0)
[3.677s][info   ][gc,heap        ] GC(513) Old regions: 2->2
[3.677s][info   ][gc,heap        ] GC(513) Archive regions: 2->2
[3.677s][info   ][gc,heap        ] GC(513) Humongous regions: 0->0
[3.677s][info   ][gc,metaspace   ] GC(513) Metaspace: 9524K(9792K)->9524K(9792K) NonClass: 8366K(8512K)->8366K(8512K) Class: 1157K(1280K)->1157K(1280K)
[3.677s][info   ][gc             ] GC(513) Pause Full (System.gc()) 4M->4M(28M) 6.773ms
[3.677s][info   ][gc,cpu         ] GC(513) User=0.01s Sys=0.00s Real=0.01s
[3.678s][info   ][gc,start       ] GC(514) Pause Full (System.gc())
[3.678s][info   ][gc,task        ] GC(514) Using 1 workers of 10 for full compaction
[3.678s][info   ][gc,phases,start] GC(514) Phase 1: Mark live objects
[3.681s][info   ][gc,phases      ] GC(514) Phase 1: Mark live objects 2.725ms
[3.681s][info   ][gc,phases,start] GC(514) Phase 2: Prepare for compaction
[3.681s][info   ][gc,phases      ] GC(514) Phase 2: Prepare for compaction 0.157ms
[3.681s][info   ][gc,phases,start] GC(514) Phase 3: Adjust pointers
[3.683s][info   ][gc,phases      ] GC(514) Phase 3: Adjust pointers 1.923ms
[3.683s][info   ][gc,phases,start] GC(514) Phase 4: Compact heap
[3.683s][info   ][gc,phases      ] GC(514) Phase 4: Compact heap 0.098ms
[3.684s][info   ][gc,heap        ] GC(514) Eden regions: 1->0(3)
[3.684s][info   ][gc,heap        ] GC(514) Survivor regions: 0->0(0)
[3.684s][info   ][gc,heap        ] GC(514) Old regions: 2->2
[3.684s][info   ][gc,heap        ] GC(514) Archive regions: 2->2
[3.684s][info   ][gc,heap        ] GC(514) Humongous regions: 0->0
[3.684s][info   ][gc,metaspace   ] GC(514) Metaspace: 9524K(9792K)->9524K(9792K) NonClass: 8366K(8512K)->8366K(8512K) Class: 1157K(1280K)->1157K(1280K)
[3.684s][info   ][gc             ] GC(514) Pause Full (System.gc()) 4M->4M(28M) 5.683ms
[3.684s][info   ][gc,cpu         ] GC(514) User=0.00s Sys=0.00s Real=0.01s
[3.684s][info   ][gc,start       ] GC(515) Pause Full (System.gc())
[3.684s][info   ][gc,task        ] GC(515) Using 1 workers of 10 for full compaction
[3.684s][info   ][gc,phases,start] GC(515) Phase 1: Mark live objects
[3.686s][info   ][gc,phases      ] GC(515) Phase 1: Mark live objects 2.648ms
[3.686s][info   ][gc,phases,start] GC(515) Phase 2: Prepare for compaction
[3.687s][info   ][gc,phases      ] GC(515) Phase 2: Prepare for compaction 0.132ms
[3.687s][info   ][gc,phases,start] GC(515) Phase 3: Adjust pointers
[3.689s][info   ][gc,phases      ] GC(515) Phase 3: Adjust pointers 2.412ms
[3.689s][info   ][gc,phases,start] GC(515) Phase 4: Compact heap
[3.689s][info   ][gc,phases      ] GC(515) Phase 4: Compact heap 0.067ms
[3.690s][info   ][gc,heap        ] GC(515) Eden regions: 0->0(3)
[3.690s][info   ][gc,heap        ] GC(515) Survivor regions: 0->0(0)
[3.690s][info   ][gc,heap        ] GC(515) Old regions: 2->2
[3.690s][info   ][gc,heap        ] GC(515) Archive regions: 2->2
[3.690s][info   ][gc,heap        ] GC(515) Humongous regions: 0->0
[3.690s][info   ][gc,metaspace   ] GC(515) Metaspace: 9524K(9792K)->9524K(9792K) NonClass: 8366K(8512K)->8366K(8512K) Class: 1157K(1280K)->1157K(1280K)
[3.690s][info   ][gc             ] GC(515) Pause Full (System.gc()) 4M->4M(28M) 5.937ms
[3.690s][info   ][gc,cpu         ] GC(515) User=0.01s Sys=0.00s Real=0.00s
[3.690s][info   ][gc,start       ] GC(516) Pause Full (System.gc())
[3.690s][info   ][gc,task        ] GC(516) Using 1 workers of 10 for full compaction
[3.690s][info   ][gc,phases,start] GC(516) Phase 1: Mark live objects
[3.693s][info   ][gc,phases      ] GC(516) Phase 1: Mark live objects 3.109ms
[3.693s][info   ][gc,phases,start] GC(516) Phase 2: Prepare for compaction
[3.694s][info   ][gc,phases      ] GC(516) Phase 2: Prepare for compaction 0.269ms
[3.694s][info   ][gc,phases,start] GC(516) Phase 3: Adjust pointers
[3.695s][info   ][gc,phases      ] GC(516) Phase 3: Adjust pointers 1.475ms
[3.695s][info   ][gc,phases,start] GC(516) Phase 4: Compact heap
[3.695s][info   ][gc,phases      ] GC(516) Phase 4: Compact heap 0.090ms
[3.696s][info   ][gc,heap        ] GC(516) Eden regions: 1->0(3)
[3.696s][info   ][gc,heap        ] GC(516) Survivor regions: 0->0(0)
[3.696s][info   ][gc,heap        ] GC(516) Old regions: 2->2
[3.696s][info   ][gc,heap        ] GC(516) Archive regions: 2->2
[3.696s][info   ][gc,heap        ] GC(516) Humongous regions: 0->0
[3.696s][info   ][gc,metaspace   ] GC(516) Metaspace: 9524K(9792K)->9524K(9792K) NonClass: 8366K(8512K)->8366K(8512K) Class: 1157K(1280K)->1157K(1280K)
[3.696s][info   ][gc             ] GC(516) Pause Full (System.gc()) 4M->4M(28M) 5.569ms
[3.696s][info   ][gc,cpu         ] GC(516) User=0.00s Sys=0.00s Real=0.01s
[3.696s][info   ][gc,start       ] GC(517) Pause Full (System.gc())
[3.696s][info   ][gc,task        ] GC(517) Using 1 workers of 10 for full compaction
[3.696s][info   ][gc,phases,start] GC(517) Phase 1: Mark live objects
[3.699s][info   ][gc,phases      ] GC(517) Phase 1: Mark live objects 3.416ms
[3.699s][info   ][gc,phases,start] GC(517) Phase 2: Prepare for compaction
[3.700s][info   ][gc,phases      ] GC(517) Phase 2: Prepare for compaction 0.164ms
[3.700s][info   ][gc,phases,start] GC(517) Phase 3: Adjust pointers
[3.702s][info   ][gc,phases      ] GC(517) Phase 3: Adjust pointers 1.997ms
[3.702s][info   ][gc,phases,start] GC(517) Phase 4: Compact heap
[3.702s][info   ][gc,phases      ] GC(517) Phase 4: Compact heap 0.136ms
[3.702s][info   ][gc,heap        ] GC(517) Eden regions: 1->0(3)
[3.702s][info   ][gc,heap        ] GC(517) Survivor regions: 0->0(0)
[3.702s][info   ][gc,heap        ] GC(517) Old regions: 2->2
[3.702s][info   ][gc,heap        ] GC(517) Archive regions: 2->2
[3.702s][info   ][gc,heap        ] GC(517) Humongous regions: 0->0
[3.702s][info   ][gc,metaspace   ] GC(517) Metaspace: 9524K(9792K)->9524K(9792K) NonClass: 8366K(8512K)->8366K(8512K) Class: 1157K(1280K)->1157K(1280K)
[3.702s][info   ][gc             ] GC(517) Pause Full (System.gc()) 4M->4M(28M) 6.446ms
[3.702s][info   ][gc,cpu         ] GC(517) User=0.01s Sys=0.00s Real=0.00s
[3.703s][info   ][gc,start       ] GC(518) Pause Full (System.gc())
[3.703s][info   ][gc,task        ] GC(518) Using 1 workers of 10 for full compaction
[3.703s][info   ][gc,phases,start] GC(518) Phase 1: Mark live objects
[3.706s][info   ][gc,phases      ] GC(518) Phase 1: Mark live objects 3.458ms
[3.706s][info   ][gc,phases,start] GC(518) Phase 2: Prepare for compaction
[3.706s][info   ][gc,phases      ] GC(518) Phase 2: Prepare for compaction 0.150ms
[3.706s][info   ][gc,phases,start] GC(518) Phase 3: Adjust pointers
[3.708s][info   ][gc,phases      ] GC(518) Phase 3: Adjust pointers 2.115ms
[3.708s][info   ][gc,phases,start] GC(518) Phase 4: Compact heap
[3.709s][info   ][gc,phases      ] GC(518) Phase 4: Compact heap 0.116ms
[3.709s][info   ][gc,heap        ] GC(518) Eden regions: 0->0(3)
[3.709s][info   ][gc,heap        ] GC(518) Survivor regions: 0->0(0)
[3.709s][info   ][gc,heap        ] GC(518) Old regions: 2->2
[3.709s][info   ][gc,heap        ] GC(518) Archive regions: 2->2
[3.709s][info   ][gc,heap        ] GC(518) Humongous regions: 0->0
[3.709s][info   ][gc,metaspace   ] GC(518) Metaspace: 9524K(9792K)->9524K(9792K) NonClass: 8366K(8512K)->8366K(8512K) Class: 1157K(1280K)->1157K(1280K)
[3.709s][info   ][gc             ] GC(518) Pause Full (System.gc()) 4M->4M(28M) 6.795ms
[3.709s][info   ][gc,cpu         ] GC(518) User=0.00s Sys=0.01s Real=0.01s
[3.710s][info   ][gc,start       ] GC(519) Pause Full (System.gc())
[3.710s][info   ][gc,task        ] GC(519) Using 1 workers of 10 for full compaction
[3.710s][info   ][gc,phases,start] GC(519) Phase 1: Mark live objects
[3.714s][info   ][gc,phases      ] GC(519) Phase 1: Mark live objects 3.975ms
[3.714s][info   ][gc,phases,start] GC(519) Phase 2: Prepare for compaction
[3.714s][info   ][gc,phases      ] GC(519) Phase 2: Prepare for compaction 0.169ms
[3.714s][info   ][gc,phases,start] GC(519) Phase 3: Adjust pointers
[3.716s][info   ][gc,phases      ] GC(519) Phase 3: Adjust pointers 2.055ms
[3.716s][info   ][gc,phases,start] GC(519) Phase 4: Compact heap
[3.716s][info   ][gc,phases      ] GC(519) Phase 4: Compact heap 0.110ms
[3.717s][info   ][gc,heap        ] GC(519) Eden regions: 1->0(3)
[3.717s][info   ][gc,heap        ] GC(519) Survivor regions: 0->0(0)
[3.717s][info   ][gc,heap        ] GC(519) Old regions: 2->2
[3.717s][info   ][gc,heap        ] GC(519) Archive regions: 2->2
[3.717s][info   ][gc,heap        ] GC(519) Humongous regions: 0->0
[3.717s][info   ][gc,metaspace   ] GC(519) Metaspace: 9524K(9792K)->9524K(9792K) NonClass: 8366K(8512K)->8366K(8512K) Class: 1157K(1280K)->1157K(1280K)
[3.717s][info   ][gc             ] GC(519) Pause Full (System.gc()) 4M->4M(28M) 7.176ms
[3.717s][info   ][gc,cpu         ] GC(519) User=0.01s Sys=0.00s Real=0.01s
[3.717s][info   ][gc,start       ] GC(520) Pause Full (System.gc())
[3.717s][info   ][gc,task        ] GC(520) Using 1 workers of 10 for full compaction
[3.717s][info   ][gc,phases,start] GC(520) Phase 1: Mark live objects
[3.721s][info   ][gc,phases      ] GC(520) Phase 1: Mark live objects 3.780ms
[3.721s][info   ][gc,phases,start] GC(520) Phase 2: Prepare for compaction
[3.721s][info   ][gc,phases      ] GC(520) Phase 2: Prepare for compaction 0.155ms
[3.721s][info   ][gc,phases,start] GC(520) Phase 3: Adjust pointers
[3.723s][info   ][gc,phases      ] GC(520) Phase 3: Adjust pointers 2.089ms
[3.723s][info   ][gc,phases,start] GC(520) Phase 4: Compact heap
[3.723s][info   ][gc,phases      ] GC(520) Phase 4: Compact heap 0.064ms
[3.724s][info   ][gc,heap        ] GC(520) Eden regions: 0->0(3)
[3.724s][info   ][gc,heap        ] GC(520) Survivor regions: 0->0(0)
[3.724s][info   ][gc,heap        ] GC(520) Old regions: 2->2
[3.724s][info   ][gc,heap        ] GC(520) Archive regions: 2->2
[3.724s][info   ][gc,heap        ] GC(520) Humongous regions: 0->0
[3.724s][info   ][gc,metaspace   ] GC(520) Metaspace: 9524K(9792K)->9524K(9792K) NonClass: 8366K(8512K)->8366K(8512K) Class: 1157K(1280K)->1157K(1280K)
[3.724s][info   ][gc             ] GC(520) Pause Full (System.gc()) 4M->4M(28M) 6.794ms
[3.724s][info   ][gc,cpu         ] GC(520) User=0.01s Sys=0.00s Real=0.01s
[3.725s][info   ][gc,start       ] GC(521) Pause Full (System.gc())
[3.725s][info   ][gc,task        ] GC(521) Using 1 workers of 10 for full compaction
[3.725s][info   ][gc,phases,start] GC(521) Phase 1: Mark live objects
[3.728s][info   ][gc,phases      ] GC(521) Phase 1: Mark live objects 3.788ms
[3.729s][info   ][gc,phases,start] GC(521) Phase 2: Prepare for compaction
[3.729s][info   ][gc,phases      ] GC(521) Phase 2: Prepare for compaction 0.119ms
[3.729s][info   ][gc,phases,start] GC(521) Phase 3: Adjust pointers
[3.730s][info   ][gc,phases      ] GC(521) Phase 3: Adjust pointers 1.514ms
[3.730s][info   ][gc,phases,start] GC(521) Phase 4: Compact heap
[3.730s][info   ][gc,phases      ] GC(521) Phase 4: Compact heap 0.093ms
[3.731s][info   ][gc,heap        ] GC(521) Eden regions: 1->0(3)
[3.731s][info   ][gc,heap        ] GC(521) Survivor regions: 0->0(0)
[3.731s][info   ][gc,heap        ] GC(521) Old regions: 2->2
[3.731s][info   ][gc,heap        ] GC(521) Archive regions: 2->2
[3.731s][info   ][gc,heap        ] GC(521) Humongous regions: 0->0
[3.731s][info   ][gc,metaspace   ] GC(521) Metaspace: 9524K(9792K)->9524K(9792K) NonClass: 8366K(8512K)->8366K(8512K) Class: 1157K(1280K)->1157K(1280K)
[3.731s][info   ][gc             ] GC(521) Pause Full (System.gc()) 4M->4M(28M) 6.182ms
[3.731s][info   ][gc,cpu         ] GC(521) User=0.00s Sys=0.00s Real=0.00s
[3.731s][info   ][gc,start       ] GC(522) Pause Full (System.gc())
[3.731s][info   ][gc,task        ] GC(522) Using 1 workers of 10 for full compaction
[3.731s][info   ][gc,phases,start] GC(522) Phase 1: Mark live objects
[3.735s][info   ][gc,phases      ] GC(522) Phase 1: Mark live objects 3.480ms
[3.735s][info   ][gc,phases,start] GC(522) Phase 2: Prepare for compaction
[3.735s][info   ][gc,phases      ] GC(522) Phase 2: Prepare for compaction 0.148ms
[3.735s][info   ][gc,phases,start] GC(522) Phase 3: Adjust pointers
[3.736s][info   ][gc,phases      ] GC(522) Phase 3: Adjust pointers 1.661ms
[3.736s][info   ][gc,phases,start] GC(522) Phase 4: Compact heap
[3.736s][info   ][gc,phases      ] GC(522) Phase 4: Compact heap 0.076ms
[3.737s][info   ][gc,heap        ] GC(522) Eden regions: 0->0(3)
[3.737s][info   ][gc,heap        ] GC(522) Survivor regions: 0->0(0)
[3.737s][info   ][gc,heap        ] GC(522) Old regions: 2->2
[3.737s][info   ][gc,heap        ] GC(522) Archive regions: 2->2
[3.737s][info   ][gc,heap        ] GC(522) Humongous regions: 0->0
[3.737s][info   ][gc,metaspace   ] GC(522) Metaspace: 9524K(9792K)->9524K(9792K) NonClass: 8366K(8512K)->8366K(8512K) Class: 1157K(1280K)->1157K(1280K)
[3.737s][info   ][gc             ] GC(522) Pause Full (System.gc()) 4M->4M(28M) 6.012ms
[3.737s][info   ][gc,cpu         ] GC(522) User=0.01s Sys=0.00s Real=0.01s
[3.738s][info   ][gc,start       ] GC(523) Pause Full (System.gc())
[3.738s][info   ][gc,task        ] GC(523) Using 1 workers of 10 for full compaction
[3.738s][info   ][gc,phases,start] GC(523) Phase 1: Mark live objects
[3.741s][info   ][gc,phases      ] GC(523) Phase 1: Mark live objects 3.805ms
[3.741s][info   ][gc,phases,start] GC(523) Phase 2: Prepare for compaction
[3.742s][info   ][gc,phases      ] GC(523) Phase 2: Prepare for compaction 0.166ms
[3.742s][info   ][gc,phases,start] GC(523) Phase 3: Adjust pointers
[3.744s][info   ][gc,phases      ] GC(523) Phase 3: Adjust pointers 2.264ms
[3.744s][info   ][gc,phases,start] GC(523) Phase 4: Compact heap
[3.744s][info   ][gc,phases      ] GC(523) Phase 4: Compact heap 0.131ms
[3.745s][info   ][gc,heap        ] GC(523) Eden regions: 1->0(3)
[3.745s][info   ][gc,heap        ] GC(523) Survivor regions: 0->0(0)
[3.745s][info   ][gc,heap        ] GC(523) Old regions: 2->2
[3.745s][info   ][gc,heap        ] GC(523) Archive regions: 2->2
[3.745s][info   ][gc,heap        ] GC(523) Humongous regions: 0->0
[3.745s][info   ][gc,metaspace   ] GC(523) Metaspace: 9524K(9792K)->9524K(9792K) NonClass: 8366K(8512K)->8366K(8512K) Class: 1157K(1280K)->1157K(1280K)
[3.745s][info   ][gc             ] GC(523) Pause Full (System.gc()) 4M->4M(28M) 7.190ms
[3.745s][info   ][gc,cpu         ] GC(523) User=0.01s Sys=0.00s Real=0.01s
[3.745s][info   ][gc,start       ] GC(524) Pause Full (System.gc())
[3.745s][info   ][gc,task        ] GC(524) Using 1 workers of 10 for full compaction
[3.745s][info   ][gc,phases,start] GC(524) Phase 1: Mark live objects
[3.749s][info   ][gc,phases      ] GC(524) Phase 1: Mark live objects 3.632ms
[3.749s][info   ][gc,phases,start] GC(524) Phase 2: Prepare for compaction
[3.749s][info   ][gc,phases      ] GC(524) Phase 2: Prepare for compaction 0.123ms
[3.749s][info   ][gc,phases,start] GC(524) Phase 3: Adjust pointers
[3.751s][info   ][gc,phases      ] GC(524) Phase 3: Adjust pointers 1.893ms
[3.751s][info   ][gc,phases,start] GC(524) Phase 4: Compact heap
[3.751s][info   ][gc,phases      ] GC(524) Phase 4: Compact heap 0.111ms
[3.751s][info   ][gc,heap        ] GC(524) Eden regions: 1->0(3)
[3.751s][info   ][gc,heap        ] GC(524) Survivor regions: 0->0(0)
[3.751s][info   ][gc,heap        ] GC(524) Old regions: 2->2
[3.751s][info   ][gc,heap        ] GC(524) Archive regions: 2->2
[3.751s][info   ][gc,heap        ] GC(524) Humongous regions: 0->0
[3.751s][info   ][gc,metaspace   ] GC(524) Metaspace: 9524K(9792K)->9524K(9792K) NonClass: 8366K(8512K)->8366K(8512K) Class: 1157K(1280K)->1157K(1280K)
[3.751s][info   ][gc             ] GC(524) Pause Full (System.gc()) 4M->4M(28M) 6.449ms
[3.751s][info   ][gc,cpu         ] GC(524) User=0.00s Sys=0.00s Real=0.00s
[3.752s][info   ][gc,start       ] GC(525) Pause Full (System.gc())
[3.752s][info   ][gc,task        ] GC(525) Using 1 workers of 10 for full compaction
[3.752s][info   ][gc,phases,start] GC(525) Phase 1: Mark live objects
[3.755s][info   ][gc,phases      ] GC(525) Phase 1: Mark live objects 3.435ms
[3.755s][info   ][gc,phases,start] GC(525) Phase 2: Prepare for compaction
[3.756s][info   ][gc,phases      ] GC(525) Phase 2: Prepare for compaction 0.274ms
[3.756s][info   ][gc,phases,start] GC(525) Phase 3: Adjust pointers
[3.758s][info   ][gc,phases      ] GC(525) Phase 3: Adjust pointers 2.061ms
[3.758s][info   ][gc,phases,start] GC(525) Phase 4: Compact heap
[3.758s][info   ][gc,phases      ] GC(525) Phase 4: Compact heap 0.238ms
[3.759s][info   ][gc,heap        ] GC(525) Eden regions: 0->0(3)
[3.759s][info   ][gc,heap        ] GC(525) Survivor regions: 0->0(0)
[3.759s][info   ][gc,heap        ] GC(525) Old regions: 2->2
[3.759s][info   ][gc,heap        ] GC(525) Archive regions: 2->2
[3.759s][info   ][gc,heap        ] GC(525) Humongous regions: 0->0
[3.759s][info   ][gc,metaspace   ] GC(525) Metaspace: 9524K(9792K)->9524K(9792K) NonClass: 8366K(8512K)->8366K(8512K) Class: 1157K(1280K)->1157K(1280K)
[3.759s][info   ][gc             ] GC(525) Pause Full (System.gc()) 4M->4M(28M) 6.915ms
[3.759s][info   ][gc,cpu         ] GC(525) User=0.01s Sys=0.00s Real=0.01s
[3.759s][info   ][gc,start       ] GC(526) Pause Full (System.gc())
[3.759s][info   ][gc,task        ] GC(526) Using 1 workers of 10 for full compaction
[3.759s][info   ][gc,phases,start] GC(526) Phase 1: Mark live objects
[3.762s][info   ][gc,phases      ] GC(526) Phase 1: Mark live objects 3.062ms
[3.762s][info   ][gc,phases,start] GC(526) Phase 2: Prepare for compaction
[3.763s][info   ][gc,phases      ] GC(526) Phase 2: Prepare for compaction 0.328ms
[3.763s][info   ][gc,phases,start] GC(526) Phase 3: Adjust pointers
[3.764s][info   ][gc,phases      ] GC(526) Phase 3: Adjust pointers 1.680ms
[3.764s][info   ][gc,phases,start] GC(526) Phase 4: Compact heap
[3.765s][info   ][gc,phases      ] GC(526) Phase 4: Compact heap 0.138ms
[3.765s][info   ][gc,heap        ] GC(526) Eden regions: 1->0(3)
[3.765s][info   ][gc,heap        ] GC(526) Survivor regions: 0->0(0)
[3.765s][info   ][gc,heap        ] GC(526) Old regions: 2->2
[3.765s][info   ][gc,heap        ] GC(526) Archive regions: 2->2
[3.765s][info   ][gc,heap        ] GC(526) Humongous regions: 0->0
[3.765s][info   ][gc,metaspace   ] GC(526) Metaspace: 9524K(9792K)->9524K(9792K) NonClass: 8366K(8512K)->8366K(8512K) Class: 1157K(1280K)->1157K(1280K)
[3.765s][info   ][gc             ] GC(526) Pause Full (System.gc()) 4M->4M(28M) 5.888ms
[3.765s][info   ][gc,cpu         ] GC(526) User=0.00s Sys=0.00s Real=0.01s
[3.765s][info   ][gc,start       ] GC(527) Pause Full (System.gc())
[3.765s][info   ][gc,task        ] GC(527) Using 1 workers of 10 for full compaction
[3.765s][info   ][gc,phases,start] GC(527) Phase 1: Mark live objects
[3.769s][info   ][gc,phases      ] GC(527) Phase 1: Mark live objects 3.641ms
[3.769s][info   ][gc,phases,start] GC(527) Phase 2: Prepare for compaction
[3.769s][info   ][gc,phases      ] GC(527) Phase 2: Prepare for compaction 0.143ms
[3.769s][info   ][gc,phases,start] GC(527) Phase 3: Adjust pointers
[3.771s][info   ][gc,phases      ] GC(527) Phase 3: Adjust pointers 1.649ms
[3.771s][info   ][gc,phases,start] GC(527) Phase 4: Compact heap
[3.771s][info   ][gc,phases      ] GC(527) Phase 4: Compact heap 0.320ms
[3.772s][info   ][gc,heap        ] GC(527) Eden regions: 0->0(3)
[3.772s][info   ][gc,heap        ] GC(527) Survivor regions: 0->0(0)
[3.772s][info   ][gc,heap        ] GC(527) Old regions: 2->2
[3.772s][info   ][gc,heap        ] GC(527) Archive regions: 2->2
[3.772s][info   ][gc,heap        ] GC(527) Humongous regions: 0->0
[3.772s][info   ][gc,metaspace   ] GC(527) Metaspace: 9524K(9792K)->9524K(9792K) NonClass: 8366K(8512K)->8366K(8512K) Class: 1157K(1280K)->1157K(1280K)
[3.772s][info   ][gc             ] GC(527) Pause Full (System.gc()) 4M->4M(28M) 6.772ms
[3.772s][info   ][gc,cpu         ] GC(527) User=0.01s Sys=0.00s Real=0.00s
[3.772s][info   ][gc,start       ] GC(528) Pause Full (System.gc())
[3.772s][info   ][gc,task        ] GC(528) Using 1 workers of 10 for full compaction
[3.773s][info   ][gc,phases,start] GC(528) Phase 1: Mark live objects
[3.776s][info   ][gc,phases      ] GC(528) Phase 1: Mark live objects 3.282ms
[3.776s][info   ][gc,phases,start] GC(528) Phase 2: Prepare for compaction
[3.776s][info   ][gc,phases      ] GC(528) Phase 2: Prepare for compaction 0.173ms
[3.776s][info   ][gc,phases,start] GC(528) Phase 3: Adjust pointers
[3.778s][info   ][gc,phases      ] GC(528) Phase 3: Adjust pointers 1.498ms
[3.778s][info   ][gc,phases,start] GC(528) Phase 4: Compact heap
[3.778s][info   ][gc,phases      ] GC(528) Phase 4: Compact heap 0.139ms
[3.778s][info   ][gc,heap        ] GC(528) Eden regions: 1->0(3)
[3.778s][info   ][gc,heap        ] GC(528) Survivor regions: 0->0(0)
[3.778s][info   ][gc,heap        ] GC(528) Old regions: 2->2
[3.778s][info   ][gc,heap        ] GC(528) Archive regions: 2->2
[3.778s][info   ][gc,heap        ] GC(528) Humongous regions: 0->0
[3.778s][info   ][gc,metaspace   ] GC(528) Metaspace: 9524K(9792K)->9524K(9792K) NonClass: 8366K(8512K)->8366K(8512K) Class: 1157K(1280K)->1157K(1280K)
[3.778s][info   ][gc             ] GC(528) Pause Full (System.gc()) 4M->4M(28M) 5.808ms
[3.778s][info   ][gc,cpu         ] GC(528) User=0.00s Sys=0.00s Real=0.01s
[3.779s][info   ][gc,start       ] GC(529) Pause Full (System.gc())
[3.779s][info   ][gc,task        ] GC(529) Using 1 workers of 10 for full compaction
[3.779s][info   ][gc,phases,start] GC(529) Phase 1: Mark live objects
[3.782s][info   ][gc,phases      ] GC(529) Phase 1: Mark live objects 3.861ms
[3.782s][info   ][gc,phases,start] GC(529) Phase 2: Prepare for compaction
[3.783s][info   ][gc,phases      ] GC(529) Phase 2: Prepare for compaction 0.195ms
[3.783s][info   ][gc,phases,start] GC(529) Phase 3: Adjust pointers
[3.785s][info   ][gc,phases      ] GC(529) Phase 3: Adjust pointers 1.853ms
[3.785s][info   ][gc,phases,start] GC(529) Phase 4: Compact heap
[3.785s][info   ][gc,phases      ] GC(529) Phase 4: Compact heap 0.101ms
[3.785s][info   ][gc,heap        ] GC(529) Eden regions: 1->0(3)
[3.785s][info   ][gc,heap        ] GC(529) Survivor regions: 0->0(0)
[3.785s][info   ][gc,heap        ] GC(529) Old regions: 2->2
[3.785s][info   ][gc,heap        ] GC(529) Archive regions: 2->2
[3.785s][info   ][gc,heap        ] GC(529) Humongous regions: 0->0
[3.785s][info   ][gc,metaspace   ] GC(529) Metaspace: 9524K(9792K)->9524K(9792K) NonClass: 8366K(8512K)->8366K(8512K) Class: 1157K(1280K)->1157K(1280K)
[3.785s][info   ][gc             ] GC(529) Pause Full (System.gc()) 4M->4M(28M) 6.566ms
[3.785s][info   ][gc,cpu         ] GC(529) User=0.01s Sys=0.00s Real=0.01s
[3.785s][info   ][gc,start       ] GC(530) Pause Full (System.gc())
[3.785s][info   ][gc,task        ] GC(530) Using 1 workers of 10 for full compaction
[3.785s][info   ][gc,phases,start] GC(530) Phase 1: Mark live objects
[3.788s][info   ][gc,phases      ] GC(530) Phase 1: Mark live objects 2.723ms
[3.788s][info   ][gc,phases,start] GC(530) Phase 2: Prepare for compaction
[3.788s][info   ][gc,phases      ] GC(530) Phase 2: Prepare for compaction 0.137ms
[3.788s][info   ][gc,phases,start] GC(530) Phase 3: Adjust pointers
[3.790s][info   ][gc,phases      ] GC(530) Phase 3: Adjust pointers 1.779ms
[3.790s][info   ][gc,phases,start] GC(530) Phase 4: Compact heap
[3.790s][info   ][gc,phases      ] GC(530) Phase 4: Compact heap 0.074ms
[3.791s][info   ][gc,heap        ] GC(530) Eden regions: 0->0(3)
[3.791s][info   ][gc,heap        ] GC(530) Survivor regions: 0->0(0)
[3.791s][info   ][gc,heap        ] GC(530) Old regions: 2->2
[3.791s][info   ][gc,heap        ] GC(530) Archive regions: 2->2
[3.791s][info   ][gc,heap        ] GC(530) Humongous regions: 0->0
[3.791s][info   ][gc,metaspace   ] GC(530) Metaspace: 9524K(9792K)->9524K(9792K) NonClass: 8366K(8512K)->8366K(8512K) Class: 1157K(1280K)->1157K(1280K)
[3.791s][info   ][gc             ] GC(530) Pause Full (System.gc()) 4M->4M(28M) 5.524ms
[3.791s][info   ][gc,cpu         ] GC(530) User=0.01s Sys=0.00s Real=0.00s
[3.791s][info   ][gc,start       ] GC(531) Pause Full (System.gc())
[3.791s][info   ][gc,task        ] GC(531) Using 1 workers of 10 for full compaction
[3.791s][info   ][gc,phases,start] GC(531) Phase 1: Mark live objects
[3.796s][info   ][gc,phases      ] GC(531) Phase 1: Mark live objects 4.819ms
[3.796s][info   ][gc,phases,start] GC(531) Phase 2: Prepare for compaction
[3.796s][info   ][gc,phases      ] GC(531) Phase 2: Prepare for compaction 0.152ms
[3.796s][info   ][gc,phases,start] GC(531) Phase 3: Adjust pointers
[3.798s][info   ][gc,phases      ] GC(531) Phase 3: Adjust pointers 1.664ms
[3.798s][info   ][gc,phases,start] GC(531) Phase 4: Compact heap
[3.798s][info   ][gc,phases      ] GC(531) Phase 4: Compact heap 0.089ms
[3.798s][info   ][gc,heap        ] GC(531) Eden regions: 1->0(3)
[3.798s][info   ][gc,heap        ] GC(531) Survivor regions: 0->0(0)
[3.798s][info   ][gc,heap        ] GC(531) Old regions: 2->2
[3.798s][info   ][gc,heap        ] GC(531) Archive regions: 2->2
[3.798s][info   ][gc,heap        ] GC(531) Humongous regions: 0->0
[3.798s][info   ][gc,metaspace   ] GC(531) Metaspace: 9524K(9792K)->9524K(9792K) NonClass: 8366K(8512K)->8366K(8512K) Class: 1157K(1280K)->1157K(1280K)
[3.798s][info   ][gc             ] GC(531) Pause Full (System.gc()) 4M->4M(28M) 7.221ms
[3.798s][info   ][gc,cpu         ] GC(531) User=0.00s Sys=0.00s Real=0.01s
[3.799s][info   ][gc,start       ] GC(532) Pause Full (System.gc())
[3.799s][info   ][gc,task        ] GC(532) Using 1 workers of 10 for full compaction
[3.799s][info   ][gc,phases,start] GC(532) Phase 1: Mark live objects
[3.802s][info   ][gc,phases      ] GC(532) Phase 1: Mark live objects 3.097ms
[3.802s][info   ][gc,phases,start] GC(532) Phase 2: Prepare for compaction
[3.802s][info   ][gc,phases      ] GC(532) Phase 2: Prepare for compaction 0.098ms
[3.802s][info   ][gc,phases,start] GC(532) Phase 3: Adjust pointers
[3.804s][info   ][gc,phases      ] GC(532) Phase 3: Adjust pointers 1.641ms
[3.804s][info   ][gc,phases,start] GC(532) Phase 4: Compact heap
[3.804s][info   ][gc,phases      ] GC(532) Phase 4: Compact heap 0.102ms
[3.804s][info   ][gc,heap        ] GC(532) Eden regions: 1->0(3)
[3.804s][info   ][gc,heap        ] GC(532) Survivor regions: 0->0(0)
[3.804s][info   ][gc,heap        ] GC(532) Old regions: 2->2
[3.804s][info   ][gc,heap        ] GC(532) Archive regions: 2->2
[3.804s][info   ][gc,heap        ] GC(532) Humongous regions: 0->0
[3.804s][info   ][gc,metaspace   ] GC(532) Metaspace: 9524K(9792K)->9524K(9792K) NonClass: 8366K(8512K)->8366K(8512K) Class: 1157K(1280K)->1157K(1280K)
[3.804s][info   ][gc             ] GC(532) Pause Full (System.gc()) 4M->4M(28M) 5.290ms
[3.804s][info   ][gc,cpu         ] GC(532) User=0.01s Sys=0.00s Real=0.01s
[3.804s][info   ][gc,start       ] GC(533) Pause Full (System.gc())
[3.804s][info   ][gc,task        ] GC(533) Using 1 workers of 10 for full compaction
[3.804s][info   ][gc,phases,start] GC(533) Phase 1: Mark live objects
[3.808s][info   ][gc,phases      ] GC(533) Phase 1: Mark live objects 3.675ms
[3.808s][info   ][gc,phases,start] GC(533) Phase 2: Prepare for compaction
[3.808s][info   ][gc,phases      ] GC(533) Phase 2: Prepare for compaction 0.215ms
[3.808s][info   ][gc,phases,start] GC(533) Phase 3: Adjust pointers
[3.810s][info   ][gc,phases      ] GC(533) Phase 3: Adjust pointers 2.082ms
[3.810s][info   ][gc,phases,start] GC(533) Phase 4: Compact heap
[3.811s][info   ][gc,phases      ] GC(533) Phase 4: Compact heap 0.204ms
[3.811s][info   ][gc,heap        ] GC(533) Eden regions: 1->0(3)
[3.811s][info   ][gc,heap        ] GC(533) Survivor regions: 0->0(0)
[3.811s][info   ][gc,heap        ] GC(533) Old regions: 2->2
[3.811s][info   ][gc,heap        ] GC(533) Archive regions: 2->2
[3.811s][info   ][gc,heap        ] GC(533) Humongous regions: 0->0
[3.811s][info   ][gc,metaspace   ] GC(533) Metaspace: 9524K(9792K)->9524K(9792K) NonClass: 8366K(8512K)->8366K(8512K) Class: 1157K(1280K)->1157K(1280K)
[3.811s][info   ][gc             ] GC(533) Pause Full (System.gc()) 4M->4M(28M) 7.194ms
[3.811s][info   ][gc,cpu         ] GC(533) User=0.01s Sys=0.00s Real=0.00s
[3.812s][info   ][gc,start       ] GC(534) Pause Full (System.gc())
[3.812s][info   ][gc,task        ] GC(534) Using 1 workers of 10 for full compaction
[3.812s][info   ][gc,phases,start] GC(534) Phase 1: Mark live objects
[3.815s][info   ][gc,phases      ] GC(534) Phase 1: Mark live objects 3.610ms
[3.815s][info   ][gc,phases,start] GC(534) Phase 2: Prepare for compaction
[3.816s][info   ][gc,phases      ] GC(534) Phase 2: Prepare for compaction 0.367ms
[3.816s][info   ][gc,phases,start] GC(534) Phase 3: Adjust pointers
[3.818s][info   ][gc,phases      ] GC(534) Phase 3: Adjust pointers 1.915ms
[3.818s][info   ][gc,phases,start] GC(534) Phase 4: Compact heap
[3.818s][info   ][gc,phases      ] GC(534) Phase 4: Compact heap 0.153ms
[3.819s][info   ][gc,heap        ] GC(534) Eden regions: 0->0(3)
[3.819s][info   ][gc,heap        ] GC(534) Survivor regions: 0->0(0)
[3.819s][info   ][gc,heap        ] GC(534) Old regions: 2->2
[3.819s][info   ][gc,heap        ] GC(534) Archive regions: 2->2
[3.819s][info   ][gc,heap        ] GC(534) Humongous regions: 0->0
[3.819s][info   ][gc,metaspace   ] GC(534) Metaspace: 9524K(9792K)->9524K(9792K) NonClass: 8366K(8512K)->8366K(8512K) Class: 1157K(1280K)->1157K(1280K)
[3.819s][info   ][gc             ] GC(534) Pause Full (System.gc()) 4M->4M(28M) 6.895ms
[3.819s][info   ][gc,cpu         ] GC(534) User=0.00s Sys=0.00s Real=0.01s
[3.819s][info   ][gc,start       ] GC(535) Pause Full (System.gc())
[3.819s][info   ][gc,task        ] GC(535) Using 1 workers of 10 for full compaction
[3.819s][info   ][gc,phases,start] GC(535) Phase 1: Mark live objects
[3.823s][info   ][gc,phases      ] GC(535) Phase 1: Mark live objects 4.317ms
[3.824s][info   ][gc,phases,start] GC(535) Phase 2: Prepare for compaction
[3.824s][info   ][gc,phases      ] GC(535) Phase 2: Prepare for compaction 0.157ms
[3.824s][info   ][gc,phases,start] GC(535) Phase 3: Adjust pointers
[3.826s][info   ][gc,phases      ] GC(535) Phase 3: Adjust pointers 2.038ms
[3.826s][info   ][gc,phases,start] GC(535) Phase 4: Compact heap
[3.826s][info   ][gc,phases      ] GC(535) Phase 4: Compact heap 0.197ms
[3.827s][info   ][gc,heap        ] GC(535) Eden regions: 1->0(3)
[3.827s][info   ][gc,heap        ] GC(535) Survivor regions: 0->0(0)
[3.827s][info   ][gc,heap        ] GC(535) Old regions: 2->2
[3.827s][info   ][gc,heap        ] GC(535) Archive regions: 2->2
[3.827s][info   ][gc,heap        ] GC(535) Humongous regions: 0->0
[3.827s][info   ][gc,metaspace   ] GC(535) Metaspace: 9524K(9792K)->9524K(9792K) NonClass: 8366K(8512K)->8366K(8512K) Class: 1157K(1280K)->1157K(1280K)
[3.827s][info   ][gc             ] GC(535) Pause Full (System.gc()) 4M->4M(28M) 7.631ms
[3.827s][info   ][gc,cpu         ] GC(535) User=0.01s Sys=0.00s Real=0.01s
[3.827s][info   ][gc,start       ] GC(536) Pause Full (System.gc())
[3.827s][info   ][gc,task        ] GC(536) Using 1 workers of 10 for full compaction
[3.827s][info   ][gc,phases,start] GC(536) Phase 1: Mark live objects
[3.831s][info   ][gc,phases      ] GC(536) Phase 1: Mark live objects 4.037ms
[3.831s][info   ][gc,phases,start] GC(536) Phase 2: Prepare for compaction
[3.831s][info   ][gc,phases      ] GC(536) Phase 2: Prepare for compaction 0.169ms
[3.831s][info   ][gc,phases,start] GC(536) Phase 3: Adjust pointers
[3.833s][info   ][gc,phases      ] GC(536) Phase 3: Adjust pointers 1.901ms
[3.833s][info   ][gc,phases,start] GC(536) Phase 4: Compact heap
[3.833s][info   ][gc,phases      ] GC(536) Phase 4: Compact heap 0.130ms
[3.834s][info   ][gc,heap        ] GC(536) Eden regions: 0->0(3)
[3.834s][info   ][gc,heap        ] GC(536) Survivor regions: 0->0(0)
[3.834s][info   ][gc,heap        ] GC(536) Old regions: 2->2
[3.834s][info   ][gc,heap        ] GC(536) Archive regions: 2->2
[3.834s][info   ][gc,heap        ] GC(536) Humongous regions: 0->0
[3.834s][info   ][gc,metaspace   ] GC(536) Metaspace: 9524K(9792K)->9524K(9792K) NonClass: 8366K(8512K)->8366K(8512K) Class: 1157K(1280K)->1157K(1280K)
[3.834s][info   ][gc             ] GC(536) Pause Full (System.gc()) 4M->4M(28M) 7.024ms
[3.834s][info   ][gc,cpu         ] GC(536) User=0.01s Sys=0.00s Real=0.01s
[3.835s][info   ][gc,start       ] GC(537) Pause Full (System.gc())
[3.835s][info   ][gc,task        ] GC(537) Using 1 workers of 10 for full compaction
[3.835s][info   ][gc,phases,start] GC(537) Phase 1: Mark live objects
[3.840s][info   ][gc,phases      ] GC(537) Phase 1: Mark live objects 4.605ms
[3.840s][info   ][gc,phases,start] GC(537) Phase 2: Prepare for compaction
[3.840s][info   ][gc,phases      ] GC(537) Phase 2: Prepare for compaction 0.288ms
[3.840s][info   ][gc,phases,start] GC(537) Phase 3: Adjust pointers
[3.842s][info   ][gc,phases      ] GC(537) Phase 3: Adjust pointers 1.949ms
[3.842s][info   ][gc,phases,start] GC(537) Phase 4: Compact heap
[3.842s][info   ][gc,phases      ] GC(537) Phase 4: Compact heap 0.091ms
[3.843s][info   ][gc,heap        ] GC(537) Eden regions: 1->0(3)
[3.843s][info   ][gc,heap        ] GC(537) Survivor regions: 0->0(0)
[3.843s][info   ][gc,heap        ] GC(537) Old regions: 2->2
[3.843s][info   ][gc,heap        ] GC(537) Archive regions: 2->2
[3.843s][info   ][gc,heap        ] GC(537) Humongous regions: 0->0
[3.843s][info   ][gc,metaspace   ] GC(537) Metaspace: 9524K(9792K)->9524K(9792K) NonClass: 8366K(8512K)->8366K(8512K) Class: 1157K(1280K)->1157K(1280K)
[3.843s][info   ][gc             ] GC(537) Pause Full (System.gc()) 4M->4M(28M) 7.696ms
[3.843s][info   ][gc,cpu         ] GC(537) User=0.00s Sys=0.00s Real=0.00s
[3.843s][info   ][gc,start       ] GC(538) Pause Full (System.gc())
[3.843s][info   ][gc,task        ] GC(538) Using 1 workers of 10 for full compaction
[3.843s][info   ][gc,phases,start] GC(538) Phase 1: Mark live objects
[3.846s][info   ][gc,phases      ] GC(538) Phase 1: Mark live objects 3.405ms
[3.846s][info   ][gc,phases,start] GC(538) Phase 2: Prepare for compaction
[3.846s][info   ][gc,phases      ] GC(538) Phase 2: Prepare for compaction 0.130ms
[3.846s][info   ][gc,phases,start] GC(538) Phase 3: Adjust pointers
[3.848s][info   ][gc,phases      ] GC(538) Phase 3: Adjust pointers 2.155ms
[3.848s][info   ][gc,phases,start] GC(538) Phase 4: Compact heap
[3.849s][info   ][gc,phases      ] GC(538) Phase 4: Compact heap 0.219ms
[3.849s][info   ][gc,heap        ] GC(538) Eden regions: 0->0(3)
[3.849s][info   ][gc,heap        ] GC(538) Survivor regions: 0->0(0)
[3.849s][info   ][gc,heap        ] GC(538) Old regions: 2->2
[3.849s][info   ][gc,heap        ] GC(538) Archive regions: 2->2
[3.849s][info   ][gc,heap        ] GC(538) Humongous regions: 0->0
[3.849s][info   ][gc,metaspace   ] GC(538) Metaspace: 9524K(9792K)->9524K(9792K) NonClass: 8366K(8512K)->8366K(8512K) Class: 1157K(1280K)->1157K(1280K)
[3.849s][info   ][gc             ] GC(538) Pause Full (System.gc()) 4M->4M(28M) 6.547ms
[3.849s][info   ][gc,cpu         ] GC(538) User=0.01s Sys=0.00s Real=0.01s
[3.850s][info   ][gc,start       ] GC(539) Pause Full (System.gc())
[3.850s][info   ][gc,task        ] GC(539) Using 1 workers of 10 for full compaction
[3.850s][info   ][gc,phases,start] GC(539) Phase 1: Mark live objects
[3.853s][info   ][gc,phases      ] GC(539) Phase 1: Mark live objects 3.661ms
[3.853s][info   ][gc,phases,start] GC(539) Phase 2: Prepare for compaction
[3.854s][info   ][gc,phases      ] GC(539) Phase 2: Prepare for compaction 0.200ms
[3.854s][info   ][gc,phases,start] GC(539) Phase 3: Adjust pointers
[3.856s][info   ][gc,phases      ] GC(539) Phase 3: Adjust pointers 2.199ms
[3.856s][info   ][gc,phases,start] GC(539) Phase 4: Compact heap
[3.856s][info   ][gc,phases      ] GC(539) Phase 4: Compact heap 0.148ms
[3.857s][info   ][gc,heap        ] GC(539) Eden regions: 1->0(3)
[3.857s][info   ][gc,heap        ] GC(539) Survivor regions: 0->0(0)
[3.857s][info   ][gc,heap        ] GC(539) Old regions: 2->2
[3.857s][info   ][gc,heap        ] GC(539) Archive regions: 2->2
[3.857s][info   ][gc,heap        ] GC(539) Humongous regions: 0->0
[3.857s][info   ][gc,metaspace   ] GC(539) Metaspace: 9524K(9792K)->9524K(9792K) NonClass: 8366K(8512K)->8366K(8512K) Class: 1157K(1280K)->1157K(1280K)
[3.857s][info   ][gc             ] GC(539) Pause Full (System.gc()) 4M->4M(28M) 7.005ms
[3.857s][info   ][gc,cpu         ] GC(539) User=0.01s Sys=0.00s Real=0.01s
[3.857s][info   ][gc,start       ] GC(540) Pause Full (System.gc())
[3.857s][info   ][gc,task        ] GC(540) Using 1 workers of 10 for full compaction
[3.857s][info   ][gc,phases,start] GC(540) Phase 1: Mark live objects
[3.863s][info   ][gc,phases      ] GC(540) Phase 1: Mark live objects 5.791ms
[3.863s][info   ][gc,phases,start] GC(540) Phase 2: Prepare for compaction
[3.863s][info   ][gc,phases      ] GC(540) Phase 2: Prepare for compaction 0.167ms
[3.863s][info   ][gc,phases,start] GC(540) Phase 3: Adjust pointers
[3.865s][info   ][gc,phases      ] GC(540) Phase 3: Adjust pointers 2.394ms
[3.865s][info   ][gc,phases,start] GC(540) Phase 4: Compact heap
[3.865s][info   ][gc,phases      ] GC(540) Phase 4: Compact heap 0.108ms
[3.867s][info   ][gc,heap        ] GC(540) Eden regions: 0->0(3)
[3.867s][info   ][gc,heap        ] GC(540) Survivor regions: 0->0(0)
[3.867s][info   ][gc,heap        ] GC(540) Old regions: 2->2
[3.867s][info   ][gc,heap        ] GC(540) Archive regions: 2->2
[3.867s][info   ][gc,heap        ] GC(540) Humongous regions: 0->0
[3.867s][info   ][gc,metaspace   ] GC(540) Metaspace: 9524K(9792K)->9524K(9792K) NonClass: 8366K(8512K)->8366K(8512K) Class: 1157K(1280K)->1157K(1280K)
[3.867s][info   ][gc             ] GC(540) Pause Full (System.gc()) 4M->4M(28M) 10.379ms
[3.867s][info   ][gc,cpu         ] GC(540) User=0.01s Sys=0.00s Real=0.01s
[3.869s][info   ][gc,start       ] GC(541) Pause Full (System.gc())
[3.869s][info   ][gc,task        ] GC(541) Using 1 workers of 10 for full compaction
[3.869s][info   ][gc,phases,start] GC(541) Phase 1: Mark live objects
[3.874s][info   ][gc,phases      ] GC(541) Phase 1: Mark live objects 5.306ms
[3.874s][info   ][gc,phases,start] GC(541) Phase 2: Prepare for compaction
[3.874s][info   ][gc,phases      ] GC(541) Phase 2: Prepare for compaction 0.170ms
[3.874s][info   ][gc,phases,start] GC(541) Phase 3: Adjust pointers
[3.877s][info   ][gc,phases      ] GC(541) Phase 3: Adjust pointers 2.559ms
[3.877s][info   ][gc,phases,start] GC(541) Phase 4: Compact heap
[3.877s][info   ][gc,phases      ] GC(541) Phase 4: Compact heap 0.110ms
[3.878s][info   ][gc,heap        ] GC(541) Eden regions: 1->0(3)
[3.878s][info   ][gc,heap        ] GC(541) Survivor regions: 0->0(0)
[3.878s][info   ][gc,heap        ] GC(541) Old regions: 2->2
[3.878s][info   ][gc,heap        ] GC(541) Archive regions: 2->2
[3.878s][info   ][gc,heap        ] GC(541) Humongous regions: 0->0
[3.878s][info   ][gc,metaspace   ] GC(541) Metaspace: 9524K(9792K)->9524K(9792K) NonClass: 8366K(8512K)->8366K(8512K) Class: 1157K(1280K)->1157K(1280K)
[3.878s][info   ][gc             ] GC(541) Pause Full (System.gc()) 4M->4M(28M) 9.090ms
[3.878s][info   ][gc,cpu         ] GC(541) User=0.01s Sys=0.00s Real=0.01s
[3.878s][info   ][gc,start       ] GC(542) Pause Full (System.gc())
[3.878s][info   ][gc,task        ] GC(542) Using 1 workers of 10 for full compaction
[3.878s][info   ][gc,phases,start] GC(542) Phase 1: Mark live objects
[3.882s][info   ][gc,phases      ] GC(542) Phase 1: Mark live objects 4.574ms
[3.882s][info   ][gc,phases,start] GC(542) Phase 2: Prepare for compaction
[3.885s][info   ][gc,phases      ] GC(542) Phase 2: Prepare for compaction 2.167ms
[3.885s][info   ][gc,phases,start] GC(542) Phase 3: Adjust pointers
[3.887s][info   ][gc,phases      ] GC(542) Phase 3: Adjust pointers 2.327ms
[3.887s][info   ][gc,phases,start] GC(542) Phase 4: Compact heap
[3.887s][info   ][gc,phases      ] GC(542) Phase 4: Compact heap 0.144ms
[3.888s][info   ][gc,heap        ] GC(542) Eden regions: 0->0(3)
[3.888s][info   ][gc,heap        ] GC(542) Survivor regions: 0->0(0)
[3.888s][info   ][gc,heap        ] GC(542) Old regions: 2->2
[3.888s][info   ][gc,heap        ] GC(542) Archive regions: 2->2
[3.888s][info   ][gc,heap        ] GC(542) Humongous regions: 0->0
[3.888s][info   ][gc,metaspace   ] GC(542) Metaspace: 9524K(9792K)->9524K(9792K) NonClass: 8366K(8512K)->8366K(8512K) Class: 1157K(1280K)->1157K(1280K)
[3.888s][info   ][gc             ] GC(542) Pause Full (System.gc()) 4M->4M(28M) 10.474ms
[3.888s][info   ][gc,cpu         ] GC(542) User=0.00s Sys=0.00s Real=0.01s
[3.889s][info   ][gc,start       ] GC(543) Pause Full (System.gc())
[3.889s][info   ][gc,task        ] GC(543) Using 1 workers of 10 for full compaction
[3.889s][info   ][gc,phases,start] GC(543) Phase 1: Mark live objects
[3.894s][info   ][gc,phases      ] GC(543) Phase 1: Mark live objects 5.109ms
[3.894s][info   ][gc,phases,start] GC(543) Phase 2: Prepare for compaction
[3.894s][info   ][gc,phases      ] GC(543) Phase 2: Prepare for compaction 0.170ms
[3.894s][info   ][gc,phases,start] GC(543) Phase 3: Adjust pointers
[3.896s][info   ][gc,phases      ] GC(543) Phase 3: Adjust pointers 1.884ms
[3.896s][info   ][gc,phases,start] GC(543) Phase 4: Compact heap
[3.896s][info   ][gc,phases      ] GC(543) Phase 4: Compact heap 0.076ms
[3.897s][info   ][gc,heap        ] GC(543) Eden regions: 0->0(3)
[3.897s][info   ][gc,heap        ] GC(543) Survivor regions: 0->0(0)
[3.897s][info   ][gc,heap        ] GC(543) Old regions: 2->2
[3.897s][info   ][gc,heap        ] GC(543) Archive regions: 2->2
[3.897s][info   ][gc,heap        ] GC(543) Humongous regions: 0->0
[3.897s][info   ][gc,metaspace   ] GC(543) Metaspace: 9524K(9792K)->9524K(9792K) NonClass: 8366K(8512K)->8366K(8512K) Class: 1157K(1280K)->1157K(1280K)
[3.897s][info   ][gc             ] GC(543) Pause Full (System.gc()) 4M->4M(28M) 8.062ms
[3.897s][info   ][gc,cpu         ] GC(543) User=0.01s Sys=0.00s Real=0.01s
[3.897s][info   ][gc,start       ] GC(544) Pause Full (System.gc())
[3.897s][info   ][gc,task        ] GC(544) Using 1 workers of 10 for full compaction
[3.897s][info   ][gc,phases,start] GC(544) Phase 1: Mark live objects
[3.903s][info   ][gc,phases      ] GC(544) Phase 1: Mark live objects 5.661ms
[3.903s][info   ][gc,phases,start] GC(544) Phase 2: Prepare for compaction
[3.903s][info   ][gc,phases      ] GC(544) Phase 2: Prepare for compaction 0.243ms
[3.903s][info   ][gc,phases,start] GC(544) Phase 3: Adjust pointers
[3.905s][info   ][gc,phases      ] GC(544) Phase 3: Adjust pointers 2.627ms
[3.906s][info   ][gc,phases,start] GC(544) Phase 4: Compact heap
[3.906s][info   ][gc,phases      ] GC(544) Phase 4: Compact heap 0.105ms
[3.907s][info   ][gc,heap        ] GC(544) Eden regions: 0->0(3)
[3.907s][info   ][gc,heap        ] GC(544) Survivor regions: 0->0(0)
[3.907s][info   ][gc,heap        ] GC(544) Old regions: 2->2
[3.907s][info   ][gc,heap        ] GC(544) Archive regions: 2->2
[3.907s][info   ][gc,heap        ] GC(544) Humongous regions: 0->0
[3.908s][info   ][gc,metaspace   ] GC(544) Metaspace: 9524K(9792K)->9524K(9792K) NonClass: 8366K(8512K)->8366K(8512K) Class: 1157K(1280K)->1157K(1280K)
[3.908s][info   ][gc             ] GC(544) Pause Full (System.gc()) 4M->4M(28M) 10.726ms
[3.908s][info   ][gc,cpu         ] GC(544) User=0.01s Sys=0.00s Real=0.01s
[3.908s][info   ][gc,start       ] GC(545) Pause Full (System.gc())
[3.908s][info   ][gc,task        ] GC(545) Using 1 workers of 10 for full compaction
[3.908s][info   ][gc,phases,start] GC(545) Phase 1: Mark live objects
[3.913s][info   ][gc,phases      ] GC(545) Phase 1: Mark live objects 4.984ms
[3.913s][info   ][gc,phases,start] GC(545) Phase 2: Prepare for compaction
[3.913s][info   ][gc,phases      ] GC(545) Phase 2: Prepare for compaction 0.266ms
[3.913s][info   ][gc,phases,start] GC(545) Phase 3: Adjust pointers
[3.916s][info   ][gc,phases      ] GC(545) Phase 3: Adjust pointers 2.645ms
[3.916s][info   ][gc,phases,start] GC(545) Phase 4: Compact heap
[3.916s][info   ][gc,phases      ] GC(545) Phase 4: Compact heap 0.107ms
[3.916s][info   ][gc,heap        ] GC(545) Eden regions: 0->0(3)
[3.916s][info   ][gc,heap        ] GC(545) Survivor regions: 0->0(0)
[3.916s][info   ][gc,heap        ] GC(545) Old regions: 2->2
[3.916s][info   ][gc,heap        ] GC(545) Archive regions: 2->2
[3.916s][info   ][gc,heap        ] GC(545) Humongous regions: 0->0
[3.916s][info   ][gc,metaspace   ] GC(545) Metaspace: 9524K(9792K)->9524K(9792K) NonClass: 8366K(8512K)->8366K(8512K) Class: 1157K(1280K)->1157K(1280K)
[3.917s][info   ][gc             ] GC(545) Pause Full (System.gc()) 4M->4M(28M) 8.814ms
[3.917s][info   ][gc,cpu         ] GC(545) User=0.01s Sys=0.00s Real=0.01s
[3.917s][info   ][gc,start       ] GC(546) Pause Full (System.gc())
[3.917s][info   ][gc,task        ] GC(546) Using 1 workers of 10 for full compaction
[3.917s][info   ][gc,phases,start] GC(546) Phase 1: Mark live objects
[3.920s][info   ][gc,phases      ] GC(546) Phase 1: Mark live objects 2.879ms
[3.920s][info   ][gc,phases,start] GC(546) Phase 2: Prepare for compaction
[3.920s][info   ][gc,phases      ] GC(546) Phase 2: Prepare for compaction 0.117ms
[3.920s][info   ][gc,phases,start] GC(546) Phase 3: Adjust pointers
[3.921s][info   ][gc,phases      ] GC(546) Phase 3: Adjust pointers 1.465ms
[3.921s][info   ][gc,phases,start] GC(546) Phase 4: Compact heap
[3.921s][info   ][gc,phases      ] GC(546) Phase 4: Compact heap 0.112ms
[3.922s][info   ][gc,heap        ] GC(546) Eden regions: 0->0(3)
[3.922s][info   ][gc,heap        ] GC(546) Survivor regions: 0->0(0)
[3.922s][info   ][gc,heap        ] GC(546) Old regions: 2->2
[3.922s][info   ][gc,heap        ] GC(546) Archive regions: 2->2
[3.922s][info   ][gc,heap        ] GC(546) Humongous regions: 0->0
[3.922s][info   ][gc,metaspace   ] GC(546) Metaspace: 9524K(9792K)->9524K(9792K) NonClass: 8366K(8512K)->8366K(8512K) Class: 1157K(1280K)->1157K(1280K)
[3.922s][info   ][gc             ] GC(546) Pause Full (System.gc()) 4M->4M(28M) 5.464ms
[3.922s][info   ][gc,cpu         ] GC(546) User=0.00s Sys=0.00s Real=0.00s
[3.922s][info   ][gc,start       ] GC(547) Pause Full (System.gc())
[3.922s][info   ][gc,task        ] GC(547) Using 1 workers of 10 for full compaction
[3.922s][info   ][gc,phases,start] GC(547) Phase 1: Mark live objects
[3.925s][info   ][gc,phases      ] GC(547) Phase 1: Mark live objects 3.047ms
[3.925s][info   ][gc,phases,start] GC(547) Phase 2: Prepare for compaction
[3.926s][info   ][gc,phases      ] GC(547) Phase 2: Prepare for compaction 0.168ms
[3.926s][info   ][gc,phases,start] GC(547) Phase 3: Adjust pointers
[3.927s][info   ][gc,phases      ] GC(547) Phase 3: Adjust pointers 1.506ms
[3.927s][info   ][gc,phases,start] GC(547) Phase 4: Compact heap
[3.927s][info   ][gc,phases      ] GC(547) Phase 4: Compact heap 0.056ms
[3.928s][info   ][gc,heap        ] GC(547) Eden regions: 0->0(3)
[3.928s][info   ][gc,heap        ] GC(547) Survivor regions: 0->0(0)
[3.928s][info   ][gc,heap        ] GC(547) Old regions: 2->2
[3.928s][info   ][gc,heap        ] GC(547) Archive regions: 2->2
[3.928s][info   ][gc,heap        ] GC(547) Humongous regions: 0->0
[3.928s][info   ][gc,metaspace   ] GC(547) Metaspace: 9524K(9792K)->9524K(9792K) NonClass: 8366K(8512K)->8366K(8512K) Class: 1157K(1280K)->1157K(1280K)
[3.928s][info   ][gc             ] GC(547) Pause Full (System.gc()) 4M->4M(28M) 5.452ms
[3.928s][info   ][gc,cpu         ] GC(547) User=0.01s Sys=0.00s Real=0.01s
[3.928s][info   ][gc,start       ] GC(548) Pause Full (System.gc())
[3.928s][info   ][gc,task        ] GC(548) Using 1 workers of 10 for full compaction
[3.928s][info   ][gc,phases,start] GC(548) Phase 1: Mark live objects
[3.931s][info   ][gc,phases      ] GC(548) Phase 1: Mark live objects 3.138ms
[3.931s][info   ][gc,phases,start] GC(548) Phase 2: Prepare for compaction
[3.931s][info   ][gc,phases      ] GC(548) Phase 2: Prepare for compaction 0.119ms
[3.931s][info   ][gc,phases,start] GC(548) Phase 3: Adjust pointers
[3.933s][info   ][gc,phases      ] GC(548) Phase 3: Adjust pointers 1.285ms
[3.933s][info   ][gc,phases,start] GC(548) Phase 4: Compact heap
[3.933s][info   ][gc,phases      ] GC(548) Phase 4: Compact heap 0.080ms
[3.933s][info   ][gc,heap        ] GC(548) Eden regions: 0->0(3)
[3.933s][info   ][gc,heap        ] GC(548) Survivor regions: 0->0(0)
[3.933s][info   ][gc,heap        ] GC(548) Old regions: 2->2
[3.933s][info   ][gc,heap        ] GC(548) Archive regions: 2->2
[3.933s][info   ][gc,heap        ] GC(548) Humongous regions: 0->0
[3.933s][info   ][gc,metaspace   ] GC(548) Metaspace: 9524K(9792K)->9524K(9792K) NonClass: 8366K(8512K)->8366K(8512K) Class: 1157K(1280K)->1157K(1280K)
[3.933s][info   ][gc             ] GC(548) Pause Full (System.gc()) 4M->4M(28M) 5.250ms
[3.933s][info   ][gc,cpu         ] GC(548) User=0.00s Sys=0.00s Real=0.00s
[3.933s][info   ][gc,start       ] GC(549) Pause Full (System.gc())
[3.933s][info   ][gc,task        ] GC(549) Using 1 workers of 10 for full compaction
[3.933s][info   ][gc,phases,start] GC(549) Phase 1: Mark live objects
[3.936s][info   ][gc,phases      ] GC(549) Phase 1: Mark live objects 2.851ms
[3.936s][info   ][gc,phases,start] GC(549) Phase 2: Prepare for compaction
[3.936s][info   ][gc,phases      ] GC(549) Phase 2: Prepare for compaction 0.276ms
[3.936s][info   ][gc,phases,start] GC(549) Phase 3: Adjust pointers
[3.938s][info   ][gc,phases      ] GC(549) Phase 3: Adjust pointers 1.892ms
[3.938s][info   ][gc,phases,start] GC(549) Phase 4: Compact heap
[3.938s][info   ][gc,phases      ] GC(549) Phase 4: Compact heap 0.092ms
[3.939s][info   ][gc,heap        ] GC(549) Eden regions: 0->0(3)
[3.939s][info   ][gc,heap        ] GC(549) Survivor regions: 0->0(0)
[3.939s][info   ][gc,heap        ] GC(549) Old regions: 2->2
[3.939s][info   ][gc,heap        ] GC(549) Archive regions: 2->2
[3.939s][info   ][gc,heap        ] GC(549) Humongous regions: 0->0
[3.939s][info   ][gc,metaspace   ] GC(549) Metaspace: 9524K(9792K)->9524K(9792K) NonClass: 8366K(8512K)->8366K(8512K) Class: 1157K(1280K)->1157K(1280K)
[3.939s][info   ][gc             ] GC(549) Pause Full (System.gc()) 4M->4M(28M) 6.033ms
[3.939s][info   ][gc,cpu         ] GC(549) User=0.01s Sys=0.01s Real=0.01s
[3.940s][info   ][gc,start       ] GC(550) Pause Full (System.gc())
[3.940s][info   ][gc,task        ] GC(550) Using 1 workers of 10 for full compaction
[3.940s][info   ][gc,phases,start] GC(550) Phase 1: Mark live objects
[3.943s][info   ][gc,phases      ] GC(550) Phase 1: Mark live objects 3.018ms
[3.943s][info   ][gc,phases,start] GC(550) Phase 2: Prepare for compaction
[3.943s][info   ][gc,phases      ] GC(550) Phase 2: Prepare for compaction 0.241ms
[3.943s][info   ][gc,phases,start] GC(550) Phase 3: Adjust pointers
[3.945s][info   ][gc,phases      ] GC(550) Phase 3: Adjust pointers 1.727ms
[3.945s][info   ][gc,phases,start] GC(550) Phase 4: Compact heap
[3.945s][info   ][gc,phases      ] GC(550) Phase 4: Compact heap 0.129ms
[3.946s][info   ][gc,heap        ] GC(550) Eden regions: 1->0(3)
[3.946s][info   ][gc,heap        ] GC(550) Survivor regions: 0->0(0)
[3.946s][info   ][gc,heap        ] GC(550) Old regions: 2->2
[3.946s][info   ][gc,heap        ] GC(550) Archive regions: 2->2
[3.946s][info   ][gc,heap        ] GC(550) Humongous regions: 0->0
[3.946s][info   ][gc,metaspace   ] GC(550) Metaspace: 9524K(9792K)->9524K(9792K) NonClass: 8366K(8512K)->8366K(8512K) Class: 1157K(1280K)->1157K(1280K)
[3.946s][info   ][gc             ] GC(550) Pause Full (System.gc()) 4M->4M(28M) 5.864ms
[3.946s][info   ][gc,cpu         ] GC(550) User=0.00s Sys=0.00s Real=0.01s
[3.946s][info   ][gc,start       ] GC(551) Pause Full (System.gc())
[3.946s][info   ][gc,task        ] GC(551) Using 1 workers of 10 for full compaction
[3.946s][info   ][gc,phases,start] GC(551) Phase 1: Mark live objects
[3.949s][info   ][gc,phases      ] GC(551) Phase 1: Mark live objects 3.235ms
[3.949s][info   ][gc,phases,start] GC(551) Phase 2: Prepare for compaction
[3.949s][info   ][gc,phases      ] GC(551) Phase 2: Prepare for compaction 0.155ms
[3.949s][info   ][gc,phases,start] GC(551) Phase 3: Adjust pointers
[3.951s][info   ][gc,phases      ] GC(551) Phase 3: Adjust pointers 1.603ms
[3.951s][info   ][gc,phases,start] GC(551) Phase 4: Compact heap
[3.951s][info   ][gc,phases      ] GC(551) Phase 4: Compact heap 0.152ms
[3.951s][info   ][gc,heap        ] GC(551) Eden regions: 0->0(3)
[3.951s][info   ][gc,heap        ] GC(551) Survivor regions: 0->0(0)
[3.951s][info   ][gc,heap        ] GC(551) Old regions: 2->2
[3.951s][info   ][gc,heap        ] GC(551) Archive regions: 2->2
[3.951s][info   ][gc,heap        ] GC(551) Humongous regions: 0->0
[3.951s][info   ][gc,metaspace   ] GC(551) Metaspace: 9524K(9792K)->9524K(9792K) NonClass: 8366K(8512K)->8366K(8512K) Class: 1157K(1280K)->1157K(1280K)
[3.951s][info   ][gc             ] GC(551) Pause Full (System.gc()) 4M->4M(28M) 5.582ms
[3.951s][info   ][gc,cpu         ] GC(551) User=0.01s Sys=0.00s Real=0.00s
[3.952s][info   ][gc,start       ] GC(552) Pause Full (System.gc())
[3.952s][info   ][gc,task        ] GC(552) Using 1 workers of 10 for full compaction
[3.952s][info   ][gc,phases,start] GC(552) Phase 1: Mark live objects
[3.955s][info   ][gc,phases      ] GC(552) Phase 1: Mark live objects 3.446ms
[3.955s][info   ][gc,phases,start] GC(552) Phase 2: Prepare for compaction
[3.956s][info   ][gc,phases      ] GC(552) Phase 2: Prepare for compaction 0.160ms
[3.956s][info   ][gc,phases,start] GC(552) Phase 3: Adjust pointers
[3.958s][info   ][gc,phases      ] GC(552) Phase 3: Adjust pointers 2.017ms
[3.958s][info   ][gc,phases,start] GC(552) Phase 4: Compact heap
[3.958s][info   ][gc,phases      ] GC(552) Phase 4: Compact heap 0.096ms
[3.958s][info   ][gc,heap        ] GC(552) Eden regions: 1->0(3)
[3.958s][info   ][gc,heap        ] GC(552) Survivor regions: 0->0(0)
[3.958s][info   ][gc,heap        ] GC(552) Old regions: 2->2
[3.958s][info   ][gc,heap        ] GC(552) Archive regions: 2->2
[3.958s][info   ][gc,heap        ] GC(552) Humongous regions: 0->0
[3.958s][info   ][gc,metaspace   ] GC(552) Metaspace: 9524K(9792K)->9524K(9792K) NonClass: 8366K(8512K)->8366K(8512K) Class: 1157K(1280K)->1157K(1280K)
[3.958s][info   ][gc             ] GC(552) Pause Full (System.gc()) 4M->4M(28M) 6.405ms
[3.958s][info   ][gc,cpu         ] GC(552) User=0.00s Sys=0.00s Real=0.01s
[3.958s][info   ][gc,start       ] GC(553) Pause Full (System.gc())
[3.958s][info   ][gc,task        ] GC(553) Using 1 workers of 10 for full compaction
[3.959s][info   ][gc,phases,start] GC(553) Phase 1: Mark live objects
[3.962s][info   ][gc,phases      ] GC(553) Phase 1: Mark live objects 3.649ms
[3.962s][info   ][gc,phases,start] GC(553) Phase 2: Prepare for compaction
[3.962s][info   ][gc,phases      ] GC(553) Phase 2: Prepare for compaction 0.177ms
[3.962s][info   ][gc,phases,start] GC(553) Phase 3: Adjust pointers
[3.965s][info   ][gc,phases      ] GC(553) Phase 3: Adjust pointers 2.406ms
[3.965s][info   ][gc,phases,start] GC(553) Phase 4: Compact heap
[3.965s][info   ][gc,phases      ] GC(553) Phase 4: Compact heap 0.122ms
[3.966s][info   ][gc,heap        ] GC(553) Eden regions: 0->0(3)
[3.966s][info   ][gc,heap        ] GC(553) Survivor regions: 0->0(0)
[3.966s][info   ][gc,heap        ] GC(553) Old regions: 2->2
[3.966s][info   ][gc,heap        ] GC(553) Archive regions: 2->2
[3.966s][info   ][gc,heap        ] GC(553) Humongous regions: 0->0
[3.966s][info   ][gc,metaspace   ] GC(553) Metaspace: 9524K(9792K)->9524K(9792K) NonClass: 8366K(8512K)->8366K(8512K) Class: 1157K(1280K)->1157K(1280K)
[3.966s][info   ][gc             ] GC(553) Pause Full (System.gc()) 4M->4M(28M) 7.215ms
[3.966s][info   ][gc,cpu         ] GC(553) User=0.01s Sys=0.00s Real=0.01s
[3.966s][info   ][gc,start       ] GC(554) Pause Full (System.gc())
[3.966s][info   ][gc,task        ] GC(554) Using 1 workers of 10 for full compaction
[3.966s][info   ][gc,phases,start] GC(554) Phase 1: Mark live objects
[3.969s][info   ][gc,phases      ] GC(554) Phase 1: Mark live objects 3.413ms
[3.970s][info   ][gc,phases,start] GC(554) Phase 2: Prepare for compaction
[3.970s][info   ][gc,phases      ] GC(554) Phase 2: Prepare for compaction 0.183ms
[3.970s][info   ][gc,phases,start] GC(554) Phase 3: Adjust pointers
[3.972s][info   ][gc,phases      ] GC(554) Phase 3: Adjust pointers 2.634ms
[3.972s][info   ][gc,phases,start] GC(554) Phase 4: Compact heap
[3.973s][info   ][gc,phases      ] GC(554) Phase 4: Compact heap 0.285ms
[3.974s][info   ][gc,heap        ] GC(554) Eden regions: 0->0(3)
[3.974s][info   ][gc,heap        ] GC(554) Survivor regions: 0->0(0)
[3.974s][info   ][gc,heap        ] GC(554) Old regions: 2->2
[3.974s][info   ][gc,heap        ] GC(554) Archive regions: 2->2
[3.974s][info   ][gc,heap        ] GC(554) Humongous regions: 0->0
[3.974s][info   ][gc,metaspace   ] GC(554) Metaspace: 9524K(9792K)->9524K(9792K) NonClass: 8366K(8512K)->8366K(8512K) Class: 1157K(1280K)->1157K(1280K)
[3.974s][info   ][gc             ] GC(554) Pause Full (System.gc()) 4M->4M(28M) 7.623ms
[3.974s][info   ][gc,cpu         ] GC(554) User=0.01s Sys=0.00s Real=0.01s
[3.974s][info   ][gc,start       ] GC(555) Pause Full (System.gc())
[3.974s][info   ][gc,task        ] GC(555) Using 1 workers of 10 for full compaction
[3.974s][info   ][gc,phases,start] GC(555) Phase 1: Mark live objects
[3.977s][info   ][gc,phases      ] GC(555) Phase 1: Mark live objects 3.127ms
[3.977s][info   ][gc,phases,start] GC(555) Phase 2: Prepare for compaction
[3.977s][info   ][gc,phases      ] GC(555) Phase 2: Prepare for compaction 0.175ms
[3.977s][info   ][gc,phases,start] GC(555) Phase 3: Adjust pointers
[3.979s][info   ][gc,phases      ] GC(555) Phase 3: Adjust pointers 1.373ms
[3.979s][info   ][gc,phases,start] GC(555) Phase 4: Compact heap
[3.979s][info   ][gc,phases      ] GC(555) Phase 4: Compact heap 0.101ms
[3.979s][info   ][gc,heap        ] GC(555) Eden regions: 0->0(3)
[3.979s][info   ][gc,heap        ] GC(555) Survivor regions: 0->0(0)
[3.979s][info   ][gc,heap        ] GC(555) Old regions: 2->2
[3.979s][info   ][gc,heap        ] GC(555) Archive regions: 2->2
[3.979s][info   ][gc,heap        ] GC(555) Humongous regions: 0->0
[3.979s][info   ][gc,metaspace   ] GC(555) Metaspace: 9524K(9792K)->9524K(9792K) NonClass: 8366K(8512K)->8366K(8512K) Class: 1157K(1280K)->1157K(1280K)
[3.979s][info   ][gc             ] GC(555) Pause Full (System.gc()) 4M->4M(28M) 5.316ms
[3.979s][info   ][gc,cpu         ] GC(555) User=0.00s Sys=0.00s Real=0.00s
[3.979s][info   ][gc,start       ] GC(556) Pause Full (System.gc())
[3.979s][info   ][gc,task        ] GC(556) Using 1 workers of 10 for full compaction
[3.979s][info   ][gc,phases,start] GC(556) Phase 1: Mark live objects
[3.982s][info   ][gc,phases      ] GC(556) Phase 1: Mark live objects 2.707ms
[3.982s][info   ][gc,phases,start] GC(556) Phase 2: Prepare for compaction
[3.982s][info   ][gc,phases      ] GC(556) Phase 2: Prepare for compaction 0.203ms
[3.982s][info   ][gc,phases,start] GC(556) Phase 3: Adjust pointers
[3.984s][info   ][gc,phases      ] GC(556) Phase 3: Adjust pointers 1.376ms
[3.984s][info   ][gc,phases,start] GC(556) Phase 4: Compact heap
[3.984s][info   ][gc,phases      ] GC(556) Phase 4: Compact heap 0.139ms
[3.985s][info   ][gc,heap        ] GC(556) Eden regions: 1->0(3)
[3.985s][info   ][gc,heap        ] GC(556) Survivor regions: 0->0(0)
[3.985s][info   ][gc,heap        ] GC(556) Old regions: 2->2
[3.985s][info   ][gc,heap        ] GC(556) Archive regions: 2->2
[3.985s][info   ][gc,heap        ] GC(556) Humongous regions: 0->0
[3.985s][info   ][gc,metaspace   ] GC(556) Metaspace: 9524K(9792K)->9524K(9792K) NonClass: 8366K(8512K)->8366K(8512K) Class: 1157K(1280K)->1157K(1280K)
[3.985s][info   ][gc             ] GC(556) Pause Full (System.gc()) 4M->4M(28M) 5.095ms
[3.985s][info   ][gc,cpu         ] GC(556) User=0.01s Sys=0.00s Real=0.01s
[3.985s][info   ][gc,start       ] GC(557) Pause Full (System.gc())
[3.985s][info   ][gc,task        ] GC(557) Using 1 workers of 10 for full compaction
[3.985s][info   ][gc,phases,start] GC(557) Phase 1: Mark live objects
[3.988s][info   ][gc,phases      ] GC(557) Phase 1: Mark live objects 3.121ms
[3.988s][info   ][gc,phases,start] GC(557) Phase 2: Prepare for compaction
[3.988s][info   ][gc,phases      ] GC(557) Phase 2: Prepare for compaction 0.233ms
[3.988s][info   ][gc,phases,start] GC(557) Phase 3: Adjust pointers
[3.990s][info   ][gc,phases      ] GC(557) Phase 3: Adjust pointers 1.770ms
[3.990s][info   ][gc,phases,start] GC(557) Phase 4: Compact heap
[3.990s][info   ][gc,phases      ] GC(557) Phase 4: Compact heap 0.107ms
[3.991s][info   ][gc,heap        ] GC(557) Eden regions: 1->0(3)
[3.991s][info   ][gc,heap        ] GC(557) Survivor regions: 0->0(0)
[3.991s][info   ][gc,heap        ] GC(557) Old regions: 2->2
[3.991s][info   ][gc,heap        ] GC(557) Archive regions: 2->2
[3.991s][info   ][gc,heap        ] GC(557) Humongous regions: 0->0
[3.991s][info   ][gc,metaspace   ] GC(557) Metaspace: 9524K(9792K)->9524K(9792K) NonClass: 8366K(8512K)->8366K(8512K) Class: 1157K(1280K)->1157K(1280K)
[3.991s][info   ][gc             ] GC(557) Pause Full (System.gc()) 4M->4M(28M) 6.215ms
[3.991s][info   ][gc,cpu         ] GC(557) User=0.00s Sys=0.00s Real=0.00s
[3.991s][info   ][gc,start       ] GC(558) Pause Full (System.gc())
[3.991s][info   ][gc,task        ] GC(558) Using 1 workers of 10 for full compaction
[3.992s][info   ][gc,phases,start] GC(558) Phase 1: Mark live objects
[3.995s][info   ][gc,phases      ] GC(558) Phase 1: Mark live objects 3.066ms
[3.995s][info   ][gc,phases,start] GC(558) Phase 2: Prepare for compaction
[3.995s][info   ][gc,phases      ] GC(558) Phase 2: Prepare for compaction 0.201ms
[3.995s][info   ][gc,phases,start] GC(558) Phase 3: Adjust pointers
[3.996s][info   ][gc,phases      ] GC(558) Phase 3: Adjust pointers 1.481ms
[3.996s][info   ][gc,phases,start] GC(558) Phase 4: Compact heap
[3.996s][info   ][gc,phases      ] GC(558) Phase 4: Compact heap 0.051ms
[3.997s][info   ][gc,heap        ] GC(558) Eden regions: 1->0(3)
[3.997s][info   ][gc,heap        ] GC(558) Survivor regions: 0->0(0)
[3.997s][info   ][gc,heap        ] GC(558) Old regions: 2->2
[3.997s][info   ][gc,heap        ] GC(558) Archive regions: 2->2
[3.997s][info   ][gc,heap        ] GC(558) Humongous regions: 0->0
[3.997s][info   ][gc,metaspace   ] GC(558) Metaspace: 9524K(9792K)->9524K(9792K) NonClass: 8366K(8512K)->8366K(8512K) Class: 1157K(1280K)->1157K(1280K)
[3.997s][info   ][gc             ] GC(558) Pause Full (System.gc()) 4M->4M(28M) 5.374ms
[3.997s][info   ][gc,cpu         ] GC(558) User=0.01s Sys=0.00s Real=0.01s
[3.997s][info   ][gc,start       ] GC(559) Pause Full (System.gc())
[3.997s][info   ][gc,task        ] GC(559) Using 1 workers of 10 for full compaction
[3.997s][info   ][gc,phases,start] GC(559) Phase 1: Mark live objects
[4.001s][info   ][gc,phases      ] GC(559) Phase 1: Mark live objects 3.651ms
[4.001s][info   ][gc,phases,start] GC(559) Phase 2: Prepare for compaction
[4.001s][info   ][gc,phases      ] GC(559) Phase 2: Prepare for compaction 0.248ms
[4.001s][info   ][gc,phases,start] GC(559) Phase 3: Adjust pointers
[4.003s][info   ][gc,phases      ] GC(559) Phase 3: Adjust pointers 2.238ms
[4.003s][info   ][gc,phases,start] GC(559) Phase 4: Compact heap
[4.004s][info   ][gc,phases      ] GC(559) Phase 4: Compact heap 0.194ms
[4.004s][info   ][gc,heap        ] GC(559) Eden regions: 1->0(3)
[4.004s][info   ][gc,heap        ] GC(559) Survivor regions: 0->0(0)
[4.004s][info   ][gc,heap        ] GC(559) Old regions: 2->2
[4.004s][info   ][gc,heap        ] GC(559) Archive regions: 2->2
[4.004s][info   ][gc,heap        ] GC(559) Humongous regions: 0->0
[4.004s][info   ][gc,metaspace   ] GC(559) Metaspace: 9524K(9792K)->9524K(9792K) NonClass: 8366K(8512K)->8366K(8512K) Class: 1157K(1280K)->1157K(1280K)
[4.004s][info   ][gc             ] GC(559) Pause Full (System.gc()) 4M->4M(28M) 7.182ms
[4.004s][info   ][gc,cpu         ] GC(559) User=0.01s Sys=0.00s Real=0.01s
[4.005s][info   ][gc,start       ] GC(560) Pause Full (System.gc())
[4.005s][info   ][gc,task        ] GC(560) Using 1 workers of 10 for full compaction
[4.005s][info   ][gc,phases,start] GC(560) Phase 1: Mark live objects
[4.009s][info   ][gc,phases      ] GC(560) Phase 1: Mark live objects 3.667ms
[4.009s][info   ][gc,phases,start] GC(560) Phase 2: Prepare for compaction
[4.009s][info   ][gc,phases      ] GC(560) Phase 2: Prepare for compaction 0.224ms
[4.009s][info   ][gc,phases,start] GC(560) Phase 3: Adjust pointers
[4.010s][info   ][gc,phases      ] GC(560) Phase 3: Adjust pointers 1.433ms
[4.010s][info   ][gc,phases,start] GC(560) Phase 4: Compact heap
[4.011s][info   ][gc,phases      ] GC(560) Phase 4: Compact heap 0.142ms
[4.011s][info   ][gc,heap        ] GC(560) Eden regions: 1->0(3)
[4.011s][info   ][gc,heap        ] GC(560) Survivor regions: 0->0(0)
[4.011s][info   ][gc,heap        ] GC(560) Old regions: 2->2
[4.011s][info   ][gc,heap        ] GC(560) Archive regions: 2->2
[4.011s][info   ][gc,heap        ] GC(560) Humongous regions: 0->0
[4.011s][info   ][gc,metaspace   ] GC(560) Metaspace: 9524K(9792K)->9524K(9792K) NonClass: 8366K(8512K)->8366K(8512K) Class: 1157K(1280K)->1157K(1280K)
[4.011s][info   ][gc             ] GC(560) Pause Full (System.gc()) 4M->4M(28M) 6.205ms
[4.011s][info   ][gc,cpu         ] GC(560) User=0.00s Sys=0.00s Real=0.00s
[4.011s][info   ][gc,start       ] GC(561) Pause Full (System.gc())
[4.011s][info   ][gc,task        ] GC(561) Using 1 workers of 10 for full compaction
[4.011s][info   ][gc,phases,start] GC(561) Phase 1: Mark live objects
[4.014s][info   ][gc,phases      ] GC(561) Phase 1: Mark live objects 2.325ms
[4.014s][info   ][gc,phases,start] GC(561) Phase 2: Prepare for compaction
[4.014s][info   ][gc,phases      ] GC(561) Phase 2: Prepare for compaction 0.157ms
[4.014s][info   ][gc,phases,start] GC(561) Phase 3: Adjust pointers
[4.015s][info   ][gc,phases      ] GC(561) Phase 3: Adjust pointers 1.245ms
[4.015s][info   ][gc,phases,start] GC(561) Phase 4: Compact heap
[4.015s][info   ][gc,phases      ] GC(561) Phase 4: Compact heap 0.121ms
[4.016s][info   ][gc,heap        ] GC(561) Eden regions: 0->0(3)
[4.016s][info   ][gc,heap        ] GC(561) Survivor regions: 0->0(0)
[4.016s][info   ][gc,heap        ] GC(561) Old regions: 2->2
[4.016s][info   ][gc,heap        ] GC(561) Archive regions: 2->2
[4.016s][info   ][gc,heap        ] GC(561) Humongous regions: 0->0
[4.016s][info   ][gc,metaspace   ] GC(561) Metaspace: 9524K(9792K)->9524K(9792K) NonClass: 8366K(8512K)->8366K(8512K) Class: 1157K(1280K)->1157K(1280K)
[4.016s][info   ][gc             ] GC(561) Pause Full (System.gc()) 4M->4M(28M) 4.554ms
[4.016s][info   ][gc,cpu         ] GC(561) User=0.00s Sys=0.00s Real=0.01s
[4.016s][info   ][gc,start       ] GC(562) Pause Full (System.gc())
[4.016s][info   ][gc,task        ] GC(562) Using 1 workers of 10 for full compaction
[4.016s][info   ][gc,phases,start] GC(562) Phase 1: Mark live objects
[4.019s][info   ][gc,phases      ] GC(562) Phase 1: Mark live objects 2.186ms
[4.019s][info   ][gc,phases,start] GC(562) Phase 2: Prepare for compaction
[4.019s][info   ][gc,phases      ] GC(562) Phase 2: Prepare for compaction 0.255ms
[4.019s][info   ][gc,phases,start] GC(562) Phase 3: Adjust pointers
[4.020s][info   ][gc,phases      ] GC(562) Phase 3: Adjust pointers 1.214ms
[4.020s][info   ][gc,phases,start] GC(562) Phase 4: Compact heap
[4.020s][info   ][gc,phases      ] GC(562) Phase 4: Compact heap 0.181ms
[4.021s][info   ][gc,heap        ] GC(562) Eden regions: 1->0(3)
[4.021s][info   ][gc,heap        ] GC(562) Survivor regions: 0->0(0)
[4.021s][info   ][gc,heap        ] GC(562) Old regions: 2->2
[4.021s][info   ][gc,heap        ] GC(562) Archive regions: 2->2
[4.021s][info   ][gc,heap        ] GC(562) Humongous regions: 0->0
[4.021s][info   ][gc,metaspace   ] GC(562) Metaspace: 9524K(9792K)->9524K(9792K) NonClass: 8366K(8512K)->8366K(8512K) Class: 1157K(1280K)->1157K(1280K)
[4.021s][info   ][gc             ] GC(562) Pause Full (System.gc()) 4M->4M(28M) 4.694ms
[4.021s][info   ][gc,cpu         ] GC(562) User=0.01s Sys=0.00s Real=0.00s
[4.021s][info   ][gc,start       ] GC(563) Pause Full (System.gc())
[4.021s][info   ][gc,task        ] GC(563) Using 1 workers of 10 for full compaction
[4.021s][info   ][gc,phases,start] GC(563) Phase 1: Mark live objects
[4.025s][info   ][gc,phases      ] GC(563) Phase 1: Mark live objects 3.560ms
[4.025s][info   ][gc,phases,start] GC(563) Phase 2: Prepare for compaction
[4.025s][info   ][gc,phases      ] GC(563) Phase 2: Prepare for compaction 0.241ms
[4.025s][info   ][gc,phases,start] GC(563) Phase 3: Adjust pointers
[4.027s][info   ][gc,phases      ] GC(563) Phase 3: Adjust pointers 1.767ms
[4.027s][info   ][gc,phases,start] GC(563) Phase 4: Compact heap
[4.027s][info   ][gc,phases      ] GC(563) Phase 4: Compact heap 0.198ms
[4.028s][info   ][gc,heap        ] GC(563) Eden regions: 1->0(3)
[4.028s][info   ][gc,heap        ] GC(563) Survivor regions: 0->0(0)
[4.028s][info   ][gc,heap        ] GC(563) Old regions: 2->2
[4.028s][info   ][gc,heap        ] GC(563) Archive regions: 2->2
[4.028s][info   ][gc,heap        ] GC(563) Humongous regions: 0->0
[4.028s][info   ][gc,metaspace   ] GC(563) Metaspace: 9524K(9792K)->9524K(9792K) NonClass: 8366K(8512K)->8366K(8512K) Class: 1157K(1280K)->1157K(1280K)
[4.028s][info   ][gc             ] GC(563) Pause Full (System.gc()) 4M->4M(28M) 6.505ms
[4.028s][info   ][gc,cpu         ] GC(563) User=0.00s Sys=0.00s Real=0.01s
[4.028s][info   ][gc,start       ] GC(564) Pause Full (System.gc())
[4.028s][info   ][gc,task        ] GC(564) Using 1 workers of 10 for full compaction
[4.029s][info   ][gc,phases,start] GC(564) Phase 1: Mark live objects
[4.031s][info   ][gc,phases      ] GC(564) Phase 1: Mark live objects 2.906ms
[4.031s][info   ][gc,phases,start] GC(564) Phase 2: Prepare for compaction
[4.032s][info   ][gc,phases      ] GC(564) Phase 2: Prepare for compaction 0.200ms
[4.032s][info   ][gc,phases,start] GC(564) Phase 3: Adjust pointers
[4.033s][info   ][gc,phases      ] GC(564) Phase 3: Adjust pointers 1.746ms
[4.033s][info   ][gc,phases,start] GC(564) Phase 4: Compact heap
[4.034s][info   ][gc,phases      ] GC(564) Phase 4: Compact heap 0.200ms
[4.034s][info   ][gc,heap        ] GC(564) Eden regions: 1->0(3)
[4.034s][info   ][gc,heap        ] GC(564) Survivor regions: 0->0(0)
[4.034s][info   ][gc,heap        ] GC(564) Old regions: 2->2
[4.034s][info   ][gc,heap        ] GC(564) Archive regions: 2->2
[4.034s][info   ][gc,heap        ] GC(564) Humongous regions: 0->0
[4.034s][info   ][gc,metaspace   ] GC(564) Metaspace: 9524K(9792K)->9524K(9792K) NonClass: 8366K(8512K)->8366K(8512K) Class: 1157K(1280K)->1157K(1280K)
[4.034s][info   ][gc             ] GC(564) Pause Full (System.gc()) 4M->4M(28M) 5.758ms
[4.034s][info   ][gc,cpu         ] GC(564) User=0.01s Sys=0.00s Real=0.01s
[4.034s][info   ][gc,start       ] GC(565) Pause Full (System.gc())
[4.034s][info   ][gc,task        ] GC(565) Using 1 workers of 10 for full compaction
[4.034s][info   ][gc,phases,start] GC(565) Phase 1: Mark live objects
[4.037s][info   ][gc,phases      ] GC(565) Phase 1: Mark live objects 2.790ms
[4.037s][info   ][gc,phases,start] GC(565) Phase 2: Prepare for compaction
[4.037s][info   ][gc,phases      ] GC(565) Phase 2: Prepare for compaction 0.215ms
[4.037s][info   ][gc,phases,start] GC(565) Phase 3: Adjust pointers
[4.039s][info   ][gc,phases      ] GC(565) Phase 3: Adjust pointers 2.023ms
[4.040s][info   ][gc,phases,start] GC(565) Phase 4: Compact heap
[4.040s][info   ][gc,phases      ] GC(565) Phase 4: Compact heap 0.185ms
[4.040s][info   ][gc,heap        ] GC(565) Eden regions: 0->0(3)
[4.040s][info   ][gc,heap        ] GC(565) Survivor regions: 0->0(0)
[4.040s][info   ][gc,heap        ] GC(565) Old regions: 2->2
[4.040s][info   ][gc,heap        ] GC(565) Archive regions: 2->2
[4.040s][info   ][gc,heap        ] GC(565) Humongous regions: 0->0
[4.040s][info   ][gc,metaspace   ] GC(565) Metaspace: 9524K(9792K)->9524K(9792K) NonClass: 8366K(8512K)->8366K(8512K) Class: 1157K(1280K)->1157K(1280K)
[4.040s][info   ][gc             ] GC(565) Pause Full (System.gc()) 4M->4M(28M) 5.948ms
[4.040s][info   ][gc,cpu         ] GC(565) User=0.00s Sys=0.00s Real=0.00s
[4.041s][info   ][gc,start       ] GC(566) Pause Full (System.gc())
[4.041s][info   ][gc,task        ] GC(566) Using 1 workers of 10 for full compaction
[4.041s][info   ][gc,phases,start] GC(566) Phase 1: Mark live objects
[4.044s][info   ][gc,phases      ] GC(566) Phase 1: Mark live objects 2.772ms
[4.044s][info   ][gc,phases,start] GC(566) Phase 2: Prepare for compaction
[4.044s][info   ][gc,phases      ] GC(566) Phase 2: Prepare for compaction 0.136ms
[4.044s][info   ][gc,phases,start] GC(566) Phase 3: Adjust pointers
[4.045s][info   ][gc,phases      ] GC(566) Phase 3: Adjust pointers 1.217ms
[4.045s][info   ][gc,phases,start] GC(566) Phase 4: Compact heap
[4.045s][info   ][gc,phases      ] GC(566) Phase 4: Compact heap 0.134ms
[4.046s][info   ][gc,heap        ] GC(566) Eden regions: 1->0(3)
[4.046s][info   ][gc,heap        ] GC(566) Survivor regions: 0->0(0)
[4.046s][info   ][gc,heap        ] GC(566) Old regions: 2->2
[4.046s][info   ][gc,heap        ] GC(566) Archive regions: 2->2
[4.046s][info   ][gc,heap        ] GC(566) Humongous regions: 0->0
[4.046s][info   ][gc,metaspace   ] GC(566) Metaspace: 9524K(9792K)->9524K(9792K) NonClass: 8366K(8512K)->8366K(8512K) Class: 1157K(1280K)->1157K(1280K)
[4.046s][info   ][gc             ] GC(566) Pause Full (System.gc()) 4M->4M(28M) 4.941ms
[4.046s][info   ][gc,cpu         ] GC(566) User=0.01s Sys=0.00s Real=0.01s
[4.046s][info   ][gc,start       ] GC(567) Pause Full (System.gc())
[4.046s][info   ][gc,task        ] GC(567) Using 1 workers of 10 for full compaction
[4.046s][info   ][gc,phases,start] GC(567) Phase 1: Mark live objects
[4.049s][info   ][gc,phases      ] GC(567) Phase 1: Mark live objects 2.287ms
[4.049s][info   ][gc,phases,start] GC(567) Phase 2: Prepare for compaction
[4.049s][info   ][gc,phases      ] GC(567) Phase 2: Prepare for compaction 0.280ms
[4.049s][info   ][gc,phases,start] GC(567) Phase 3: Adjust pointers
[4.050s][info   ][gc,phases      ] GC(567) Phase 3: Adjust pointers 1.563ms
[4.050s][info   ][gc,phases,start] GC(567) Phase 4: Compact heap
[4.051s][info   ][gc,phases      ] GC(567) Phase 4: Compact heap 0.226ms
[4.051s][info   ][gc,heap        ] GC(567) Eden regions: 1->0(3)
[4.051s][info   ][gc,heap        ] GC(567) Survivor regions: 0->0(0)
[4.051s][info   ][gc,heap        ] GC(567) Old regions: 2->2
[4.051s][info   ][gc,heap        ] GC(567) Archive regions: 2->2
[4.051s][info   ][gc,heap        ] GC(567) Humongous regions: 0->0
[4.051s][info   ][gc,metaspace   ] GC(567) Metaspace: 9524K(9792K)->9524K(9792K) NonClass: 8366K(8512K)->8366K(8512K) Class: 1157K(1280K)->1157K(1280K)
[4.051s][info   ][gc             ] GC(567) Pause Full (System.gc()) 4M->4M(28M) 5.075ms
[4.051s][info   ][gc,cpu         ] GC(567) User=0.00s Sys=0.00s Real=0.00s
[4.052s][info   ][gc,start       ] GC(568) Pause Full (System.gc())
[4.052s][info   ][gc,task        ] GC(568) Using 1 workers of 10 for full compaction
[4.052s][info   ][gc,phases,start] GC(568) Phase 1: Mark live objects
[4.054s][info   ][gc,phases      ] GC(568) Phase 1: Mark live objects 2.637ms
[4.054s][info   ][gc,phases,start] GC(568) Phase 2: Prepare for compaction
[4.055s][info   ][gc,phases      ] GC(568) Phase 2: Prepare for compaction 0.283ms
[4.055s][info   ][gc,phases,start] GC(568) Phase 3: Adjust pointers
[4.056s][info   ][gc,phases      ] GC(568) Phase 3: Adjust pointers 1.405ms
[4.056s][info   ][gc,phases,start] GC(568) Phase 4: Compact heap
[4.056s][info   ][gc,phases      ] GC(568) Phase 4: Compact heap 0.196ms
[4.057s][info   ][gc,heap        ] GC(568) Eden regions: 0->0(3)
[4.057s][info   ][gc,heap        ] GC(568) Survivor regions: 0->0(0)
[4.057s][info   ][gc,heap        ] GC(568) Old regions: 2->2
[4.057s][info   ][gc,heap        ] GC(568) Archive regions: 2->2
[4.057s][info   ][gc,heap        ] GC(568) Humongous regions: 0->0
[4.057s][info   ][gc,metaspace   ] GC(568) Metaspace: 9524K(9792K)->9524K(9792K) NonClass: 8366K(8512K)->8366K(8512K) Class: 1157K(1280K)->1157K(1280K)
[4.057s][info   ][gc             ] GC(568) Pause Full (System.gc()) 4M->4M(28M) 5.355ms
[4.057s][info   ][gc,cpu         ] GC(568) User=0.01s Sys=0.00s Real=0.01s
[4.057s][info   ][gc,start       ] GC(569) Pause Full (System.gc())
[4.057s][info   ][gc,task        ] GC(569) Using 1 workers of 10 for full compaction
[4.057s][info   ][gc,phases,start] GC(569) Phase 1: Mark live objects
[4.061s][info   ][gc,phases      ] GC(569) Phase 1: Mark live objects 3.216ms
[4.061s][info   ][gc,phases,start] GC(569) Phase 2: Prepare for compaction
[4.061s][info   ][gc,phases      ] GC(569) Phase 2: Prepare for compaction 0.142ms
[4.061s][info   ][gc,phases,start] GC(569) Phase 3: Adjust pointers
[4.062s][info   ][gc,phases      ] GC(569) Phase 3: Adjust pointers 1.485ms
[4.062s][info   ][gc,phases,start] GC(569) Phase 4: Compact heap
[4.063s][info   ][gc,phases      ] GC(569) Phase 4: Compact heap 0.150ms
[4.063s][info   ][gc,heap        ] GC(569) Eden regions: 1->0(3)
[4.063s][info   ][gc,heap        ] GC(569) Survivor regions: 0->0(0)
[4.063s][info   ][gc,heap        ] GC(569) Old regions: 2->2
[4.063s][info   ][gc,heap        ] GC(569) Archive regions: 2->2
[4.063s][info   ][gc,heap        ] GC(569) Humongous regions: 0->0
[4.063s][info   ][gc,metaspace   ] GC(569) Metaspace: 9524K(9792K)->9524K(9792K) NonClass: 8366K(8512K)->8366K(8512K) Class: 1157K(1280K)->1157K(1280K)
[4.063s][info   ][gc             ] GC(569) Pause Full (System.gc()) 4M->4M(28M) 5.585ms
[4.063s][info   ][gc,cpu         ] GC(569) User=0.00s Sys=0.00s Real=0.00s
[4.063s][info   ][gc,start       ] GC(570) Pause Full (System.gc())
[4.063s][info   ][gc,task        ] GC(570) Using 1 workers of 10 for full compaction
[4.063s][info   ][gc,phases,start] GC(570) Phase 1: Mark live objects
[4.066s][info   ][gc,phases      ] GC(570) Phase 1: Mark live objects 3.040ms
[4.066s][info   ][gc,phases,start] GC(570) Phase 2: Prepare for compaction
[4.067s][info   ][gc,phases      ] GC(570) Phase 2: Prepare for compaction 0.161ms
[4.067s][info   ][gc,phases,start] GC(570) Phase 3: Adjust pointers
[4.068s][info   ][gc,phases      ] GC(570) Phase 3: Adjust pointers 1.537ms
[4.068s][info   ][gc,phases,start] GC(570) Phase 4: Compact heap
[4.068s][info   ][gc,phases      ] GC(570) Phase 4: Compact heap 0.199ms
[4.069s][info   ][gc,heap        ] GC(570) Eden regions: 1->0(3)
[4.069s][info   ][gc,heap        ] GC(570) Survivor regions: 0->0(0)
[4.069s][info   ][gc,heap        ] GC(570) Old regions: 2->2
[4.069s][info   ][gc,heap        ] GC(570) Archive regions: 2->2
[4.069s][info   ][gc,heap        ] GC(570) Humongous regions: 0->0
[4.069s][info   ][gc,metaspace   ] GC(570) Metaspace: 9524K(9792K)->9524K(9792K) NonClass: 8366K(8512K)->8366K(8512K) Class: 1157K(1280K)->1157K(1280K)
[4.069s][info   ][gc             ] GC(570) Pause Full (System.gc()) 4M->4M(28M) 5.771ms
[4.069s][info   ][gc,cpu         ] GC(570) User=0.01s Sys=0.00s Real=0.01s
[4.069s][info   ][gc,start       ] GC(571) Pause Full (System.gc())
[4.069s][info   ][gc,task        ] GC(571) Using 1 workers of 10 for full compaction
[4.069s][info   ][gc,phases,start] GC(571) Phase 1: Mark live objects
[4.073s][info   ][gc,phases      ] GC(571) Phase 1: Mark live objects 3.474ms
[4.073s][info   ][gc,phases,start] GC(571) Phase 2: Prepare for compaction
[4.073s][info   ][gc,phases      ] GC(571) Phase 2: Prepare for compaction 0.182ms
[4.073s][info   ][gc,phases,start] GC(571) Phase 3: Adjust pointers
[4.075s][info   ][gc,phases      ] GC(571) Phase 3: Adjust pointers 1.471ms
[4.075s][info   ][gc,phases,start] GC(571) Phase 4: Compact heap
[4.075s][info   ][gc,phases      ] GC(571) Phase 4: Compact heap 0.115ms
[4.075s][info   ][gc,heap        ] GC(571) Eden regions: 1->0(3)
[4.075s][info   ][gc,heap        ] GC(571) Survivor regions: 0->0(0)
[4.075s][info   ][gc,heap        ] GC(571) Old regions: 2->2
[4.075s][info   ][gc,heap        ] GC(571) Archive regions: 2->2
[4.075s][info   ][gc,heap        ] GC(571) Humongous regions: 0->0
[4.075s][info   ][gc,metaspace   ] GC(571) Metaspace: 9524K(9792K)->9524K(9792K) NonClass: 8366K(8512K)->8366K(8512K) Class: 1157K(1280K)->1157K(1280K)
[4.075s][info   ][gc             ] GC(571) Pause Full (System.gc()) 4M->4M(28M) 5.961ms
[4.075s][info   ][gc,cpu         ] GC(571) User=0.00s Sys=0.00s Real=0.01s
[4.076s][info   ][gc,start       ] GC(572) Pause Full (System.gc())
[4.076s][info   ][gc,task        ] GC(572) Using 1 workers of 10 for full compaction
[4.076s][info   ][gc,phases,start] GC(572) Phase 1: Mark live objects
[4.079s][info   ][gc,phases      ] GC(572) Phase 1: Mark live objects 3.427ms
[4.079s][info   ][gc,phases,start] GC(572) Phase 2: Prepare for compaction
[4.080s][info   ][gc,phases      ] GC(572) Phase 2: Prepare for compaction 0.290ms
[4.080s][info   ][gc,phases,start] GC(572) Phase 3: Adjust pointers
[4.081s][info   ][gc,phases      ] GC(572) Phase 3: Adjust pointers 1.395ms
[4.081s][info   ][gc,phases,start] GC(572) Phase 4: Compact heap
[4.081s][info   ][gc,phases      ] GC(572) Phase 4: Compact heap 0.059ms
[4.082s][info   ][gc,heap        ] GC(572) Eden regions: 1->0(3)
[4.082s][info   ][gc,heap        ] GC(572) Survivor regions: 0->0(0)
[4.082s][info   ][gc,heap        ] GC(572) Old regions: 2->2
[4.082s][info   ][gc,heap        ] GC(572) Archive regions: 2->2
[4.082s][info   ][gc,heap        ] GC(572) Humongous regions: 0->0
[4.082s][info   ][gc,metaspace   ] GC(572) Metaspace: 9524K(9792K)->9524K(9792K) NonClass: 8366K(8512K)->8366K(8512K) Class: 1157K(1280K)->1157K(1280K)
[4.082s][info   ][gc             ] GC(572) Pause Full (System.gc()) 4M->4M(28M) 5.919ms
[4.082s][info   ][gc,cpu         ] GC(572) User=0.01s Sys=0.00s Real=0.00s
[4.082s][info   ][gc,start       ] GC(573) Pause Full (System.gc())
[4.082s][info   ][gc,task        ] GC(573) Using 1 workers of 10 for full compaction
[4.082s][info   ][gc,phases,start] GC(573) Phase 1: Mark live objects
[4.084s][info   ][gc,phases      ] GC(573) Phase 1: Mark live objects 2.312ms
[4.084s][info   ][gc,phases,start] GC(573) Phase 2: Prepare for compaction
[4.085s][info   ][gc,phases      ] GC(573) Phase 2: Prepare for compaction 0.244ms
[4.085s][info   ][gc,phases,start] GC(573) Phase 3: Adjust pointers
[4.087s][info   ][gc,phases      ] GC(573) Phase 3: Adjust pointers 1.946ms
[4.087s][info   ][gc,phases,start] GC(573) Phase 4: Compact heap
[4.087s][info   ][gc,phases      ] GC(573) Phase 4: Compact heap 0.210ms
[4.087s][info   ][gc,heap        ] GC(573) Eden regions: 0->0(3)
[4.087s][info   ][gc,heap        ] GC(573) Survivor regions: 0->0(0)
[4.087s][info   ][gc,heap        ] GC(573) Old regions: 2->2
[4.087s][info   ][gc,heap        ] GC(573) Archive regions: 2->2
[4.087s][info   ][gc,heap        ] GC(573) Humongous regions: 0->0
[4.087s][info   ][gc,metaspace   ] GC(573) Metaspace: 9524K(9792K)->9524K(9792K) NonClass: 8366K(8512K)->8366K(8512K) Class: 1157K(1280K)->1157K(1280K)
[4.087s][info   ][gc             ] GC(573) Pause Full (System.gc()) 4M->4M(28M) 5.534ms
[4.088s][info   ][gc,cpu         ] GC(573) User=0.00s Sys=0.00s Real=0.01s
[4.088s][info   ][gc,start       ] GC(574) Pause Full (System.gc())
[4.088s][info   ][gc,task        ] GC(574) Using 1 workers of 10 for full compaction
[4.088s][info   ][gc,phases,start] GC(574) Phase 1: Mark live objects
[4.093s][info   ][gc,phases      ] GC(574) Phase 1: Mark live objects 4.822ms
[4.093s][info   ][gc,phases,start] GC(574) Phase 2: Prepare for compaction
[4.093s][info   ][gc,phases      ] GC(574) Phase 2: Prepare for compaction 0.191ms
[4.093s][info   ][gc,phases,start] GC(574) Phase 3: Adjust pointers
[4.095s][info   ][gc,phases      ] GC(574) Phase 3: Adjust pointers 1.653ms
[4.095s][info   ][gc,phases,start] GC(574) Phase 4: Compact heap
[4.095s][info   ][gc,phases      ] GC(574) Phase 4: Compact heap 0.141ms
[4.096s][info   ][gc,heap        ] GC(574) Eden regions: 1->0(3)
[4.096s][info   ][gc,heap        ] GC(574) Survivor regions: 0->0(0)
[4.096s][info   ][gc,heap        ] GC(574) Old regions: 2->2
[4.096s][info   ][gc,heap        ] GC(574) Archive regions: 2->2
[4.096s][info   ][gc,heap        ] GC(574) Humongous regions: 0->0
[4.096s][info   ][gc,metaspace   ] GC(574) Metaspace: 9524K(9792K)->9524K(9792K) NonClass: 8366K(8512K)->8366K(8512K) Class: 1157K(1280K)->1157K(1280K)
[4.096s][info   ][gc             ] GC(574) Pause Full (System.gc()) 4M->4M(28M) 7.642ms
[4.096s][info   ][gc,cpu         ] GC(574) User=0.01s Sys=0.00s Real=0.01s
[4.096s][info   ][gc,start       ] GC(575) Pause Full (System.gc())
[4.096s][info   ][gc,task        ] GC(575) Using 1 workers of 10 for full compaction
[4.096s][info   ][gc,phases,start] GC(575) Phase 1: Mark live objects
[4.100s][info   ][gc,phases      ] GC(575) Phase 1: Mark live objects 3.927ms
[4.100s][info   ][gc,phases,start] GC(575) Phase 2: Prepare for compaction
[4.100s][info   ][gc,phases      ] GC(575) Phase 2: Prepare for compaction 0.177ms
[4.100s][info   ][gc,phases,start] GC(575) Phase 3: Adjust pointers
[4.102s][info   ][gc,phases      ] GC(575) Phase 3: Adjust pointers 1.607ms
[4.102s][info   ][gc,phases,start] GC(575) Phase 4: Compact heap
[4.102s][info   ][gc,phases      ] GC(575) Phase 4: Compact heap 0.100ms
[4.102s][info   ][gc,heap        ] GC(575) Eden regions: 0->0(3)
[4.102s][info   ][gc,heap        ] GC(575) Survivor regions: 0->0(0)
[4.102s][info   ][gc,heap        ] GC(575) Old regions: 2->2
[4.102s][info   ][gc,heap        ] GC(575) Archive regions: 2->2
[4.102s][info   ][gc,heap        ] GC(575) Humongous regions: 0->0
[4.102s][info   ][gc,metaspace   ] GC(575) Metaspace: 9524K(9792K)->9524K(9792K) NonClass: 8366K(8512K)->8366K(8512K) Class: 1157K(1280K)->1157K(1280K)
[4.102s][info   ][gc             ] GC(575) Pause Full (System.gc()) 4M->4M(28M) 6.404ms
[4.102s][info   ][gc,cpu         ] GC(575) User=0.01s Sys=0.00s Real=0.00s
[4.102s][info   ][gc,start       ] GC(576) Pause Full (System.gc())
[4.102s][info   ][gc,task        ] GC(576) Using 1 workers of 10 for full compaction
[4.102s][info   ][gc,phases,start] GC(576) Phase 1: Mark live objects
[4.106s][info   ][gc,phases      ] GC(576) Phase 1: Mark live objects 3.947ms
[4.106s][info   ][gc,phases,start] GC(576) Phase 2: Prepare for compaction
[4.107s][info   ][gc,phases      ] GC(576) Phase 2: Prepare for compaction 0.220ms
[4.107s][info   ][gc,phases,start] GC(576) Phase 3: Adjust pointers
[4.108s][info   ][gc,phases      ] GC(576) Phase 3: Adjust pointers 1.240ms
[4.108s][info   ][gc,phases,start] GC(576) Phase 4: Compact heap
[4.108s][info   ][gc,phases      ] GC(576) Phase 4: Compact heap 0.110ms
[4.109s][info   ][gc,heap        ] GC(576) Eden regions: 1->0(3)
[4.109s][info   ][gc,heap        ] GC(576) Survivor regions: 0->0(0)
[4.109s][info   ][gc,heap        ] GC(576) Old regions: 2->2
[4.109s][info   ][gc,heap        ] GC(576) Archive regions: 2->2
[4.109s][info   ][gc,heap        ] GC(576) Humongous regions: 0->0
[4.109s][info   ][gc,metaspace   ] GC(576) Metaspace: 9524K(9792K)->9524K(9792K) NonClass: 8366K(8512K)->8366K(8512K) Class: 1157K(1280K)->1157K(1280K)
[4.109s][info   ][gc             ] GC(576) Pause Full (System.gc()) 4M->4M(28M) 6.142ms
[4.109s][info   ][gc,cpu         ] GC(576) User=0.00s Sys=0.01s Real=0.01s
[4.109s][info   ][gc,start       ] GC(577) Pause Full (System.gc())
[4.109s][info   ][gc,task        ] GC(577) Using 1 workers of 10 for full compaction
[4.109s][info   ][gc,phases,start] GC(577) Phase 1: Mark live objects
[4.112s][info   ][gc,phases      ] GC(577) Phase 1: Mark live objects 3.273ms
[4.112s][info   ][gc,phases,start] GC(577) Phase 2: Prepare for compaction
[4.113s][info   ][gc,phases      ] GC(577) Phase 2: Prepare for compaction 0.185ms
[4.113s][info   ][gc,phases,start] GC(577) Phase 3: Adjust pointers
[4.114s][info   ][gc,phases      ] GC(577) Phase 3: Adjust pointers 1.204ms
[4.114s][info   ][gc,phases,start] GC(577) Phase 4: Compact heap
[4.114s][info   ][gc,phases      ] GC(577) Phase 4: Compact heap 0.198ms
[4.114s][info   ][gc,heap        ] GC(577) Eden regions: 1->0(3)
[4.114s][info   ][gc,heap        ] GC(577) Survivor regions: 0->0(0)
[4.114s][info   ][gc,heap        ] GC(577) Old regions: 2->2
[4.114s][info   ][gc,heap        ] GC(577) Archive regions: 2->2
[4.114s][info   ][gc,heap        ] GC(577) Humongous regions: 0->0
[4.114s][info   ][gc,metaspace   ] GC(577) Metaspace: 9524K(9792K)->9524K(9792K) NonClass: 8366K(8512K)->8366K(8512K) Class: 1157K(1280K)->1157K(1280K)
[4.114s][info   ][gc             ] GC(577) Pause Full (System.gc()) 4M->4M(28M) 5.421ms
[4.115s][info   ][gc,cpu         ] GC(577) User=0.01s Sys=0.00s Real=0.01s
[4.115s][info   ][gc,start       ] GC(578) Pause Full (System.gc())
[4.115s][info   ][gc,task        ] GC(578) Using 1 workers of 10 for full compaction
[4.115s][info   ][gc,phases,start] GC(578) Phase 1: Mark live objects
[4.118s][info   ][gc,phases      ] GC(578) Phase 1: Mark live objects 3.686ms
[4.118s][info   ][gc,phases,start] GC(578) Phase 2: Prepare for compaction
[4.119s][info   ][gc,phases      ] GC(578) Phase 2: Prepare for compaction 0.220ms
[4.119s][info   ][gc,phases,start] GC(578) Phase 3: Adjust pointers
[4.120s][info   ][gc,phases      ] GC(578) Phase 3: Adjust pointers 1.479ms
[4.120s][info   ][gc,phases,start] GC(578) Phase 4: Compact heap
[4.120s][info   ][gc,phases      ] GC(578) Phase 4: Compact heap 0.157ms
[4.121s][info   ][gc,heap        ] GC(578) Eden regions: 0->0(3)
[4.121s][info   ][gc,heap        ] GC(578) Survivor regions: 0->0(0)
[4.121s][info   ][gc,heap        ] GC(578) Old regions: 2->2
[4.121s][info   ][gc,heap        ] GC(578) Archive regions: 2->2
[4.121s][info   ][gc,heap        ] GC(578) Humongous regions: 0->0
[4.121s][info   ][gc,metaspace   ] GC(578) Metaspace: 9524K(9792K)->9524K(9792K) NonClass: 8366K(8512K)->8366K(8512K) Class: 1157K(1280K)->1157K(1280K)
[4.121s][info   ][gc             ] GC(578) Pause Full (System.gc()) 4M->4M(28M) 6.425ms
[4.121s][info   ][gc,cpu         ] GC(578) User=0.00s Sys=0.00s Real=0.00s
[4.122s][info   ][gc,start       ] GC(579) Pause Full (System.gc())
[4.122s][info   ][gc,task        ] GC(579) Using 1 workers of 10 for full compaction
[4.122s][info   ][gc,phases,start] GC(579) Phase 1: Mark live objects
[4.125s][info   ][gc,phases      ] GC(579) Phase 1: Mark live objects 3.615ms
[4.125s][info   ][gc,phases,start] GC(579) Phase 2: Prepare for compaction
[4.126s][info   ][gc,phases      ] GC(579) Phase 2: Prepare for compaction 0.322ms
[4.126s][info   ][gc,phases,start] GC(579) Phase 3: Adjust pointers
[4.127s][info   ][gc,phases      ] GC(579) Phase 3: Adjust pointers 1.844ms
[4.128s][info   ][gc,phases,start] GC(579) Phase 4: Compact heap
[4.128s][info   ][gc,phases      ] GC(579) Phase 4: Compact heap 0.175ms
[4.128s][info   ][gc,heap        ] GC(579) Eden regions: 1->0(3)
[4.128s][info   ][gc,heap        ] GC(579) Survivor regions: 0->0(0)
[4.128s][info   ][gc,heap        ] GC(579) Old regions: 2->2
[4.128s][info   ][gc,heap        ] GC(579) Archive regions: 2->2
[4.128s][info   ][gc,heap        ] GC(579) Humongous regions: 0->0
[4.128s][info   ][gc,metaspace   ] GC(579) Metaspace: 9524K(9792K)->9524K(9792K) NonClass: 8366K(8512K)->8366K(8512K) Class: 1157K(1280K)->1157K(1280K)
[4.128s][info   ][gc             ] GC(579) Pause Full (System.gc()) 4M->4M(28M) 6.725ms
[4.128s][info   ][gc,cpu         ] GC(579) User=0.01s Sys=0.00s Real=0.01s
[4.128s][info   ][gc,start       ] GC(580) Pause Full (System.gc())
[4.128s][info   ][gc,task        ] GC(580) Using 1 workers of 10 for full compaction
[4.128s][info   ][gc,phases,start] GC(580) Phase 1: Mark live objects
[4.131s][info   ][gc,phases      ] GC(580) Phase 1: Mark live objects 2.307ms
[4.131s][info   ][gc,phases,start] GC(580) Phase 2: Prepare for compaction
[4.131s][info   ][gc,phases      ] GC(580) Phase 2: Prepare for compaction 0.136ms
[4.131s][info   ][gc,phases,start] GC(580) Phase 3: Adjust pointers
[4.133s][info   ][gc,phases      ] GC(580) Phase 3: Adjust pointers 1.708ms
[4.133s][info   ][gc,phases,start] GC(580) Phase 4: Compact heap
[4.133s][info   ][gc,phases      ] GC(580) Phase 4: Compact heap 0.095ms
[4.133s][info   ][gc,heap        ] GC(580) Eden regions: 0->0(3)
[4.133s][info   ][gc,heap        ] GC(580) Survivor regions: 0->0(0)
[4.133s][info   ][gc,heap        ] GC(580) Old regions: 2->2
[4.133s][info   ][gc,heap        ] GC(580) Archive regions: 2->2
[4.133s][info   ][gc,heap        ] GC(580) Humongous regions: 0->0
[4.133s][info   ][gc,metaspace   ] GC(580) Metaspace: 9524K(9792K)->9524K(9792K) NonClass: 8366K(8512K)->8366K(8512K) Class: 1157K(1280K)->1157K(1280K)
[4.133s][info   ][gc             ] GC(580) Pause Full (System.gc()) 4M->4M(28M) 4.843ms
[4.133s][info   ][gc,cpu         ] GC(580) User=0.00s Sys=0.00s Real=0.00s
[4.134s][info   ][gc,start       ] GC(581) Pause Full (System.gc())
[4.134s][info   ][gc,task        ] GC(581) Using 1 workers of 10 for full compaction
[4.134s][info   ][gc,phases,start] GC(581) Phase 1: Mark live objects
[4.136s][info   ][gc,phases      ] GC(581) Phase 1: Mark live objects 2.402ms
[4.136s][info   ][gc,phases,start] GC(581) Phase 2: Prepare for compaction
[4.136s][info   ][gc,phases      ] GC(581) Phase 2: Prepare for compaction 0.149ms
[4.136s][info   ][gc,phases,start] GC(581) Phase 3: Adjust pointers
[4.138s][info   ][gc,phases      ] GC(581) Phase 3: Adjust pointers 1.616ms
[4.138s][info   ][gc,phases,start] GC(581) Phase 4: Compact heap
[4.138s][info   ][gc,phases      ] GC(581) Phase 4: Compact heap 0.090ms
[4.139s][info   ][gc,heap        ] GC(581) Eden regions: 1->0(3)
[4.139s][info   ][gc,heap        ] GC(581) Survivor regions: 0->0(0)
[4.139s][info   ][gc,heap        ] GC(581) Old regions: 2->2
[4.139s][info   ][gc,heap        ] GC(581) Archive regions: 2->2
[4.139s][info   ][gc,heap        ] GC(581) Humongous regions: 0->0
[4.139s][info   ][gc,metaspace   ] GC(581) Metaspace: 9524K(9792K)->9524K(9792K) NonClass: 8366K(8512K)->8366K(8512K) Class: 1157K(1280K)->1157K(1280K)
[4.139s][info   ][gc             ] GC(581) Pause Full (System.gc()) 4M->4M(28M) 5.179ms
[4.139s][info   ][gc,cpu         ] GC(581) User=0.00s Sys=0.00s Real=0.00s
[4.139s][info   ][gc,start       ] GC(582) Pause Full (System.gc())
[4.139s][info   ][gc,task        ] GC(582) Using 1 workers of 10 for full compaction
[4.139s][info   ][gc,phases,start] GC(582) Phase 1: Mark live objects
[4.143s][info   ][gc,phases      ] GC(582) Phase 1: Mark live objects 3.508ms
[4.143s][info   ][gc,phases,start] GC(582) Phase 2: Prepare for compaction
[4.143s][info   ][gc,phases      ] GC(582) Phase 2: Prepare for compaction 0.253ms
[4.143s][info   ][gc,phases,start] GC(582) Phase 3: Adjust pointers
[4.145s][info   ][gc,phases      ] GC(582) Phase 3: Adjust pointers 1.383ms
[4.145s][info   ][gc,phases,start] GC(582) Phase 4: Compact heap
[4.145s][info   ][gc,phases      ] GC(582) Phase 4: Compact heap 0.166ms
[4.145s][info   ][gc,heap        ] GC(582) Eden regions: 1->0(3)
[4.146s][info   ][gc,heap        ] GC(582) Survivor regions: 0->0(0)
[4.146s][info   ][gc,heap        ] GC(582) Old regions: 2->2
[4.146s][info   ][gc,heap        ] GC(582) Archive regions: 2->2
[4.146s][info   ][gc,heap        ] GC(582) Humongous regions: 0->0
[4.146s][info   ][gc,metaspace   ] GC(582) Metaspace: 9524K(9792K)->9524K(9792K) NonClass: 8366K(8512K)->8366K(8512K) Class: 1157K(1280K)->1157K(1280K)
[4.146s][info   ][gc             ] GC(582) Pause Full (System.gc()) 4M->4M(28M) 6.141ms
[4.146s][info   ][gc,cpu         ] GC(582) User=0.01s Sys=0.00s Real=0.01s
[4.146s][info   ][gc,start       ] GC(583) Pause Full (System.gc())
[4.146s][info   ][gc,task        ] GC(583) Using 1 workers of 10 for full compaction
[4.146s][info   ][gc,phases,start] GC(583) Phase 1: Mark live objects
[4.149s][info   ][gc,phases      ] GC(583) Phase 1: Mark live objects 3.424ms
[4.149s][info   ][gc,phases,start] GC(583) Phase 2: Prepare for compaction
[4.150s][info   ][gc,phases      ] GC(583) Phase 2: Prepare for compaction 0.268ms
[4.150s][info   ][gc,phases,start] GC(583) Phase 3: Adjust pointers
[4.151s][info   ][gc,phases      ] GC(583) Phase 3: Adjust pointers 1.830ms
[4.151s][info   ][gc,phases,start] GC(583) Phase 4: Compact heap
[4.152s][info   ][gc,phases      ] GC(583) Phase 4: Compact heap 0.146ms
[4.152s][info   ][gc,heap        ] GC(583) Eden regions: 0->0(3)
[4.152s][info   ][gc,heap        ] GC(583) Survivor regions: 0->0(0)
[4.152s][info   ][gc,heap        ] GC(583) Old regions: 2->2
[4.152s][info   ][gc,heap        ] GC(583) Archive regions: 2->2
[4.152s][info   ][gc,heap        ] GC(583) Humongous regions: 0->0
[4.152s][info   ][gc,metaspace   ] GC(583) Metaspace: 9524K(9792K)->9524K(9792K) NonClass: 8366K(8512K)->8366K(8512K) Class: 1157K(1280K)->1157K(1280K)
[4.152s][info   ][gc             ] GC(583) Pause Full (System.gc()) 4M->4M(28M) 6.381ms
[4.152s][info   ][gc,cpu         ] GC(583) User=0.01s Sys=0.00s Real=0.00s
[4.153s][info   ][gc,start       ] GC(584) Pause Full (System.gc())
[4.153s][info   ][gc,task        ] GC(584) Using 1 workers of 10 for full compaction
[4.153s][info   ][gc,phases,start] GC(584) Phase 1: Mark live objects
[4.157s][info   ][gc,phases      ] GC(584) Phase 1: Mark live objects 4.495ms
[4.157s][info   ][gc,phases,start] GC(584) Phase 2: Prepare for compaction
[4.157s][info   ][gc,phases      ] GC(584) Phase 2: Prepare for compaction 0.165ms
[4.157s][info   ][gc,phases,start] GC(584) Phase 3: Adjust pointers
[4.159s][info   ][gc,phases      ] GC(584) Phase 3: Adjust pointers 1.955ms
[4.159s][info   ][gc,phases,start] GC(584) Phase 4: Compact heap
[4.159s][info   ][gc,phases      ] GC(584) Phase 4: Compact heap 0.160ms
[4.160s][info   ][gc,heap        ] GC(584) Eden regions: 1->0(3)
[4.160s][info   ][gc,heap        ] GC(584) Survivor regions: 0->0(0)
[4.160s][info   ][gc,heap        ] GC(584) Old regions: 2->2
[4.160s][info   ][gc,heap        ] GC(584) Archive regions: 2->2
[4.160s][info   ][gc,heap        ] GC(584) Humongous regions: 0->0
[4.160s][info   ][gc,metaspace   ] GC(584) Metaspace: 9524K(9792K)->9524K(9792K) NonClass: 8366K(8512K)->8366K(8512K) Class: 1157K(1280K)->1157K(1280K)
[4.160s][info   ][gc             ] GC(584) Pause Full (System.gc()) 4M->4M(28M) 7.684ms
[4.160s][info   ][gc,cpu         ] GC(584) User=0.00s Sys=0.00s Real=0.01s
[4.160s][info   ][gc,start       ] GC(585) Pause Full (System.gc())
[4.160s][info   ][gc,task        ] GC(585) Using 1 workers of 10 for full compaction
[4.161s][info   ][gc,phases,start] GC(585) Phase 1: Mark live objects
[4.164s][info   ][gc,phases      ] GC(585) Phase 1: Mark live objects 3.135ms
[4.164s][info   ][gc,phases,start] GC(585) Phase 2: Prepare for compaction
[4.164s][info   ][gc,phases      ] GC(585) Phase 2: Prepare for compaction 0.187ms
[4.164s][info   ][gc,phases,start] GC(585) Phase 3: Adjust pointers
[4.166s][info   ][gc,phases      ] GC(585) Phase 3: Adjust pointers 1.846ms
[4.166s][info   ][gc,phases,start] GC(585) Phase 4: Compact heap
[4.166s][info   ][gc,phases      ] GC(585) Phase 4: Compact heap 0.109ms
[4.167s][info   ][gc,heap        ] GC(585) Eden regions: 0->0(3)
[4.167s][info   ][gc,heap        ] GC(585) Survivor regions: 0->0(0)
[4.167s][info   ][gc,heap        ] GC(585) Old regions: 2->2
[4.167s][info   ][gc,heap        ] GC(585) Archive regions: 2->2
[4.167s][info   ][gc,heap        ] GC(585) Humongous regions: 0->0
[4.167s][info   ][gc,metaspace   ] GC(585) Metaspace: 9524K(9792K)->9524K(9792K) NonClass: 8366K(8512K)->8366K(8512K) Class: 1157K(1280K)->1157K(1280K)
[4.167s][info   ][gc             ] GC(585) Pause Full (System.gc()) 4M->4M(28M) 6.104ms
[4.167s][info   ][gc,cpu         ] GC(585) User=0.01s Sys=0.00s Real=0.01s
[4.167s][info   ][gc,start       ] GC(586) Pause Full (System.gc())
[4.167s][info   ][gc,task        ] GC(586) Using 1 workers of 10 for full compaction
[4.167s][info   ][gc,phases,start] GC(586) Phase 1: Mark live objects
[4.171s][info   ][gc,phases      ] GC(586) Phase 1: Mark live objects 3.837ms
[4.171s][info   ][gc,phases,start] GC(586) Phase 2: Prepare for compaction
[4.171s][info   ][gc,phases      ] GC(586) Phase 2: Prepare for compaction 0.241ms
[4.171s][info   ][gc,phases,start] GC(586) Phase 3: Adjust pointers
[4.174s][info   ][gc,phases      ] GC(586) Phase 3: Adjust pointers 2.530ms
[4.174s][info   ][gc,phases,start] GC(586) Phase 4: Compact heap
[4.174s][info   ][gc,phases      ] GC(586) Phase 4: Compact heap 0.177ms
[4.174s][info   ][gc,heap        ] GC(586) Eden regions: 1->0(3)
[4.174s][info   ][gc,heap        ] GC(586) Survivor regions: 0->0(0)
[4.174s][info   ][gc,heap        ] GC(586) Old regions: 2->2
[4.174s][info   ][gc,heap        ] GC(586) Archive regions: 2->2
[4.174s][info   ][gc,heap        ] GC(586) Humongous regions: 0->0
[4.174s][info   ][gc,metaspace   ] GC(586) Metaspace: 9524K(9792K)->9524K(9792K) NonClass: 8366K(8512K)->8366K(8512K) Class: 1157K(1280K)->1157K(1280K)
[4.174s][info   ][gc             ] GC(586) Pause Full (System.gc()) 4M->4M(28M) 7.391ms
[4.174s][info   ][gc,cpu         ] GC(586) User=0.00s Sys=0.00s Real=0.01s
[4.174s][info   ][gc,start       ] GC(587) Pause Full (System.gc())
[4.174s][info   ][gc,task        ] GC(587) Using 1 workers of 10 for full compaction
[4.174s][info   ][gc,phases,start] GC(587) Phase 1: Mark live objects
[4.178s][info   ][gc,phases      ] GC(587) Phase 1: Mark live objects 3.625ms
[4.178s][info   ][gc,phases,start] GC(587) Phase 2: Prepare for compaction
[4.178s][info   ][gc,phases      ] GC(587) Phase 2: Prepare for compaction 0.241ms
[4.178s][info   ][gc,phases,start] GC(587) Phase 3: Adjust pointers
[4.181s][info   ][gc,phases      ] GC(587) Phase 3: Adjust pointers 2.114ms
[4.181s][info   ][gc,phases,start] GC(587) Phase 4: Compact heap
[4.181s][info   ][gc,phases      ] GC(587) Phase 4: Compact heap 0.133ms
[4.181s][info   ][gc,heap        ] GC(587) Eden regions: 0->0(3)
[4.181s][info   ][gc,heap        ] GC(587) Survivor regions: 0->0(0)
[4.181s][info   ][gc,heap        ] GC(587) Old regions: 2->2
[4.181s][info   ][gc,heap        ] GC(587) Archive regions: 2->2
[4.181s][info   ][gc,heap        ] GC(587) Humongous regions: 0->0
[4.181s][info   ][gc,metaspace   ] GC(587) Metaspace: 9524K(9792K)->9524K(9792K) NonClass: 8366K(8512K)->8366K(8512K) Class: 1157K(1280K)->1157K(1280K)
[4.181s][info   ][gc             ] GC(587) Pause Full (System.gc()) 4M->4M(28M) 6.854ms
[4.181s][info   ][gc,cpu         ] GC(587) User=0.01s Sys=0.00s Real=0.00s
[4.182s][info   ][gc,start       ] GC(588) Pause Full (System.gc())
[4.182s][info   ][gc,task        ] GC(588) Using 1 workers of 10 for full compaction
[4.182s][info   ][gc,phases,start] GC(588) Phase 1: Mark live objects
[4.186s][info   ][gc,phases      ] GC(588) Phase 1: Mark live objects 3.980ms
[4.186s][info   ][gc,phases,start] GC(588) Phase 2: Prepare for compaction
[4.186s][info   ][gc,phases      ] GC(588) Phase 2: Prepare for compaction 0.135ms
[4.186s][info   ][gc,phases,start] GC(588) Phase 3: Adjust pointers
[4.188s][info   ][gc,phases      ] GC(588) Phase 3: Adjust pointers 1.901ms
[4.188s][info   ][gc,phases,start] GC(588) Phase 4: Compact heap
[4.188s][info   ][gc,phases      ] GC(588) Phase 4: Compact heap 0.132ms
[4.189s][info   ][gc,heap        ] GC(588) Eden regions: 1->0(3)
[4.189s][info   ][gc,heap        ] GC(588) Survivor regions: 0->0(0)
[4.189s][info   ][gc,heap        ] GC(588) Old regions: 2->2
[4.189s][info   ][gc,heap        ] GC(588) Archive regions: 2->2
[4.189s][info   ][gc,heap        ] GC(588) Humongous regions: 0->0
[4.189s][info   ][gc,metaspace   ] GC(588) Metaspace: 9524K(9792K)->9524K(9792K) NonClass: 8366K(8512K)->8366K(8512K) Class: 1157K(1280K)->1157K(1280K)
[4.189s][info   ][gc             ] GC(588) Pause Full (System.gc()) 4M->4M(28M) 7.049ms
[4.189s][info   ][gc,cpu         ] GC(588) User=0.01s Sys=0.01s Real=0.01s
[4.189s][info   ][gc,start       ] GC(589) Pause Full (System.gc())
[4.189s][info   ][gc,task        ] GC(589) Using 1 workers of 10 for full compaction
[4.189s][info   ][gc,phases,start] GC(589) Phase 1: Mark live objects
[4.193s][info   ][gc,phases      ] GC(589) Phase 1: Mark live objects 3.955ms
[4.193s][info   ][gc,phases,start] GC(589) Phase 2: Prepare for compaction
[4.193s][info   ][gc,phases      ] GC(589) Phase 2: Prepare for compaction 0.160ms
[4.193s][info   ][gc,phases,start] GC(589) Phase 3: Adjust pointers
[4.195s][info   ][gc,phases      ] GC(589) Phase 3: Adjust pointers 2.004ms
[4.195s][info   ][gc,phases,start] GC(589) Phase 4: Compact heap
[4.195s][info   ][gc,phases      ] GC(589) Phase 4: Compact heap 0.104ms
[4.196s][info   ][gc,heap        ] GC(589) Eden regions: 1->0(3)
[4.196s][info   ][gc,heap        ] GC(589) Survivor regions: 0->0(0)
[4.196s][info   ][gc,heap        ] GC(589) Old regions: 2->2
[4.196s][info   ][gc,heap        ] GC(589) Archive regions: 2->2
[4.196s][info   ][gc,heap        ] GC(589) Humongous regions: 0->0
[4.196s][info   ][gc,metaspace   ] GC(589) Metaspace: 9524K(9792K)->9524K(9792K) NonClass: 8366K(8512K)->8366K(8512K) Class: 1157K(1280K)->1157K(1280K)
[4.196s][info   ][gc             ] GC(589) Pause Full (System.gc()) 4M->4M(28M) 7.121ms
[4.196s][info   ][gc,cpu         ] GC(589) User=0.00s Sys=0.00s Real=0.01s
[4.197s][info   ][gc,start       ] GC(590) Pause Full (System.gc())
[4.197s][info   ][gc,task        ] GC(590) Using 1 workers of 10 for full compaction
[4.197s][info   ][gc,phases,start] GC(590) Phase 1: Mark live objects
[4.201s][info   ][gc,phases      ] GC(590) Phase 1: Mark live objects 3.960ms
[4.201s][info   ][gc,phases,start] GC(590) Phase 2: Prepare for compaction
[4.201s][info   ][gc,phases      ] GC(590) Phase 2: Prepare for compaction 0.167ms
[4.201s][info   ][gc,phases,start] GC(590) Phase 3: Adjust pointers
[4.203s][info   ][gc,phases      ] GC(590) Phase 3: Adjust pointers 1.670ms
[4.203s][info   ][gc,phases,start] GC(590) Phase 4: Compact heap
[4.203s][info   ][gc,phases      ] GC(590) Phase 4: Compact heap 0.163ms
[4.203s][info   ][gc,heap        ] GC(590) Eden regions: 1->0(3)
[4.203s][info   ][gc,heap        ] GC(590) Survivor regions: 0->0(0)
[4.203s][info   ][gc,heap        ] GC(590) Old regions: 2->2
[4.203s][info   ][gc,heap        ] GC(590) Archive regions: 2->2
[4.203s][info   ][gc,heap        ] GC(590) Humongous regions: 0->0
[4.203s][info   ][gc,metaspace   ] GC(590) Metaspace: 9524K(9792K)->9524K(9792K) NonClass: 8366K(8512K)->8366K(8512K) Class: 1157K(1280K)->1157K(1280K)
[4.203s][info   ][gc             ] GC(590) Pause Full (System.gc()) 4M->4M(28M) 6.650ms
[4.203s][info   ][gc,cpu         ] GC(590) User=0.01s Sys=0.00s Real=0.00s
[4.204s][info   ][gc,start       ] GC(591) Pause Full (System.gc())
[4.204s][info   ][gc,task        ] GC(591) Using 1 workers of 10 for full compaction
[4.204s][info   ][gc,phases,start] GC(591) Phase 1: Mark live objects
[4.208s][info   ][gc,phases      ] GC(591) Phase 1: Mark live objects 4.285ms
[4.208s][info   ][gc,phases,start] GC(591) Phase 2: Prepare for compaction
[4.208s][info   ][gc,phases      ] GC(591) Phase 2: Prepare for compaction 0.155ms
[4.208s][info   ][gc,phases,start] GC(591) Phase 3: Adjust pointers
[4.210s][info   ][gc,phases      ] GC(591) Phase 3: Adjust pointers 1.591ms
[4.210s][info   ][gc,phases,start] GC(591) Phase 4: Compact heap
[4.210s][info   ][gc,phases      ] GC(591) Phase 4: Compact heap 0.217ms
[4.211s][info   ][gc,heap        ] GC(591) Eden regions: 0->0(3)
[4.211s][info   ][gc,heap        ] GC(591) Survivor regions: 0->0(0)
[4.211s][info   ][gc,heap        ] GC(591) Old regions: 2->2
[4.211s][info   ][gc,heap        ] GC(591) Archive regions: 2->2
[4.211s][info   ][gc,heap        ] GC(591) Humongous regions: 0->0
[4.211s][info   ][gc,metaspace   ] GC(591) Metaspace: 9524K(9792K)->9524K(9792K) NonClass: 8366K(8512K)->8366K(8512K) Class: 1157K(1280K)->1157K(1280K)
[4.211s][info   ][gc             ] GC(591) Pause Full (System.gc()) 4M->4M(28M) 7.017ms
[4.211s][info   ][gc,cpu         ] GC(591) User=0.01s Sys=0.00s Real=0.00s
[4.211s][info   ][gc,start       ] GC(592) Pause Full (System.gc())
[4.211s][info   ][gc,task        ] GC(592) Using 1 workers of 10 for full compaction
[4.211s][info   ][gc,phases,start] GC(592) Phase 1: Mark live objects
[4.214s][info   ][gc,phases      ] GC(592) Phase 1: Mark live objects 3.251ms
[4.214s][info   ][gc,phases,start] GC(592) Phase 2: Prepare for compaction
[4.214s][info   ][gc,phases      ] GC(592) Phase 2: Prepare for compaction 0.130ms
[4.214s][info   ][gc,phases,start] GC(592) Phase 3: Adjust pointers
[4.216s][info   ][gc,phases      ] GC(592) Phase 3: Adjust pointers 1.578ms
[4.216s][info   ][gc,phases,start] GC(592) Phase 4: Compact heap
[4.216s][info   ][gc,phases      ] GC(592) Phase 4: Compact heap 0.153ms
[4.217s][info   ][gc,heap        ] GC(592) Eden regions: 0->0(3)
[4.217s][info   ][gc,heap        ] GC(592) Survivor regions: 0->0(0)
[4.217s][info   ][gc,heap        ] GC(592) Old regions: 2->2
[4.217s][info   ][gc,heap        ] GC(592) Archive regions: 2->2
[4.217s][info   ][gc,heap        ] GC(592) Humongous regions: 0->0
[4.217s][info   ][gc,metaspace   ] GC(592) Metaspace: 9524K(9792K)->9524K(9792K) NonClass: 8366K(8512K)->8366K(8512K) Class: 1157K(1280K)->1157K(1280K)
[4.217s][info   ][gc             ] GC(592) Pause Full (System.gc()) 4M->4M(28M) 5.877ms
[4.217s][info   ][gc,cpu         ] GC(592) User=0.00s Sys=0.00s Real=0.01s
[4.217s][info   ][gc,start       ] GC(593) Pause Full (System.gc())
[4.217s][info   ][gc,task        ] GC(593) Using 1 workers of 10 for full compaction
[4.217s][info   ][gc,phases,start] GC(593) Phase 1: Mark live objects
[4.221s][info   ][gc,phases      ] GC(593) Phase 1: Mark live objects 3.572ms
[4.221s][info   ][gc,phases,start] GC(593) Phase 2: Prepare for compaction
[4.221s][info   ][gc,phases      ] GC(593) Phase 2: Prepare for compaction 0.272ms
[4.221s][info   ][gc,phases,start] GC(593) Phase 3: Adjust pointers
[4.223s][info   ][gc,phases      ] GC(593) Phase 3: Adjust pointers 2.315ms
[4.223s][info   ][gc,phases,start] GC(593) Phase 4: Compact heap
[4.223s][info   ][gc,phases      ] GC(593) Phase 4: Compact heap 0.062ms
[4.224s][info   ][gc,heap        ] GC(593) Eden regions: 1->0(3)
[4.224s][info   ][gc,heap        ] GC(593) Survivor regions: 0->0(0)
[4.224s][info   ][gc,heap        ] GC(593) Old regions: 2->2
[4.224s][info   ][gc,heap        ] GC(593) Archive regions: 2->2
[4.224s][info   ][gc,heap        ] GC(593) Humongous regions: 0->0
[4.224s][info   ][gc,metaspace   ] GC(593) Metaspace: 9524K(9792K)->9524K(9792K) NonClass: 8366K(8512K)->8366K(8512K) Class: 1157K(1280K)->1157K(1280K)
[4.224s][info   ][gc             ] GC(593) Pause Full (System.gc()) 4M->4M(28M) 6.947ms
[4.224s][info   ][gc,cpu         ] GC(593) User=0.01s Sys=0.00s Real=0.01s
[4.224s][info   ][gc,start       ] GC(594) Pause Full (System.gc())
[4.224s][info   ][gc,task        ] GC(594) Using 1 workers of 10 for full compaction
[4.224s][info   ][gc,phases,start] GC(594) Phase 1: Mark live objects
[4.228s][info   ][gc,phases      ] GC(594) Phase 1: Mark live objects 3.254ms
[4.228s][info   ][gc,phases,start] GC(594) Phase 2: Prepare for compaction
[4.228s][info   ][gc,phases      ] GC(594) Phase 2: Prepare for compaction 0.163ms
[4.228s][info   ][gc,phases,start] GC(594) Phase 3: Adjust pointers
[4.230s][info   ][gc,phases      ] GC(594) Phase 3: Adjust pointers 1.804ms
[4.230s][info   ][gc,phases,start] GC(594) Phase 4: Compact heap
[4.230s][info   ][gc,phases      ] GC(594) Phase 4: Compact heap 0.109ms
[4.230s][info   ][gc,heap        ] GC(594) Eden regions: 1->0(3)
[4.230s][info   ][gc,heap        ] GC(594) Survivor regions: 0->0(0)
[4.230s][info   ][gc,heap        ] GC(594) Old regions: 2->2
[4.230s][info   ][gc,heap        ] GC(594) Archive regions: 2->2
[4.230s][info   ][gc,heap        ] GC(594) Humongous regions: 0->0
[4.230s][info   ][gc,metaspace   ] GC(594) Metaspace: 9524K(9792K)->9524K(9792K) NonClass: 8366K(8512K)->8366K(8512K) Class: 1157K(1280K)->1157K(1280K)
[4.230s][info   ][gc             ] GC(594) Pause Full (System.gc()) 4M->4M(28M) 5.890ms
[4.230s][info   ][gc,cpu         ] GC(594) User=0.00s Sys=0.00s Real=0.00s
[4.230s][info   ][gc,start       ] GC(595) Pause Full (System.gc())
[4.230s][info   ][gc,task        ] GC(595) Using 1 workers of 10 for full compaction
[4.230s][info   ][gc,phases,start] GC(595) Phase 1: Mark live objects
[4.233s][info   ][gc,phases      ] GC(595) Phase 1: Mark live objects 2.908ms
[4.233s][info   ][gc,phases,start] GC(595) Phase 2: Prepare for compaction
[4.234s][info   ][gc,phases      ] GC(595) Phase 2: Prepare for compaction 0.107ms
[4.234s][info   ][gc,phases,start] GC(595) Phase 3: Adjust pointers
[4.235s][info   ][gc,phases      ] GC(595) Phase 3: Adjust pointers 1.158ms
[4.235s][info   ][gc,phases,start] GC(595) Phase 4: Compact heap
[4.235s][info   ][gc,phases      ] GC(595) Phase 4: Compact heap 0.145ms
[4.235s][info   ][gc,heap        ] GC(595) Eden regions: 0->0(3)
[4.235s][info   ][gc,heap        ] GC(595) Survivor regions: 0->0(0)
[4.235s][info   ][gc,heap        ] GC(595) Old regions: 2->2
[4.235s][info   ][gc,heap        ] GC(595) Archive regions: 2->2
[4.235s][info   ][gc,heap        ] GC(595) Humongous regions: 0->0
[4.235s][info   ][gc,metaspace   ] GC(595) Metaspace: 9524K(9792K)->9524K(9792K) NonClass: 8366K(8512K)->8366K(8512K) Class: 1157K(1280K)->1157K(1280K)
[4.235s][info   ][gc             ] GC(595) Pause Full (System.gc()) 4M->4M(28M) 4.909ms
[4.235s][info   ][gc,cpu         ] GC(595) User=0.01s Sys=0.00s Real=0.01s
[4.236s][info   ][gc,start       ] GC(596) Pause Full (System.gc())
[4.236s][info   ][gc,task        ] GC(596) Using 1 workers of 10 for full compaction
[4.236s][info   ][gc,phases,start] GC(596) Phase 1: Mark live objects
[4.240s][info   ][gc,phases      ] GC(596) Phase 1: Mark live objects 3.726ms
[4.240s][info   ][gc,phases,start] GC(596) Phase 2: Prepare for compaction
[4.240s][info   ][gc,phases      ] GC(596) Phase 2: Prepare for compaction 0.200ms
[4.240s][info   ][gc,phases,start] GC(596) Phase 3: Adjust pointers
[4.242s][info   ][gc,phases      ] GC(596) Phase 3: Adjust pointers 1.701ms
[4.242s][info   ][gc,phases,start] GC(596) Phase 4: Compact heap
[4.242s][info   ][gc,phases      ] GC(596) Phase 4: Compact heap 0.136ms
[4.243s][info   ][gc,heap        ] GC(596) Eden regions: 1->0(3)
[4.243s][info   ][gc,heap        ] GC(596) Survivor regions: 0->0(0)
[4.243s][info   ][gc,heap        ] GC(596) Old regions: 2->2
[4.243s][info   ][gc,heap        ] GC(596) Archive regions: 2->2
[4.243s][info   ][gc,heap        ] GC(596) Humongous regions: 0->0
[4.243s][info   ][gc,metaspace   ] GC(596) Metaspace: 9524K(9792K)->9524K(9792K) NonClass: 8366K(8512K)->8366K(8512K) Class: 1157K(1280K)->1157K(1280K)
[4.243s][info   ][gc             ] GC(596) Pause Full (System.gc()) 4M->4M(28M) 6.651ms
[4.243s][info   ][gc,cpu         ] GC(596) User=0.00s Sys=0.00s Real=0.00s
[4.243s][info   ][gc,start       ] GC(597) Pause Full (System.gc())
[4.243s][info   ][gc,task        ] GC(597) Using 1 workers of 10 for full compaction
[4.243s][info   ][gc,phases,start] GC(597) Phase 1: Mark live objects
[4.246s][info   ][gc,phases      ] GC(597) Phase 1: Mark live objects 3.270ms
[4.246s][info   ][gc,phases,start] GC(597) Phase 2: Prepare for compaction
[4.247s][info   ][gc,phases      ] GC(597) Phase 2: Prepare for compaction 0.182ms
[4.247s][info   ][gc,phases,start] GC(597) Phase 3: Adjust pointers
[4.248s][info   ][gc,phases      ] GC(597) Phase 3: Adjust pointers 1.375ms
[4.248s][info   ][gc,phases,start] GC(597) Phase 4: Compact heap
[4.248s][info   ][gc,phases      ] GC(597) Phase 4: Compact heap 0.229ms
[4.249s][info   ][gc,heap        ] GC(597) Eden regions: 1->0(3)
[4.249s][info   ][gc,heap        ] GC(597) Survivor regions: 0->0(0)
[4.249s][info   ][gc,heap        ] GC(597) Old regions: 2->2
[4.249s][info   ][gc,heap        ] GC(597) Archive regions: 2->2
[4.249s][info   ][gc,heap        ] GC(597) Humongous regions: 0->0
[4.249s][info   ][gc,metaspace   ] GC(597) Metaspace: 9524K(9792K)->9524K(9792K) NonClass: 8366K(8512K)->8366K(8512K) Class: 1157K(1280K)->1157K(1280K)
[4.249s][info   ][gc             ] GC(597) Pause Full (System.gc()) 4M->4M(28M) 5.798ms
[4.249s][info   ][gc,cpu         ] GC(597) User=0.00s Sys=0.00s Real=0.01s
[4.249s][info   ][gc,start       ] GC(598) Pause Full (System.gc())
[4.249s][info   ][gc,task        ] GC(598) Using 1 workers of 10 for full compaction
[4.249s][info   ][gc,phases,start] GC(598) Phase 1: Mark live objects
[4.252s][info   ][gc,phases      ] GC(598) Phase 1: Mark live objects 2.577ms
[4.252s][info   ][gc,phases,start] GC(598) Phase 2: Prepare for compaction
[4.252s][info   ][gc,phases      ] GC(598) Phase 2: Prepare for compaction 0.244ms
[4.252s][info   ][gc,phases,start] GC(598) Phase 3: Adjust pointers
[4.254s][info   ][gc,phases      ] GC(598) Phase 3: Adjust pointers 1.479ms
[4.254s][info   ][gc,phases,start] GC(598) Phase 4: Compact heap
[4.254s][info   ][gc,phases      ] GC(598) Phase 4: Compact heap 0.179ms
[4.255s][info   ][gc,heap        ] GC(598) Eden regions: 1->0(3)
[4.255s][info   ][gc,heap        ] GC(598) Survivor regions: 0->0(0)
[4.255s][info   ][gc,heap        ] GC(598) Old regions: 2->2
[4.255s][info   ][gc,heap        ] GC(598) Archive regions: 2->2
[4.255s][info   ][gc,heap        ] GC(598) Humongous regions: 0->0
[4.255s][info   ][gc,metaspace   ] GC(598) Metaspace: 9524K(9792K)->9524K(9792K) NonClass: 8366K(8512K)->8366K(8512K) Class: 1157K(1280K)->1157K(1280K)
[4.255s][info   ][gc             ] GC(598) Pause Full (System.gc()) 4M->4M(28M) 5.485ms
[4.255s][info   ][gc,cpu         ] GC(598) User=0.01s Sys=0.00s Real=0.01s
[4.255s][info   ][gc,start       ] GC(599) Pause Full (System.gc())
[4.255s][info   ][gc,task        ] GC(599) Using 1 workers of 10 for full compaction
[4.255s][info   ][gc,phases,start] GC(599) Phase 1: Mark live objects
[4.259s][info   ][gc,phases      ] GC(599) Phase 1: Mark live objects 3.765ms
[4.259s][info   ][gc,phases,start] GC(599) Phase 2: Prepare for compaction
[4.259s][info   ][gc,phases      ] GC(599) Phase 2: Prepare for compaction 0.089ms
[4.259s][info   ][gc,phases,start] GC(599) Phase 3: Adjust pointers
[4.260s][info   ][gc,phases      ] GC(599) Phase 3: Adjust pointers 1.530ms
[4.260s][info   ][gc,phases,start] GC(599) Phase 4: Compact heap
[4.261s][info   ][gc,phases      ] GC(599) Phase 4: Compact heap 0.093ms
[4.261s][info   ][gc,heap        ] GC(599) Eden regions: 0->0(3)
[4.261s][info   ][gc,heap        ] GC(599) Survivor regions: 0->0(0)
[4.261s][info   ][gc,heap        ] GC(599) Old regions: 2->2
[4.261s][info   ][gc,heap        ] GC(599) Archive regions: 2->2
[4.261s][info   ][gc,heap        ] GC(599) Humongous regions: 0->0
[4.261s][info   ][gc,metaspace   ] GC(599) Metaspace: 9524K(9792K)->9524K(9792K) NonClass: 8366K(8512K)->8366K(8512K) Class: 1157K(1280K)->1157K(1280K)
[4.261s][info   ][gc             ] GC(599) Pause Full (System.gc()) 4M->4M(28M) 6.250ms
[4.261s][info   ][gc,cpu         ] GC(599) User=0.00s Sys=0.00s Real=0.00s
[4.262s][info   ][gc,start       ] GC(600) Pause Full (System.gc())
[4.262s][info   ][gc,task        ] GC(600) Using 1 workers of 10 for full compaction
[4.262s][info   ][gc,phases,start] GC(600) Phase 1: Mark live objects
[4.265s][info   ][gc,phases      ] GC(600) Phase 1: Mark live objects 3.022ms
[4.265s][info   ][gc,phases,start] GC(600) Phase 2: Prepare for compaction
[4.265s][info   ][gc,phases      ] GC(600) Phase 2: Prepare for compaction 0.205ms
[4.265s][info   ][gc,phases,start] GC(600) Phase 3: Adjust pointers
[4.267s][info   ][gc,phases      ] GC(600) Phase 3: Adjust pointers 1.757ms
[4.267s][info   ][gc,phases,start] GC(600) Phase 4: Compact heap
[4.267s][info   ][gc,phases      ] GC(600) Phase 4: Compact heap 0.145ms
[4.267s][info   ][gc,heap        ] GC(600) Eden regions: 0->0(3)
[4.267s][info   ][gc,heap        ] GC(600) Survivor regions: 0->0(0)
[4.267s][info   ][gc,heap        ] GC(600) Old regions: 2->2
[4.267s][info   ][gc,heap        ] GC(600) Archive regions: 2->2
[4.267s][info   ][gc,heap        ] GC(600) Humongous regions: 0->0
[4.267s][info   ][gc,metaspace   ] GC(600) Metaspace: 9524K(9792K)->9524K(9792K) NonClass: 8366K(8512K)->8366K(8512K) Class: 1157K(1280K)->1157K(1280K)
[4.267s][info   ][gc             ] GC(600) Pause Full (System.gc()) 4M->4M(28M) 5.950ms
[4.267s][info   ][gc,cpu         ] GC(600) User=0.01s Sys=0.00s Real=0.01s
[4.268s][info   ][gc,start       ] GC(601) Pause Full (System.gc())
[4.268s][info   ][gc,task        ] GC(601) Using 1 workers of 10 for full compaction
[4.268s][info   ][gc,phases,start] GC(601) Phase 1: Mark live objects
[4.270s][info   ][gc,phases      ] GC(601) Phase 1: Mark live objects 2.727ms
[4.270s][info   ][gc,phases,start] GC(601) Phase 2: Prepare for compaction
[4.271s][info   ][gc,phases      ] GC(601) Phase 2: Prepare for compaction 0.202ms
[4.271s][info   ][gc,phases,start] GC(601) Phase 3: Adjust pointers
[4.273s][info   ][gc,phases      ] GC(601) Phase 3: Adjust pointers 2.025ms
[4.273s][info   ][gc,phases,start] GC(601) Phase 4: Compact heap
[4.273s][info   ][gc,phases      ] GC(601) Phase 4: Compact heap 0.109ms
[4.273s][info   ][gc,heap        ] GC(601) Eden regions: 0->0(3)
[4.273s][info   ][gc,heap        ] GC(601) Survivor regions: 0->0(0)
[4.273s][info   ][gc,heap        ] GC(601) Old regions: 2->2
[4.273s][info   ][gc,heap        ] GC(601) Archive regions: 2->2
[4.273s][info   ][gc,heap        ] GC(601) Humongous regions: 0->0
[4.273s][info   ][gc,metaspace   ] GC(601) Metaspace: 9524K(9792K)->9524K(9792K) NonClass: 8366K(8512K)->8366K(8512K) Class: 1157K(1280K)->1157K(1280K)
[4.273s][info   ][gc             ] GC(601) Pause Full (System.gc()) 4M->4M(28M) 5.742ms
[4.273s][info   ][gc,cpu         ] GC(601) User=0.00s Sys=0.00s Real=0.00s
[4.274s][info   ][gc,start       ] GC(602) Pause Full (System.gc())
[4.274s][info   ][gc,task        ] GC(602) Using 1 workers of 10 for full compaction
[4.274s][info   ][gc,phases,start] GC(602) Phase 1: Mark live objects
[4.276s][info   ][gc,phases      ] GC(602) Phase 1: Mark live objects 2.510ms
[4.276s][info   ][gc,phases,start] GC(602) Phase 2: Prepare for compaction
[4.276s][info   ][gc,phases      ] GC(602) Phase 2: Prepare for compaction 0.067ms
[4.276s][info   ][gc,phases,start] GC(602) Phase 3: Adjust pointers
[4.277s][info   ][gc,phases      ] GC(602) Phase 3: Adjust pointers 1.192ms
[4.277s][info   ][gc,phases,start] GC(602) Phase 4: Compact heap
[4.277s][info   ][gc,phases      ] GC(602) Phase 4: Compact heap 0.053ms
[4.278s][info   ][gc,heap        ] GC(602) Eden regions: 0->0(3)
[4.278s][info   ][gc,heap        ] GC(602) Survivor regions: 0->0(0)
[4.278s][info   ][gc,heap        ] GC(602) Old regions: 2->2
[4.278s][info   ][gc,heap        ] GC(602) Archive regions: 2->2
[4.278s][info   ][gc,heap        ] GC(602) Humongous regions: 0->0
[4.278s][info   ][gc,metaspace   ] GC(602) Metaspace: 9524K(9792K)->9524K(9792K) NonClass: 8366K(8512K)->8366K(8512K) Class: 1157K(1280K)->1157K(1280K)
[4.278s][info   ][gc             ] GC(602) Pause Full (System.gc()) 4M->4M(28M) 4.399ms
[4.278s][info   ][gc,cpu         ] GC(602) User=0.01s Sys=0.00s Real=0.00s
[4.278s][info   ][gc,start       ] GC(603) Pause Full (System.gc())
[4.278s][info   ][gc,task        ] GC(603) Using 1 workers of 10 for full compaction
[4.278s][info   ][gc,phases,start] GC(603) Phase 1: Mark live objects
[4.281s][info   ][gc,phases      ] GC(603) Phase 1: Mark live objects 2.342ms
[4.281s][info   ][gc,phases,start] GC(603) Phase 2: Prepare for compaction
[4.281s][info   ][gc,phases      ] GC(603) Phase 2: Prepare for compaction 0.073ms
[4.281s][info   ][gc,phases,start] GC(603) Phase 3: Adjust pointers
[4.282s][info   ][gc,phases      ] GC(603) Phase 3: Adjust pointers 1.197ms
[4.282s][info   ][gc,phases,start] GC(603) Phase 4: Compact heap
[4.282s][info   ][gc,phases      ] GC(603) Phase 4: Compact heap 0.083ms
[4.282s][info   ][gc,heap        ] GC(603) Eden regions: 0->0(3)
[4.282s][info   ][gc,heap        ] GC(603) Survivor regions: 0->0(0)
[4.282s][info   ][gc,heap        ] GC(603) Old regions: 2->2
[4.282s][info   ][gc,heap        ] GC(603) Archive regions: 2->2
[4.282s][info   ][gc,heap        ] GC(603) Humongous regions: 0->0
[4.282s][info   ][gc,metaspace   ] GC(603) Metaspace: 9524K(9792K)->9524K(9792K) NonClass: 8366K(8512K)->8366K(8512K) Class: 1157K(1280K)->1157K(1280K)
[4.282s][info   ][gc             ] GC(603) Pause Full (System.gc()) 4M->4M(28M) 4.205ms
[4.282s][info   ][gc,cpu         ] GC(603) User=0.00s Sys=0.00s Real=0.00s
[4.283s][info   ][gc,start       ] GC(604) Pause Full (System.gc())
[4.283s][info   ][gc,task        ] GC(604) Using 1 workers of 10 for full compaction
[4.283s][info   ][gc,phases,start] GC(604) Phase 1: Mark live objects
[4.285s][info   ][gc,phases      ] GC(604) Phase 1: Mark live objects 2.449ms
[4.285s][info   ][gc,phases,start] GC(604) Phase 2: Prepare for compaction
[4.285s][info   ][gc,phases      ] GC(604) Phase 2: Prepare for compaction 0.086ms
[4.285s][info   ][gc,phases,start] GC(604) Phase 3: Adjust pointers
[4.286s][info   ][gc,phases      ] GC(604) Phase 3: Adjust pointers 1.215ms
[4.286s][info   ][gc,phases,start] GC(604) Phase 4: Compact heap
[4.287s][info   ][gc,phases      ] GC(604) Phase 4: Compact heap 0.207ms
[4.287s][info   ][gc,heap        ] GC(604) Eden regions: 0->0(3)
[4.287s][info   ][gc,heap        ] GC(604) Survivor regions: 0->0(0)
[4.287s][info   ][gc,heap        ] GC(604) Old regions: 2->2
[4.287s][info   ][gc,heap        ] GC(604) Archive regions: 2->2
[4.287s][info   ][gc,heap        ] GC(604) Humongous regions: 0->0
[4.287s][info   ][gc,metaspace   ] GC(604) Metaspace: 9524K(9792K)->9524K(9792K) NonClass: 8366K(8512K)->8366K(8512K) Class: 1157K(1280K)->1157K(1280K)
[4.287s][info   ][gc             ] GC(604) Pause Full (System.gc()) 4M->4M(28M) 4.813ms
[4.287s][info   ][gc,cpu         ] GC(604) User=0.00s Sys=0.00s Real=0.01s
[4.288s][info   ][gc,start       ] GC(605) Pause Full (System.gc())
[4.288s][info   ][gc,task        ] GC(605) Using 1 workers of 10 for full compaction
[4.288s][info   ][gc,phases,start] GC(605) Phase 1: Mark live objects
[4.291s][info   ][gc,phases      ] GC(605) Phase 1: Mark live objects 3.345ms
[4.291s][info   ][gc,phases,start] GC(605) Phase 2: Prepare for compaction
[4.291s][info   ][gc,phases      ] GC(605) Phase 2: Prepare for compaction 0.252ms
[4.291s][info   ][gc,phases,start] GC(605) Phase 3: Adjust pointers
[4.293s][info   ][gc,phases      ] GC(605) Phase 3: Adjust pointers 1.866ms
[4.293s][info   ][gc,phases,start] GC(605) Phase 4: Compact heap
[4.293s][info   ][gc,phases      ] GC(605) Phase 4: Compact heap 0.144ms
[4.294s][info   ][gc,heap        ] GC(605) Eden regions: 0->0(3)
[4.294s][info   ][gc,heap        ] GC(605) Survivor regions: 0->0(0)
[4.294s][info   ][gc,heap        ] GC(605) Old regions: 2->2
[4.294s][info   ][gc,heap        ] GC(605) Archive regions: 2->2
[4.294s][info   ][gc,heap        ] GC(605) Humongous regions: 0->0
[4.294s][info   ][gc,metaspace   ] GC(605) Metaspace: 9524K(9792K)->9524K(9792K) NonClass: 8366K(8512K)->8366K(8512K) Class: 1157K(1280K)->1157K(1280K)
[4.294s][info   ][gc             ] GC(605) Pause Full (System.gc()) 4M->4M(28M) 6.452ms
[4.294s][info   ][gc,cpu         ] GC(605) User=0.01s Sys=0.00s Real=0.01s
[4.295s][info   ][gc,start       ] GC(606) Pause Full (System.gc())
[4.295s][info   ][gc,task        ] GC(606) Using 1 workers of 10 for full compaction
[4.295s][info   ][gc,phases,start] GC(606) Phase 1: Mark live objects
[4.299s][info   ][gc,phases      ] GC(606) Phase 1: Mark live objects 3.822ms
[4.299s][info   ][gc,phases,start] GC(606) Phase 2: Prepare for compaction
[4.299s][info   ][gc,phases      ] GC(606) Phase 2: Prepare for compaction 0.197ms
[4.299s][info   ][gc,phases,start] GC(606) Phase 3: Adjust pointers
[4.300s][info   ][gc,phases      ] GC(606) Phase 3: Adjust pointers 1.640ms
[4.300s][info   ][gc,phases,start] GC(606) Phase 4: Compact heap
[4.301s][info   ][gc,phases      ] GC(606) Phase 4: Compact heap 0.162ms
[4.301s][info   ][gc,heap        ] GC(606) Eden regions: 1->0(3)
[4.301s][info   ][gc,heap        ] GC(606) Survivor regions: 0->0(0)
[4.301s][info   ][gc,heap        ] GC(606) Old regions: 2->2
[4.301s][info   ][gc,heap        ] GC(606) Archive regions: 2->2
[4.301s][info   ][gc,heap        ] GC(606) Humongous regions: 0->0
[4.301s][info   ][gc,metaspace   ] GC(606) Metaspace: 9524K(9792K)->9524K(9792K) NonClass: 8366K(8512K)->8366K(8512K) Class: 1157K(1280K)->1157K(1280K)
[4.301s][info   ][gc             ] GC(606) Pause Full (System.gc()) 4M->4M(28M) 6.642ms
[4.301s][info   ][gc,cpu         ] GC(606) User=0.00s Sys=0.00s Real=0.00s
[4.302s][info   ][gc,start       ] GC(607) Pause Full (System.gc())
[4.302s][info   ][gc,task        ] GC(607) Using 1 workers of 10 for full compaction
[4.302s][info   ][gc,phases,start] GC(607) Phase 1: Mark live objects
[4.305s][info   ][gc,phases      ] GC(607) Phase 1: Mark live objects 3.009ms
[4.305s][info   ][gc,phases,start] GC(607) Phase 2: Prepare for compaction
[4.305s][info   ][gc,phases      ] GC(607) Phase 2: Prepare for compaction 0.206ms
[4.305s][info   ][gc,phases,start] GC(607) Phase 3: Adjust pointers
[4.307s][info   ][gc,phases      ] GC(607) Phase 3: Adjust pointers 1.702ms
[4.307s][info   ][gc,phases,start] GC(607) Phase 4: Compact heap
[4.307s][info   ][gc,phases      ] GC(607) Phase 4: Compact heap 0.146ms
[4.307s][info   ][gc,heap        ] GC(607) Eden regions: 0->0(3)
[4.307s][info   ][gc,heap        ] GC(607) Survivor regions: 0->0(0)
[4.307s][info   ][gc,heap        ] GC(607) Old regions: 2->2
[4.307s][info   ][gc,heap        ] GC(607) Archive regions: 2->2
[4.307s][info   ][gc,heap        ] GC(607) Humongous regions: 0->0
[4.307s][info   ][gc,metaspace   ] GC(607) Metaspace: 9524K(9792K)->9524K(9792K) NonClass: 8366K(8512K)->8366K(8512K) Class: 1157K(1280K)->1157K(1280K)
[4.307s][info   ][gc             ] GC(607) Pause Full (System.gc()) 4M->4M(28M) 5.952ms
[4.308s][info   ][gc,cpu         ] GC(607) User=0.01s Sys=0.00s Real=0.01s
[4.308s][info   ][gc,start       ] GC(608) Pause Full (System.gc())
[4.308s][info   ][gc,task        ] GC(608) Using 1 workers of 10 for full compaction
[4.308s][info   ][gc,phases,start] GC(608) Phase 1: Mark live objects
[4.311s][info   ][gc,phases      ] GC(608) Phase 1: Mark live objects 3.100ms
[4.311s][info   ][gc,phases,start] GC(608) Phase 2: Prepare for compaction
[4.311s][info   ][gc,phases      ] GC(608) Phase 2: Prepare for compaction 0.269ms
[4.311s][info   ][gc,phases,start] GC(608) Phase 3: Adjust pointers
[4.313s][info   ][gc,phases      ] GC(608) Phase 3: Adjust pointers 1.507ms
[4.313s][info   ][gc,phases,start] GC(608) Phase 4: Compact heap
[4.313s][info   ][gc,phases      ] GC(608) Phase 4: Compact heap 0.100ms
[4.314s][info   ][gc,heap        ] GC(608) Eden regions: 1->0(3)
[4.314s][info   ][gc,heap        ] GC(608) Survivor regions: 0->0(0)
[4.314s][info   ][gc,heap        ] GC(608) Old regions: 2->2
[4.314s][info   ][gc,heap        ] GC(608) Archive regions: 2->2
[4.314s][info   ][gc,heap        ] GC(608) Humongous regions: 0->0
[4.314s][info   ][gc,metaspace   ] GC(608) Metaspace: 9524K(9792K)->9524K(9792K) NonClass: 8366K(8512K)->8366K(8512K) Class: 1157K(1280K)->1157K(1280K)
[4.314s][info   ][gc             ] GC(608) Pause Full (System.gc()) 4M->4M(28M) 5.644ms
[4.314s][info   ][gc,cpu         ] GC(608) User=0.00s Sys=0.00s Real=0.01s
[4.314s][info   ][gc,start       ] GC(609) Pause Full (System.gc())
[4.314s][info   ][gc,task        ] GC(609) Using 1 workers of 10 for full compaction
[4.314s][info   ][gc,phases,start] GC(609) Phase 1: Mark live objects
[4.316s][info   ][gc,phases      ] GC(609) Phase 1: Mark live objects 2.611ms
[4.316s][info   ][gc,phases,start] GC(609) Phase 2: Prepare for compaction
[4.317s][info   ][gc,phases      ] GC(609) Phase 2: Prepare for compaction 0.264ms
[4.317s][info   ][gc,phases,start] GC(609) Phase 3: Adjust pointers
[4.318s][info   ][gc,phases      ] GC(609) Phase 3: Adjust pointers 1.450ms
[4.318s][info   ][gc,phases,start] GC(609) Phase 4: Compact heap
[4.318s][info   ][gc,phases      ] GC(609) Phase 4: Compact heap 0.127ms
[4.319s][info   ][gc,heap        ] GC(609) Eden regions: 0->0(3)
[4.319s][info   ][gc,heap        ] GC(609) Survivor regions: 0->0(0)
[4.319s][info   ][gc,heap        ] GC(609) Old regions: 2->2
[4.319s][info   ][gc,heap        ] GC(609) Archive regions: 2->2
[4.319s][info   ][gc,heap        ] GC(609) Humongous regions: 0->0
[4.319s][info   ][gc,metaspace   ] GC(609) Metaspace: 9524K(9792K)->9524K(9792K) NonClass: 8366K(8512K)->8366K(8512K) Class: 1157K(1280K)->1157K(1280K)
[4.319s][info   ][gc             ] GC(609) Pause Full (System.gc()) 4M->4M(28M) 5.215ms
[4.319s][info   ][gc,cpu         ] GC(609) User=0.01s Sys=0.00s Real=0.00s
[4.319s][info   ][gc,start       ] GC(610) Pause Full (System.gc())
[4.319s][info   ][gc,task        ] GC(610) Using 1 workers of 10 for full compaction
[4.320s][info   ][gc,phases,start] GC(610) Phase 1: Mark live objects
[4.323s][info   ][gc,phases      ] GC(610) Phase 1: Mark live objects 3.882ms
[4.323s][info   ][gc,phases,start] GC(610) Phase 2: Prepare for compaction
[4.324s][info   ][gc,phases      ] GC(610) Phase 2: Prepare for compaction 0.278ms
[4.324s][info   ][gc,phases,start] GC(610) Phase 3: Adjust pointers
[4.326s][info   ][gc,phases      ] GC(610) Phase 3: Adjust pointers 2.193ms
[4.326s][info   ][gc,phases,start] GC(610) Phase 4: Compact heap
[4.326s][info   ][gc,phases      ] GC(610) Phase 4: Compact heap 0.118ms
[4.327s][info   ][gc,heap        ] GC(610) Eden regions: 1->0(3)
[4.327s][info   ][gc,heap        ] GC(610) Survivor regions: 0->0(0)
[4.327s][info   ][gc,heap        ] GC(610) Old regions: 2->2
[4.327s][info   ][gc,heap        ] GC(610) Archive regions: 2->2
[4.327s][info   ][gc,heap        ] GC(610) Humongous regions: 0->0
[4.327s][info   ][gc,metaspace   ] GC(610) Metaspace: 9524K(9792K)->9524K(9792K) NonClass: 8366K(8512K)->8366K(8512K) Class: 1157K(1280K)->1157K(1280K)
[4.327s][info   ][gc             ] GC(610) Pause Full (System.gc()) 4M->4M(28M) 7.190ms
[4.327s][info   ][gc,cpu         ] GC(610) User=0.00s Sys=0.00s Real=0.01s
[4.327s][info   ][gc,start       ] GC(611) Pause Full (System.gc())
[4.327s][info   ][gc,task        ] GC(611) Using 1 workers of 10 for full compaction
[4.327s][info   ][gc,phases,start] GC(611) Phase 1: Mark live objects
[4.330s][info   ][gc,phases      ] GC(611) Phase 1: Mark live objects 3.323ms
[4.330s][info   ][gc,phases,start] GC(611) Phase 2: Prepare for compaction
[4.331s][info   ][gc,phases      ] GC(611) Phase 2: Prepare for compaction 0.199ms
[4.331s][info   ][gc,phases,start] GC(611) Phase 3: Adjust pointers
[4.332s][info   ][gc,phases      ] GC(611) Phase 3: Adjust pointers 1.786ms
[4.332s][info   ][gc,phases,start] GC(611) Phase 4: Compact heap
[4.333s][info   ][gc,phases      ] GC(611) Phase 4: Compact heap 0.272ms
[4.333s][info   ][gc,heap        ] GC(611) Eden regions: 1->0(3)
[4.333s][info   ][gc,heap        ] GC(611) Survivor regions: 0->0(0)
[4.333s][info   ][gc,heap        ] GC(611) Old regions: 2->2
[4.333s][info   ][gc,heap        ] GC(611) Archive regions: 2->2
[4.333s][info   ][gc,heap        ] GC(611) Humongous regions: 0->0
[4.333s][info   ][gc,metaspace   ] GC(611) Metaspace: 9524K(9792K)->9524K(9792K) NonClass: 8366K(8512K)->8366K(8512K) Class: 1157K(1280K)->1157K(1280K)
[4.333s][info   ][gc             ] GC(611) Pause Full (System.gc()) 4M->4M(28M) 6.300ms
[4.333s][info   ][gc,cpu         ] GC(611) User=0.01s Sys=0.00s Real=0.00s
[4.333s][info   ][gc,start       ] GC(612) Pause Full (System.gc())
[4.333s][info   ][gc,task        ] GC(612) Using 1 workers of 10 for full compaction
[4.334s][info   ][gc,phases,start] GC(612) Phase 1: Mark live objects
[4.337s][info   ][gc,phases      ] GC(612) Phase 1: Mark live objects 3.700ms
[4.337s][info   ][gc,phases,start] GC(612) Phase 2: Prepare for compaction
[4.337s][info   ][gc,phases      ] GC(612) Phase 2: Prepare for compaction 0.246ms
[4.338s][info   ][gc,phases,start] GC(612) Phase 3: Adjust pointers
[4.339s][info   ][gc,phases      ] GC(612) Phase 3: Adjust pointers 1.740ms
[4.339s][info   ][gc,phases,start] GC(612) Phase 4: Compact heap
[4.339s][info   ][gc,phases      ] GC(612) Phase 4: Compact heap 0.108ms
[4.340s][info   ][gc,heap        ] GC(612) Eden regions: 0->0(3)
[4.340s][info   ][gc,heap        ] GC(612) Survivor regions: 0->0(0)
[4.340s][info   ][gc,heap        ] GC(612) Old regions: 2->2
[4.340s][info   ][gc,heap        ] GC(612) Archive regions: 2->2
[4.340s][info   ][gc,heap        ] GC(612) Humongous regions: 0->0
[4.340s][info   ][gc,metaspace   ] GC(612) Metaspace: 9524K(9792K)->9524K(9792K) NonClass: 8366K(8512K)->8366K(8512K) Class: 1157K(1280K)->1157K(1280K)
[4.340s][info   ][gc             ] GC(612) Pause Full (System.gc()) 4M->4M(28M) 6.552ms
[4.340s][info   ][gc,cpu         ] GC(612) User=0.01s Sys=0.00s Real=0.00s
[4.340s][info   ][gc,start       ] GC(613) Pause Full (System.gc())
[4.340s][info   ][gc,task        ] GC(613) Using 1 workers of 10 for full compaction
[4.340s][info   ][gc,phases,start] GC(613) Phase 1: Mark live objects
[4.344s][info   ][gc,phases      ] GC(613) Phase 1: Mark live objects 3.355ms
[4.344s][info   ][gc,phases,start] GC(613) Phase 2: Prepare for compaction
[4.344s][info   ][gc,phases      ] GC(613) Phase 2: Prepare for compaction 0.155ms
[4.344s][info   ][gc,phases,start] GC(613) Phase 3: Adjust pointers
[4.345s][info   ][gc,phases      ] GC(613) Phase 3: Adjust pointers 1.631ms
[4.345s][info   ][gc,phases,start] GC(613) Phase 4: Compact heap
[4.346s][info   ][gc,phases      ] GC(613) Phase 4: Compact heap 0.132ms
[4.346s][info   ][gc,heap        ] GC(613) Eden regions: 0->0(3)
[4.346s][info   ][gc,heap        ] GC(613) Survivor regions: 0->0(0)
[4.346s][info   ][gc,heap        ] GC(613) Old regions: 2->2
[4.346s][info   ][gc,heap        ] GC(613) Archive regions: 2->2
[4.346s][info   ][gc,heap        ] GC(613) Humongous regions: 0->0
[4.346s][info   ][gc,metaspace   ] GC(613) Metaspace: 9524K(9792K)->9524K(9792K) NonClass: 8366K(8512K)->8366K(8512K) Class: 1157K(1280K)->1157K(1280K)
[4.346s][info   ][gc             ] GC(613) Pause Full (System.gc()) 4M->4M(28M) 6.043ms
[4.346s][info   ][gc,cpu         ] GC(613) User=0.00s Sys=0.00s Real=0.01s
[4.347s][info   ][gc,start       ] GC(614) Pause Full (System.gc())
[4.347s][info   ][gc,task        ] GC(614) Using 1 workers of 10 for full compaction
[4.347s][info   ][gc,phases,start] GC(614) Phase 1: Mark live objects
[4.351s][info   ][gc,phases      ] GC(614) Phase 1: Mark live objects 3.630ms
[4.351s][info   ][gc,phases,start] GC(614) Phase 2: Prepare for compaction
[4.351s][info   ][gc,phases      ] GC(614) Phase 2: Prepare for compaction 0.209ms
[4.351s][info   ][gc,phases,start] GC(614) Phase 3: Adjust pointers
[4.353s][info   ][gc,phases      ] GC(614) Phase 3: Adjust pointers 1.857ms
[4.353s][info   ][gc,phases,start] GC(614) Phase 4: Compact heap
[4.353s][info   ][gc,phases      ] GC(614) Phase 4: Compact heap 0.127ms
[4.354s][info   ][gc,heap        ] GC(614) Eden regions: 1->0(3)
[4.354s][info   ][gc,heap        ] GC(614) Survivor regions: 0->0(0)
[4.354s][info   ][gc,heap        ] GC(614) Old regions: 2->2
[4.354s][info   ][gc,heap        ] GC(614) Archive regions: 2->2
[4.354s][info   ][gc,heap        ] GC(614) Humongous regions: 0->0
[4.354s][info   ][gc,metaspace   ] GC(614) Metaspace: 9524K(9792K)->9524K(9792K) NonClass: 8366K(8512K)->8366K(8512K) Class: 1157K(1280K)->1157K(1280K)
[4.354s][info   ][gc             ] GC(614) Pause Full (System.gc()) 4M->4M(28M) 6.679ms
[4.354s][info   ][gc,cpu         ] GC(614) User=0.01s Sys=0.00s Real=0.01s
[4.354s][info   ][gc,start       ] GC(615) Pause Full (System.gc())
[4.354s][info   ][gc,task        ] GC(615) Using 1 workers of 10 for full compaction
[4.354s][info   ][gc,phases,start] GC(615) Phase 1: Mark live objects
[4.358s][info   ][gc,phases      ] GC(615) Phase 1: Mark live objects 3.831ms
[4.358s][info   ][gc,phases,start] GC(615) Phase 2: Prepare for compaction
[4.358s][info   ][gc,phases      ] GC(615) Phase 2: Prepare for compaction 0.241ms
[4.358s][info   ][gc,phases,start] GC(615) Phase 3: Adjust pointers
[4.360s][info   ][gc,phases      ] GC(615) Phase 3: Adjust pointers 1.960ms
[4.360s][info   ][gc,phases,start] GC(615) Phase 4: Compact heap
[4.360s][info   ][gc,phases      ] GC(615) Phase 4: Compact heap 0.065ms
[4.361s][info   ][gc,heap        ] GC(615) Eden regions: 0->0(3)
[4.361s][info   ][gc,heap        ] GC(615) Survivor regions: 0->0(0)
[4.361s][info   ][gc,heap        ] GC(615) Old regions: 2->2
[4.361s][info   ][gc,heap        ] GC(615) Archive regions: 2->2
[4.361s][info   ][gc,heap        ] GC(615) Humongous regions: 0->0
[4.361s][info   ][gc,metaspace   ] GC(615) Metaspace: 9524K(9792K)->9524K(9792K) NonClass: 8366K(8512K)->8366K(8512K) Class: 1157K(1280K)->1157K(1280K)
[4.361s][info   ][gc             ] GC(615) Pause Full (System.gc()) 4M->4M(28M) 6.740ms
[4.361s][info   ][gc,cpu         ] GC(615) User=0.00s Sys=0.00s Real=0.00s
[4.361s][info   ][gc,start       ] GC(616) Pause Full (System.gc())
[4.361s][info   ][gc,task        ] GC(616) Using 1 workers of 10 for full compaction
[4.361s][info   ][gc,phases,start] GC(616) Phase 1: Mark live objects
[4.365s][info   ][gc,phases      ] GC(616) Phase 1: Mark live objects 4.550ms
[4.366s][info   ][gc,phases,start] GC(616) Phase 2: Prepare for compaction
[4.366s][info   ][gc,phases      ] GC(616) Phase 2: Prepare for compaction 0.291ms
[4.366s][info   ][gc,phases,start] GC(616) Phase 3: Adjust pointers
[4.368s][info   ][gc,phases      ] GC(616) Phase 3: Adjust pointers 1.953ms
[4.368s][info   ][gc,phases,start] GC(616) Phase 4: Compact heap
[4.368s][info   ][gc,phases      ] GC(616) Phase 4: Compact heap 0.183ms
[4.369s][info   ][gc,heap        ] GC(616) Eden regions: 0->0(3)
[4.369s][info   ][gc,heap        ] GC(616) Survivor regions: 0->0(0)
[4.369s][info   ][gc,heap        ] GC(616) Old regions: 2->2
[4.369s][info   ][gc,heap        ] GC(616) Archive regions: 2->2
[4.369s][info   ][gc,heap        ] GC(616) Humongous regions: 0->0
[4.369s][info   ][gc,metaspace   ] GC(616) Metaspace: 9524K(9792K)->9524K(9792K) NonClass: 8366K(8512K)->8366K(8512K) Class: 1157K(1280K)->1157K(1280K)
[4.369s][info   ][gc             ] GC(616) Pause Full (System.gc()) 4M->4M(28M) 7.785ms
[4.369s][info   ][gc,cpu         ] GC(616) User=0.01s Sys=0.00s Real=0.01s
[4.369s][info   ][gc,start       ] GC(617) Pause Full (System.gc())
[4.369s][info   ][gc,task        ] GC(617) Using 1 workers of 10 for full compaction
[4.369s][info   ][gc,phases,start] GC(617) Phase 1: Mark live objects
[4.374s][info   ][gc,phases      ] GC(617) Phase 1: Mark live objects 4.856ms
[4.374s][info   ][gc,phases,start] GC(617) Phase 2: Prepare for compaction
[4.374s][info   ][gc,phases      ] GC(617) Phase 2: Prepare for compaction 0.264ms
[4.374s][info   ][gc,phases,start] GC(617) Phase 3: Adjust pointers
[4.376s][info   ][gc,phases      ] GC(617) Phase 3: Adjust pointers 1.740ms
[4.376s][info   ][gc,phases,start] GC(617) Phase 4: Compact heap
[4.376s][info   ][gc,phases      ] GC(617) Phase 4: Compact heap 0.227ms
[4.377s][info   ][gc,heap        ] GC(617) Eden regions: 0->0(3)
[4.377s][info   ][gc,heap        ] GC(617) Survivor regions: 0->0(0)
[4.377s][info   ][gc,heap        ] GC(617) Old regions: 2->2
[4.377s][info   ][gc,heap        ] GC(617) Archive regions: 2->2
[4.377s][info   ][gc,heap        ] GC(617) Humongous regions: 0->0
[4.377s][info   ][gc,metaspace   ] GC(617) Metaspace: 9524K(9792K)->9524K(9792K) NonClass: 8366K(8512K)->8366K(8512K) Class: 1157K(1280K)->1157K(1280K)
[4.377s][info   ][gc             ] GC(617) Pause Full (System.gc()) 4M->4M(28M) 7.819ms
[4.377s][info   ][gc,cpu         ] GC(617) User=0.01s Sys=0.00s Real=0.01s
[4.377s][info   ][gc,start       ] GC(618) Pause Full (System.gc())
[4.377s][info   ][gc,task        ] GC(618) Using 1 workers of 10 for full compaction
[4.377s][info   ][gc,phases,start] GC(618) Phase 1: Mark live objects
[4.382s][info   ][gc,phases      ] GC(618) Phase 1: Mark live objects 4.252ms
[4.382s][info   ][gc,phases,start] GC(618) Phase 2: Prepare for compaction
[4.382s][info   ][gc,phases      ] GC(618) Phase 2: Prepare for compaction 0.244ms
[4.382s][info   ][gc,phases,start] GC(618) Phase 3: Adjust pointers
[4.385s][info   ][gc,phases      ] GC(618) Phase 3: Adjust pointers 2.834ms
[4.385s][info   ][gc,phases,start] GC(618) Phase 4: Compact heap
[4.385s][info   ][gc,phases      ] GC(618) Phase 4: Compact heap 0.224ms
[4.385s][info   ][gc,heap        ] GC(618) Eden regions: 1->0(3)
[4.385s][info   ][gc,heap        ] GC(618) Survivor regions: 0->0(0)
[4.385s][info   ][gc,heap        ] GC(618) Old regions: 2->2
[4.385s][info   ][gc,heap        ] GC(618) Archive regions: 2->2
[4.385s][info   ][gc,heap        ] GC(618) Humongous regions: 0->0
[4.385s][info   ][gc,metaspace   ] GC(618) Metaspace: 9524K(9792K)->9524K(9792K) NonClass: 8366K(8512K)->8366K(8512K) Class: 1157K(1280K)->1157K(1280K)
[4.385s][info   ][gc             ] GC(618) Pause Full (System.gc()) 4M->4M(28M) 8.114ms
[4.385s][info   ][gc,cpu         ] GC(618) User=0.01s Sys=0.00s Real=0.01s
[4.386s][info   ][gc,start       ] GC(619) Pause Full (System.gc())
[4.386s][info   ][gc,task        ] GC(619) Using 1 workers of 10 for full compaction
[4.386s][info   ][gc,phases,start] GC(619) Phase 1: Mark live objects
[4.390s][info   ][gc,phases      ] GC(619) Phase 1: Mark live objects 4.316ms
[4.390s][info   ][gc,phases,start] GC(619) Phase 2: Prepare for compaction
[4.390s][info   ][gc,phases      ] GC(619) Phase 2: Prepare for compaction 0.189ms
[4.390s][info   ][gc,phases,start] GC(619) Phase 3: Adjust pointers
[4.393s][info   ][gc,phases      ] GC(619) Phase 3: Adjust pointers 2.672ms
[4.393s][info   ][gc,phases,start] GC(619) Phase 4: Compact heap
[4.393s][info   ][gc,phases      ] GC(619) Phase 4: Compact heap 0.164ms
[4.393s][info   ][gc,heap        ] GC(619) Eden regions: 0->0(3)
[4.393s][info   ][gc,heap        ] GC(619) Survivor regions: 0->0(0)
[4.393s][info   ][gc,heap        ] GC(619) Old regions: 2->2
[4.393s][info   ][gc,heap        ] GC(619) Archive regions: 2->2
[4.393s][info   ][gc,heap        ] GC(619) Humongous regions: 0->0
[4.393s][info   ][gc,metaspace   ] GC(619) Metaspace: 9524K(9792K)->9524K(9792K) NonClass: 8366K(8512K)->8366K(8512K) Class: 1157K(1280K)->1157K(1280K)
[4.393s][info   ][gc             ] GC(619) Pause Full (System.gc()) 4M->4M(28M) 7.819ms
[4.393s][info   ][gc,cpu         ] GC(619) User=0.00s Sys=0.00s Real=0.00s
[4.394s][info   ][gc,start       ] GC(620) Pause Full (System.gc())
[4.394s][info   ][gc,task        ] GC(620) Using 1 workers of 10 for full compaction
[4.394s][info   ][gc,phases,start] GC(620) Phase 1: Mark live objects
[4.397s][info   ][gc,phases      ] GC(620) Phase 1: Mark live objects 3.108ms
[4.397s][info   ][gc,phases,start] GC(620) Phase 2: Prepare for compaction
[4.397s][info   ][gc,phases      ] GC(620) Phase 2: Prepare for compaction 0.114ms
[4.397s][info   ][gc,phases,start] GC(620) Phase 3: Adjust pointers
[4.399s][info   ][gc,phases      ] GC(620) Phase 3: Adjust pointers 1.921ms
[4.399s][info   ][gc,phases,start] GC(620) Phase 4: Compact heap
[4.399s][info   ][gc,phases      ] GC(620) Phase 4: Compact heap 0.141ms
[4.400s][info   ][gc,heap        ] GC(620) Eden regions: 1->0(3)
[4.400s][info   ][gc,heap        ] GC(620) Survivor regions: 0->0(0)
[4.400s][info   ][gc,heap        ] GC(620) Old regions: 2->2
[4.400s][info   ][gc,heap        ] GC(620) Archive regions: 2->2
[4.400s][info   ][gc,heap        ] GC(620) Humongous regions: 0->0
[4.400s][info   ][gc,metaspace   ] GC(620) Metaspace: 9524K(9792K)->9524K(9792K) NonClass: 8366K(8512K)->8366K(8512K) Class: 1157K(1280K)->1157K(1280K)
[4.400s][info   ][gc             ] GC(620) Pause Full (System.gc()) 4M->4M(28M) 5.880ms
[4.400s][info   ][gc,cpu         ] GC(620) User=0.01s Sys=0.00s Real=0.00s
[4.400s][info   ][gc,start       ] GC(621) Pause Full (System.gc())
[4.400s][info   ][gc,task        ] GC(621) Using 1 workers of 10 for full compaction
[4.400s][info   ][gc,phases,start] GC(621) Phase 1: Mark live objects
[4.403s][info   ][gc,phases      ] GC(621) Phase 1: Mark live objects 3.204ms
[4.403s][info   ][gc,phases,start] GC(621) Phase 2: Prepare for compaction
[4.403s][info   ][gc,phases      ] GC(621) Phase 2: Prepare for compaction 0.162ms
[4.403s][info   ][gc,phases,start] GC(621) Phase 3: Adjust pointers
[4.406s][info   ][gc,phases      ] GC(621) Phase 3: Adjust pointers 2.895ms
[4.406s][info   ][gc,phases,start] GC(621) Phase 4: Compact heap
[4.406s][info   ][gc,phases      ] GC(621) Phase 4: Compact heap 0.083ms
[4.407s][info   ][gc,heap        ] GC(621) Eden regions: 0->0(3)
[4.407s][info   ][gc,heap        ] GC(621) Survivor regions: 0->0(0)
[4.407s][info   ][gc,heap        ] GC(621) Old regions: 2->2
[4.407s][info   ][gc,heap        ] GC(621) Archive regions: 2->2
[4.407s][info   ][gc,heap        ] GC(621) Humongous regions: 0->0
[4.407s][info   ][gc,metaspace   ] GC(621) Metaspace: 9524K(9792K)->9524K(9792K) NonClass: 8366K(8512K)->8366K(8512K) Class: 1157K(1280K)->1157K(1280K)
[4.407s][info   ][gc             ] GC(621) Pause Full (System.gc()) 4M->4M(28M) 7.079ms
[4.407s][info   ][gc,cpu         ] GC(621) User=0.01s Sys=0.00s Real=0.01s
[4.407s][info   ][gc,start       ] GC(622) Pause Full (System.gc())
[4.407s][info   ][gc,task        ] GC(622) Using 1 workers of 10 for full compaction
[4.407s][info   ][gc,phases,start] GC(622) Phase 1: Mark live objects
[4.411s][info   ][gc,phases      ] GC(622) Phase 1: Mark live objects 3.303ms
[4.411s][info   ][gc,phases,start] GC(622) Phase 2: Prepare for compaction
[4.411s][info   ][gc,phases      ] GC(622) Phase 2: Prepare for compaction 0.186ms
[4.411s][info   ][gc,phases,start] GC(622) Phase 3: Adjust pointers
[4.413s][info   ][gc,phases      ] GC(622) Phase 3: Adjust pointers 1.874ms
[4.413s][info   ][gc,phases,start] GC(622) Phase 4: Compact heap
[4.413s][info   ][gc,phases      ] GC(622) Phase 4: Compact heap 0.127ms
[4.414s][info   ][gc,heap        ] GC(622) Eden regions: 1->0(3)
[4.414s][info   ][gc,heap        ] GC(622) Survivor regions: 0->0(0)
[4.414s][info   ][gc,heap        ] GC(622) Old regions: 2->2
[4.414s][info   ][gc,heap        ] GC(622) Archive regions: 2->2
[4.414s][info   ][gc,heap        ] GC(622) Humongous regions: 0->0
[4.414s][info   ][gc,metaspace   ] GC(622) Metaspace: 9524K(9792K)->9524K(9792K) NonClass: 8366K(8512K)->8366K(8512K) Class: 1157K(1280K)->1157K(1280K)
[4.414s][info   ][gc             ] GC(622) Pause Full (System.gc()) 4M->4M(28M) 6.254ms
[4.414s][info   ][gc,cpu         ] GC(622) User=0.00s Sys=0.00s Real=0.01s
[4.414s][info   ][gc,start       ] GC(623) Pause Full (System.gc())
[4.414s][info   ][gc,task        ] GC(623) Using 1 workers of 10 for full compaction
[4.414s][info   ][gc,phases,start] GC(623) Phase 1: Mark live objects
[4.417s][info   ][gc,phases      ] GC(623) Phase 1: Mark live objects 3.257ms
[4.417s][info   ][gc,phases,start] GC(623) Phase 2: Prepare for compaction
[4.417s][info   ][gc,phases      ] GC(623) Phase 2: Prepare for compaction 0.196ms
[4.417s][info   ][gc,phases,start] GC(623) Phase 3: Adjust pointers
[4.419s][info   ][gc,phases      ] GC(623) Phase 3: Adjust pointers 1.686ms
[4.419s][info   ][gc,phases,start] GC(623) Phase 4: Compact heap
[4.419s][info   ][gc,phases      ] GC(623) Phase 4: Compact heap 0.055ms
[4.420s][info   ][gc,heap        ] GC(623) Eden regions: 1->0(3)
[4.420s][info   ][gc,heap        ] GC(623) Survivor regions: 0->0(0)
[4.420s][info   ][gc,heap        ] GC(623) Old regions: 2->2
[4.420s][info   ][gc,heap        ] GC(623) Archive regions: 2->2
[4.420s][info   ][gc,heap        ] GC(623) Humongous regions: 0->0
[4.420s][info   ][gc,metaspace   ] GC(623) Metaspace: 9524K(9792K)->9524K(9792K) NonClass: 8366K(8512K)->8366K(8512K) Class: 1157K(1280K)->1157K(1280K)
[4.420s][info   ][gc             ] GC(623) Pause Full (System.gc()) 4M->4M(28M) 5.852ms
[4.420s][info   ][gc,cpu         ] GC(623) User=0.01s Sys=0.00s Real=0.00s
[4.420s][info   ][gc,start       ] GC(624) Pause Full (System.gc())
[4.420s][info   ][gc,task        ] GC(624) Using 1 workers of 10 for full compaction
[4.420s][info   ][gc,phases,start] GC(624) Phase 1: Mark live objects
[4.424s][info   ][gc,phases      ] GC(624) Phase 1: Mark live objects 4.077ms
[4.424s][info   ][gc,phases,start] GC(624) Phase 2: Prepare for compaction
[4.424s][info   ][gc,phases      ] GC(624) Phase 2: Prepare for compaction 0.185ms
[4.424s][info   ][gc,phases,start] GC(624) Phase 3: Adjust pointers
[4.426s][info   ][gc,phases      ] GC(624) Phase 3: Adjust pointers 1.753ms
[4.426s][info   ][gc,phases,start] GC(624) Phase 4: Compact heap
[4.426s][info   ][gc,phases      ] GC(624) Phase 4: Compact heap 0.069ms
[4.427s][info   ][gc,heap        ] GC(624) Eden regions: 1->0(3)
[4.427s][info   ][gc,heap        ] GC(624) Survivor regions: 0->0(0)
[4.427s][info   ][gc,heap        ] GC(624) Old regions: 2->2
[4.427s][info   ][gc,heap        ] GC(624) Archive regions: 2->2
[4.427s][info   ][gc,heap        ] GC(624) Humongous regions: 0->0
[4.427s][info   ][gc,metaspace   ] GC(624) Metaspace: 9524K(9792K)->9524K(9792K) NonClass: 8366K(8512K)->8366K(8512K) Class: 1157K(1280K)->1157K(1280K)
[4.427s][info   ][gc             ] GC(624) Pause Full (System.gc()) 4M->4M(28M) 6.737ms
[4.427s][info   ][gc,cpu         ] GC(624) User=0.01s Sys=0.00s Real=0.01s
[4.427s][info   ][gc,start       ] GC(625) Pause Full (System.gc())
[4.427s][info   ][gc,task        ] GC(625) Using 1 workers of 10 for full compaction
[4.427s][info   ][gc,phases,start] GC(625) Phase 1: Mark live objects
[4.432s][info   ][gc,phases      ] GC(625) Phase 1: Mark live objects 4.719ms
[4.432s][info   ][gc,phases,start] GC(625) Phase 2: Prepare for compaction
[4.432s][info   ][gc,phases      ] GC(625) Phase 2: Prepare for compaction 0.176ms
[4.432s][info   ][gc,phases,start] GC(625) Phase 3: Adjust pointers
[4.434s][info   ][gc,phases      ] GC(625) Phase 3: Adjust pointers 2.050ms
[4.434s][info   ][gc,phases,start] GC(625) Phase 4: Compact heap
[4.434s][info   ][gc,phases      ] GC(625) Phase 4: Compact heap 0.088ms
[4.435s][info   ][gc,heap        ] GC(625) Eden regions: 1->0(3)
[4.435s][info   ][gc,heap        ] GC(625) Survivor regions: 0->0(0)
[4.435s][info   ][gc,heap        ] GC(625) Old regions: 2->2
[4.435s][info   ][gc,heap        ] GC(625) Archive regions: 2->2
[4.435s][info   ][gc,heap        ] GC(625) Humongous regions: 0->0
[4.435s][info   ][gc,metaspace   ] GC(625) Metaspace: 9524K(9792K)->9524K(9792K) NonClass: 8366K(8512K)->8366K(8512K) Class: 1157K(1280K)->1157K(1280K)
[4.435s][info   ][gc             ] GC(625) Pause Full (System.gc()) 4M->4M(28M) 7.720ms
[4.435s][info   ][gc,cpu         ] GC(625) User=0.00s Sys=0.00s Real=0.01s
[4.435s][info   ][gc,start       ] GC(626) Pause Full (System.gc())
[4.435s][info   ][gc,task        ] GC(626) Using 1 workers of 10 for full compaction
[4.435s][info   ][gc,phases,start] GC(626) Phase 1: Mark live objects
[4.439s][info   ][gc,phases      ] GC(626) Phase 1: Mark live objects 3.541ms
[4.439s][info   ][gc,phases,start] GC(626) Phase 2: Prepare for compaction
[4.439s][info   ][gc,phases      ] GC(626) Phase 2: Prepare for compaction 0.259ms
[4.439s][info   ][gc,phases,start] GC(626) Phase 3: Adjust pointers
[4.441s][info   ][gc,phases      ] GC(626) Phase 3: Adjust pointers 1.847ms
[4.441s][info   ][gc,phases,start] GC(626) Phase 4: Compact heap
[4.441s][info   ][gc,phases      ] GC(626) Phase 4: Compact heap 0.058ms
[4.441s][info   ][gc,heap        ] GC(626) Eden regions: 0->0(3)
[4.441s][info   ][gc,heap        ] GC(626) Survivor regions: 0->0(0)
[4.441s][info   ][gc,heap        ] GC(626) Old regions: 2->2
[4.441s][info   ][gc,heap        ] GC(626) Archive regions: 2->2
[4.441s][info   ][gc,heap        ] GC(626) Humongous regions: 0->0
[4.441s][info   ][gc,metaspace   ] GC(626) Metaspace: 9524K(9792K)->9524K(9792K) NonClass: 8366K(8512K)->8366K(8512K) Class: 1157K(1280K)->1157K(1280K)
[4.441s][info   ][gc             ] GC(626) Pause Full (System.gc()) 4M->4M(28M) 6.291ms
[4.441s][info   ][gc,cpu         ] GC(626) User=0.01s Sys=0.00s Real=0.00s
[4.442s][info   ][gc,start       ] GC(627) Pause Full (System.gc())
[4.442s][info   ][gc,task        ] GC(627) Using 1 workers of 10 for full compaction
[4.442s][info   ][gc,phases,start] GC(627) Phase 1: Mark live objects
[4.445s][info   ][gc,phases      ] GC(627) Phase 1: Mark live objects 3.378ms
[4.445s][info   ][gc,phases,start] GC(627) Phase 2: Prepare for compaction
[4.445s][info   ][gc,phases      ] GC(627) Phase 2: Prepare for compaction 0.181ms
[4.445s][info   ][gc,phases,start] GC(627) Phase 3: Adjust pointers
[4.447s][info   ][gc,phases      ] GC(627) Phase 3: Adjust pointers 1.608ms
[4.447s][info   ][gc,phases,start] GC(627) Phase 4: Compact heap
[4.447s][info   ][gc,phases      ] GC(627) Phase 4: Compact heap 0.156ms
[4.448s][info   ][gc,heap        ] GC(627) Eden regions: 0->0(3)
[4.448s][info   ][gc,heap        ] GC(627) Survivor regions: 0->0(0)
[4.448s][info   ][gc,heap        ] GC(627) Old regions: 2->2
[4.448s][info   ][gc,heap        ] GC(627) Archive regions: 2->2
[4.448s][info   ][gc,heap        ] GC(627) Humongous regions: 0->0
[4.448s][info   ][gc,metaspace   ] GC(627) Metaspace: 9524K(9792K)->9524K(9792K) NonClass: 8366K(8512K)->8366K(8512K) Class: 1157K(1280K)->1157K(1280K)
[4.448s][info   ][gc             ] GC(627) Pause Full (System.gc()) 4M->4M(28M) 6.051ms
[4.448s][info   ][gc,cpu         ] GC(627) User=0.00s Sys=0.00s Real=0.01s
[4.448s][info   ][gc,start       ] GC(628) Pause Full (System.gc())
[4.448s][info   ][gc,task        ] GC(628) Using 1 workers of 10 for full compaction
[4.448s][info   ][gc,phases,start] GC(628) Phase 1: Mark live objects
[4.451s][info   ][gc,phases      ] GC(628) Phase 1: Mark live objects 2.993ms
[4.451s][info   ][gc,phases,start] GC(628) Phase 2: Prepare for compaction
[4.451s][info   ][gc,phases      ] GC(628) Phase 2: Prepare for compaction 0.155ms
[4.451s][info   ][gc,phases,start] GC(628) Phase 3: Adjust pointers
[4.454s][info   ][gc,phases      ] GC(628) Phase 3: Adjust pointers 2.369ms
[4.454s][info   ][gc,phases,start] GC(628) Phase 4: Compact heap
[4.454s][info   ][gc,phases      ] GC(628) Phase 4: Compact heap 0.152ms
[4.455s][info   ][gc,heap        ] GC(628) Eden regions: 1->0(3)
[4.455s][info   ][gc,heap        ] GC(628) Survivor regions: 0->0(0)
[4.455s][info   ][gc,heap        ] GC(628) Old regions: 2->2
[4.455s][info   ][gc,heap        ] GC(628) Archive regions: 2->2
[4.455s][info   ][gc,heap        ] GC(628) Humongous regions: 0->0
[4.455s][info   ][gc,metaspace   ] GC(628) Metaspace: 9524K(9792K)->9524K(9792K) NonClass: 8366K(8512K)->8366K(8512K) Class: 1157K(1280K)->1157K(1280K)
[4.455s][info   ][gc             ] GC(628) Pause Full (System.gc()) 4M->4M(28M) 6.633ms
[4.455s][info   ][gc,cpu         ] GC(628) User=0.01s Sys=0.00s Real=0.01s
[4.455s][info   ][gc,start       ] GC(629) Pause Full (System.gc())
[4.455s][info   ][gc,task        ] GC(629) Using 1 workers of 10 for full compaction
[4.455s][info   ][gc,phases,start] GC(629) Phase 1: Mark live objects
[4.458s][info   ][gc,phases      ] GC(629) Phase 1: Mark live objects 3.392ms
[4.458s][info   ][gc,phases,start] GC(629) Phase 2: Prepare for compaction
[4.458s][info   ][gc,phases      ] GC(629) Phase 2: Prepare for compaction 0.152ms
[4.458s][info   ][gc,phases,start] GC(629) Phase 3: Adjust pointers
[4.460s][info   ][gc,phases      ] GC(629) Phase 3: Adjust pointers 1.883ms
[4.460s][info   ][gc,phases,start] GC(629) Phase 4: Compact heap
[4.461s][info   ][gc,phases      ] GC(629) Phase 4: Compact heap 0.215ms
[4.461s][info   ][gc,heap        ] GC(629) Eden regions: 0->0(3)
[4.461s][info   ][gc,heap        ] GC(629) Survivor regions: 0->0(0)
[4.461s][info   ][gc,heap        ] GC(629) Old regions: 2->2
[4.461s][info   ][gc,heap        ] GC(629) Archive regions: 2->2
[4.461s][info   ][gc,heap        ] GC(629) Humongous regions: 0->0
[4.461s][info   ][gc,metaspace   ] GC(629) Metaspace: 9524K(9792K)->9524K(9792K) NonClass: 8366K(8512K)->8366K(8512K) Class: 1157K(1280K)->1157K(1280K)
[4.461s][info   ][gc             ] GC(629) Pause Full (System.gc()) 4M->4M(28M) 6.352ms
[4.461s][info   ][gc,cpu         ] GC(629) User=0.01s Sys=0.00s Real=0.00s
[4.462s][info   ][gc,start       ] GC(630) Pause Full (System.gc())
[4.462s][info   ][gc,task        ] GC(630) Using 1 workers of 10 for full compaction
[4.462s][info   ][gc,phases,start] GC(630) Phase 1: Mark live objects
[4.465s][info   ][gc,phases      ] GC(630) Phase 1: Mark live objects 3.280ms
[4.465s][info   ][gc,phases,start] GC(630) Phase 2: Prepare for compaction
[4.465s][info   ][gc,phases      ] GC(630) Phase 2: Prepare for compaction 0.121ms
[4.465s][info   ][gc,phases,start] GC(630) Phase 3: Adjust pointers
[4.467s][info   ][gc,phases      ] GC(630) Phase 3: Adjust pointers 1.877ms
[4.467s][info   ][gc,phases,start] GC(630) Phase 4: Compact heap
[4.467s][info   ][gc,phases      ] GC(630) Phase 4: Compact heap 0.097ms
[4.468s][info   ][gc,heap        ] GC(630) Eden regions: 1->0(3)
[4.468s][info   ][gc,heap        ] GC(630) Survivor regions: 0->0(0)
[4.468s][info   ][gc,heap        ] GC(630) Old regions: 2->2
[4.468s][info   ][gc,heap        ] GC(630) Archive regions: 2->2
[4.468s][info   ][gc,heap        ] GC(630) Humongous regions: 0->0
[4.468s][info   ][gc,metaspace   ] GC(630) Metaspace: 9524K(9792K)->9524K(9792K) NonClass: 8366K(8512K)->8366K(8512K) Class: 1157K(1280K)->1157K(1280K)
[4.468s][info   ][gc             ] GC(630) Pause Full (System.gc()) 4M->4M(28M) 6.077ms
[4.468s][info   ][gc,cpu         ] GC(630) User=0.00s Sys=0.00s Real=0.01s
[4.468s][info   ][gc,start       ] GC(631) Pause Full (System.gc())
[4.468s][info   ][gc,task        ] GC(631) Using 1 workers of 10 for full compaction
[4.468s][info   ][gc,phases,start] GC(631) Phase 1: Mark live objects
[4.471s][info   ][gc,phases      ] GC(631) Phase 1: Mark live objects 2.651ms
[4.471s][info   ][gc,phases,start] GC(631) Phase 2: Prepare for compaction
[4.471s][info   ][gc,phases      ] GC(631) Phase 2: Prepare for compaction 0.143ms
[4.471s][info   ][gc,phases,start] GC(631) Phase 3: Adjust pointers
[4.473s][info   ][gc,phases      ] GC(631) Phase 3: Adjust pointers 1.520ms
[4.473s][info   ][gc,phases,start] GC(631) Phase 4: Compact heap
[4.473s][info   ][gc,phases      ] GC(631) Phase 4: Compact heap 0.087ms
[4.473s][info   ][gc,heap        ] GC(631) Eden regions: 0->0(3)
[4.473s][info   ][gc,heap        ] GC(631) Survivor regions: 0->0(0)
[4.473s][info   ][gc,heap        ] GC(631) Old regions: 2->2
[4.473s][info   ][gc,heap        ] GC(631) Archive regions: 2->2
[4.473s][info   ][gc,heap        ] GC(631) Humongous regions: 0->0
[4.473s][info   ][gc,metaspace   ] GC(631) Metaspace: 9524K(9792K)->9524K(9792K) NonClass: 8366K(8512K)->8366K(8512K) Class: 1157K(1280K)->1157K(1280K)
[4.473s][info   ][gc             ] GC(631) Pause Full (System.gc()) 4M->4M(28M) 5.169ms
[4.473s][info   ][gc,cpu         ] GC(631) User=0.01s Sys=0.00s Real=0.00s
[4.474s][info   ][gc,start       ] GC(632) Pause Full (System.gc())
[4.474s][info   ][gc,task        ] GC(632) Using 1 workers of 10 for full compaction
[4.474s][info   ][gc,phases,start] GC(632) Phase 1: Mark live objects
[4.477s][info   ][gc,phases      ] GC(632) Phase 1: Mark live objects 3.061ms
[4.477s][info   ][gc,phases,start] GC(632) Phase 2: Prepare for compaction
[4.477s][info   ][gc,phases      ] GC(632) Phase 2: Prepare for compaction 0.106ms
[4.477s][info   ][gc,phases,start] GC(632) Phase 3: Adjust pointers
[4.478s][info   ][gc,phases      ] GC(632) Phase 3: Adjust pointers 1.295ms
[4.478s][info   ][gc,phases,start] GC(632) Phase 4: Compact heap
[4.478s][info   ][gc,phases      ] GC(632) Phase 4: Compact heap 0.094ms
[4.479s][info   ][gc,heap        ] GC(632) Eden regions: 1->0(3)
[4.479s][info   ][gc,heap        ] GC(632) Survivor regions: 0->0(0)
[4.479s][info   ][gc,heap        ] GC(632) Old regions: 2->2
[4.479s][info   ][gc,heap        ] GC(632) Archive regions: 2->2
[4.479s][info   ][gc,heap        ] GC(632) Humongous regions: 0->0
[4.479s][info   ][gc,metaspace   ] GC(632) Metaspace: 9524K(9792K)->9524K(9792K) NonClass: 8366K(8512K)->8366K(8512K) Class: 1157K(1280K)->1157K(1280K)
[4.479s][info   ][gc             ] GC(632) Pause Full (System.gc()) 4M->4M(28M) 5.188ms
[4.479s][info   ][gc,cpu         ] GC(632) User=0.00s Sys=0.00s Real=0.00s
[4.479s][info   ][gc,start       ] GC(633) Pause Full (System.gc())
[4.479s][info   ][gc,task        ] GC(633) Using 1 workers of 10 for full compaction
[4.479s][info   ][gc,phases,start] GC(633) Phase 1: Mark live objects
[4.483s][info   ][gc,phases      ] GC(633) Phase 1: Mark live objects 3.661ms
[4.483s][info   ][gc,phases,start] GC(633) Phase 2: Prepare for compaction
[4.483s][info   ][gc,phases      ] GC(633) Phase 2: Prepare for compaction 0.101ms
[4.483s][info   ][gc,phases,start] GC(633) Phase 3: Adjust pointers
[4.485s][info   ][gc,phases      ] GC(633) Phase 3: Adjust pointers 1.651ms
[4.485s][info   ][gc,phases,start] GC(633) Phase 4: Compact heap
[4.485s][info   ][gc,phases      ] GC(633) Phase 4: Compact heap 0.115ms
[4.485s][info   ][gc,heap        ] GC(633) Eden regions: 1->0(3)
[4.485s][info   ][gc,heap        ] GC(633) Survivor regions: 0->0(0)
[4.485s][info   ][gc,heap        ] GC(633) Old regions: 2->2
[4.485s][info   ][gc,heap        ] GC(633) Archive regions: 2->2
[4.485s][info   ][gc,heap        ] GC(633) Humongous regions: 0->0
[4.485s][info   ][gc,metaspace   ] GC(633) Metaspace: 9524K(9792K)->9524K(9792K) NonClass: 8366K(8512K)->8366K(8512K) Class: 1157K(1280K)->1157K(1280K)
[4.485s][info   ][gc             ] GC(633) Pause Full (System.gc()) 4M->4M(28M) 6.019ms
[4.485s][info   ][gc,cpu         ] GC(633) User=0.01s Sys=0.00s Real=0.01s
[4.485s][info   ][gc,start       ] GC(634) Pause Full (System.gc())
[4.485s][info   ][gc,task        ] GC(634) Using 1 workers of 10 for full compaction
[4.485s][info   ][gc,phases,start] GC(634) Phase 1: Mark live objects
[4.488s][info   ][gc,phases      ] GC(634) Phase 1: Mark live objects 2.714ms
[4.488s][info   ][gc,phases,start] GC(634) Phase 2: Prepare for compaction
[4.488s][info   ][gc,phases      ] GC(634) Phase 2: Prepare for compaction 0.184ms
[4.488s][info   ][gc,phases,start] GC(634) Phase 3: Adjust pointers
[4.490s][info   ][gc,phases      ] GC(634) Phase 3: Adjust pointers 1.821ms
[4.490s][info   ][gc,phases,start] GC(634) Phase 4: Compact heap
[4.490s][info   ][gc,phases      ] GC(634) Phase 4: Compact heap 0.117ms
[4.491s][info   ][gc,heap        ] GC(634) Eden regions: 1->0(3)
[4.491s][info   ][gc,heap        ] GC(634) Survivor regions: 0->0(0)
[4.491s][info   ][gc,heap        ] GC(634) Old regions: 2->2
[4.491s][info   ][gc,heap        ] GC(634) Archive regions: 2->2
[4.491s][info   ][gc,heap        ] GC(634) Humongous regions: 0->0
[4.491s][info   ][gc,metaspace   ] GC(634) Metaspace: 9524K(9792K)->9524K(9792K) NonClass: 8366K(8512K)->8366K(8512K) Class: 1157K(1280K)->1157K(1280K)
[4.491s][info   ][gc             ] GC(634) Pause Full (System.gc()) 4M->4M(28M) 5.358ms
[4.491s][info   ][gc,cpu         ] GC(634) User=0.00s Sys=0.00s Real=0.00s
[4.491s][info   ][gc,start       ] GC(635) Pause Full (System.gc())
[4.491s][info   ][gc,task        ] GC(635) Using 1 workers of 10 for full compaction
[4.491s][info   ][gc,phases,start] GC(635) Phase 1: Mark live objects
[4.494s][info   ][gc,phases      ] GC(635) Phase 1: Mark live objects 3.178ms
[4.494s][info   ][gc,phases,start] GC(635) Phase 2: Prepare for compaction
[4.494s][info   ][gc,phases      ] GC(635) Phase 2: Prepare for compaction 0.108ms
[4.494s][info   ][gc,phases,start] GC(635) Phase 3: Adjust pointers
[4.497s][info   ][gc,phases      ] GC(635) Phase 3: Adjust pointers 2.421ms
[4.497s][info   ][gc,phases,start] GC(635) Phase 4: Compact heap
[4.497s][info   ][gc,phases      ] GC(635) Phase 4: Compact heap 0.169ms
[4.498s][info   ][gc,heap        ] GC(635) Eden regions: 1->0(3)
[4.498s][info   ][gc,heap        ] GC(635) Survivor regions: 0->0(0)
[4.498s][info   ][gc,heap        ] GC(635) Old regions: 2->2
[4.498s][info   ][gc,heap        ] GC(635) Archive regions: 2->2
[4.498s][info   ][gc,heap        ] GC(635) Humongous regions: 0->0
[4.498s][info   ][gc,metaspace   ] GC(635) Metaspace: 9524K(9792K)->9524K(9792K) NonClass: 8366K(8512K)->8366K(8512K) Class: 1157K(1280K)->1157K(1280K)
[4.498s][info   ][gc             ] GC(635) Pause Full (System.gc()) 4M->4M(28M) 6.553ms
[4.498s][info   ][gc,cpu         ] GC(635) User=0.00s Sys=0.00s Real=0.01s
[4.498s][info   ][gc,start       ] GC(636) Pause Full (System.gc())
[4.498s][info   ][gc,task        ] GC(636) Using 1 workers of 10 for full compaction
[4.498s][info   ][gc,phases,start] GC(636) Phase 1: Mark live objects
[4.501s][info   ][gc,phases      ] GC(636) Phase 1: Mark live objects 2.763ms
[4.501s][info   ][gc,phases,start] GC(636) Phase 2: Prepare for compaction
[4.501s][info   ][gc,phases      ] GC(636) Phase 2: Prepare for compaction 0.149ms
[4.501s][info   ][gc,phases,start] GC(636) Phase 3: Adjust pointers
[4.503s][info   ][gc,phases      ] GC(636) Phase 3: Adjust pointers 1.716ms
[4.503s][info   ][gc,phases,start] GC(636) Phase 4: Compact heap
[4.503s][info   ][gc,phases      ] GC(636) Phase 4: Compact heap 0.335ms
[4.503s][info   ][gc,heap        ] GC(636) Eden regions: 1->0(3)
[4.503s][info   ][gc,heap        ] GC(636) Survivor regions: 0->0(0)
[4.504s][info   ][gc,heap        ] GC(636) Old regions: 2->2
[4.504s][info   ][gc,heap        ] GC(636) Archive regions: 2->2
[4.504s][info   ][gc,heap        ] GC(636) Humongous regions: 0->0
[4.504s][info   ][gc,metaspace   ] GC(636) Metaspace: 9524K(9792K)->9524K(9792K) NonClass: 8366K(8512K)->8366K(8512K) Class: 1157K(1280K)->1157K(1280K)
[4.504s][info   ][gc             ] GC(636) Pause Full (System.gc()) 4M->4M(28M) 5.708ms
[4.504s][info   ][gc,cpu         ] GC(636) User=0.01s Sys=0.00s Real=0.01s
[4.504s][info   ][gc,start       ] GC(637) Pause Full (System.gc())
[4.504s][info   ][gc,task        ] GC(637) Using 1 workers of 10 for full compaction
[4.504s][info   ][gc,phases,start] GC(637) Phase 1: Mark live objects
[4.508s][info   ][gc,phases      ] GC(637) Phase 1: Mark live objects 3.619ms
[4.508s][info   ][gc,phases,start] GC(637) Phase 2: Prepare for compaction
[4.508s][info   ][gc,phases      ] GC(637) Phase 2: Prepare for compaction 0.245ms
[4.508s][info   ][gc,phases,start] GC(637) Phase 3: Adjust pointers
[4.509s][info   ][gc,phases      ] GC(637) Phase 3: Adjust pointers 1.404ms
[4.509s][info   ][gc,phases,start] GC(637) Phase 4: Compact heap
[4.509s][info   ][gc,phases      ] GC(637) Phase 4: Compact heap 0.121ms
[4.510s][info   ][gc,heap        ] GC(637) Eden regions: 1->0(3)
[4.510s][info   ][gc,heap        ] GC(637) Survivor regions: 0->0(0)
[4.510s][info   ][gc,heap        ] GC(637) Old regions: 2->2
[4.510s][info   ][gc,heap        ] GC(637) Archive regions: 2->2
[4.510s][info   ][gc,heap        ] GC(637) Humongous regions: 0->0
[4.510s][info   ][gc,metaspace   ] GC(637) Metaspace: 9524K(9792K)->9524K(9792K) NonClass: 8366K(8512K)->8366K(8512K) Class: 1157K(1280K)->1157K(1280K)
[4.510s][info   ][gc             ] GC(637) Pause Full (System.gc()) 4M->4M(28M) 6.203ms
[4.510s][info   ][gc,cpu         ] GC(637) User=0.00s Sys=0.00s Real=0.00s
[4.510s][info   ][gc,start       ] GC(638) Pause Full (System.gc())
[4.510s][info   ][gc,task        ] GC(638) Using 1 workers of 10 for full compaction
[4.510s][info   ][gc,phases,start] GC(638) Phase 1: Mark live objects
[4.514s][info   ][gc,phases      ] GC(638) Phase 1: Mark live objects 3.185ms
[4.514s][info   ][gc,phases,start] GC(638) Phase 2: Prepare for compaction
[4.514s][info   ][gc,phases      ] GC(638) Phase 2: Prepare for compaction 0.191ms
[4.514s][info   ][gc,phases,start] GC(638) Phase 3: Adjust pointers
[4.516s][info   ][gc,phases      ] GC(638) Phase 3: Adjust pointers 1.840ms
[4.516s][info   ][gc,phases,start] GC(638) Phase 4: Compact heap
[4.516s][info   ][gc,phases      ] GC(638) Phase 4: Compact heap 0.129ms
[4.516s][info   ][gc,heap        ] GC(638) Eden regions: 0->0(3)
[4.516s][info   ][gc,heap        ] GC(638) Survivor regions: 0->0(0)
[4.516s][info   ][gc,heap        ] GC(638) Old regions: 2->2
[4.516s][info   ][gc,heap        ] GC(638) Archive regions: 2->2
[4.516s][info   ][gc,heap        ] GC(638) Humongous regions: 0->0
[4.516s][info   ][gc,metaspace   ] GC(638) Metaspace: 9524K(9792K)->9524K(9792K) NonClass: 8366K(8512K)->8366K(8512K) Class: 1157K(1280K)->1157K(1280K)
[4.516s][info   ][gc             ] GC(638) Pause Full (System.gc()) 4M->4M(28M) 6.006ms
[4.516s][info   ][gc,cpu         ] GC(638) User=0.01s Sys=0.00s Real=0.01s
[4.517s][info   ][gc,start       ] GC(639) Pause Full (System.gc())
[4.517s][info   ][gc,task        ] GC(639) Using 1 workers of 10 for full compaction
[4.517s][info   ][gc,phases,start] GC(639) Phase 1: Mark live objects
[4.520s][info   ][gc,phases      ] GC(639) Phase 1: Mark live objects 2.738ms
[4.520s][info   ][gc,phases,start] GC(639) Phase 2: Prepare for compaction
[4.520s][info   ][gc,phases      ] GC(639) Phase 2: Prepare for compaction 0.223ms
[4.520s][info   ][gc,phases,start] GC(639) Phase 3: Adjust pointers
[4.522s][info   ][gc,phases      ] GC(639) Phase 3: Adjust pointers 1.976ms
[4.522s][info   ][gc,phases,start] GC(639) Phase 4: Compact heap
[4.522s][info   ][gc,phases      ] GC(639) Phase 4: Compact heap 0.255ms
[4.523s][info   ][gc,heap        ] GC(639) Eden regions: 1->0(3)
[4.523s][info   ][gc,heap        ] GC(639) Survivor regions: 0->0(0)
[4.523s][info   ][gc,heap        ] GC(639) Old regions: 2->2
[4.523s][info   ][gc,heap        ] GC(639) Archive regions: 2->2
[4.523s][info   ][gc,heap        ] GC(639) Humongous regions: 0->0
[4.523s][info   ][gc,metaspace   ] GC(639) Metaspace: 9524K(9792K)->9524K(9792K) NonClass: 8366K(8512K)->8366K(8512K) Class: 1157K(1280K)->1157K(1280K)
[4.523s][info   ][gc             ] GC(639) Pause Full (System.gc()) 4M->4M(28M) 6.135ms
[4.523s][info   ][gc,cpu         ] GC(639) User=0.00s Sys=0.00s Real=0.00s
[4.523s][info   ][gc,start       ] GC(640) Pause Full (System.gc())
[4.523s][info   ][gc,task        ] GC(640) Using 1 workers of 10 for full compaction
[4.523s][info   ][gc,phases,start] GC(640) Phase 1: Mark live objects
[4.527s][info   ][gc,phases      ] GC(640) Phase 1: Mark live objects 3.555ms
[4.527s][info   ][gc,phases,start] GC(640) Phase 2: Prepare for compaction
[4.527s][info   ][gc,phases      ] GC(640) Phase 2: Prepare for compaction 0.205ms
[4.527s][info   ][gc,phases,start] GC(640) Phase 3: Adjust pointers
[4.528s][info   ][gc,phases      ] GC(640) Phase 3: Adjust pointers 1.366ms
[4.528s][info   ][gc,phases,start] GC(640) Phase 4: Compact heap
[4.528s][info   ][gc,phases      ] GC(640) Phase 4: Compact heap 0.150ms
[4.529s][info   ][gc,heap        ] GC(640) Eden regions: 0->0(3)
[4.529s][info   ][gc,heap        ] GC(640) Survivor regions: 0->0(0)
[4.529s][info   ][gc,heap        ] GC(640) Old regions: 2->2
[4.529s][info   ][gc,heap        ] GC(640) Archive regions: 2->2
[4.529s][info   ][gc,heap        ] GC(640) Humongous regions: 0->0
[4.529s][info   ][gc,metaspace   ] GC(640) Metaspace: 9524K(9792K)->9524K(9792K) NonClass: 8366K(8512K)->8366K(8512K) Class: 1157K(1280K)->1157K(1280K)
[4.529s][info   ][gc             ] GC(640) Pause Full (System.gc()) 4M->4M(28M) 6.007ms
[4.529s][info   ][gc,cpu         ] GC(640) User=0.01s Sys=0.00s Real=0.01s
[4.529s][info   ][gc,start       ] GC(641) Pause Full (System.gc())
[4.529s][info   ][gc,task        ] GC(641) Using 1 workers of 10 for full compaction
[4.529s][info   ][gc,phases,start] GC(641) Phase 1: Mark live objects
[4.533s][info   ][gc,phases      ] GC(641) Phase 1: Mark live objects 3.150ms
[4.533s][info   ][gc,phases,start] GC(641) Phase 2: Prepare for compaction
[4.533s][info   ][gc,phases      ] GC(641) Phase 2: Prepare for compaction 0.101ms
[4.533s][info   ][gc,phases,start] GC(641) Phase 3: Adjust pointers
[4.534s][info   ][gc,phases      ] GC(641) Phase 3: Adjust pointers 1.768ms
[4.535s][info   ][gc,phases,start] GC(641) Phase 4: Compact heap
[4.535s][info   ][gc,phases      ] GC(641) Phase 4: Compact heap 0.139ms
[4.535s][info   ][gc,heap        ] GC(641) Eden regions: 1->0(3)
[4.535s][info   ][gc,heap        ] GC(641) Survivor regions: 0->0(0)
[4.535s][info   ][gc,heap        ] GC(641) Old regions: 2->2
[4.535s][info   ][gc,heap        ] GC(641) Archive regions: 2->2
[4.535s][info   ][gc,heap        ] GC(641) Humongous regions: 0->0
[4.535s][info   ][gc,metaspace   ] GC(641) Metaspace: 9524K(9792K)->9524K(9792K) NonClass: 8366K(8512K)->8366K(8512K) Class: 1157K(1280K)->1157K(1280K)
[4.535s][info   ][gc             ] GC(641) Pause Full (System.gc()) 4M->4M(28M) 5.823ms
[4.535s][info   ][gc,cpu         ] GC(641) User=0.00s Sys=0.00s Real=0.01s
[4.536s][info   ][gc,start       ] GC(642) Pause Full (System.gc())
[4.536s][info   ][gc,task        ] GC(642) Using 1 workers of 10 for full compaction
[4.536s][info   ][gc,phases,start] GC(642) Phase 1: Mark live objects
[4.539s][info   ][gc,phases      ] GC(642) Phase 1: Mark live objects 3.124ms
[4.539s][info   ][gc,phases,start] GC(642) Phase 2: Prepare for compaction
[4.539s][info   ][gc,phases      ] GC(642) Phase 2: Prepare for compaction 0.196ms
[4.539s][info   ][gc,phases,start] GC(642) Phase 3: Adjust pointers
[4.541s][info   ][gc,phases      ] GC(642) Phase 3: Adjust pointers 1.705ms
[4.541s][info   ][gc,phases,start] GC(642) Phase 4: Compact heap
[4.541s][info   ][gc,phases      ] GC(642) Phase 4: Compact heap 0.106ms
[4.542s][info   ][gc,heap        ] GC(642) Eden regions: 1->0(3)
[4.542s][info   ][gc,heap        ] GC(642) Survivor regions: 0->0(0)
[4.542s][info   ][gc,heap        ] GC(642) Old regions: 2->2
[4.542s][info   ][gc,heap        ] GC(642) Archive regions: 2->2
[4.542s][info   ][gc,heap        ] GC(642) Humongous regions: 0->0
[4.542s][info   ][gc,metaspace   ] GC(642) Metaspace: 9524K(9792K)->9524K(9792K) NonClass: 8366K(8512K)->8366K(8512K) Class: 1157K(1280K)->1157K(1280K)
[4.542s][info   ][gc             ] GC(642) Pause Full (System.gc()) 4M->4M(28M) 5.866ms
[4.542s][info   ][gc,cpu         ] GC(642) User=0.00s Sys=0.00s Real=0.00s
[4.542s][info   ][gc,start       ] GC(643) Pause Full (System.gc())
[4.542s][info   ][gc,task        ] GC(643) Using 1 workers of 10 for full compaction
[4.542s][info   ][gc,phases,start] GC(643) Phase 1: Mark live objects
[4.545s][info   ][gc,phases      ] GC(643) Phase 1: Mark live objects 3.035ms
[4.545s][info   ][gc,phases,start] GC(643) Phase 2: Prepare for compaction
[4.545s][info   ][gc,phases      ] GC(643) Phase 2: Prepare for compaction 0.250ms
[4.545s][info   ][gc,phases,start] GC(643) Phase 3: Adjust pointers
[4.547s][info   ][gc,phases      ] GC(643) Phase 3: Adjust pointers 1.527ms
[4.547s][info   ][gc,phases,start] GC(643) Phase 4: Compact heap
[4.547s][info   ][gc,phases      ] GC(643) Phase 4: Compact heap 0.101ms
[4.547s][info   ][gc,heap        ] GC(643) Eden regions: 0->0(3)
[4.547s][info   ][gc,heap        ] GC(643) Survivor regions: 0->0(0)
[4.547s][info   ][gc,heap        ] GC(643) Old regions: 2->2
[4.547s][info   ][gc,heap        ] GC(643) Archive regions: 2->2
[4.547s][info   ][gc,heap        ] GC(643) Humongous regions: 0->0
[4.547s][info   ][gc,metaspace   ] GC(643) Metaspace: 9524K(9792K)->9524K(9792K) NonClass: 8366K(8512K)->8366K(8512K) Class: 1157K(1280K)->1157K(1280K)
[4.547s][info   ][gc             ] GC(643) Pause Full (System.gc()) 4M->4M(28M) 5.381ms
[4.547s][info   ][gc,cpu         ] GC(643) User=0.01s Sys=0.00s Real=0.01s
[4.547s][info   ][gc,start       ] GC(644) Pause Full (System.gc())
[4.547s][info   ][gc,task        ] GC(644) Using 1 workers of 10 for full compaction
[4.547s][info   ][gc,phases,start] GC(644) Phase 1: Mark live objects
[4.551s][info   ][gc,phases      ] GC(644) Phase 1: Mark live objects 3.169ms
[4.551s][info   ][gc,phases,start] GC(644) Phase 2: Prepare for compaction
[4.551s][info   ][gc,phases      ] GC(644) Phase 2: Prepare for compaction 0.155ms
[4.551s][info   ][gc,phases,start] GC(644) Phase 3: Adjust pointers
[4.552s][info   ][gc,phases      ] GC(644) Phase 3: Adjust pointers 1.593ms
[4.552s][info   ][gc,phases,start] GC(644) Phase 4: Compact heap
[4.553s][info   ][gc,phases      ] GC(644) Phase 4: Compact heap 0.235ms
[4.553s][info   ][gc,heap        ] GC(644) Eden regions: 1->0(3)
[4.553s][info   ][gc,heap        ] GC(644) Survivor regions: 0->0(0)
[4.553s][info   ][gc,heap        ] GC(644) Old regions: 2->2
[4.553s][info   ][gc,heap        ] GC(644) Archive regions: 2->2
[4.553s][info   ][gc,heap        ] GC(644) Humongous regions: 0->0
[4.553s][info   ][gc,metaspace   ] GC(644) Metaspace: 9524K(9792K)->9524K(9792K) NonClass: 8366K(8512K)->8366K(8512K) Class: 1157K(1280K)->1157K(1280K)
[4.553s][info   ][gc             ] GC(644) Pause Full (System.gc()) 4M->4M(28M) 5.888ms
[4.553s][info   ][gc,cpu         ] GC(644) User=0.00s Sys=0.00s Real=0.00s
[4.554s][info   ][gc,start       ] GC(645) Pause Full (System.gc())
[4.554s][info   ][gc,task        ] GC(645) Using 1 workers of 10 for full compaction
[4.554s][info   ][gc,phases,start] GC(645) Phase 1: Mark live objects
[4.558s][info   ][gc,phases      ] GC(645) Phase 1: Mark live objects 3.824ms
[4.558s][info   ][gc,phases,start] GC(645) Phase 2: Prepare for compaction
[4.558s][info   ][gc,phases      ] GC(645) Phase 2: Prepare for compaction 0.104ms
[4.558s][info   ][gc,phases,start] GC(645) Phase 3: Adjust pointers
[4.560s][info   ][gc,phases      ] GC(645) Phase 3: Adjust pointers 2.013ms
[4.560s][info   ][gc,phases,start] GC(645) Phase 4: Compact heap
[4.560s][info   ][gc,phases      ] GC(645) Phase 4: Compact heap 0.232ms
[4.561s][info   ][gc,heap        ] GC(645) Eden regions: 1->0(3)
[4.561s][info   ][gc,heap        ] GC(645) Survivor regions: 0->0(0)
[4.561s][info   ][gc,heap        ] GC(645) Old regions: 2->2
[4.561s][info   ][gc,heap        ] GC(645) Archive regions: 2->2
[4.561s][info   ][gc,heap        ] GC(645) Humongous regions: 0->0
[4.561s][info   ][gc,metaspace   ] GC(645) Metaspace: 9524K(9792K)->9524K(9792K) NonClass: 8366K(8512K)->8366K(8512K) Class: 1157K(1280K)->1157K(1280K)
[4.561s][info   ][gc             ] GC(645) Pause Full (System.gc()) 4M->4M(28M) 7.011ms
[4.561s][info   ][gc,cpu         ] GC(645) User=0.01s Sys=0.00s Real=0.00s
[4.561s][info   ][gc,start       ] GC(646) Pause Full (System.gc())
[4.561s][info   ][gc,task        ] GC(646) Using 1 workers of 10 for full compaction
[4.561s][info   ][gc,phases,start] GC(646) Phase 1: Mark live objects
[4.564s][info   ][gc,phases      ] GC(646) Phase 1: Mark live objects 3.029ms
[4.564s][info   ][gc,phases,start] GC(646) Phase 2: Prepare for compaction
[4.564s][info   ][gc,phases      ] GC(646) Phase 2: Prepare for compaction 0.205ms
[4.564s][info   ][gc,phases,start] GC(646) Phase 3: Adjust pointers
[4.566s][info   ][gc,phases      ] GC(646) Phase 3: Adjust pointers 1.513ms
[4.566s][info   ][gc,phases,start] GC(646) Phase 4: Compact heap
[4.566s][info   ][gc,phases      ] GC(646) Phase 4: Compact heap 0.109ms
[4.567s][info   ][gc,heap        ] GC(646) Eden regions: 0->0(3)
[4.567s][info   ][gc,heap        ] GC(646) Survivor regions: 0->0(0)
[4.567s][info   ][gc,heap        ] GC(646) Old regions: 2->2
[4.567s][info   ][gc,heap        ] GC(646) Archive regions: 2->2
[4.567s][info   ][gc,heap        ] GC(646) Humongous regions: 0->0
[4.567s][info   ][gc,metaspace   ] GC(646) Metaspace: 9524K(9792K)->9524K(9792K) NonClass: 8366K(8512K)->8366K(8512K) Class: 1157K(1280K)->1157K(1280K)
[4.567s][info   ][gc             ] GC(646) Pause Full (System.gc()) 4M->4M(28M) 5.533ms
[4.567s][info   ][gc,cpu         ] GC(646) User=0.00s Sys=0.00s Real=0.01s
[4.567s][info   ][gc,start       ] GC(647) Pause Full (System.gc())
[4.567s][info   ][gc,task        ] GC(647) Using 1 workers of 10 for full compaction
[4.567s][info   ][gc,phases,start] GC(647) Phase 1: Mark live objects
[4.571s][info   ][gc,phases      ] GC(647) Phase 1: Mark live objects 3.723ms
[4.571s][info   ][gc,phases,start] GC(647) Phase 2: Prepare for compaction
[4.571s][info   ][gc,phases      ] GC(647) Phase 2: Prepare for compaction 0.222ms
[4.571s][info   ][gc,phases,start] GC(647) Phase 3: Adjust pointers
[4.573s][info   ][gc,phases      ] GC(647) Phase 3: Adjust pointers 2.367ms
[4.573s][info   ][gc,phases,start] GC(647) Phase 4: Compact heap
[4.573s][info   ][gc,phases      ] GC(647) Phase 4: Compact heap 0.116ms
[4.574s][info   ][gc,heap        ] GC(647) Eden regions: 1->0(3)
[4.574s][info   ][gc,heap        ] GC(647) Survivor regions: 0->0(0)
[4.574s][info   ][gc,heap        ] GC(647) Old regions: 2->2
[4.574s][info   ][gc,heap        ] GC(647) Archive regions: 2->2
[4.574s][info   ][gc,heap        ] GC(647) Humongous regions: 0->0
[4.574s][info   ][gc,metaspace   ] GC(647) Metaspace: 9524K(9792K)->9524K(9792K) NonClass: 8366K(8512K)->8366K(8512K) Class: 1157K(1280K)->1157K(1280K)
[4.574s][info   ][gc             ] GC(647) Pause Full (System.gc()) 4M->4M(28M) 7.411ms
[4.574s][info   ][gc,cpu         ] GC(647) User=0.01s Sys=0.00s Real=0.01s
[4.575s][info   ][gc,start       ] GC(648) Pause Full (System.gc())
[4.575s][info   ][gc,task        ] GC(648) Using 1 workers of 10 for full compaction
[4.575s][info   ][gc,phases,start] GC(648) Phase 1: Mark live objects
[4.579s][info   ][gc,phases      ] GC(648) Phase 1: Mark live objects 4.491ms
[4.579s][info   ][gc,phases,start] GC(648) Phase 2: Prepare for compaction
[4.580s][info   ][gc,phases      ] GC(648) Phase 2: Prepare for compaction 0.334ms
[4.580s][info   ][gc,phases,start] GC(648) Phase 3: Adjust pointers
[4.582s][info   ][gc,phases      ] GC(648) Phase 3: Adjust pointers 1.896ms
[4.582s][info   ][gc,phases,start] GC(648) Phase 4: Compact heap
[4.582s][info   ][gc,phases      ] GC(648) Phase 4: Compact heap 0.142ms
[4.582s][info   ][gc,heap        ] GC(648) Eden regions: 1->0(3)
[4.582s][info   ][gc,heap        ] GC(648) Survivor regions: 0->0(0)
[4.582s][info   ][gc,heap        ] GC(648) Old regions: 2->2
[4.582s][info   ][gc,heap        ] GC(648) Archive regions: 2->2
[4.582s][info   ][gc,heap        ] GC(648) Humongous regions: 0->0
[4.582s][info   ][gc,metaspace   ] GC(648) Metaspace: 9524K(9792K)->9524K(9792K) NonClass: 8366K(8512K)->8366K(8512K) Class: 1157K(1280K)->1157K(1280K)
[4.582s][info   ][gc             ] GC(648) Pause Full (System.gc()) 4M->4M(28M) 7.613ms
[4.582s][info   ][gc,cpu         ] GC(648) User=0.01s Sys=0.00s Real=0.00s
[4.583s][info   ][gc,start       ] GC(649) Pause Full (System.gc())
[4.583s][info   ][gc,task        ] GC(649) Using 1 workers of 10 for full compaction
[4.583s][info   ][gc,phases,start] GC(649) Phase 1: Mark live objects
[4.586s][info   ][gc,phases      ] GC(649) Phase 1: Mark live objects 3.235ms
[4.586s][info   ][gc,phases,start] GC(649) Phase 2: Prepare for compaction
[4.587s][info   ][gc,phases      ] GC(649) Phase 2: Prepare for compaction 0.187ms
[4.587s][info   ][gc,phases,start] GC(649) Phase 3: Adjust pointers
[4.588s][info   ][gc,phases      ] GC(649) Phase 3: Adjust pointers 1.576ms
[4.588s][info   ][gc,phases,start] GC(649) Phase 4: Compact heap
[4.588s][info   ][gc,phases      ] GC(649) Phase 4: Compact heap 0.068ms
[4.589s][info   ][gc,heap        ] GC(649) Eden regions: 1->0(3)
[4.589s][info   ][gc,heap        ] GC(649) Survivor regions: 0->0(0)
[4.589s][info   ][gc,heap        ] GC(649) Old regions: 2->2
[4.589s][info   ][gc,heap        ] GC(649) Archive regions: 2->2
[4.589s][info   ][gc,heap        ] GC(649) Humongous regions: 0->0
[4.589s][info   ][gc,metaspace   ] GC(649) Metaspace: 9524K(9792K)->9524K(9792K) NonClass: 8366K(8512K)->8366K(8512K) Class: 1157K(1280K)->1157K(1280K)
[4.589s][info   ][gc             ] GC(649) Pause Full (System.gc()) 4M->4M(28M) 5.873ms
[4.589s][info   ][gc,cpu         ] GC(649) User=0.00s Sys=0.00s Real=0.01s
[4.589s][info   ][gc,start       ] GC(650) Pause Full (System.gc())
[4.589s][info   ][gc,task        ] GC(650) Using 1 workers of 10 for full compaction
[4.589s][info   ][gc,phases,start] GC(650) Phase 1: Mark live objects
[4.593s][info   ][gc,phases      ] GC(650) Phase 1: Mark live objects 4.169ms
[4.593s][info   ][gc,phases,start] GC(650) Phase 2: Prepare for compaction
[4.594s][info   ][gc,phases      ] GC(650) Phase 2: Prepare for compaction 0.182ms
[4.594s][info   ][gc,phases,start] GC(650) Phase 3: Adjust pointers
[4.596s][info   ][gc,phases      ] GC(650) Phase 3: Adjust pointers 2.416ms
[4.596s][info   ][gc,phases,start] GC(650) Phase 4: Compact heap
[4.596s][info   ][gc,phases      ] GC(650) Phase 4: Compact heap 0.222ms
[4.597s][info   ][gc,heap        ] GC(650) Eden regions: 1->0(3)
[4.597s][info   ][gc,heap        ] GC(650) Survivor regions: 0->0(0)
[4.597s][info   ][gc,heap        ] GC(650) Old regions: 2->2
[4.597s][info   ][gc,heap        ] GC(650) Archive regions: 2->2
[4.597s][info   ][gc,heap        ] GC(650) Humongous regions: 0->0
[4.597s][info   ][gc,metaspace   ] GC(650) Metaspace: 9524K(9792K)->9524K(9792K) NonClass: 8366K(8512K)->8366K(8512K) Class: 1157K(1280K)->1157K(1280K)
[4.597s][info   ][gc             ] GC(650) Pause Full (System.gc()) 4M->4M(28M) 7.885ms
[4.597s][info   ][gc,cpu         ] GC(650) User=0.01s Sys=0.00s Real=0.01s
[4.597s][info   ][gc,start       ] GC(651) Pause Full (System.gc())
[4.597s][info   ][gc,task        ] GC(651) Using 1 workers of 10 for full compaction
[4.597s][info   ][gc,phases,start] GC(651) Phase 1: Mark live objects
[4.602s][info   ][gc,phases      ] GC(651) Phase 1: Mark live objects 4.166ms
[4.602s][info   ][gc,phases,start] GC(651) Phase 2: Prepare for compaction
[4.602s][info   ][gc,phases      ] GC(651) Phase 2: Prepare for compaction 0.205ms
[4.602s][info   ][gc,phases,start] GC(651) Phase 3: Adjust pointers
[4.604s][info   ][gc,phases      ] GC(651) Phase 3: Adjust pointers 1.678ms
[4.604s][info   ][gc,phases,start] GC(651) Phase 4: Compact heap
[4.604s][info   ][gc,phases      ] GC(651) Phase 4: Compact heap 0.156ms
[4.604s][info   ][gc,heap        ] GC(651) Eden regions: 0->0(3)
[4.604s][info   ][gc,heap        ] GC(651) Survivor regions: 0->0(0)
[4.604s][info   ][gc,heap        ] GC(651) Old regions: 2->2
[4.605s][info   ][gc,heap        ] GC(651) Archive regions: 2->2
[4.605s][info   ][gc,heap        ] GC(651) Humongous regions: 0->0
[4.605s][info   ][gc,metaspace   ] GC(651) Metaspace: 9524K(9792K)->9524K(9792K) NonClass: 8366K(8512K)->8366K(8512K) Class: 1157K(1280K)->1157K(1280K)
[4.605s][info   ][gc             ] GC(651) Pause Full (System.gc()) 4M->4M(28M) 7.116ms
[4.605s][info   ][gc,cpu         ] GC(651) User=0.00s Sys=0.01s Real=0.01s
[4.605s][info   ][gc,start       ] GC(652) Pause Full (System.gc())
[4.605s][info   ][gc,task        ] GC(652) Using 1 workers of 10 for full compaction
[4.605s][info   ][gc,phases,start] GC(652) Phase 1: Mark live objects
[4.611s][info   ][gc,phases      ] GC(652) Phase 1: Mark live objects 5.411ms
[4.611s][info   ][gc,phases,start] GC(652) Phase 2: Prepare for compaction
[4.611s][info   ][gc,phases      ] GC(652) Phase 2: Prepare for compaction 0.263ms
[4.611s][info   ][gc,phases,start] GC(652) Phase 3: Adjust pointers
[4.614s][info   ][gc,phases      ] GC(652) Phase 3: Adjust pointers 3.137ms
[4.614s][info   ][gc,phases,start] GC(652) Phase 4: Compact heap
[4.614s][info   ][gc,phases      ] GC(652) Phase 4: Compact heap 0.122ms
[4.615s][info   ][gc,heap        ] GC(652) Eden regions: 1->0(3)
[4.615s][info   ][gc,heap        ] GC(652) Survivor regions: 0->0(0)
[4.615s][info   ][gc,heap        ] GC(652) Old regions: 2->2
[4.615s][info   ][gc,heap        ] GC(652) Archive regions: 2->2
[4.615s][info   ][gc,heap        ] GC(652) Humongous regions: 0->0
[4.615s][info   ][gc,metaspace   ] GC(652) Metaspace: 9524K(9792K)->9524K(9792K) NonClass: 8366K(8512K)->8366K(8512K) Class: 1157K(1280K)->1157K(1280K)
[4.615s][info   ][gc             ] GC(652) Pause Full (System.gc()) 4M->4M(28M) 9.806ms
[4.615s][info   ][gc,cpu         ] GC(652) User=0.01s Sys=0.00s Real=0.01s
[4.615s][info   ][gc,start       ] GC(653) Pause Full (System.gc())
[4.615s][info   ][gc,task        ] GC(653) Using 1 workers of 10 for full compaction
[4.615s][info   ][gc,phases,start] GC(653) Phase 1: Mark live objects
[4.621s][info   ][gc,phases      ] GC(653) Phase 1: Mark live objects 5.577ms
[4.621s][info   ][gc,phases,start] GC(653) Phase 2: Prepare for compaction
[4.621s][info   ][gc,phases      ] GC(653) Phase 2: Prepare for compaction 0.310ms
[4.621s][info   ][gc,phases,start] GC(653) Phase 3: Adjust pointers
[4.624s][info   ][gc,phases      ] GC(653) Phase 3: Adjust pointers 2.875ms
[4.624s][info   ][gc,phases,start] GC(653) Phase 4: Compact heap
[4.624s][info   ][gc,phases      ] GC(653) Phase 4: Compact heap 0.187ms
[4.625s][info   ][gc,heap        ] GC(653) Eden regions: 0->0(3)
[4.625s][info   ][gc,heap        ] GC(653) Survivor regions: 0->0(0)
[4.625s][info   ][gc,heap        ] GC(653) Old regions: 2->2
[4.625s][info   ][gc,heap        ] GC(653) Archive regions: 2->2
[4.625s][info   ][gc,heap        ] GC(653) Humongous regions: 0->0
[4.625s][info   ][gc,metaspace   ] GC(653) Metaspace: 9524K(9792K)->9524K(9792K) NonClass: 8366K(8512K)->8366K(8512K) Class: 1157K(1280K)->1157K(1280K)
[4.626s][info   ][gc             ] GC(653) Pause Full (System.gc()) 4M->4M(28M) 10.275ms
[4.626s][info   ][gc,cpu         ] GC(653) User=0.01s Sys=0.00s Real=0.01s
[4.626s][info   ][gc,start       ] GC(654) Pause Full (System.gc())
[4.626s][info   ][gc,task        ] GC(654) Using 1 workers of 10 for full compaction
[4.626s][info   ][gc,phases,start] GC(654) Phase 1: Mark live objects
[4.631s][info   ][gc,phases      ] GC(654) Phase 1: Mark live objects 4.323ms
[4.631s][info   ][gc,phases,start] GC(654) Phase 2: Prepare for compaction
[4.631s][info   ][gc,phases      ] GC(654) Phase 2: Prepare for compaction 0.214ms
[4.631s][info   ][gc,phases,start] GC(654) Phase 3: Adjust pointers
[4.632s][info   ][gc,phases      ] GC(654) Phase 3: Adjust pointers 1.672ms
[4.632s][info   ][gc,phases,start] GC(654) Phase 4: Compact heap
[4.633s][info   ][gc,phases      ] GC(654) Phase 4: Compact heap 0.167ms
[4.633s][info   ][gc,heap        ] GC(654) Eden regions: 1->0(3)
[4.633s][info   ][gc,heap        ] GC(654) Survivor regions: 0->0(0)
[4.633s][info   ][gc,heap        ] GC(654) Old regions: 2->2
[4.633s][info   ][gc,heap        ] GC(654) Archive regions: 2->2
[4.633s][info   ][gc,heap        ] GC(654) Humongous regions: 0->0
[4.633s][info   ][gc,metaspace   ] GC(654) Metaspace: 9524K(9792K)->9524K(9792K) NonClass: 8366K(8512K)->8366K(8512K) Class: 1157K(1280K)->1157K(1280K)
[4.633s][info   ][gc             ] GC(654) Pause Full (System.gc()) 4M->4M(28M) 7.160ms
[4.633s][info   ][gc,cpu         ] GC(654) User=0.01s Sys=0.00s Real=0.00s
[4.634s][info   ][gc,start       ] GC(655) Pause Full (System.gc())
[4.634s][info   ][gc,task        ] GC(655) Using 1 workers of 10 for full compaction
[4.634s][info   ][gc,phases,start] GC(655) Phase 1: Mark live objects
[4.637s][info   ][gc,phases      ] GC(655) Phase 1: Mark live objects 3.421ms
[4.637s][info   ][gc,phases,start] GC(655) Phase 2: Prepare for compaction
[4.637s][info   ][gc,phases      ] GC(655) Phase 2: Prepare for compaction 0.288ms
[4.637s][info   ][gc,phases,start] GC(655) Phase 3: Adjust pointers
[4.640s][info   ][gc,phases      ] GC(655) Phase 3: Adjust pointers 2.810ms
[4.640s][info   ][gc,phases,start] GC(655) Phase 4: Compact heap
[4.641s][info   ][gc,phases      ] GC(655) Phase 4: Compact heap 0.227ms
[4.642s][info   ][gc,heap        ] GC(655) Eden regions: 1->0(3)
[4.642s][info   ][gc,heap        ] GC(655) Survivor regions: 0->0(0)
[4.642s][info   ][gc,heap        ] GC(655) Old regions: 2->2
[4.642s][info   ][gc,heap        ] GC(655) Archive regions: 2->2
[4.642s][info   ][gc,heap        ] GC(655) Humongous regions: 0->0
[4.642s][info   ][gc,metaspace   ] GC(655) Metaspace: 9524K(9792K)->9524K(9792K) NonClass: 8366K(8512K)->8366K(8512K) Class: 1157K(1280K)->1157K(1280K)
[4.642s][info   ][gc             ] GC(655) Pause Full (System.gc()) 4M->4M(28M) 7.967ms
[4.642s][info   ][gc,cpu         ] GC(655) User=0.01s Sys=0.00s Real=0.00s
[4.642s][info   ][gc,start       ] GC(656) Pause Full (System.gc())
[4.642s][info   ][gc,task        ] GC(656) Using 1 workers of 10 for full compaction
[4.642s][info   ][gc,phases,start] GC(656) Phase 1: Mark live objects
[4.647s][info   ][gc,phases      ] GC(656) Phase 1: Mark live objects 4.980ms
[4.647s][info   ][gc,phases,start] GC(656) Phase 2: Prepare for compaction
[4.648s][info   ][gc,phases      ] GC(656) Phase 2: Prepare for compaction 0.370ms
[4.648s][info   ][gc,phases,start] GC(656) Phase 3: Adjust pointers
[4.650s][info   ][gc,phases      ] GC(656) Phase 3: Adjust pointers 1.964ms
[4.650s][info   ][gc,phases,start] GC(656) Phase 4: Compact heap
[4.650s][info   ][gc,phases      ] GC(656) Phase 4: Compact heap 0.205ms
[4.651s][info   ][gc,heap        ] GC(656) Eden regions: 1->0(3)
[4.651s][info   ][gc,heap        ] GC(656) Survivor regions: 0->0(0)
[4.651s][info   ][gc,heap        ] GC(656) Old regions: 2->2
[4.651s][info   ][gc,heap        ] GC(656) Archive regions: 2->2
[4.651s][info   ][gc,heap        ] GC(656) Humongous regions: 0->0
[4.651s][info   ][gc,metaspace   ] GC(656) Metaspace: 9524K(9792K)->9524K(9792K) NonClass: 8366K(8512K)->8366K(8512K) Class: 1157K(1280K)->1157K(1280K)
[4.651s][info   ][gc             ] GC(656) Pause Full (System.gc()) 4M->4M(28M) 8.692ms
[4.651s][info   ][gc,cpu         ] GC(656) User=0.01s Sys=0.00s Real=0.01s
[4.651s][info   ][gc,start       ] GC(657) Pause Full (System.gc())
[4.651s][info   ][gc,task        ] GC(657) Using 1 workers of 10 for full compaction
[4.651s][info   ][gc,phases,start] GC(657) Phase 1: Mark live objects
[4.656s][info   ][gc,phases      ] GC(657) Phase 1: Mark live objects 5.206ms
[4.656s][info   ][gc,phases,start] GC(657) Phase 2: Prepare for compaction
[4.657s][info   ][gc,phases      ] GC(657) Phase 2: Prepare for compaction 0.318ms
[4.657s][info   ][gc,phases,start] GC(657) Phase 3: Adjust pointers
[4.660s][info   ][gc,phases      ] GC(657) Phase 3: Adjust pointers 3.252ms
[4.660s][info   ][gc,phases,start] GC(657) Phase 4: Compact heap
[4.660s][info   ][gc,phases      ] GC(657) Phase 4: Compact heap 0.169ms
[4.661s][info   ][gc,heap        ] GC(657) Eden regions: 0->0(3)
[4.661s][info   ][gc,heap        ] GC(657) Survivor regions: 0->0(0)
[4.661s][info   ][gc,heap        ] GC(657) Old regions: 2->2
[4.661s][info   ][gc,heap        ] GC(657) Archive regions: 2->2
[4.661s][info   ][gc,heap        ] GC(657) Humongous regions: 0->0
[4.661s][info   ][gc,metaspace   ] GC(657) Metaspace: 9524K(9792K)->9524K(9792K) NonClass: 8366K(8512K)->8366K(8512K) Class: 1157K(1280K)->1157K(1280K)
[4.661s][info   ][gc             ] GC(657) Pause Full (System.gc()) 4M->4M(28M) 10.274ms
[4.661s][info   ][gc,cpu         ] GC(657) User=0.00s Sys=0.00s Real=0.01s
[4.662s][info   ][gc,start       ] GC(658) Pause Full (System.gc())
[4.662s][info   ][gc,task        ] GC(658) Using 1 workers of 10 for full compaction
[4.662s][info   ][gc,phases,start] GC(658) Phase 1: Mark live objects
[4.666s][info   ][gc,phases      ] GC(658) Phase 1: Mark live objects 3.894ms
[4.666s][info   ][gc,phases,start] GC(658) Phase 2: Prepare for compaction
[4.666s][info   ][gc,phases      ] GC(658) Phase 2: Prepare for compaction 0.201ms
[4.666s][info   ][gc,phases,start] GC(658) Phase 3: Adjust pointers
[4.667s][info   ][gc,phases      ] GC(658) Phase 3: Adjust pointers 1.245ms
[4.667s][info   ][gc,phases,start] GC(658) Phase 4: Compact heap
[4.667s][info   ][gc,phases      ] GC(658) Phase 4: Compact heap 0.218ms
[4.668s][info   ][gc,heap        ] GC(658) Eden regions: 0->0(3)
[4.668s][info   ][gc,heap        ] GC(658) Survivor regions: 0->0(0)
[4.668s][info   ][gc,heap        ] GC(658) Old regions: 2->2
[4.668s][info   ][gc,heap        ] GC(658) Archive regions: 2->2
[4.668s][info   ][gc,heap        ] GC(658) Humongous regions: 0->0
[4.668s][info   ][gc,metaspace   ] GC(658) Metaspace: 9524K(9792K)->9524K(9792K) NonClass: 8366K(8512K)->8366K(8512K) Class: 1157K(1280K)->1157K(1280K)
[4.668s][info   ][gc             ] GC(658) Pause Full (System.gc()) 4M->4M(28M) 6.326ms
[4.668s][info   ][gc,cpu         ] GC(658) User=0.01s Sys=0.00s Real=0.01s
[4.668s][info   ][gc,start       ] GC(659) Pause Full (System.gc())
[4.668s][info   ][gc,task        ] GC(659) Using 1 workers of 10 for full compaction
[4.668s][info   ][gc,phases,start] GC(659) Phase 1: Mark live objects
[4.671s][info   ][gc,phases      ] GC(659) Phase 1: Mark live objects 2.811ms
[4.671s][info   ][gc,phases,start] GC(659) Phase 2: Prepare for compaction
[4.671s][info   ][gc,phases      ] GC(659) Phase 2: Prepare for compaction 0.212ms
[4.671s][info   ][gc,phases,start] GC(659) Phase 3: Adjust pointers
[4.673s][info   ][gc,phases      ] GC(659) Phase 3: Adjust pointers 1.344ms
[4.673s][info   ][gc,phases,start] GC(659) Phase 4: Compact heap
[4.673s][info   ][gc,phases      ] GC(659) Phase 4: Compact heap 0.138ms
[4.673s][info   ][gc,heap        ] GC(659) Eden regions: 1->0(3)
[4.673s][info   ][gc,heap        ] GC(659) Survivor regions: 0->0(0)
[4.673s][info   ][gc,heap        ] GC(659) Old regions: 2->2
[4.673s][info   ][gc,heap        ] GC(659) Archive regions: 2->2
[4.673s][info   ][gc,heap        ] GC(659) Humongous regions: 0->0
[4.673s][info   ][gc,metaspace   ] GC(659) Metaspace: 9524K(9792K)->9524K(9792K) NonClass: 8366K(8512K)->8366K(8512K) Class: 1157K(1280K)->1157K(1280K)
[4.673s][info   ][gc             ] GC(659) Pause Full (System.gc()) 4M->4M(28M) 5.054ms
[4.673s][info   ][gc,cpu         ] GC(659) User=0.00s Sys=0.00s Real=0.00s
[4.674s][info   ][gc,start       ] GC(660) Pause Full (System.gc())
[4.674s][info   ][gc,task        ] GC(660) Using 1 workers of 10 for full compaction
[4.674s][info   ][gc,phases,start] GC(660) Phase 1: Mark live objects
[4.677s][info   ][gc,phases      ] GC(660) Phase 1: Mark live objects 3.026ms
[4.677s][info   ][gc,phases,start] GC(660) Phase 2: Prepare for compaction
[4.677s][info   ][gc,phases      ] GC(660) Phase 2: Prepare for compaction 0.172ms
[4.677s][info   ][gc,phases,start] GC(660) Phase 3: Adjust pointers
[4.679s][info   ][gc,phases      ] GC(660) Phase 3: Adjust pointers 1.718ms
[4.679s][info   ][gc,phases,start] GC(660) Phase 4: Compact heap
[4.679s][info   ][gc,phases      ] GC(660) Phase 4: Compact heap 0.103ms
[4.679s][info   ][gc,heap        ] GC(660) Eden regions: 0->0(3)
[4.679s][info   ][gc,heap        ] GC(660) Survivor regions: 0->0(0)
[4.679s][info   ][gc,heap        ] GC(660) Old regions: 2->2
[4.679s][info   ][gc,heap        ] GC(660) Archive regions: 2->2
[4.679s][info   ][gc,heap        ] GC(660) Humongous regions: 0->0
[4.679s][info   ][gc,metaspace   ] GC(660) Metaspace: 9524K(9792K)->9524K(9792K) NonClass: 8366K(8512K)->8366K(8512K) Class: 1157K(1280K)->1157K(1280K)
[4.679s][info   ][gc             ] GC(660) Pause Full (System.gc()) 4M->4M(28M) 5.702ms
[4.679s][info   ][gc,cpu         ] GC(660) User=0.01s Sys=0.00s Real=0.00s
[4.680s][info   ][gc,start       ] GC(661) Pause Full (System.gc())
[4.680s][info   ][gc,task        ] GC(661) Using 1 workers of 10 for full compaction
[4.680s][info   ][gc,phases,start] GC(661) Phase 1: Mark live objects
[4.683s][info   ][gc,phases      ] GC(661) Phase 1: Mark live objects 3.441ms
[4.683s][info   ][gc,phases,start] GC(661) Phase 2: Prepare for compaction
[4.684s][info   ][gc,phases      ] GC(661) Phase 2: Prepare for compaction 0.280ms
[4.684s][info   ][gc,phases,start] GC(661) Phase 3: Adjust pointers
[4.685s][info   ][gc,phases      ] GC(661) Phase 3: Adjust pointers 1.727ms
[4.685s][info   ][gc,phases,start] GC(661) Phase 4: Compact heap
[4.686s][info   ][gc,phases      ] GC(661) Phase 4: Compact heap 0.247ms
[4.686s][info   ][gc,heap        ] GC(661) Eden regions: 1->0(3)
[4.686s][info   ][gc,heap        ] GC(661) Survivor regions: 0->0(0)
[4.686s][info   ][gc,heap        ] GC(661) Old regions: 2->2
[4.686s][info   ][gc,heap        ] GC(661) Archive regions: 2->2
[4.686s][info   ][gc,heap        ] GC(661) Humongous regions: 0->0
[4.686s][info   ][gc,metaspace   ] GC(661) Metaspace: 9524K(9792K)->9524K(9792K) NonClass: 8366K(8512K)->8366K(8512K) Class: 1157K(1280K)->1157K(1280K)
[4.686s][info   ][gc             ] GC(661) Pause Full (System.gc()) 4M->4M(28M) 6.410ms
[4.686s][info   ][gc,cpu         ] GC(661) User=0.00s Sys=0.00s Real=0.01s
[4.686s][info   ][gc,start       ] GC(662) Pause Full (System.gc())
[4.686s][info   ][gc,task        ] GC(662) Using 1 workers of 10 for full compaction
[4.686s][info   ][gc,phases,start] GC(662) Phase 1: Mark live objects
[4.690s][info   ][gc,phases      ] GC(662) Phase 1: Mark live objects 3.822ms
[4.690s][info   ][gc,phases,start] GC(662) Phase 2: Prepare for compaction
[4.690s][info   ][gc,phases      ] GC(662) Phase 2: Prepare for compaction 0.204ms
[4.690s][info   ][gc,phases,start] GC(662) Phase 3: Adjust pointers
[4.692s][info   ][gc,phases      ] GC(662) Phase 3: Adjust pointers 2.031ms
[4.692s][info   ][gc,phases,start] GC(662) Phase 4: Compact heap
[4.693s][info   ][gc,phases      ] GC(662) Phase 4: Compact heap 0.091ms
[4.693s][info   ][gc,heap        ] GC(662) Eden regions: 0->0(3)
[4.693s][info   ][gc,heap        ] GC(662) Survivor regions: 0->0(0)
[4.693s][info   ][gc,heap        ] GC(662) Old regions: 2->2
[4.693s][info   ][gc,heap        ] GC(662) Archive regions: 2->2
[4.693s][info   ][gc,heap        ] GC(662) Humongous regions: 0->0
[4.693s][info   ][gc,metaspace   ] GC(662) Metaspace: 9524K(9792K)->9524K(9792K) NonClass: 8366K(8512K)->8366K(8512K) Class: 1157K(1280K)->1157K(1280K)
[4.693s][info   ][gc             ] GC(662) Pause Full (System.gc()) 4M->4M(28M) 6.942ms
[4.693s][info   ][gc,cpu         ] GC(662) User=0.01s Sys=0.00s Real=0.00s
[4.693s][info   ][gc,start       ] GC(663) Pause Full (System.gc())
[4.693s][info   ][gc,task        ] GC(663) Using 1 workers of 10 for full compaction
[4.694s][info   ][gc,phases,start] GC(663) Phase 1: Mark live objects
[4.697s][info   ][gc,phases      ] GC(663) Phase 1: Mark live objects 3.757ms
[4.697s][info   ][gc,phases,start] GC(663) Phase 2: Prepare for compaction
[4.698s][info   ][gc,phases      ] GC(663) Phase 2: Prepare for compaction 0.301ms
[4.698s][info   ][gc,phases,start] GC(663) Phase 3: Adjust pointers
[4.700s][info   ][gc,phases      ] GC(663) Phase 3: Adjust pointers 2.131ms
[4.700s][info   ][gc,phases,start] GC(663) Phase 4: Compact heap
[4.700s][info   ][gc,phases      ] GC(663) Phase 4: Compact heap 0.143ms
[4.701s][info   ][gc,heap        ] GC(663) Eden regions: 0->0(3)
[4.701s][info   ][gc,heap        ] GC(663) Survivor regions: 0->0(0)
[4.701s][info   ][gc,heap        ] GC(663) Old regions: 2->2
[4.701s][info   ][gc,heap        ] GC(663) Archive regions: 2->2
[4.701s][info   ][gc,heap        ] GC(663) Humongous regions: 0->0
[4.701s][info   ][gc,metaspace   ] GC(663) Metaspace: 9524K(9792K)->9524K(9792K) NonClass: 8366K(8512K)->8366K(8512K) Class: 1157K(1280K)->1157K(1280K)
[4.701s][info   ][gc             ] GC(663) Pause Full (System.gc()) 4M->4M(28M) 7.084ms
[4.701s][info   ][gc,cpu         ] GC(663) User=0.01s Sys=0.00s Real=0.00s
[4.701s][info   ][gc,start       ] GC(664) Pause Full (System.gc())
[4.701s][info   ][gc,task        ] GC(664) Using 1 workers of 10 for full compaction
[4.701s][info   ][gc,phases,start] GC(664) Phase 1: Mark live objects
[4.704s][info   ][gc,phases      ] GC(664) Phase 1: Mark live objects 3.481ms
[4.704s][info   ][gc,phases,start] GC(664) Phase 2: Prepare for compaction
[4.705s][info   ][gc,phases      ] GC(664) Phase 2: Prepare for compaction 0.185ms
[4.705s][info   ][gc,phases,start] GC(664) Phase 3: Adjust pointers
[4.706s][info   ][gc,phases      ] GC(664) Phase 3: Adjust pointers 1.849ms
[4.706s][info   ][gc,phases,start] GC(664) Phase 4: Compact heap
[4.707s][info   ][gc,phases      ] GC(664) Phase 4: Compact heap 0.140ms
[4.707s][info   ][gc,heap        ] GC(664) Eden regions: 0->0(3)
[4.707s][info   ][gc,heap        ] GC(664) Survivor regions: 0->0(0)
[4.707s][info   ][gc,heap        ] GC(664) Old regions: 2->2
[4.707s][info   ][gc,heap        ] GC(664) Archive regions: 2->2
[4.707s][info   ][gc,heap        ] GC(664) Humongous regions: 0->0
[4.707s][info   ][gc,metaspace   ] GC(664) Metaspace: 9524K(9792K)->9524K(9792K) NonClass: 8366K(8512K)->8366K(8512K) Class: 1157K(1280K)->1157K(1280K)
[4.707s][info   ][gc             ] GC(664) Pause Full (System.gc()) 4M->4M(28M) 6.325ms
[4.707s][info   ][gc,cpu         ] GC(664) User=0.00s Sys=0.00s Real=0.01s
[4.707s][info   ][gc,start       ] GC(665) Pause Full (System.gc())
[4.707s][info   ][gc,task        ] GC(665) Using 1 workers of 10 for full compaction
[4.707s][info   ][gc,phases,start] GC(665) Phase 1: Mark live objects
[4.710s][info   ][gc,phases      ] GC(665) Phase 1: Mark live objects 2.767ms
[4.710s][info   ][gc,phases,start] GC(665) Phase 2: Prepare for compaction
[4.710s][info   ][gc,phases      ] GC(665) Phase 2: Prepare for compaction 0.130ms
[4.710s][info   ][gc,phases,start] GC(665) Phase 3: Adjust pointers
[4.712s][info   ][gc,phases      ] GC(665) Phase 3: Adjust pointers 1.351ms
[4.712s][info   ][gc,phases,start] GC(665) Phase 4: Compact heap
[4.712s][info   ][gc,phases      ] GC(665) Phase 4: Compact heap 0.099ms
[4.712s][info   ][gc,heap        ] GC(665) Eden regions: 1->0(3)
[4.712s][info   ][gc,heap        ] GC(665) Survivor regions: 0->0(0)
[4.712s][info   ][gc,heap        ] GC(665) Old regions: 2->2
[4.712s][info   ][gc,heap        ] GC(665) Archive regions: 2->2
[4.712s][info   ][gc,heap        ] GC(665) Humongous regions: 0->0
[4.712s][info   ][gc,metaspace   ] GC(665) Metaspace: 9524K(9792K)->9524K(9792K) NonClass: 8366K(8512K)->8366K(8512K) Class: 1157K(1280K)->1157K(1280K)
[4.712s][info   ][gc             ] GC(665) Pause Full (System.gc()) 4M->4M(28M) 4.922ms
[4.712s][info   ][gc,cpu         ] GC(665) User=0.01s Sys=0.00s Real=0.00s
[4.712s][info   ][gc,start       ] GC(666) Pause Full (System.gc())
[4.712s][info   ][gc,task        ] GC(666) Using 1 workers of 10 for full compaction
[4.713s][info   ][gc,phases,start] GC(666) Phase 1: Mark live objects
[4.716s][info   ][gc,phases      ] GC(666) Phase 1: Mark live objects 3.672ms
[4.716s][info   ][gc,phases,start] GC(666) Phase 2: Prepare for compaction
[4.716s][info   ][gc,phases      ] GC(666) Phase 2: Prepare for compaction 0.189ms
[4.716s][info   ][gc,phases,start] GC(666) Phase 3: Adjust pointers
[4.718s][info   ][gc,phases      ] GC(666) Phase 3: Adjust pointers 1.937ms
[4.718s][info   ][gc,phases,start] GC(666) Phase 4: Compact heap
[4.719s][info   ][gc,phases      ] GC(666) Phase 4: Compact heap 0.155ms
[4.719s][info   ][gc,heap        ] GC(666) Eden regions: 1->0(3)
[4.719s][info   ][gc,heap        ] GC(666) Survivor regions: 0->0(0)
[4.719s][info   ][gc,heap        ] GC(666) Old regions: 2->2
[4.719s][info   ][gc,heap        ] GC(666) Archive regions: 2->2
[4.719s][info   ][gc,heap        ] GC(666) Humongous regions: 0->0
[4.719s][info   ][gc,metaspace   ] GC(666) Metaspace: 9524K(9792K)->9524K(9792K) NonClass: 8366K(8512K)->8366K(8512K) Class: 1157K(1280K)->1157K(1280K)
[4.719s][info   ][gc             ] GC(666) Pause Full (System.gc()) 4M->4M(28M) 6.690ms
[4.719s][info   ][gc,cpu         ] GC(666) User=0.00s Sys=0.00s Real=0.01s
[4.719s][info   ][gc,start       ] GC(667) Pause Full (System.gc())
[4.719s][info   ][gc,task        ] GC(667) Using 1 workers of 10 for full compaction
[4.719s][info   ][gc,phases,start] GC(667) Phase 1: Mark live objects
[4.723s][info   ][gc,phases      ] GC(667) Phase 1: Mark live objects 3.877ms
[4.723s][info   ][gc,phases,start] GC(667) Phase 2: Prepare for compaction
[4.724s][info   ][gc,phases      ] GC(667) Phase 2: Prepare for compaction 0.236ms
[4.724s][info   ][gc,phases,start] GC(667) Phase 3: Adjust pointers
[4.726s][info   ][gc,phases      ] GC(667) Phase 3: Adjust pointers 2.098ms
[4.726s][info   ][gc,phases,start] GC(667) Phase 4: Compact heap
[4.726s][info   ][gc,phases      ] GC(667) Phase 4: Compact heap 0.104ms
[4.726s][info   ][gc,heap        ] GC(667) Eden regions: 1->0(3)
[4.726s][info   ][gc,heap        ] GC(667) Survivor regions: 0->0(0)
[4.726s][info   ][gc,heap        ] GC(667) Old regions: 2->2
[4.726s][info   ][gc,heap        ] GC(667) Archive regions: 2->2
[4.726s][info   ][gc,heap        ] GC(667) Humongous regions: 0->0
[4.726s][info   ][gc,metaspace   ] GC(667) Metaspace: 9524K(9792K)->9524K(9792K) NonClass: 8366K(8512K)->8366K(8512K) Class: 1157K(1280K)->1157K(1280K)
[4.726s][info   ][gc             ] GC(667) Pause Full (System.gc()) 4M->4M(28M) 6.963ms
[4.726s][info   ][gc,cpu         ] GC(667) User=0.01s Sys=0.00s Real=0.01s
[4.727s][info   ][gc,start       ] GC(668) Pause Full (System.gc())
[4.727s][info   ][gc,task        ] GC(668) Using 1 workers of 10 for full compaction
[4.727s][info   ][gc,phases,start] GC(668) Phase 1: Mark live objects
[4.730s][info   ][gc,phases      ] GC(668) Phase 1: Mark live objects 3.456ms
[4.730s][info   ][gc,phases,start] GC(668) Phase 2: Prepare for compaction
[4.731s][info   ][gc,phases      ] GC(668) Phase 2: Prepare for compaction 0.149ms
[4.731s][info   ][gc,phases,start] GC(668) Phase 3: Adjust pointers
[4.732s][info   ][gc,phases      ] GC(668) Phase 3: Adjust pointers 1.789ms
[4.732s][info   ][gc,phases,start] GC(668) Phase 4: Compact heap
[4.732s][info   ][gc,phases      ] GC(668) Phase 4: Compact heap 0.061ms
[4.733s][info   ][gc,heap        ] GC(668) Eden regions: 1->0(3)
[4.733s][info   ][gc,heap        ] GC(668) Survivor regions: 0->0(0)
[4.733s][info   ][gc,heap        ] GC(668) Old regions: 2->2
[4.733s][info   ][gc,heap        ] GC(668) Archive regions: 2->2
[4.733s][info   ][gc,heap        ] GC(668) Humongous regions: 0->0
[4.733s][info   ][gc,metaspace   ] GC(668) Metaspace: 9524K(9792K)->9524K(9792K) NonClass: 8366K(8512K)->8366K(8512K) Class: 1157K(1280K)->1157K(1280K)
[4.733s][info   ][gc             ] GC(668) Pause Full (System.gc()) 4M->4M(28M) 6.214ms
[4.733s][info   ][gc,cpu         ] GC(668) User=0.00s Sys=0.00s Real=0.00s
[4.733s][info   ][gc,start       ] GC(669) Pause Full (System.gc())
[4.733s][info   ][gc,task        ] GC(669) Using 1 workers of 10 for full compaction
[4.733s][info   ][gc,phases,start] GC(669) Phase 1: Mark live objects
[4.737s][info   ][gc,phases      ] GC(669) Phase 1: Mark live objects 3.584ms
[4.737s][info   ][gc,phases,start] GC(669) Phase 2: Prepare for compaction
[4.737s][info   ][gc,phases      ] GC(669) Phase 2: Prepare for compaction 0.321ms
[4.737s][info   ][gc,phases,start] GC(669) Phase 3: Adjust pointers
[4.739s][info   ][gc,phases      ] GC(669) Phase 3: Adjust pointers 1.857ms
[4.739s][info   ][gc,phases,start] GC(669) Phase 4: Compact heap
[4.739s][info   ][gc,phases      ] GC(669) Phase 4: Compact heap 0.144ms
[4.740s][info   ][gc,heap        ] GC(669) Eden regions: 0->0(3)
[4.740s][info   ][gc,heap        ] GC(669) Survivor regions: 0->0(0)
[4.740s][info   ][gc,heap        ] GC(669) Old regions: 2->2
[4.740s][info   ][gc,heap        ] GC(669) Archive regions: 2->2
[4.740s][info   ][gc,heap        ] GC(669) Humongous regions: 0->0
[4.740s][info   ][gc,metaspace   ] GC(669) Metaspace: 9524K(9792K)->9524K(9792K) NonClass: 8366K(8512K)->8366K(8512K) Class: 1157K(1280K)->1157K(1280K)
[4.740s][info   ][gc             ] GC(669) Pause Full (System.gc()) 4M->4M(28M) 6.440ms
[4.740s][info   ][gc,cpu         ] GC(669) User=0.01s Sys=0.00s Real=0.01s
[4.740s][info   ][gc,start       ] GC(670) Pause Full (System.gc())
[4.740s][info   ][gc,task        ] GC(670) Using 1 workers of 10 for full compaction
[4.740s][info   ][gc,phases,start] GC(670) Phase 1: Mark live objects
[4.743s][info   ][gc,phases      ] GC(670) Phase 1: Mark live objects 2.937ms
[4.743s][info   ][gc,phases,start] GC(670) Phase 2: Prepare for compaction
[4.743s][info   ][gc,phases      ] GC(670) Phase 2: Prepare for compaction 0.191ms
[4.743s][info   ][gc,phases,start] GC(670) Phase 3: Adjust pointers
[4.745s][info   ][gc,phases      ] GC(670) Phase 3: Adjust pointers 1.950ms
[4.745s][info   ][gc,phases,start] GC(670) Phase 4: Compact heap
[4.745s][info   ][gc,phases      ] GC(670) Phase 4: Compact heap 0.102ms
[4.746s][info   ][gc,heap        ] GC(670) Eden regions: 1->0(3)
[4.746s][info   ][gc,heap        ] GC(670) Survivor regions: 0->0(0)
[4.746s][info   ][gc,heap        ] GC(670) Old regions: 2->2
[4.746s][info   ][gc,heap        ] GC(670) Archive regions: 2->2
[4.746s][info   ][gc,heap        ] GC(670) Humongous regions: 0->0
[4.746s][info   ][gc,metaspace   ] GC(670) Metaspace: 9524K(9792K)->9524K(9792K) NonClass: 8366K(8512K)->8366K(8512K) Class: 1157K(1280K)->1157K(1280K)
[4.746s][info   ][gc             ] GC(670) Pause Full (System.gc()) 4M->4M(28M) 5.822ms
[4.746s][info   ][gc,cpu         ] GC(670) User=0.01s Sys=0.00s Real=0.01s
[4.746s][info   ][gc,start       ] GC(671) Pause Full (System.gc())
[4.746s][info   ][gc,task        ] GC(671) Using 1 workers of 10 for full compaction
[4.746s][info   ][gc,phases,start] GC(671) Phase 1: Mark live objects
[4.750s][info   ][gc,phases      ] GC(671) Phase 1: Mark live objects 3.441ms
[4.750s][info   ][gc,phases,start] GC(671) Phase 2: Prepare for compaction
[4.750s][info   ][gc,phases      ] GC(671) Phase 2: Prepare for compaction 0.154ms
[4.750s][info   ][gc,phases,start] GC(671) Phase 3: Adjust pointers
[4.752s][info   ][gc,phases      ] GC(671) Phase 3: Adjust pointers 1.772ms
[4.752s][info   ][gc,phases,start] GC(671) Phase 4: Compact heap
[4.752s][info   ][gc,phases      ] GC(671) Phase 4: Compact heap 0.181ms
[4.752s][info   ][gc,heap        ] GC(671) Eden regions: 0->0(3)
[4.752s][info   ][gc,heap        ] GC(671) Survivor regions: 0->0(0)
[4.752s][info   ][gc,heap        ] GC(671) Old regions: 2->2
[4.752s][info   ][gc,heap        ] GC(671) Archive regions: 2->2
[4.752s][info   ][gc,heap        ] GC(671) Humongous regions: 0->0
[4.752s][info   ][gc,metaspace   ] GC(671) Metaspace: 9524K(9792K)->9524K(9792K) NonClass: 8366K(8512K)->8366K(8512K) Class: 1157K(1280K)->1157K(1280K)
[4.752s][info   ][gc             ] GC(671) Pause Full (System.gc()) 4M->4M(28M) 6.064ms
[4.752s][info   ][gc,cpu         ] GC(671) User=0.00s Sys=0.00s Real=0.00s
[4.752s][info   ][gc,start       ] GC(672) Pause Full (System.gc())
[4.752s][info   ][gc,task        ] GC(672) Using 1 workers of 10 for full compaction
[4.752s][info   ][gc,phases,start] GC(672) Phase 1: Mark live objects
[4.756s][info   ][gc,phases      ] GC(672) Phase 1: Mark live objects 3.135ms
[4.756s][info   ][gc,phases,start] GC(672) Phase 2: Prepare for compaction
[4.756s][info   ][gc,phases      ] GC(672) Phase 2: Prepare for compaction 0.126ms
[4.756s][info   ][gc,phases,start] GC(672) Phase 3: Adjust pointers
[4.757s][info   ][gc,phases      ] GC(672) Phase 3: Adjust pointers 1.398ms
[4.757s][info   ][gc,phases,start] GC(672) Phase 4: Compact heap
[4.757s][info   ][gc,phases      ] GC(672) Phase 4: Compact heap 0.221ms
[4.758s][info   ][gc,heap        ] GC(672) Eden regions: 0->0(3)
[4.758s][info   ][gc,heap        ] GC(672) Survivor regions: 0->0(0)
[4.758s][info   ][gc,heap        ] GC(672) Old regions: 2->2
[4.758s][info   ][gc,heap        ] GC(672) Archive regions: 2->2
[4.758s][info   ][gc,heap        ] GC(672) Humongous regions: 0->0
[4.758s][info   ][gc,metaspace   ] GC(672) Metaspace: 9524K(9792K)->9524K(9792K) NonClass: 8366K(8512K)->8366K(8512K) Class: 1157K(1280K)->1157K(1280K)
[4.758s][info   ][gc             ] GC(672) Pause Full (System.gc()) 4M->4M(28M) 5.329ms
[4.758s][info   ][gc,cpu         ] GC(672) User=0.01s Sys=0.00s Real=0.01s
[4.758s][info   ][gc,start       ] GC(673) Pause Full (System.gc())
[4.758s][info   ][gc,task        ] GC(673) Using 1 workers of 10 for full compaction
[4.758s][info   ][gc,phases,start] GC(673) Phase 1: Mark live objects
[4.761s][info   ][gc,phases      ] GC(673) Phase 1: Mark live objects 3.000ms
[4.761s][info   ][gc,phases,start] GC(673) Phase 2: Prepare for compaction
[4.761s][info   ][gc,phases      ] GC(673) Phase 2: Prepare for compaction 0.289ms
[4.761s][info   ][gc,phases,start] GC(673) Phase 3: Adjust pointers
[4.764s][info   ][gc,phases      ] GC(673) Phase 3: Adjust pointers 2.479ms
[4.764s][info   ][gc,phases,start] GC(673) Phase 4: Compact heap
[4.764s][info   ][gc,phases      ] GC(673) Phase 4: Compact heap 0.160ms
[4.765s][info   ][gc,heap        ] GC(673) Eden regions: 1->0(3)
[4.765s][info   ][gc,heap        ] GC(673) Survivor regions: 0->0(0)
[4.765s][info   ][gc,heap        ] GC(673) Old regions: 2->2
[4.765s][info   ][gc,heap        ] GC(673) Archive regions: 2->2
[4.765s][info   ][gc,heap        ] GC(673) Humongous regions: 0->0
[4.765s][info   ][gc,metaspace   ] GC(673) Metaspace: 9524K(9792K)->9524K(9792K) NonClass: 8366K(8512K)->8366K(8512K) Class: 1157K(1280K)->1157K(1280K)
[4.765s][info   ][gc             ] GC(673) Pause Full (System.gc()) 4M->4M(28M) 6.695ms
[4.765s][info   ][gc,cpu         ] GC(673) User=0.00s Sys=0.00s Real=0.01s
[4.765s][info   ][gc,start       ] GC(674) Pause Full (System.gc())
[4.765s][info   ][gc,task        ] GC(674) Using 1 workers of 10 for full compaction
[4.765s][info   ][gc,phases,start] GC(674) Phase 1: Mark live objects
[4.769s][info   ][gc,phases      ] GC(674) Phase 1: Mark live objects 3.753ms
[4.769s][info   ][gc,phases,start] GC(674) Phase 2: Prepare for compaction
[4.769s][info   ][gc,phases      ] GC(674) Phase 2: Prepare for compaction 0.256ms
[4.769s][info   ][gc,phases,start] GC(674) Phase 3: Adjust pointers
[4.772s][info   ][gc,phases      ] GC(674) Phase 3: Adjust pointers 2.216ms
[4.772s][info   ][gc,phases,start] GC(674) Phase 4: Compact heap
[4.772s][info   ][gc,phases      ] GC(674) Phase 4: Compact heap 0.166ms
[4.772s][info   ][gc,heap        ] GC(674) Eden regions: 1->0(3)
[4.772s][info   ][gc,heap        ] GC(674) Survivor regions: 0->0(0)
[4.772s][info   ][gc,heap        ] GC(674) Old regions: 2->2
[4.772s][info   ][gc,heap        ] GC(674) Archive regions: 2->2
[4.772s][info   ][gc,heap        ] GC(674) Humongous regions: 0->0
[4.772s][info   ][gc,metaspace   ] GC(674) Metaspace: 9524K(9792K)->9524K(9792K) NonClass: 8366K(8512K)->8366K(8512K) Class: 1157K(1280K)->1157K(1280K)
[4.772s][info   ][gc             ] GC(674) Pause Full (System.gc()) 4M->4M(28M) 7.116ms
[4.772s][info   ][gc,cpu         ] GC(674) User=0.01s Sys=0.00s Real=0.00s
[4.773s][info   ][gc,start       ] GC(675) Pause Full (System.gc())
[4.773s][info   ][gc,task        ] GC(675) Using 1 workers of 10 for full compaction
[4.773s][info   ][gc,phases,start] GC(675) Phase 1: Mark live objects
[4.778s][info   ][gc,phases      ] GC(675) Phase 1: Mark live objects 5.165ms
[4.778s][info   ][gc,phases,start] GC(675) Phase 2: Prepare for compaction
[4.778s][info   ][gc,phases      ] GC(675) Phase 2: Prepare for compaction 0.303ms
[4.778s][info   ][gc,phases,start] GC(675) Phase 3: Adjust pointers
[4.781s][info   ][gc,phases      ] GC(675) Phase 3: Adjust pointers 3.082ms
[4.781s][info   ][gc,phases,start] GC(675) Phase 4: Compact heap
[4.782s][info   ][gc,phases      ] GC(675) Phase 4: Compact heap 0.221ms
[4.782s][info   ][gc,heap        ] GC(675) Eden regions: 0->0(3)
[4.782s][info   ][gc,heap        ] GC(675) Survivor regions: 0->0(0)
[4.782s][info   ][gc,heap        ] GC(675) Old regions: 2->2
[4.782s][info   ][gc,heap        ] GC(675) Archive regions: 2->2
[4.782s][info   ][gc,heap        ] GC(675) Humongous regions: 0->0
[4.782s][info   ][gc,metaspace   ] GC(675) Metaspace: 9524K(9792K)->9524K(9792K) NonClass: 8366K(8512K)->8366K(8512K) Class: 1157K(1280K)->1157K(1280K)
[4.782s][info   ][gc             ] GC(675) Pause Full (System.gc()) 4M->4M(28M) 9.485ms
[4.782s][info   ][gc,cpu         ] GC(675) User=0.01s Sys=0.00s Real=0.01s
[4.783s][info   ][gc,start       ] GC(676) Pause Full (System.gc())
[4.783s][info   ][gc,task        ] GC(676) Using 1 workers of 10 for full compaction
[4.783s][info   ][gc,phases,start] GC(676) Phase 1: Mark live objects
[4.787s][info   ][gc,phases      ] GC(676) Phase 1: Mark live objects 3.911ms
[4.787s][info   ][gc,phases,start] GC(676) Phase 2: Prepare for compaction
[4.787s][info   ][gc,phases      ] GC(676) Phase 2: Prepare for compaction 0.211ms
[4.787s][info   ][gc,phases,start] GC(676) Phase 3: Adjust pointers
[4.790s][info   ][gc,phases      ] GC(676) Phase 3: Adjust pointers 2.537ms
[4.790s][info   ][gc,phases,start] GC(676) Phase 4: Compact heap
[4.790s][info   ][gc,phases      ] GC(676) Phase 4: Compact heap 0.178ms
[4.791s][info   ][gc,heap        ] GC(676) Eden regions: 1->0(3)
[4.791s][info   ][gc,heap        ] GC(676) Survivor regions: 0->0(0)
[4.791s][info   ][gc,heap        ] GC(676) Old regions: 2->2
[4.791s][info   ][gc,heap        ] GC(676) Archive regions: 2->2
[4.791s][info   ][gc,heap        ] GC(676) Humongous regions: 0->0
[4.791s][info   ][gc,metaspace   ] GC(676) Metaspace: 9524K(9792K)->9524K(9792K) NonClass: 8366K(8512K)->8366K(8512K) Class: 1157K(1280K)->1157K(1280K)
[4.791s][info   ][gc             ] GC(676) Pause Full (System.gc()) 4M->4M(28M) 7.816ms
[4.791s][info   ][gc,cpu         ] GC(676) User=0.00s Sys=0.00s Real=0.01s
[4.791s][info   ][gc,start       ] GC(677) Pause Full (System.gc())
[4.791s][info   ][gc,task        ] GC(677) Using 1 workers of 10 for full compaction
[4.791s][info   ][gc,phases,start] GC(677) Phase 1: Mark live objects
[4.794s][info   ][gc,phases      ] GC(677) Phase 1: Mark live objects 3.397ms
[4.794s][info   ][gc,phases,start] GC(677) Phase 2: Prepare for compaction
[4.794s][info   ][gc,phases      ] GC(677) Phase 2: Prepare for compaction 0.202ms
[4.794s][info   ][gc,phases,start] GC(677) Phase 3: Adjust pointers
[4.797s][info   ][gc,phases      ] GC(677) Phase 3: Adjust pointers 2.482ms
[4.797s][info   ][gc,phases,start] GC(677) Phase 4: Compact heap
[4.797s][info   ][gc,phases      ] GC(677) Phase 4: Compact heap 0.150ms
[4.798s][info   ][gc,heap        ] GC(677) Eden regions: 0->0(3)
[4.798s][info   ][gc,heap        ] GC(677) Survivor regions: 0->0(0)
[4.798s][info   ][gc,heap        ] GC(677) Old regions: 2->2
[4.798s][info   ][gc,heap        ] GC(677) Archive regions: 2->2
[4.798s][info   ][gc,heap        ] GC(677) Humongous regions: 0->0
[4.798s][info   ][gc,metaspace   ] GC(677) Metaspace: 9524K(9792K)->9524K(9792K) NonClass: 8366K(8512K)->8366K(8512K) Class: 1157K(1280K)->1157K(1280K)
[4.798s][info   ][gc             ] GC(677) Pause Full (System.gc()) 4M->4M(28M) 7.201ms
[4.798s][info   ][gc,cpu         ] GC(677) User=0.01s Sys=0.00s Real=0.01s
[4.798s][info   ][gc,start       ] GC(678) Pause Full (System.gc())
[4.798s][info   ][gc,task        ] GC(678) Using 1 workers of 10 for full compaction
[4.799s][info   ][gc,phases,start] GC(678) Phase 1: Mark live objects
[4.803s][info   ][gc,phases      ] GC(678) Phase 1: Mark live objects 4.894ms
[4.803s][info   ][gc,phases,start] GC(678) Phase 2: Prepare for compaction
[4.804s][info   ][gc,phases      ] GC(678) Phase 2: Prepare for compaction 0.211ms
[4.804s][info   ][gc,phases,start] GC(678) Phase 3: Adjust pointers
[4.807s][info   ][gc,phases      ] GC(678) Phase 3: Adjust pointers 3.074ms
[4.807s][info   ][gc,phases,start] GC(678) Phase 4: Compact heap
[4.807s][info   ][gc,phases      ] GC(678) Phase 4: Compact heap 0.147ms
[4.808s][info   ][gc,heap        ] GC(678) Eden regions: 1->0(3)
[4.808s][info   ][gc,heap        ] GC(678) Survivor regions: 0->0(0)
[4.808s][info   ][gc,heap        ] GC(678) Old regions: 2->2
[4.808s][info   ][gc,heap        ] GC(678) Archive regions: 2->2
[4.808s][info   ][gc,heap        ] GC(678) Humongous regions: 0->0
[4.808s][info   ][gc,metaspace   ] GC(678) Metaspace: 9524K(9792K)->9524K(9792K) NonClass: 8366K(8512K)->8366K(8512K) Class: 1157K(1280K)->1157K(1280K)
[4.808s][info   ][gc             ] GC(678) Pause Full (System.gc()) 4M->4M(28M) 9.240ms
[4.808s][info   ][gc,cpu         ] GC(678) User=0.01s Sys=0.00s Real=0.01s
[4.808s][info   ][gc,start       ] GC(679) Pause Full (System.gc())
[4.808s][info   ][gc,task        ] GC(679) Using 1 workers of 10 for full compaction
[4.808s][info   ][gc,phases,start] GC(679) Phase 1: Mark live objects
[4.812s][info   ][gc,phases      ] GC(679) Phase 1: Mark live objects 3.519ms
[4.812s][info   ][gc,phases,start] GC(679) Phase 2: Prepare for compaction
[4.812s][info   ][gc,phases      ] GC(679) Phase 2: Prepare for compaction 0.184ms
[4.812s][info   ][gc,phases,start] GC(679) Phase 3: Adjust pointers
[4.814s][info   ][gc,phases      ] GC(679) Phase 3: Adjust pointers 1.676ms
[4.814s][info   ][gc,phases,start] GC(679) Phase 4: Compact heap
[4.814s][info   ][gc,phases      ] GC(679) Phase 4: Compact heap 0.163ms
[4.814s][info   ][gc,heap        ] GC(679) Eden regions: 1->0(3)
[4.814s][info   ][gc,heap        ] GC(679) Survivor regions: 0->0(0)
[4.814s][info   ][gc,heap        ] GC(679) Old regions: 2->2
[4.814s][info   ][gc,heap        ] GC(679) Archive regions: 2->2
[4.814s][info   ][gc,heap        ] GC(679) Humongous regions: 0->0
[4.814s][info   ][gc,metaspace   ] GC(679) Metaspace: 9524K(9792K)->9524K(9792K) NonClass: 8366K(8512K)->8366K(8512K) Class: 1157K(1280K)->1157K(1280K)
[4.814s][info   ][gc             ] GC(679) Pause Full (System.gc()) 4M->4M(28M) 6.294ms
[4.814s][info   ][gc,cpu         ] GC(679) User=0.00s Sys=0.00s Real=0.01s
[4.815s][info   ][gc,start       ] GC(680) Pause Full (System.gc())
[4.815s][info   ][gc,task        ] GC(680) Using 1 workers of 10 for full compaction
[4.815s][info   ][gc,phases,start] GC(680) Phase 1: Mark live objects
[4.819s][info   ][gc,phases      ] GC(680) Phase 1: Mark live objects 4.393ms
[4.819s][info   ][gc,phases,start] GC(680) Phase 2: Prepare for compaction
[4.820s][info   ][gc,phases      ] GC(680) Phase 2: Prepare for compaction 0.233ms
[4.820s][info   ][gc,phases,start] GC(680) Phase 3: Adjust pointers
[4.821s][info   ][gc,phases      ] GC(680) Phase 3: Adjust pointers 1.850ms
[4.821s][info   ][gc,phases,start] GC(680) Phase 4: Compact heap
[4.822s][info   ][gc,phases      ] GC(680) Phase 4: Compact heap 0.177ms
[4.822s][info   ][gc,heap        ] GC(680) Eden regions: 1->0(3)
[4.822s][info   ][gc,heap        ] GC(680) Survivor regions: 0->0(0)
[4.822s][info   ][gc,heap        ] GC(680) Old regions: 2->2
[4.822s][info   ][gc,heap        ] GC(680) Archive regions: 2->2
[4.822s][info   ][gc,heap        ] GC(680) Humongous regions: 0->0
[4.822s][info   ][gc,metaspace   ] GC(680) Metaspace: 9524K(9792K)->9524K(9792K) NonClass: 8366K(8512K)->8366K(8512K) Class: 1157K(1280K)->1157K(1280K)
[4.822s][info   ][gc             ] GC(680) Pause Full (System.gc()) 4M->4M(28M) 7.269ms
[4.822s][info   ][gc,cpu         ] GC(680) User=0.00s Sys=0.00s Real=0.00s
[4.822s][info   ][gc,start       ] GC(681) Pause Full (System.gc())
[4.823s][info   ][gc,task        ] GC(681) Using 1 workers of 10 for full compaction
[4.823s][info   ][gc,phases,start] GC(681) Phase 1: Mark live objects
[4.826s][info   ][gc,phases      ] GC(681) Phase 1: Mark live objects 3.252ms
[4.826s][info   ][gc,phases,start] GC(681) Phase 2: Prepare for compaction
[4.826s][info   ][gc,phases      ] GC(681) Phase 2: Prepare for compaction 0.211ms
[4.826s][info   ][gc,phases,start] GC(681) Phase 3: Adjust pointers
[4.828s][info   ][gc,phases      ] GC(681) Phase 3: Adjust pointers 1.888ms
[4.828s][info   ][gc,phases,start] GC(681) Phase 4: Compact heap
[4.828s][info   ][gc,phases      ] GC(681) Phase 4: Compact heap 0.164ms
[4.829s][info   ][gc,heap        ] GC(681) Eden regions: 1->0(3)
[4.829s][info   ][gc,heap        ] GC(681) Survivor regions: 0->0(0)
[4.829s][info   ][gc,heap        ] GC(681) Old regions: 2->2
[4.829s][info   ][gc,heap        ] GC(681) Archive regions: 2->2
[4.829s][info   ][gc,heap        ] GC(681) Humongous regions: 0->0
[4.829s][info   ][gc,metaspace   ] GC(681) Metaspace: 9524K(9792K)->9524K(9792K) NonClass: 8366K(8512K)->8366K(8512K) Class: 1157K(1280K)->1157K(1280K)
[4.829s][info   ][gc             ] GC(681) Pause Full (System.gc()) 4M->4M(28M) 6.204ms
[4.829s][info   ][gc,cpu         ] GC(681) User=0.01s Sys=0.00s Real=0.01s
[4.829s][info   ][gc,start       ] GC(682) Pause Full (System.gc())
[4.829s][info   ][gc,task        ] GC(682) Using 1 workers of 10 for full compaction
[4.829s][info   ][gc,phases,start] GC(682) Phase 1: Mark live objects
[4.833s][info   ][gc,phases      ] GC(682) Phase 1: Mark live objects 4.071ms
[4.833s][info   ][gc,phases,start] GC(682) Phase 2: Prepare for compaction
[4.834s][info   ][gc,phases      ] GC(682) Phase 2: Prepare for compaction 0.170ms
[4.834s][info   ][gc,phases,start] GC(682) Phase 3: Adjust pointers
[4.835s][info   ][gc,phases      ] GC(682) Phase 3: Adjust pointers 1.723ms
[4.835s][info   ][gc,phases,start] GC(682) Phase 4: Compact heap
[4.835s][info   ][gc,phases      ] GC(682) Phase 4: Compact heap 0.099ms
[4.836s][info   ][gc,heap        ] GC(682) Eden regions: 1->0(3)
[4.836s][info   ][gc,heap        ] GC(682) Survivor regions: 0->0(0)
[4.836s][info   ][gc,heap        ] GC(682) Old regions: 2->2
[4.836s][info   ][gc,heap        ] GC(682) Archive regions: 2->2
[4.836s][info   ][gc,heap        ] GC(682) Humongous regions: 0->0
[4.836s][info   ][gc,metaspace   ] GC(682) Metaspace: 9524K(9792K)->9524K(9792K) NonClass: 8366K(8512K)->8366K(8512K) Class: 1157K(1280K)->1157K(1280K)
[4.836s][info   ][gc             ] GC(682) Pause Full (System.gc()) 4M->4M(28M) 6.654ms
[4.836s][info   ][gc,cpu         ] GC(682) User=0.00s Sys=0.00s Real=0.01s
[4.836s][info   ][gc,start       ] GC(683) Pause Full (System.gc())
[4.836s][info   ][gc,task        ] GC(683) Using 1 workers of 10 for full compaction
[4.836s][info   ][gc,phases,start] GC(683) Phase 1: Mark live objects
[4.840s][info   ][gc,phases      ] GC(683) Phase 1: Mark live objects 3.752ms
[4.840s][info   ][gc,phases,start] GC(683) Phase 2: Prepare for compaction
[4.840s][info   ][gc,phases      ] GC(683) Phase 2: Prepare for compaction 0.225ms
[4.840s][info   ][gc,phases,start] GC(683) Phase 3: Adjust pointers
[4.842s][info   ][gc,phases      ] GC(683) Phase 3: Adjust pointers 1.867ms
[4.842s][info   ][gc,phases,start] GC(683) Phase 4: Compact heap
[4.842s][info   ][gc,phases      ] GC(683) Phase 4: Compact heap 0.103ms
[4.843s][info   ][gc,heap        ] GC(683) Eden regions: 0->0(3)
[4.843s][info   ][gc,heap        ] GC(683) Survivor regions: 0->0(0)
[4.843s][info   ][gc,heap        ] GC(683) Old regions: 2->2
[4.843s][info   ][gc,heap        ] GC(683) Archive regions: 2->2
[4.843s][info   ][gc,heap        ] GC(683) Humongous regions: 0->0
[4.843s][info   ][gc,metaspace   ] GC(683) Metaspace: 9524K(9792K)->9524K(9792K) NonClass: 8366K(8512K)->8366K(8512K) Class: 1157K(1280K)->1157K(1280K)
[4.843s][info   ][gc             ] GC(683) Pause Full (System.gc()) 4M->4M(28M) 6.807ms
[4.843s][info   ][gc,cpu         ] GC(683) User=0.01s Sys=0.00s Real=0.00s
[4.843s][info   ][gc,start       ] GC(684) Pause Full (System.gc())
[4.843s][info   ][gc,task        ] GC(684) Using 1 workers of 10 for full compaction
[4.843s][info   ][gc,phases,start] GC(684) Phase 1: Mark live objects
[4.846s][info   ][gc,phases      ] GC(684) Phase 1: Mark live objects 2.996ms
[4.846s][info   ][gc,phases,start] GC(684) Phase 2: Prepare for compaction
[4.847s][info   ][gc,phases      ] GC(684) Phase 2: Prepare for compaction 0.176ms
[4.847s][info   ][gc,phases,start] GC(684) Phase 3: Adjust pointers
[4.848s][info   ][gc,phases      ] GC(684) Phase 3: Adjust pointers 1.787ms
[4.848s][info   ][gc,phases,start] GC(684) Phase 4: Compact heap
[4.848s][info   ][gc,phases      ] GC(684) Phase 4: Compact heap 0.092ms
[4.849s][info   ][gc,heap        ] GC(684) Eden regions: 0->0(3)
[4.849s][info   ][gc,heap        ] GC(684) Survivor regions: 0->0(0)
[4.849s][info   ][gc,heap        ] GC(684) Old regions: 2->2
[4.849s][info   ][gc,heap        ] GC(684) Archive regions: 2->2
[4.849s][info   ][gc,heap        ] GC(684) Humongous regions: 0->0
[4.849s][info   ][gc,metaspace   ] GC(684) Metaspace: 9524K(9792K)->9524K(9792K) NonClass: 8366K(8512K)->8366K(8512K) Class: 1157K(1280K)->1157K(1280K)
[4.849s][info   ][gc             ] GC(684) Pause Full (System.gc()) 4M->4M(28M) 5.891ms
[4.849s][info   ][gc,cpu         ] GC(684) User=0.01s Sys=0.00s Real=0.01s
[4.850s][info   ][gc,start       ] GC(685) Pause Full (System.gc())
[4.850s][info   ][gc,task        ] GC(685) Using 1 workers of 10 for full compaction
[4.850s][info   ][gc,phases,start] GC(685) Phase 1: Mark live objects
[4.853s][info   ][gc,phases      ] GC(685) Phase 1: Mark live objects 3.400ms
[4.853s][info   ][gc,phases,start] GC(685) Phase 2: Prepare for compaction
[4.854s][info   ][gc,phases      ] GC(685) Phase 2: Prepare for compaction 0.295ms
[4.854s][info   ][gc,phases,start] GC(685) Phase 3: Adjust pointers
[4.856s][info   ][gc,phases      ] GC(685) Phase 3: Adjust pointers 2.005ms
[4.856s][info   ][gc,phases,start] GC(685) Phase 4: Compact heap
[4.856s][info   ][gc,phases      ] GC(685) Phase 4: Compact heap 0.169ms
[4.856s][info   ][gc,heap        ] GC(685) Eden regions: 1->0(3)
[4.856s][info   ][gc,heap        ] GC(685) Survivor regions: 0->0(0)
[4.856s][info   ][gc,heap        ] GC(685) Old regions: 2->2
[4.856s][info   ][gc,heap        ] GC(685) Archive regions: 2->2
[4.856s][info   ][gc,heap        ] GC(685) Humongous regions: 0->0
[4.856s][info   ][gc,metaspace   ] GC(685) Metaspace: 9524K(9792K)->9524K(9792K) NonClass: 8366K(8512K)->8366K(8512K) Class: 1157K(1280K)->1157K(1280K)
[4.856s][info   ][gc             ] GC(685) Pause Full (System.gc()) 4M->4M(28M) 6.623ms
[4.856s][info   ][gc,cpu         ] GC(685) User=0.00s Sys=0.00s Real=0.01s
[4.857s][info   ][gc,start       ] GC(686) Pause Full (System.gc())
[4.857s][info   ][gc,task        ] GC(686) Using 1 workers of 10 for full compaction
[4.857s][info   ][gc,phases,start] GC(686) Phase 1: Mark live objects
[4.861s][info   ][gc,phases      ] GC(686) Phase 1: Mark live objects 4.243ms
[4.861s][info   ][gc,phases,start] GC(686) Phase 2: Prepare for compaction
[4.861s][info   ][gc,phases      ] GC(686) Phase 2: Prepare for compaction 0.147ms
[4.861s][info   ][gc,phases,start] GC(686) Phase 3: Adjust pointers
[4.863s][info   ][gc,phases      ] GC(686) Phase 3: Adjust pointers 1.577ms
[4.863s][info   ][gc,phases,start] GC(686) Phase 4: Compact heap
[4.863s][info   ][gc,phases      ] GC(686) Phase 4: Compact heap 0.123ms
[4.863s][info   ][gc,heap        ] GC(686) Eden regions: 0->0(3)
[4.863s][info   ][gc,heap        ] GC(686) Survivor regions: 0->0(0)
[4.863s][info   ][gc,heap        ] GC(686) Old regions: 2->2
[4.863s][info   ][gc,heap        ] GC(686) Archive regions: 2->2
[4.863s][info   ][gc,heap        ] GC(686) Humongous regions: 0->0
[4.863s][info   ][gc,metaspace   ] GC(686) Metaspace: 9524K(9792K)->9524K(9792K) NonClass: 8366K(8512K)->8366K(8512K) Class: 1157K(1280K)->1157K(1280K)
[4.863s][info   ][gc             ] GC(686) Pause Full (System.gc()) 4M->4M(28M) 6.851ms
[4.863s][info   ][gc,cpu         ] GC(686) User=0.01s Sys=0.01s Real=0.00s
[4.864s][info   ][gc,start       ] GC(687) Pause Full (System.gc())
[4.864s][info   ][gc,task        ] GC(687) Using 1 workers of 10 for full compaction
[4.864s][info   ][gc,phases,start] GC(687) Phase 1: Mark live objects
[4.868s][info   ][gc,phases      ] GC(687) Phase 1: Mark live objects 3.663ms
[4.868s][info   ][gc,phases,start] GC(687) Phase 2: Prepare for compaction
[4.868s][info   ][gc,phases      ] GC(687) Phase 2: Prepare for compaction 0.176ms
[4.868s][info   ][gc,phases,start] GC(687) Phase 3: Adjust pointers
[4.869s][info   ][gc,phases      ] GC(687) Phase 3: Adjust pointers 1.491ms
[4.869s][info   ][gc,phases,start] GC(687) Phase 4: Compact heap
[4.869s][info   ][gc,phases      ] GC(687) Phase 4: Compact heap 0.062ms
[4.870s][info   ][gc,heap        ] GC(687) Eden regions: 1->0(3)
[4.870s][info   ][gc,heap        ] GC(687) Survivor regions: 0->0(0)
[4.870s][info   ][gc,heap        ] GC(687) Old regions: 2->2
[4.870s][info   ][gc,heap        ] GC(687) Archive regions: 2->2
[4.870s][info   ][gc,heap        ] GC(687) Humongous regions: 0->0
[4.870s][info   ][gc,metaspace   ] GC(687) Metaspace: 9524K(9792K)->9524K(9792K) NonClass: 8366K(8512K)->8366K(8512K) Class: 1157K(1280K)->1157K(1280K)
[4.870s][info   ][gc             ] GC(687) Pause Full (System.gc()) 4M->4M(28M) 6.300ms
[4.870s][info   ][gc,cpu         ] GC(687) User=0.00s Sys=0.00s Real=0.00s
[4.870s][info   ][gc,start       ] GC(688) Pause Full (System.gc())
[4.870s][info   ][gc,task        ] GC(688) Using 1 workers of 10 for full compaction
[4.870s][info   ][gc,phases,start] GC(688) Phase 1: Mark live objects
[4.874s][info   ][gc,phases      ] GC(688) Phase 1: Mark live objects 3.649ms
[4.874s][info   ][gc,phases,start] GC(688) Phase 2: Prepare for compaction
[4.874s][info   ][gc,phases      ] GC(688) Phase 2: Prepare for compaction 0.153ms
[4.874s][info   ][gc,phases,start] GC(688) Phase 3: Adjust pointers
[4.876s][info   ][gc,phases      ] GC(688) Phase 3: Adjust pointers 1.871ms
[4.876s][info   ][gc,phases,start] GC(688) Phase 4: Compact heap
[4.876s][info   ][gc,phases      ] GC(688) Phase 4: Compact heap 0.121ms
[4.877s][info   ][gc,heap        ] GC(688) Eden regions: 0->0(3)
[4.877s][info   ][gc,heap        ] GC(688) Survivor regions: 0->0(0)
[4.877s][info   ][gc,heap        ] GC(688) Old regions: 2->2
[4.877s][info   ][gc,heap        ] GC(688) Archive regions: 2->2
[4.877s][info   ][gc,heap        ] GC(688) Humongous regions: 0->0
[4.877s][info   ][gc,metaspace   ] GC(688) Metaspace: 9524K(9792K)->9524K(9792K) NonClass: 8366K(8512K)->8366K(8512K) Class: 1157K(1280K)->1157K(1280K)
[4.877s][info   ][gc             ] GC(688) Pause Full (System.gc()) 4M->4M(28M) 6.361ms
[4.877s][info   ][gc,cpu         ] GC(688) User=0.01s Sys=0.00s Real=0.01s
[4.877s][info   ][gc,start       ] GC(689) Pause Full (System.gc())
[4.877s][info   ][gc,task        ] GC(689) Using 1 workers of 10 for full compaction
[4.877s][info   ][gc,phases,start] GC(689) Phase 1: Mark live objects
[4.881s][info   ][gc,phases      ] GC(689) Phase 1: Mark live objects 3.262ms
[4.881s][info   ][gc,phases,start] GC(689) Phase 2: Prepare for compaction
[4.881s][info   ][gc,phases      ] GC(689) Phase 2: Prepare for compaction 0.090ms
[4.881s][info   ][gc,phases,start] GC(689) Phase 3: Adjust pointers
[4.882s][info   ][gc,phases      ] GC(689) Phase 3: Adjust pointers 1.383ms
[4.882s][info   ][gc,phases,start] GC(689) Phase 4: Compact heap
[4.882s][info   ][gc,phases      ] GC(689) Phase 4: Compact heap 0.117ms
[4.883s][info   ][gc,heap        ] GC(689) Eden regions: 1->0(3)
[4.883s][info   ][gc,heap        ] GC(689) Survivor regions: 0->0(0)
[4.883s][info   ][gc,heap        ] GC(689) Old regions: 2->2
[4.883s][info   ][gc,heap        ] GC(689) Archive regions: 2->2
[4.883s][info   ][gc,heap        ] GC(689) Humongous regions: 0->0
[4.883s][info   ][gc,metaspace   ] GC(689) Metaspace: 9524K(9792K)->9524K(9792K) NonClass: 8366K(8512K)->8366K(8512K) Class: 1157K(1280K)->1157K(1280K)
[4.883s][info   ][gc             ] GC(689) Pause Full (System.gc()) 4M->4M(28M) 5.451ms
[4.883s][info   ][gc,cpu         ] GC(689) User=0.00s Sys=0.00s Real=0.00s
[4.883s][info   ][gc,start       ] GC(690) Pause Full (System.gc())
[4.883s][info   ][gc,task        ] GC(690) Using 1 workers of 10 for full compaction
[4.883s][info   ][gc,phases,start] GC(690) Phase 1: Mark live objects
[4.886s][info   ][gc,phases      ] GC(690) Phase 1: Mark live objects 3.490ms
[4.886s][info   ][gc,phases,start] GC(690) Phase 2: Prepare for compaction
[4.887s][info   ][gc,phases      ] GC(690) Phase 2: Prepare for compaction 0.151ms
[4.887s][info   ][gc,phases,start] GC(690) Phase 3: Adjust pointers
[4.888s][info   ][gc,phases      ] GC(690) Phase 3: Adjust pointers 1.888ms
[4.888s][info   ][gc,phases,start] GC(690) Phase 4: Compact heap
[4.889s][info   ][gc,phases      ] GC(690) Phase 4: Compact heap 0.131ms
[4.889s][info   ][gc,heap        ] GC(690) Eden regions: 0->0(3)
[4.889s][info   ][gc,heap        ] GC(690) Survivor regions: 0->0(0)
[4.889s][info   ][gc,heap        ] GC(690) Old regions: 2->2
[4.889s][info   ][gc,heap        ] GC(690) Archive regions: 2->2
[4.889s][info   ][gc,heap        ] GC(690) Humongous regions: 0->0
[4.889s][info   ][gc,metaspace   ] GC(690) Metaspace: 9524K(9792K)->9524K(9792K) NonClass: 8366K(8512K)->8366K(8512K) Class: 1157K(1280K)->1157K(1280K)
[4.889s][info   ][gc             ] GC(690) Pause Full (System.gc()) 4M->4M(28M) 6.406ms
[4.889s][info   ][gc,cpu         ] GC(690) User=0.01s Sys=0.00s Real=0.01s
[4.890s][info   ][gc,start       ] GC(691) Pause Full (System.gc())
[4.890s][info   ][gc,task        ] GC(691) Using 1 workers of 10 for full compaction
[4.890s][info   ][gc,phases,start] GC(691) Phase 1: Mark live objects
[4.893s][info   ][gc,phases      ] GC(691) Phase 1: Mark live objects 2.945ms
[4.893s][info   ][gc,phases,start] GC(691) Phase 2: Prepare for compaction
[4.893s][info   ][gc,phases      ] GC(691) Phase 2: Prepare for compaction 0.252ms
[4.893s][info   ][gc,phases,start] GC(691) Phase 3: Adjust pointers
[4.894s][info   ][gc,phases      ] GC(691) Phase 3: Adjust pointers 1.234ms
[4.894s][info   ][gc,phases,start] GC(691) Phase 4: Compact heap
[4.894s][info   ][gc,phases      ] GC(691) Phase 4: Compact heap 0.221ms
[4.895s][info   ][gc,heap        ] GC(691) Eden regions: 1->0(3)
[4.895s][info   ][gc,heap        ] GC(691) Survivor regions: 0->0(0)
[4.895s][info   ][gc,heap        ] GC(691) Old regions: 2->2
[4.895s][info   ][gc,heap        ] GC(691) Archive regions: 2->2
[4.895s][info   ][gc,heap        ] GC(691) Humongous regions: 0->0
[4.895s][info   ][gc,metaspace   ] GC(691) Metaspace: 9524K(9792K)->9524K(9792K) NonClass: 8366K(8512K)->8366K(8512K) Class: 1157K(1280K)->1157K(1280K)
[4.895s][info   ][gc             ] GC(691) Pause Full (System.gc()) 4M->4M(28M) 5.229ms
[4.895s][info   ][gc,cpu         ] GC(691) User=0.00s Sys=0.00s Real=0.01s
[4.896s][info   ][gc,start       ] GC(692) Pause Full (System.gc())
[4.896s][info   ][gc,task        ] GC(692) Using 1 workers of 10 for full compaction
[4.896s][info   ][gc,phases,start] GC(692) Phase 1: Mark live objects
[4.899s][info   ][gc,phases      ] GC(692) Phase 1: Mark live objects 3.162ms
[4.899s][info   ][gc,phases,start] GC(692) Phase 2: Prepare for compaction
[4.899s][info   ][gc,phases      ] GC(692) Phase 2: Prepare for compaction 0.176ms
[4.899s][info   ][gc,phases,start] GC(692) Phase 3: Adjust pointers
[4.901s][info   ][gc,phases      ] GC(692) Phase 3: Adjust pointers 1.947ms
[4.901s][info   ][gc,phases,start] GC(692) Phase 4: Compact heap
[4.901s][info   ][gc,phases      ] GC(692) Phase 4: Compact heap 0.147ms
[4.902s][info   ][gc,heap        ] GC(692) Eden regions: 1->0(3)
[4.902s][info   ][gc,heap        ] GC(692) Survivor regions: 0->0(0)
[4.902s][info   ][gc,heap        ] GC(692) Old regions: 2->2
[4.902s][info   ][gc,heap        ] GC(692) Archive regions: 2->2
[4.902s][info   ][gc,heap        ] GC(692) Humongous regions: 0->0
[4.902s][info   ][gc,metaspace   ] GC(692) Metaspace: 9524K(9792K)->9524K(9792K) NonClass: 8366K(8512K)->8366K(8512K) Class: 1157K(1280K)->1157K(1280K)
[4.902s][info   ][gc             ] GC(692) Pause Full (System.gc()) 4M->4M(28M) 6.071ms
[4.902s][info   ][gc,cpu         ] GC(692) User=0.01s Sys=0.00s Real=0.00s
[4.902s][info   ][gc,start       ] GC(693) Pause Full (System.gc())
[4.902s][info   ][gc,task        ] GC(693) Using 1 workers of 10 for full compaction
[4.902s][info   ][gc,phases,start] GC(693) Phase 1: Mark live objects
[4.906s][info   ][gc,phases      ] GC(693) Phase 1: Mark live objects 3.804ms
[4.906s][info   ][gc,phases,start] GC(693) Phase 2: Prepare for compaction
[4.906s][info   ][gc,phases      ] GC(693) Phase 2: Prepare for compaction 0.197ms
[4.906s][info   ][gc,phases,start] GC(693) Phase 3: Adjust pointers
[4.908s][info   ][gc,phases      ] GC(693) Phase 3: Adjust pointers 1.776ms
[4.908s][info   ][gc,phases,start] GC(693) Phase 4: Compact heap
[4.908s][info   ][gc,phases      ] GC(693) Phase 4: Compact heap 0.150ms
[4.909s][info   ][gc,heap        ] GC(693) Eden regions: 0->0(3)
[4.909s][info   ][gc,heap        ] GC(693) Survivor regions: 0->0(0)
[4.909s][info   ][gc,heap        ] GC(693) Old regions: 2->2
[4.909s][info   ][gc,heap        ] GC(693) Archive regions: 2->2
[4.909s][info   ][gc,heap        ] GC(693) Humongous regions: 0->0
[4.909s][info   ][gc,metaspace   ] GC(693) Metaspace: 9524K(9792K)->9524K(9792K) NonClass: 8366K(8512K)->8366K(8512K) Class: 1157K(1280K)->1157K(1280K)
[4.909s][info   ][gc             ] GC(693) Pause Full (System.gc()) 4M->4M(28M) 6.701ms
[4.909s][info   ][gc,cpu         ] GC(693) User=0.00s Sys=0.00s Real=0.01s
[4.909s][info   ][gc,start       ] GC(694) Pause Full (System.gc())
[4.909s][info   ][gc,task        ] GC(694) Using 1 workers of 10 for full compaction
[4.909s][info   ][gc,phases,start] GC(694) Phase 1: Mark live objects
[4.913s][info   ][gc,phases      ] GC(694) Phase 1: Mark live objects 3.641ms
[4.913s][info   ][gc,phases,start] GC(694) Phase 2: Prepare for compaction
[4.913s][info   ][gc,phases      ] GC(694) Phase 2: Prepare for compaction 0.196ms
[4.913s][info   ][gc,phases,start] GC(694) Phase 3: Adjust pointers
[4.915s][info   ][gc,phases      ] GC(694) Phase 3: Adjust pointers 1.687ms
[4.915s][info   ][gc,phases,start] GC(694) Phase 4: Compact heap
[4.915s][info   ][gc,phases      ] GC(694) Phase 4: Compact heap 0.277ms
[4.916s][info   ][gc,heap        ] GC(694) Eden regions: 1->0(3)
[4.916s][info   ][gc,heap        ] GC(694) Survivor regions: 0->0(0)
[4.916s][info   ][gc,heap        ] GC(694) Old regions: 2->2
[4.916s][info   ][gc,heap        ] GC(694) Archive regions: 2->2
[4.916s][info   ][gc,heap        ] GC(694) Humongous regions: 0->0
[4.916s][info   ][gc,metaspace   ] GC(694) Metaspace: 9524K(9792K)->9524K(9792K) NonClass: 8366K(8512K)->8366K(8512K) Class: 1157K(1280K)->1157K(1280K)
[4.916s][info   ][gc             ] GC(694) Pause Full (System.gc()) 4M->4M(28M) 6.460ms
[4.916s][info   ][gc,cpu         ] GC(694) User=0.01s Sys=0.00s Real=0.01s
[4.916s][info   ][gc,start       ] GC(695) Pause Full (System.gc())
[4.916s][info   ][gc,task        ] GC(695) Using 1 workers of 10 for full compaction
[4.916s][info   ][gc,phases,start] GC(695) Phase 1: Mark live objects
[4.919s][info   ][gc,phases      ] GC(695) Phase 1: Mark live objects 2.851ms
[4.919s][info   ][gc,phases,start] GC(695) Phase 2: Prepare for compaction
[4.919s][info   ][gc,phases      ] GC(695) Phase 2: Prepare for compaction 0.232ms
[4.919s][info   ][gc,phases,start] GC(695) Phase 3: Adjust pointers
[4.921s][info   ][gc,phases      ] GC(695) Phase 3: Adjust pointers 1.359ms
[4.921s][info   ][gc,phases,start] GC(695) Phase 4: Compact heap
[4.921s][info   ][gc,phases      ] GC(695) Phase 4: Compact heap 0.121ms
[4.921s][info   ][gc,heap        ] GC(695) Eden regions: 1->0(3)
[4.921s][info   ][gc,heap        ] GC(695) Survivor regions: 0->0(0)
[4.921s][info   ][gc,heap        ] GC(695) Old regions: 2->2
[4.921s][info   ][gc,heap        ] GC(695) Archive regions: 2->2
[4.921s][info   ][gc,heap        ] GC(695) Humongous regions: 0->0
[4.921s][info   ][gc,metaspace   ] GC(695) Metaspace: 9524K(9792K)->9524K(9792K) NonClass: 8366K(8512K)->8366K(8512K) Class: 1157K(1280K)->1157K(1280K)
[4.921s][info   ][gc             ] GC(695) Pause Full (System.gc()) 4M->4M(28M) 5.072ms
[4.921s][info   ][gc,cpu         ] GC(695) User=0.00s Sys=0.00s Real=0.00s
[4.921s][info   ][gc,start       ] GC(696) Pause Full (System.gc())
[4.921s][info   ][gc,task        ] GC(696) Using 1 workers of 10 for full compaction
[4.921s][info   ][gc,phases,start] GC(696) Phase 1: Mark live objects
[4.925s][info   ][gc,phases      ] GC(696) Phase 1: Mark live objects 3.551ms
[4.925s][info   ][gc,phases,start] GC(696) Phase 2: Prepare for compaction
[4.925s][info   ][gc,phases      ] GC(696) Phase 2: Prepare for compaction 0.249ms
[4.925s][info   ][gc,phases,start] GC(696) Phase 3: Adjust pointers
[4.928s][info   ][gc,phases      ] GC(696) Phase 3: Adjust pointers 2.695ms
[4.928s][info   ][gc,phases,start] GC(696) Phase 4: Compact heap
[4.928s][info   ][gc,phases      ] GC(696) Phase 4: Compact heap 0.196ms
[4.929s][info   ][gc,heap        ] GC(696) Eden regions: 0->0(3)
[4.929s][info   ][gc,heap        ] GC(696) Survivor regions: 0->0(0)
[4.929s][info   ][gc,heap        ] GC(696) Old regions: 2->2
[4.929s][info   ][gc,heap        ] GC(696) Archive regions: 2->2
[4.929s][info   ][gc,heap        ] GC(696) Humongous regions: 0->0
[4.929s][info   ][gc,metaspace   ] GC(696) Metaspace: 9524K(9792K)->9524K(9792K) NonClass: 8366K(8512K)->8366K(8512K) Class: 1157K(1280K)->1157K(1280K)
[4.929s][info   ][gc             ] GC(696) Pause Full (System.gc()) 4M->4M(28M) 7.411ms
[4.929s][info   ][gc,cpu         ] GC(696) User=0.01s Sys=0.00s Real=0.01s
[4.929s][info   ][gc,start       ] GC(697) Pause Full (System.gc())
[4.929s][info   ][gc,task        ] GC(697) Using 1 workers of 10 for full compaction
[4.929s][info   ][gc,phases,start] GC(697) Phase 1: Mark live objects
[4.933s][info   ][gc,phases      ] GC(697) Phase 1: Mark live objects 4.013ms
[4.933s][info   ][gc,phases,start] GC(697) Phase 2: Prepare for compaction
[4.934s][info   ][gc,phases      ] GC(697) Phase 2: Prepare for compaction 0.256ms
[4.934s][info   ][gc,phases,start] GC(697) Phase 3: Adjust pointers
[4.937s][info   ][gc,phases      ] GC(697) Phase 3: Adjust pointers 3.020ms
[4.937s][info   ][gc,phases,start] GC(697) Phase 4: Compact heap
[4.937s][info   ][gc,phases      ] GC(697) Phase 4: Compact heap 0.230ms
[4.938s][info   ][gc,heap        ] GC(697) Eden regions: 1->0(3)
[4.938s][info   ][gc,heap        ] GC(697) Survivor regions: 0->0(0)
[4.938s][info   ][gc,heap        ] GC(697) Old regions: 2->2
[4.938s][info   ][gc,heap        ] GC(697) Archive regions: 2->2
[4.938s][info   ][gc,heap        ] GC(697) Humongous regions: 0->0
[4.938s][info   ][gc,metaspace   ] GC(697) Metaspace: 9524K(9792K)->9524K(9792K) NonClass: 8366K(8512K)->8366K(8512K) Class: 1157K(1280K)->1157K(1280K)
[4.938s][info   ][gc             ] GC(697) Pause Full (System.gc()) 4M->4M(28M) 8.384ms
[4.938s][info   ][gc,cpu         ] GC(697) User=0.01s Sys=0.00s Real=0.01s
[4.938s][info   ][gc,start       ] GC(698) Pause Full (System.gc())
[4.938s][info   ][gc,task        ] GC(698) Using 1 workers of 10 for full compaction
[4.938s][info   ][gc,phases,start] GC(698) Phase 1: Mark live objects
[4.944s][info   ][gc,phases      ] GC(698) Phase 1: Mark live objects 5.726ms
[4.944s][info   ][gc,phases,start] GC(698) Phase 2: Prepare for compaction
[4.944s][info   ][gc,phases      ] GC(698) Phase 2: Prepare for compaction 0.258ms
[4.944s][info   ][gc,phases,start] GC(698) Phase 3: Adjust pointers
[4.947s][info   ][gc,phases      ] GC(698) Phase 3: Adjust pointers 2.942ms
[4.947s][info   ][gc,phases,start] GC(698) Phase 4: Compact heap
[4.947s][info   ][gc,phases      ] GC(698) Phase 4: Compact heap 0.297ms
[4.948s][info   ][gc,heap        ] GC(698) Eden regions: 0->0(3)
[4.948s][info   ][gc,heap        ] GC(698) Survivor regions: 0->0(0)
[4.948s][info   ][gc,heap        ] GC(698) Old regions: 2->2
[4.948s][info   ][gc,heap        ] GC(698) Archive regions: 2->2
[4.948s][info   ][gc,heap        ] GC(698) Humongous regions: 0->0
[4.948s][info   ][gc,metaspace   ] GC(698) Metaspace: 9524K(9792K)->9524K(9792K) NonClass: 8366K(8512K)->8366K(8512K) Class: 1157K(1280K)->1157K(1280K)
[4.948s][info   ][gc             ] GC(698) Pause Full (System.gc()) 4M->4M(28M) 10.260ms
[4.948s][info   ][gc,cpu         ] GC(698) User=0.01s Sys=0.00s Real=0.01s
[4.949s][info   ][gc,start       ] GC(699) Pause Full (System.gc())
[4.949s][info   ][gc,task        ] GC(699) Using 1 workers of 10 for full compaction
[4.949s][info   ][gc,phases,start] GC(699) Phase 1: Mark live objects
[4.955s][info   ][gc,phases      ] GC(699) Phase 1: Mark live objects 5.286ms
[4.955s][info   ][gc,phases,start] GC(699) Phase 2: Prepare for compaction
[4.955s][info   ][gc,phases      ] GC(699) Phase 2: Prepare for compaction 0.286ms
[4.955s][info   ][gc,phases,start] GC(699) Phase 3: Adjust pointers
[4.958s][info   ][gc,phases      ] GC(699) Phase 3: Adjust pointers 3.249ms
[4.958s][info   ][gc,phases,start] GC(699) Phase 4: Compact heap
[4.959s][info   ][gc,phases      ] GC(699) Phase 4: Compact heap 0.324ms
[4.960s][info   ][gc,heap        ] GC(699) Eden regions: 1->0(3)
[4.960s][info   ][gc,heap        ] GC(699) Survivor regions: 0->0(0)
[4.960s][info   ][gc,heap        ] GC(699) Old regions: 2->2
[4.960s][info   ][gc,heap        ] GC(699) Archive regions: 2->2
[4.960s][info   ][gc,heap        ] GC(699) Humongous regions: 0->0
[4.960s][info   ][gc,metaspace   ] GC(699) Metaspace: 9524K(9792K)->9524K(9792K) NonClass: 8366K(8512K)->8366K(8512K) Class: 1157K(1280K)->1157K(1280K)
[4.960s][info   ][gc             ] GC(699) Pause Full (System.gc()) 4M->4M(28M) 10.288ms
[4.960s][info   ][gc,cpu         ] GC(699) User=0.01s Sys=0.00s Real=0.01s
[4.960s][info   ][gc,start       ] GC(700) Pause Full (System.gc())
[4.960s][info   ][gc,task        ] GC(700) Using 1 workers of 10 for full compaction
[4.960s][info   ][gc,phases,start] GC(700) Phase 1: Mark live objects
[4.965s][info   ][gc,phases      ] GC(700) Phase 1: Mark live objects 5.058ms
[4.965s][info   ][gc,phases,start] GC(700) Phase 2: Prepare for compaction
[4.965s][info   ][gc,phases      ] GC(700) Phase 2: Prepare for compaction 0.195ms
[4.965s][info   ][gc,phases,start] GC(700) Phase 3: Adjust pointers
[4.967s][info   ][gc,phases      ] GC(700) Phase 3: Adjust pointers 2.097ms
[4.967s][info   ][gc,phases,start] GC(700) Phase 4: Compact heap
[4.968s][info   ][gc,phases      ] GC(700) Phase 4: Compact heap 0.211ms
[4.968s][info   ][gc,heap        ] GC(700) Eden regions: 0->0(3)
[4.968s][info   ][gc,heap        ] GC(700) Survivor regions: 0->0(0)
[4.968s][info   ][gc,heap        ] GC(700) Old regions: 2->2
[4.968s][info   ][gc,heap        ] GC(700) Archive regions: 2->2
[4.968s][info   ][gc,heap        ] GC(700) Humongous regions: 0->0
[4.968s][info   ][gc,metaspace   ] GC(700) Metaspace: 9524K(9792K)->9524K(9792K) NonClass: 8366K(8512K)->8366K(8512K) Class: 1157K(1280K)->1157K(1280K)
[4.968s][info   ][gc             ] GC(700) Pause Full (System.gc()) 4M->4M(28M) 8.354ms
[4.968s][info   ][gc,cpu         ] GC(700) User=0.00s Sys=0.00s Real=0.01s
[4.968s][info   ][gc,start       ] GC(701) Pause Full (System.gc())
[4.968s][info   ][gc,task        ] GC(701) Using 1 workers of 10 for full compaction
[4.968s][info   ][gc,phases,start] GC(701) Phase 1: Mark live objects
[4.972s][info   ][gc,phases      ] GC(701) Phase 1: Mark live objects 3.483ms
[4.972s][info   ][gc,phases,start] GC(701) Phase 2: Prepare for compaction
[4.972s][info   ][gc,phases      ] GC(701) Phase 2: Prepare for compaction 0.176ms
[4.972s][info   ][gc,phases,start] GC(701) Phase 3: Adjust pointers
[4.975s][info   ][gc,phases      ] GC(701) Phase 3: Adjust pointers 2.375ms
[4.975s][info   ][gc,phases,start] GC(701) Phase 4: Compact heap
[4.975s][info   ][gc,phases      ] GC(701) Phase 4: Compact heap 0.143ms
[4.975s][info   ][gc,heap        ] GC(701) Eden regions: 0->0(3)
[4.975s][info   ][gc,heap        ] GC(701) Survivor regions: 0->0(0)
[4.975s][info   ][gc,heap        ] GC(701) Old regions: 2->2
[4.975s][info   ][gc,heap        ] GC(701) Archive regions: 2->2
[4.975s][info   ][gc,heap        ] GC(701) Humongous regions: 0->0
[4.975s][info   ][gc,metaspace   ] GC(701) Metaspace: 9524K(9792K)->9524K(9792K) NonClass: 8366K(8512K)->8366K(8512K) Class: 1157K(1280K)->1157K(1280K)
[4.975s][info   ][gc             ] GC(701) Pause Full (System.gc()) 4M->4M(28M) 7.005ms
[4.975s][info   ][gc,cpu         ] GC(701) User=0.01s Sys=0.00s Real=0.01s
[4.976s][info   ][gc,start       ] GC(702) Pause Full (System.gc())
[4.976s][info   ][gc,task        ] GC(702) Using 1 workers of 10 for full compaction
[4.976s][info   ][gc,phases,start] GC(702) Phase 1: Mark live objects
[4.981s][info   ][gc,phases      ] GC(702) Phase 1: Mark live objects 4.897ms
[4.981s][info   ][gc,phases,start] GC(702) Phase 2: Prepare for compaction
[4.981s][info   ][gc,phases      ] GC(702) Phase 2: Prepare for compaction 0.219ms
[4.981s][info   ][gc,phases,start] GC(702) Phase 3: Adjust pointers
[4.984s][info   ][gc,phases      ] GC(702) Phase 3: Adjust pointers 2.464ms
[4.984s][info   ][gc,phases,start] GC(702) Phase 4: Compact heap
[4.984s][info   ][gc,phases      ] GC(702) Phase 4: Compact heap 0.137ms
[4.984s][info   ][gc,heap        ] GC(702) Eden regions: 1->0(3)
[4.984s][info   ][gc,heap        ] GC(702) Survivor regions: 0->0(0)
[4.984s][info   ][gc,heap        ] GC(702) Old regions: 2->2
[4.984s][info   ][gc,heap        ] GC(702) Archive regions: 2->2
[4.984s][info   ][gc,heap        ] GC(702) Humongous regions: 0->0
[4.984s][info   ][gc,metaspace   ] GC(702) Metaspace: 9524K(9792K)->9524K(9792K) NonClass: 8366K(8512K)->8366K(8512K) Class: 1157K(1280K)->1157K(1280K)
[4.984s][info   ][gc             ] GC(702) Pause Full (System.gc()) 4M->4M(28M) 8.222ms
[4.984s][info   ][gc,cpu         ] GC(702) User=0.01s Sys=0.00s Real=0.01s
[4.984s][info   ][gc,start       ] GC(703) Pause Full (System.gc())
[4.984s][info   ][gc,task        ] GC(703) Using 1 workers of 10 for full compaction
[4.984s][info   ][gc,phases,start] GC(703) Phase 1: Mark live objects
[4.988s][info   ][gc,phases      ] GC(703) Phase 1: Mark live objects 3.290ms
[4.988s][info   ][gc,phases,start] GC(703) Phase 2: Prepare for compaction
[4.988s][info   ][gc,phases      ] GC(703) Phase 2: Prepare for compaction 0.159ms
[4.988s][info   ][gc,phases,start] GC(703) Phase 3: Adjust pointers
[4.989s][info   ][gc,phases      ] GC(703) Phase 3: Adjust pointers 1.337ms
[4.989s][info   ][gc,phases,start] GC(703) Phase 4: Compact heap
[4.989s][info   ][gc,phases      ] GC(703) Phase 4: Compact heap 0.056ms
[4.990s][info   ][gc,heap        ] GC(703) Eden regions: 0->0(3)
[4.990s][info   ][gc,heap        ] GC(703) Survivor regions: 0->0(0)
[4.990s][info   ][gc,heap        ] GC(703) Old regions: 2->2
[4.990s][info   ][gc,heap        ] GC(703) Archive regions: 2->2
[4.990s][info   ][gc,heap        ] GC(703) Humongous regions: 0->0
[4.990s][info   ][gc,metaspace   ] GC(703) Metaspace: 9524K(9792K)->9524K(9792K) NonClass: 8366K(8512K)->8366K(8512K) Class: 1157K(1280K)->1157K(1280K)
[4.990s][info   ][gc             ] GC(703) Pause Full (System.gc()) 4M->4M(28M) 5.433ms
[4.990s][info   ][gc,cpu         ] GC(703) User=0.00s Sys=0.00s Real=0.00s
[4.990s][info   ][gc,start       ] GC(704) Pause Full (System.gc())
[4.990s][info   ][gc,task        ] GC(704) Using 1 workers of 10 for full compaction
[4.990s][info   ][gc,phases,start] GC(704) Phase 1: Mark live objects
[4.993s][info   ][gc,phases      ] GC(704) Phase 1: Mark live objects 2.958ms
[4.993s][info   ][gc,phases,start] GC(704) Phase 2: Prepare for compaction
[4.993s][info   ][gc,phases      ] GC(704) Phase 2: Prepare for compaction 0.206ms
[4.993s][info   ][gc,phases,start] GC(704) Phase 3: Adjust pointers
[4.995s][info   ][gc,phases      ] GC(704) Phase 3: Adjust pointers 1.328ms
[4.995s][info   ][gc,phases,start] GC(704) Phase 4: Compact heap
[4.995s][info   ][gc,phases      ] GC(704) Phase 4: Compact heap 0.115ms
[4.995s][info   ][gc,heap        ] GC(704) Eden regions: 1->0(3)
[4.995s][info   ][gc,heap        ] GC(704) Survivor regions: 0->0(0)
[4.995s][info   ][gc,heap        ] GC(704) Old regions: 2->2
[4.995s][info   ][gc,heap        ] GC(704) Archive regions: 2->2
[4.995s][info   ][gc,heap        ] GC(704) Humongous regions: 0->0
[4.995s][info   ][gc,metaspace   ] GC(704) Metaspace: 9524K(9792K)->9524K(9792K) NonClass: 8366K(8512K)->8366K(8512K) Class: 1157K(1280K)->1157K(1280K)
[4.995s][info   ][gc             ] GC(704) Pause Full (System.gc()) 4M->4M(28M) 5.280ms
[4.995s][info   ][gc,cpu         ] GC(704) User=0.01s Sys=0.00s Real=0.01s
[4.996s][info   ][gc,start       ] GC(705) Pause Full (System.gc())
[4.996s][info   ][gc,task        ] GC(705) Using 1 workers of 10 for full compaction
[4.996s][info   ][gc,phases,start] GC(705) Phase 1: Mark live objects
[4.999s][info   ][gc,phases      ] GC(705) Phase 1: Mark live objects 3.212ms
[4.999s][info   ][gc,phases,start] GC(705) Phase 2: Prepare for compaction
[4.999s][info   ][gc,phases      ] GC(705) Phase 2: Prepare for compaction 0.121ms
[4.999s][info   ][gc,phases,start] GC(705) Phase 3: Adjust pointers
[5.000s][info   ][gc,phases      ] GC(705) Phase 3: Adjust pointers 1.290ms
[5.000s][info   ][gc,phases,start] GC(705) Phase 4: Compact heap
[5.000s][info   ][gc,phases      ] GC(705) Phase 4: Compact heap 0.069ms
[5.001s][info   ][gc,heap        ] GC(705) Eden regions: 1->0(3)
[5.001s][info   ][gc,heap        ] GC(705) Survivor regions: 0->0(0)
[5.001s][info   ][gc,heap        ] GC(705) Old regions: 2->2
[5.001s][info   ][gc,heap        ] GC(705) Archive regions: 2->2
[5.001s][info   ][gc,heap        ] GC(705) Humongous regions: 0->0
[5.001s][info   ][gc,metaspace   ] GC(705) Metaspace: 9524K(9792K)->9524K(9792K) NonClass: 8366K(8512K)->8366K(8512K) Class: 1157K(1280K)->1157K(1280K)
[5.001s][info   ][gc             ] GC(705) Pause Full (System.gc()) 4M->4M(28M) 5.280ms
[5.001s][info   ][gc,cpu         ] GC(705) User=0.00s Sys=0.00s Real=0.00s
[5.001s][info   ][gc,start       ] GC(706) Pause Full (System.gc())
[5.001s][info   ][gc,task        ] GC(706) Using 1 workers of 10 for full compaction
[5.001s][info   ][gc,phases,start] GC(706) Phase 1: Mark live objects
[5.004s][info   ][gc,phases      ] GC(706) Phase 1: Mark live objects 2.590ms
[5.004s][info   ][gc,phases,start] GC(706) Phase 2: Prepare for compaction
[5.004s][info   ][gc,phases      ] GC(706) Phase 2: Prepare for compaction 0.195ms
[5.004s][info   ][gc,phases,start] GC(706) Phase 3: Adjust pointers
[5.006s][info   ][gc,phases      ] GC(706) Phase 3: Adjust pointers 1.610ms
[5.006s][info   ][gc,phases,start] GC(706) Phase 4: Compact heap
[5.006s][info   ][gc,phases      ] GC(706) Phase 4: Compact heap 0.111ms
[5.006s][info   ][gc,heap        ] GC(706) Eden regions: 1->0(3)
[5.006s][info   ][gc,heap        ] GC(706) Survivor regions: 0->0(0)
[5.006s][info   ][gc,heap        ] GC(706) Old regions: 2->2
[5.006s][info   ][gc,heap        ] GC(706) Archive regions: 2->2
[5.006s][info   ][gc,heap        ] GC(706) Humongous regions: 0->0
[5.006s][info   ][gc,metaspace   ] GC(706) Metaspace: 9524K(9792K)->9524K(9792K) NonClass: 8366K(8512K)->8366K(8512K) Class: 1157K(1280K)->1157K(1280K)
[5.006s][info   ][gc             ] GC(706) Pause Full (System.gc()) 4M->4M(28M) 4.942ms
[5.006s][info   ][gc,cpu         ] GC(706) User=0.01s Sys=0.00s Real=0.01s
[5.006s][info   ][gc,start       ] GC(707) Pause Full (System.gc())
[5.006s][info   ][gc,task        ] GC(707) Using 1 workers of 10 for full compaction
[5.006s][info   ][gc,phases,start] GC(707) Phase 1: Mark live objects
[5.009s][info   ][gc,phases      ] GC(707) Phase 1: Mark live objects 2.763ms
[5.009s][info   ][gc,phases,start] GC(707) Phase 2: Prepare for compaction
[5.009s][info   ][gc,phases      ] GC(707) Phase 2: Prepare for compaction 0.142ms
[5.009s][info   ][gc,phases,start] GC(707) Phase 3: Adjust pointers
[5.011s][info   ][gc,phases      ] GC(707) Phase 3: Adjust pointers 1.283ms
[5.011s][info   ][gc,phases,start] GC(707) Phase 4: Compact heap
[5.011s][info   ][gc,phases      ] GC(707) Phase 4: Compact heap 0.101ms
[5.011s][info   ][gc,heap        ] GC(707) Eden regions: 0->0(3)
[5.011s][info   ][gc,heap        ] GC(707) Survivor regions: 0->0(0)
[5.011s][info   ][gc,heap        ] GC(707) Old regions: 2->2
[5.011s][info   ][gc,heap        ] GC(707) Archive regions: 2->2
[5.011s][info   ][gc,heap        ] GC(707) Humongous regions: 0->0
[5.011s][info   ][gc,metaspace   ] GC(707) Metaspace: 9524K(9792K)->9524K(9792K) NonClass: 8366K(8512K)->8366K(8512K) Class: 1157K(1280K)->1157K(1280K)
[5.011s][info   ][gc             ] GC(707) Pause Full (System.gc()) 4M->4M(28M) 4.884ms
[5.011s][info   ][gc,cpu         ] GC(707) User=0.00s Sys=0.00s Real=0.00s
[5.012s][info   ][gc,start       ] GC(708) Pause Full (System.gc())
[5.012s][info   ][gc,task        ] GC(708) Using 1 workers of 10 for full compaction
[5.012s][info   ][gc,phases,start] GC(708) Phase 1: Mark live objects
[5.014s][info   ][gc,phases      ] GC(708) Phase 1: Mark live objects 2.433ms
[5.014s][info   ][gc,phases,start] GC(708) Phase 2: Prepare for compaction
[5.015s][info   ][gc,phases      ] GC(708) Phase 2: Prepare for compaction 0.133ms
[5.015s][info   ][gc,phases,start] GC(708) Phase 3: Adjust pointers
[5.017s][info   ][gc,phases      ] GC(708) Phase 3: Adjust pointers 2.442ms
[5.017s][info   ][gc,phases,start] GC(708) Phase 4: Compact heap
[5.017s][info   ][gc,phases      ] GC(708) Phase 4: Compact heap 0.118ms
[5.018s][info   ][gc,heap        ] GC(708) Eden regions: 1->0(3)
[5.018s][info   ][gc,heap        ] GC(708) Survivor regions: 0->0(0)
[5.018s][info   ][gc,heap        ] GC(708) Old regions: 2->2
[5.018s][info   ][gc,heap        ] GC(708) Archive regions: 2->2
[5.018s][info   ][gc,heap        ] GC(708) Humongous regions: 0->0
[5.018s][info   ][gc,metaspace   ] GC(708) Metaspace: 9524K(9792K)->9524K(9792K) NonClass: 8366K(8512K)->8366K(8512K) Class: 1157K(1280K)->1157K(1280K)
[5.018s][info   ][gc             ] GC(708) Pause Full (System.gc()) 4M->4M(28M) 5.745ms
[5.018s][info   ][gc,cpu         ] GC(708) User=0.01s Sys=0.00s Real=0.01s
[5.018s][info   ][gc,start       ] GC(709) Pause Full (System.gc())
[5.018s][info   ][gc,task        ] GC(709) Using 1 workers of 10 for full compaction
[5.018s][info   ][gc,phases,start] GC(709) Phase 1: Mark live objects
[5.020s][info   ][gc,phases      ] GC(709) Phase 1: Mark live objects 2.674ms
[5.020s][info   ][gc,phases,start] GC(709) Phase 2: Prepare for compaction
[5.021s][info   ][gc,phases      ] GC(709) Phase 2: Prepare for compaction 0.125ms
[5.021s][info   ][gc,phases,start] GC(709) Phase 3: Adjust pointers
[5.022s][info   ][gc,phases      ] GC(709) Phase 3: Adjust pointers 1.171ms
[5.022s][info   ][gc,phases,start] GC(709) Phase 4: Compact heap
[5.022s][info   ][gc,phases      ] GC(709) Phase 4: Compact heap 0.104ms
[5.022s][info   ][gc,heap        ] GC(709) Eden regions: 0->0(3)
[5.022s][info   ][gc,heap        ] GC(709) Survivor regions: 0->0(0)
[5.022s][info   ][gc,heap        ] GC(709) Old regions: 2->2
[5.022s][info   ][gc,heap        ] GC(709) Archive regions: 2->2
[5.022s][info   ][gc,heap        ] GC(709) Humongous regions: 0->0
[5.022s][info   ][gc,metaspace   ] GC(709) Metaspace: 9524K(9792K)->9524K(9792K) NonClass: 8366K(8512K)->8366K(8512K) Class: 1157K(1280K)->1157K(1280K)
[5.022s][info   ][gc             ] GC(709) Pause Full (System.gc()) 4M->4M(28M) 4.429ms
[5.022s][info   ][gc,cpu         ] GC(709) User=0.00s Sys=0.00s Real=0.00s
[5.023s][info   ][gc,start       ] GC(710) Pause Full (System.gc())
[5.023s][info   ][gc,task        ] GC(710) Using 1 workers of 10 for full compaction
[5.023s][info   ][gc,phases,start] GC(710) Phase 1: Mark live objects
[5.026s][info   ][gc,phases      ] GC(710) Phase 1: Mark live objects 2.912ms
[5.026s][info   ][gc,phases,start] GC(710) Phase 2: Prepare for compaction
[5.026s][info   ][gc,phases      ] GC(710) Phase 2: Prepare for compaction 0.175ms
[5.026s][info   ][gc,phases,start] GC(710) Phase 3: Adjust pointers
[5.028s][info   ][gc,phases      ] GC(710) Phase 3: Adjust pointers 1.791ms
[5.028s][info   ][gc,phases,start] GC(710) Phase 4: Compact heap
[5.028s][info   ][gc,phases      ] GC(710) Phase 4: Compact heap 0.197ms
[5.028s][info   ][gc,heap        ] GC(710) Eden regions: 1->0(3)
[5.028s][info   ][gc,heap        ] GC(710) Survivor regions: 0->0(0)
[5.028s][info   ][gc,heap        ] GC(710) Old regions: 2->2
[5.028s][info   ][gc,heap        ] GC(710) Archive regions: 2->2
[5.028s][info   ][gc,heap        ] GC(710) Humongous regions: 0->0
[5.028s][info   ][gc,metaspace   ] GC(710) Metaspace: 9524K(9792K)->9524K(9792K) NonClass: 8366K(8512K)->8366K(8512K) Class: 1157K(1280K)->1157K(1280K)
[5.028s][info   ][gc             ] GC(710) Pause Full (System.gc()) 4M->4M(28M) 5.613ms
[5.028s][info   ][gc,cpu         ] GC(710) User=0.01s Sys=0.00s Real=0.01s
[5.029s][info   ][gc,start       ] GC(711) Pause Full (System.gc())
[5.029s][info   ][gc,task        ] GC(711) Using 1 workers of 10 for full compaction
[5.029s][info   ][gc,phases,start] GC(711) Phase 1: Mark live objects
[5.033s][info   ][gc,phases      ] GC(711) Phase 1: Mark live objects 3.588ms
[5.033s][info   ][gc,phases,start] GC(711) Phase 2: Prepare for compaction
[5.033s][info   ][gc,phases      ] GC(711) Phase 2: Prepare for compaction 0.214ms
[5.033s][info   ][gc,phases,start] GC(711) Phase 3: Adjust pointers
[5.035s][info   ][gc,phases      ] GC(711) Phase 3: Adjust pointers 2.273ms
[5.035s][info   ][gc,phases,start] GC(711) Phase 4: Compact heap
[5.035s][info   ][gc,phases      ] GC(711) Phase 4: Compact heap 0.172ms
[5.036s][info   ][gc,heap        ] GC(711) Eden regions: 1->0(3)
[5.036s][info   ][gc,heap        ] GC(711) Survivor regions: 0->0(0)
[5.036s][info   ][gc,heap        ] GC(711) Old regions: 2->2
[5.036s][info   ][gc,heap        ] GC(711) Archive regions: 2->2
[5.036s][info   ][gc,heap        ] GC(711) Humongous regions: 0->0
[5.036s][info   ][gc,metaspace   ] GC(711) Metaspace: 9524K(9792K)->9524K(9792K) NonClass: 8366K(8512K)->8366K(8512K) Class: 1157K(1280K)->1157K(1280K)
[5.036s][info   ][gc             ] GC(711) Pause Full (System.gc()) 4M->4M(28M) 6.870ms
[5.036s][info   ][gc,cpu         ] GC(711) User=0.00s Sys=0.00s Real=0.01s
[5.036s][info   ][gc,start       ] GC(712) Pause Full (System.gc())
[5.036s][info   ][gc,task        ] GC(712) Using 1 workers of 10 for full compaction
[5.036s][info   ][gc,phases,start] GC(712) Phase 1: Mark live objects
[5.039s][info   ][gc,phases      ] GC(712) Phase 1: Mark live objects 3.168ms
[5.039s][info   ][gc,phases,start] GC(712) Phase 2: Prepare for compaction
[5.040s][info   ][gc,phases      ] GC(712) Phase 2: Prepare for compaction 0.363ms
[5.040s][info   ][gc,phases,start] GC(712) Phase 3: Adjust pointers
[5.042s][info   ][gc,phases      ] GC(712) Phase 3: Adjust pointers 2.609ms
[5.042s][info   ][gc,phases,start] GC(712) Phase 4: Compact heap
[5.042s][info   ][gc,phases      ] GC(712) Phase 4: Compact heap 0.179ms
[5.043s][info   ][gc,heap        ] GC(712) Eden regions: 0->0(3)
[5.043s][info   ][gc,heap        ] GC(712) Survivor regions: 0->0(0)
[5.043s][info   ][gc,heap        ] GC(712) Old regions: 2->2
[5.043s][info   ][gc,heap        ] GC(712) Archive regions: 2->2
[5.043s][info   ][gc,heap        ] GC(712) Humongous regions: 0->0
[5.043s][info   ][gc,metaspace   ] GC(712) Metaspace: 9524K(9792K)->9524K(9792K) NonClass: 8366K(8512K)->8366K(8512K) Class: 1157K(1280K)->1157K(1280K)
[5.043s][info   ][gc             ] GC(712) Pause Full (System.gc()) 4M->4M(28M) 7.150ms
[5.043s][info   ][gc,cpu         ] GC(712) User=0.01s Sys=0.00s Real=0.00s
[5.043s][info   ][gc,start       ] GC(713) Pause Full (System.gc())
[5.043s][info   ][gc,task        ] GC(713) Using 1 workers of 10 for full compaction
[5.043s][info   ][gc,phases,start] GC(713) Phase 1: Mark live objects
[5.048s][info   ][gc,phases      ] GC(713) Phase 1: Mark live objects 4.084ms
[5.048s][info   ][gc,phases,start] GC(713) Phase 2: Prepare for compaction
[5.048s][info   ][gc,phases      ] GC(713) Phase 2: Prepare for compaction 0.226ms
[5.048s][info   ][gc,phases,start] GC(713) Phase 3: Adjust pointers
[5.051s][info   ][gc,phases      ] GC(713) Phase 3: Adjust pointers 3.035ms
[5.051s][info   ][gc,phases,start] GC(713) Phase 4: Compact heap
[5.051s][info   ][gc,phases      ] GC(713) Phase 4: Compact heap 0.125ms
[5.052s][info   ][gc,heap        ] GC(713) Eden regions: 1->0(3)
[5.052s][info   ][gc,heap        ] GC(713) Survivor regions: 0->0(0)
[5.052s][info   ][gc,heap        ] GC(713) Old regions: 2->2
[5.052s][info   ][gc,heap        ] GC(713) Archive regions: 2->2
[5.052s][info   ][gc,heap        ] GC(713) Humongous regions: 0->0
[5.052s][info   ][gc,metaspace   ] GC(713) Metaspace: 9524K(9792K)->9524K(9792K) NonClass: 8366K(8512K)->8366K(8512K) Class: 1157K(1280K)->1157K(1280K)
[5.052s][info   ][gc             ] GC(713) Pause Full (System.gc()) 4M->4M(28M) 8.103ms
[5.052s][info   ][gc,cpu         ] GC(713) User=0.01s Sys=0.00s Real=0.00s
[5.052s][info   ][gc,start       ] GC(714) Pause Full (System.gc())
[5.052s][info   ][gc,task        ] GC(714) Using 1 workers of 10 for full compaction
[5.052s][info   ][gc,phases,start] GC(714) Phase 1: Mark live objects
[5.057s][info   ][gc,phases      ] GC(714) Phase 1: Mark live objects 5.686ms
[5.058s][info   ][gc,phases,start] GC(714) Phase 2: Prepare for compaction
[5.058s][info   ][gc,phases      ] GC(714) Phase 2: Prepare for compaction 0.313ms
[5.058s][info   ][gc,phases,start] GC(714) Phase 3: Adjust pointers
[5.061s][info   ][gc,phases      ] GC(714) Phase 3: Adjust pointers 2.746ms
[5.061s][info   ][gc,phases,start] GC(714) Phase 4: Compact heap
[5.061s][info   ][gc,phases      ] GC(714) Phase 4: Compact heap 0.222ms
[5.062s][info   ][gc,heap        ] GC(714) Eden regions: 0->0(3)
[5.062s][info   ][gc,heap        ] GC(714) Survivor regions: 0->0(0)
[5.062s][info   ][gc,heap        ] GC(714) Old regions: 2->2
[5.062s][info   ][gc,heap        ] GC(714) Archive regions: 2->2
[5.062s][info   ][gc,heap        ] GC(714) Humongous regions: 0->0
[5.062s][info   ][gc,metaspace   ] GC(714) Metaspace: 9524K(9792K)->9524K(9792K) NonClass: 8366K(8512K)->8366K(8512K) Class: 1157K(1280K)->1157K(1280K)
[5.062s][info   ][gc             ] GC(714) Pause Full (System.gc()) 4M->4M(28M) 9.821ms
[5.062s][info   ][gc,cpu         ] GC(714) User=0.01s Sys=0.00s Real=0.01s
[5.062s][info   ][gc,start       ] GC(715) Pause Full (System.gc())
[5.062s][info   ][gc,task        ] GC(715) Using 1 workers of 10 for full compaction
[5.062s][info   ][gc,phases,start] GC(715) Phase 1: Mark live objects
[5.067s][info   ][gc,phases      ] GC(715) Phase 1: Mark live objects 4.745ms
[5.067s][info   ][gc,phases,start] GC(715) Phase 2: Prepare for compaction
[5.067s][info   ][gc,phases      ] GC(715) Phase 2: Prepare for compaction 0.238ms
[5.067s][info   ][gc,phases,start] GC(715) Phase 3: Adjust pointers
[5.070s][info   ][gc,phases      ] GC(715) Phase 3: Adjust pointers 2.397ms
[5.070s][info   ][gc,phases,start] GC(715) Phase 4: Compact heap
[5.070s][info   ][gc,phases      ] GC(715) Phase 4: Compact heap 0.189ms
[5.070s][info   ][gc,heap        ] GC(715) Eden regions: 1->0(3)
[5.070s][info   ][gc,heap        ] GC(715) Survivor regions: 0->0(0)
[5.070s][info   ][gc,heap        ] GC(715) Old regions: 2->2
[5.070s][info   ][gc,heap        ] GC(715) Archive regions: 2->2
[5.070s][info   ][gc,heap        ] GC(715) Humongous regions: 0->0
[5.070s][info   ][gc,metaspace   ] GC(715) Metaspace: 9524K(9792K)->9524K(9792K) NonClass: 8366K(8512K)->8366K(8512K) Class: 1157K(1280K)->1157K(1280K)
[5.071s][info   ][gc             ] GC(715) Pause Full (System.gc()) 4M->4M(28M) 8.311ms
[5.071s][info   ][gc,cpu         ] GC(715) User=0.00s Sys=0.00s Real=0.01s
[5.071s][info   ][gc,start       ] GC(716) Pause Full (System.gc())
[5.071s][info   ][gc,task        ] GC(716) Using 1 workers of 10 for full compaction
[5.071s][info   ][gc,phases,start] GC(716) Phase 1: Mark live objects
[5.075s][info   ][gc,phases      ] GC(716) Phase 1: Mark live objects 4.205ms
[5.075s][info   ][gc,phases,start] GC(716) Phase 2: Prepare for compaction
[5.075s][info   ][gc,phases      ] GC(716) Phase 2: Prepare for compaction 0.414ms
[5.075s][info   ][gc,phases,start] GC(716) Phase 3: Adjust pointers
[5.077s][info   ][gc,phases      ] GC(716) Phase 3: Adjust pointers 2.008ms
[5.077s][info   ][gc,phases,start] GC(716) Phase 4: Compact heap
[5.078s][info   ][gc,phases      ] GC(716) Phase 4: Compact heap 0.270ms
[5.078s][info   ][gc,heap        ] GC(716) Eden regions: 0->0(3)
[5.078s][info   ][gc,heap        ] GC(716) Survivor regions: 0->0(0)
[5.078s][info   ][gc,heap        ] GC(716) Old regions: 2->2
[5.078s][info   ][gc,heap        ] GC(716) Archive regions: 2->2
[5.078s][info   ][gc,heap        ] GC(716) Humongous regions: 0->0
[5.078s][info   ][gc,metaspace   ] GC(716) Metaspace: 9524K(9792K)->9524K(9792K) NonClass: 8366K(8512K)->8366K(8512K) Class: 1157K(1280K)->1157K(1280K)
[5.078s][info   ][gc             ] GC(716) Pause Full (System.gc()) 4M->4M(28M) 7.682ms
[5.078s][info   ][gc,cpu         ] GC(716) User=0.01s Sys=0.00s Real=0.01s
[5.079s][info   ][gc,start       ] GC(717) Pause Full (System.gc())
[5.079s][info   ][gc,task        ] GC(717) Using 1 workers of 10 for full compaction
[5.079s][info   ][gc,phases,start] GC(717) Phase 1: Mark live objects
[5.082s][info   ][gc,phases      ] GC(717) Phase 1: Mark live objects 3.340ms
[5.082s][info   ][gc,phases,start] GC(717) Phase 2: Prepare for compaction
[5.083s][info   ][gc,phases      ] GC(717) Phase 2: Prepare for compaction 0.221ms
[5.083s][info   ][gc,phases,start] GC(717) Phase 3: Adjust pointers
[5.084s][info   ][gc,phases      ] GC(717) Phase 3: Adjust pointers 1.517ms
[5.084s][info   ][gc,phases,start] GC(717) Phase 4: Compact heap
[5.084s][info   ][gc,phases      ] GC(717) Phase 4: Compact heap 0.233ms
[5.085s][info   ][gc,heap        ] GC(717) Eden regions: 1->0(3)
[5.085s][info   ][gc,heap        ] GC(717) Survivor regions: 0->0(0)
[5.085s][info   ][gc,heap        ] GC(717) Old regions: 2->2
[5.085s][info   ][gc,heap        ] GC(717) Archive regions: 2->2
[5.085s][info   ][gc,heap        ] GC(717) Humongous regions: 0->0
[5.085s][info   ][gc,metaspace   ] GC(717) Metaspace: 9524K(9792K)->9524K(9792K) NonClass: 8366K(8512K)->8366K(8512K) Class: 1157K(1280K)->1157K(1280K)
[5.085s][info   ][gc             ] GC(717) Pause Full (System.gc()) 4M->4M(28M) 5.928ms
[5.085s][info   ][gc,cpu         ] GC(717) User=0.01s Sys=0.00s Real=0.01s
[5.085s][info   ][gc,start       ] GC(718) Pause Full (System.gc())
[5.085s][info   ][gc,task        ] GC(718) Using 1 workers of 10 for full compaction
[5.085s][info   ][gc,phases,start] GC(718) Phase 1: Mark live objects
[5.088s][info   ][gc,phases      ] GC(718) Phase 1: Mark live objects 2.858ms
[5.088s][info   ][gc,phases,start] GC(718) Phase 2: Prepare for compaction
[5.088s][info   ][gc,phases      ] GC(718) Phase 2: Prepare for compaction 0.242ms
[5.088s][info   ][gc,phases,start] GC(718) Phase 3: Adjust pointers
[5.090s][info   ][gc,phases      ] GC(718) Phase 3: Adjust pointers 1.289ms
[5.090s][info   ][gc,phases,start] GC(718) Phase 4: Compact heap
[5.090s][info   ][gc,phases      ] GC(718) Phase 4: Compact heap 0.125ms
[5.090s][info   ][gc,heap        ] GC(718) Eden regions: 1->0(3)
[5.090s][info   ][gc,heap        ] GC(718) Survivor regions: 0->0(0)
[5.090s][info   ][gc,heap        ] GC(718) Old regions: 2->2
[5.090s][info   ][gc,heap        ] GC(718) Archive regions: 2->2
[5.090s][info   ][gc,heap        ] GC(718) Humongous regions: 0->0
[5.090s][info   ][gc,metaspace   ] GC(718) Metaspace: 9524K(9792K)->9524K(9792K) NonClass: 8366K(8512K)->8366K(8512K) Class: 1157K(1280K)->1157K(1280K)
[5.090s][info   ][gc             ] GC(718) Pause Full (System.gc()) 4M->4M(28M) 4.935ms
[5.090s][info   ][gc,cpu         ] GC(718) User=0.00s Sys=0.00s Real=0.00s
[5.090s][info   ][gc,start       ] GC(719) Pause Full (System.gc())
[5.090s][info   ][gc,task        ] GC(719) Using 1 workers of 10 for full compaction
[5.090s][info   ][gc,phases,start] GC(719) Phase 1: Mark live objects
[5.094s][info   ][gc,phases      ] GC(719) Phase 1: Mark live objects 3.338ms
[5.094s][info   ][gc,phases,start] GC(719) Phase 2: Prepare for compaction
[5.094s][info   ][gc,phases      ] GC(719) Phase 2: Prepare for compaction 0.162ms
[5.094s][info   ][gc,phases,start] GC(719) Phase 3: Adjust pointers
[5.095s][info   ][gc,phases      ] GC(719) Phase 3: Adjust pointers 1.359ms
[5.095s][info   ][gc,phases,start] GC(719) Phase 4: Compact heap
[5.095s][info   ][gc,phases      ] GC(719) Phase 4: Compact heap 0.082ms
[5.096s][info   ][gc,heap        ] GC(719) Eden regions: 0->0(3)
[5.096s][info   ][gc,heap        ] GC(719) Survivor regions: 0->0(0)
[5.096s][info   ][gc,heap        ] GC(719) Old regions: 2->2
[5.096s][info   ][gc,heap        ] GC(719) Archive regions: 2->2
[5.096s][info   ][gc,heap        ] GC(719) Humongous regions: 0->0
[5.096s][info   ][gc,metaspace   ] GC(719) Metaspace: 9524K(9792K)->9524K(9792K) NonClass: 8366K(8512K)->8366K(8512K) Class: 1157K(1280K)->1157K(1280K)
[5.096s][info   ][gc             ] GC(719) Pause Full (System.gc()) 4M->4M(28M) 5.493ms
[5.096s][info   ][gc,cpu         ] GC(719) User=0.01s Sys=0.00s Real=0.01s
[5.096s][info   ][gc,start       ] GC(720) Pause Full (System.gc())
[5.096s][info   ][gc,task        ] GC(720) Using 1 workers of 10 for full compaction
[5.096s][info   ][gc,phases,start] GC(720) Phase 1: Mark live objects
[5.100s][info   ][gc,phases      ] GC(720) Phase 1: Mark live objects 3.940ms
[5.100s][info   ][gc,phases,start] GC(720) Phase 2: Prepare for compaction
[5.100s][info   ][gc,phases      ] GC(720) Phase 2: Prepare for compaction 0.187ms
[5.100s][info   ][gc,phases,start] GC(720) Phase 3: Adjust pointers
[5.103s][info   ][gc,phases      ] GC(720) Phase 3: Adjust pointers 2.301ms
[5.103s][info   ][gc,phases,start] GC(720) Phase 4: Compact heap
[5.103s][info   ][gc,phases      ] GC(720) Phase 4: Compact heap 0.181ms
[5.104s][info   ][gc,heap        ] GC(720) Eden regions: 1->0(3)
[5.104s][info   ][gc,heap        ] GC(720) Survivor regions: 0->0(0)
[5.104s][info   ][gc,heap        ] GC(720) Old regions: 2->2
[5.104s][info   ][gc,heap        ] GC(720) Archive regions: 2->2
[5.104s][info   ][gc,heap        ] GC(720) Humongous regions: 0->0
[5.104s][info   ][gc,metaspace   ] GC(720) Metaspace: 9524K(9792K)->9524K(9792K) NonClass: 8366K(8512K)->8366K(8512K) Class: 1157K(1280K)->1157K(1280K)
[5.104s][info   ][gc             ] GC(720) Pause Full (System.gc()) 4M->4M(28M) 7.574ms
[5.104s][info   ][gc,cpu         ] GC(720) User=0.00s Sys=0.00s Real=0.01s
[5.104s][info   ][gc,start       ] GC(721) Pause Full (System.gc())
[5.104s][info   ][gc,task        ] GC(721) Using 1 workers of 10 for full compaction
[5.104s][info   ][gc,phases,start] GC(721) Phase 1: Mark live objects
[5.109s][info   ][gc,phases      ] GC(721) Phase 1: Mark live objects 4.310ms
[5.109s][info   ][gc,phases,start] GC(721) Phase 2: Prepare for compaction
[5.109s][info   ][gc,phases      ] GC(721) Phase 2: Prepare for compaction 0.206ms
[5.109s][info   ][gc,phases,start] GC(721) Phase 3: Adjust pointers
[5.111s][info   ][gc,phases      ] GC(721) Phase 3: Adjust pointers 2.010ms
[5.111s][info   ][gc,phases,start] GC(721) Phase 4: Compact heap
[5.111s][info   ][gc,phases      ] GC(721) Phase 4: Compact heap 0.173ms
[5.112s][info   ][gc,heap        ] GC(721) Eden regions: 0->0(3)
[5.112s][info   ][gc,heap        ] GC(721) Survivor regions: 0->0(0)
[5.112s][info   ][gc,heap        ] GC(721) Old regions: 2->2
[5.112s][info   ][gc,heap        ] GC(721) Archive regions: 2->2
[5.112s][info   ][gc,heap        ] GC(721) Humongous regions: 0->0
[5.112s][info   ][gc,metaspace   ] GC(721) Metaspace: 9524K(9792K)->9524K(9792K) NonClass: 8366K(8512K)->8366K(8512K) Class: 1157K(1280K)->1157K(1280K)
[5.112s][info   ][gc             ] GC(721) Pause Full (System.gc()) 4M->4M(28M) 7.527ms
[5.112s][info   ][gc,cpu         ] GC(721) User=0.01s Sys=0.00s Real=0.00s
[5.112s][info   ][gc,start       ] GC(722) Pause Full (System.gc())
[5.112s][info   ][gc,task        ] GC(722) Using 1 workers of 10 for full compaction
[5.112s][info   ][gc,phases,start] GC(722) Phase 1: Mark live objects
[5.115s][info   ][gc,phases      ] GC(722) Phase 1: Mark live objects 3.324ms
[5.115s][info   ][gc,phases,start] GC(722) Phase 2: Prepare for compaction
[5.116s][info   ][gc,phases      ] GC(722) Phase 2: Prepare for compaction 0.131ms
[5.116s][info   ][gc,phases,start] GC(722) Phase 3: Adjust pointers
[5.117s][info   ][gc,phases      ] GC(722) Phase 3: Adjust pointers 1.578ms
[5.117s][info   ][gc,phases,start] GC(722) Phase 4: Compact heap
[5.117s][info   ][gc,phases      ] GC(722) Phase 4: Compact heap 0.060ms
[5.118s][info   ][gc,heap        ] GC(722) Eden regions: 1->0(3)
[5.118s][info   ][gc,heap        ] GC(722) Survivor regions: 0->0(0)
[5.118s][info   ][gc,heap        ] GC(722) Old regions: 2->2
[5.118s][info   ][gc,heap        ] GC(722) Archive regions: 2->2
[5.118s][info   ][gc,heap        ] GC(722) Humongous regions: 0->0
[5.118s][info   ][gc,metaspace   ] GC(722) Metaspace: 9524K(9792K)->9524K(9792K) NonClass: 8366K(8512K)->8366K(8512K) Class: 1157K(1280K)->1157K(1280K)
[5.118s][info   ][gc             ] GC(722) Pause Full (System.gc()) 4M->4M(28M) 5.914ms
[5.118s][info   ][gc,cpu         ] GC(722) User=0.01s Sys=0.00s Real=0.01s
[5.118s][info   ][gc,start       ] GC(723) Pause Full (System.gc())
[5.118s][info   ][gc,task        ] GC(723) Using 1 workers of 10 for full compaction
[5.118s][info   ][gc,phases,start] GC(723) Phase 1: Mark live objects
[5.122s][info   ][gc,phases      ] GC(723) Phase 1: Mark live objects 3.560ms
[5.122s][info   ][gc,phases,start] GC(723) Phase 2: Prepare for compaction
[5.122s][info   ][gc,phases      ] GC(723) Phase 2: Prepare for compaction 0.133ms
[5.122s][info   ][gc,phases,start] GC(723) Phase 3: Adjust pointers
[5.124s][info   ][gc,phases      ] GC(723) Phase 3: Adjust pointers 1.454ms
[5.124s][info   ][gc,phases,start] GC(723) Phase 4: Compact heap
[5.124s][info   ][gc,phases      ] GC(723) Phase 4: Compact heap 0.141ms
[5.124s][info   ][gc,heap        ] GC(723) Eden regions: 1->0(3)
[5.124s][info   ][gc,heap        ] GC(723) Survivor regions: 0->0(0)
[5.124s][info   ][gc,heap        ] GC(723) Old regions: 2->2
[5.124s][info   ][gc,heap        ] GC(723) Archive regions: 2->2
[5.124s][info   ][gc,heap        ] GC(723) Humongous regions: 0->0
[5.124s][info   ][gc,metaspace   ] GC(723) Metaspace: 9524K(9792K)->9524K(9792K) NonClass: 8366K(8512K)->8366K(8512K) Class: 1157K(1280K)->1157K(1280K)
[5.124s][info   ][gc             ] GC(723) Pause Full (System.gc()) 4M->4M(28M) 5.993ms
[5.124s][info   ][gc,cpu         ] GC(723) User=0.00s Sys=0.00s Real=0.01s
[5.125s][info   ][gc,start       ] GC(724) Pause Full (System.gc())
[5.125s][info   ][gc,task        ] GC(724) Using 1 workers of 10 for full compaction
[5.125s][info   ][gc,phases,start] GC(724) Phase 1: Mark live objects
[5.128s][info   ][gc,phases      ] GC(724) Phase 1: Mark live objects 3.057ms
[5.128s][info   ][gc,phases,start] GC(724) Phase 2: Prepare for compaction
[5.128s][info   ][gc,phases      ] GC(724) Phase 2: Prepare for compaction 0.140ms
[5.128s][info   ][gc,phases,start] GC(724) Phase 3: Adjust pointers
[5.129s][info   ][gc,phases      ] GC(724) Phase 3: Adjust pointers 1.277ms
[5.129s][info   ][gc,phases,start] GC(724) Phase 4: Compact heap
[5.130s][info   ][gc,phases      ] GC(724) Phase 4: Compact heap 0.229ms
[5.130s][info   ][gc,heap        ] GC(724) Eden regions: 1->0(3)
[5.130s][info   ][gc,heap        ] GC(724) Survivor regions: 0->0(0)
[5.130s][info   ][gc,heap        ] GC(724) Old regions: 2->2
[5.130s][info   ][gc,heap        ] GC(724) Archive regions: 2->2
[5.130s][info   ][gc,heap        ] GC(724) Humongous regions: 0->0
[5.130s][info   ][gc,metaspace   ] GC(724) Metaspace: 9524K(9792K)->9524K(9792K) NonClass: 8366K(8512K)->8366K(8512K) Class: 1157K(1280K)->1157K(1280K)
[5.130s][info   ][gc             ] GC(724) Pause Full (System.gc()) 4M->4M(28M) 5.336ms
[5.130s][info   ][gc,cpu         ] GC(724) User=0.00s Sys=0.00s Real=0.00s
[5.130s][info   ][gc,start       ] GC(725) Pause Full (System.gc())
[5.130s][info   ][gc,task        ] GC(725) Using 1 workers of 10 for full compaction
[5.130s][info   ][gc,phases,start] GC(725) Phase 1: Mark live objects
[5.134s][info   ][gc,phases      ] GC(725) Phase 1: Mark live objects 3.332ms
[5.134s][info   ][gc,phases,start] GC(725) Phase 2: Prepare for compaction
[5.134s][info   ][gc,phases      ] GC(725) Phase 2: Prepare for compaction 0.127ms
[5.134s][info   ][gc,phases,start] GC(725) Phase 3: Adjust pointers
[5.135s][info   ][gc,phases      ] GC(725) Phase 3: Adjust pointers 1.386ms
[5.135s][info   ][gc,phases,start] GC(725) Phase 4: Compact heap
[5.136s][info   ][gc,phases      ] GC(725) Phase 4: Compact heap 0.411ms
[5.136s][info   ][gc,heap        ] GC(725) Eden regions: 0->0(3)
[5.136s][info   ][gc,heap        ] GC(725) Survivor regions: 0->0(0)
[5.136s][info   ][gc,heap        ] GC(725) Old regions: 2->2
[5.136s][info   ][gc,heap        ] GC(725) Archive regions: 2->2
[5.136s][info   ][gc,heap        ] GC(725) Humongous regions: 0->0
[5.136s][info   ][gc,metaspace   ] GC(725) Metaspace: 9524K(9792K)->9524K(9792K) NonClass: 8366K(8512K)->8366K(8512K) Class: 1157K(1280K)->1157K(1280K)
[5.137s][info   ][gc             ] GC(725) Pause Full (System.gc()) 4M->4M(28M) 6.065ms
[5.137s][info   ][gc,cpu         ] GC(725) User=0.00s Sys=0.00s Real=0.01s
[5.137s][info   ][gc,start       ] GC(726) Pause Full (System.gc())
[5.137s][info   ][gc,task        ] GC(726) Using 1 workers of 10 for full compaction
[5.137s][info   ][gc,phases,start] GC(726) Phase 1: Mark live objects
[5.141s][info   ][gc,phases      ] GC(726) Phase 1: Mark live objects 4.560ms
[5.141s][info   ][gc,phases,start] GC(726) Phase 2: Prepare for compaction
[5.141s][info   ][gc,phases      ] GC(726) Phase 2: Prepare for compaction 0.159ms
[5.141s][info   ][gc,phases,start] GC(726) Phase 3: Adjust pointers
[5.143s][info   ][gc,phases      ] GC(726) Phase 3: Adjust pointers 1.717ms
[5.143s][info   ][gc,phases,start] GC(726) Phase 4: Compact heap
[5.143s][info   ][gc,phases      ] GC(726) Phase 4: Compact heap 0.079ms
[5.145s][info   ][gc,heap        ] GC(726) Eden regions: 0->0(3)
[5.145s][info   ][gc,heap        ] GC(726) Survivor regions: 0->0(0)
[5.145s][info   ][gc,heap        ] GC(726) Old regions: 2->2
[5.145s][info   ][gc,heap        ] GC(726) Archive regions: 2->2
[5.145s][info   ][gc,heap        ] GC(726) Humongous regions: 0->0
[5.145s][info   ][gc,metaspace   ] GC(726) Metaspace: 9524K(9792K)->9524K(9792K) NonClass: 8366K(8512K)->8366K(8512K) Class: 1157K(1280K)->1157K(1280K)
[5.145s][info   ][gc             ] GC(726) Pause Full (System.gc()) 4M->4M(28M) 8.297ms
[5.145s][info   ][gc,cpu         ] GC(726) User=0.01s Sys=0.00s Real=0.01s
[5.145s][info   ][gc,start       ] GC(727) Pause Full (System.gc())
[5.146s][info   ][gc,task        ] GC(727) Using 1 workers of 10 for full compaction
[5.146s][info   ][gc,phases,start] GC(727) Phase 1: Mark live objects
[5.150s][info   ][gc,phases      ] GC(727) Phase 1: Mark live objects 4.124ms
[5.150s][info   ][gc,phases,start] GC(727) Phase 2: Prepare for compaction
[5.150s][info   ][gc,phases      ] GC(727) Phase 2: Prepare for compaction 0.211ms
[5.150s][info   ][gc,phases,start] GC(727) Phase 3: Adjust pointers
[5.152s][info   ][gc,phases      ] GC(727) Phase 3: Adjust pointers 1.876ms
[5.152s][info   ][gc,phases,start] GC(727) Phase 4: Compact heap
[5.152s][info   ][gc,phases      ] GC(727) Phase 4: Compact heap 0.164ms
[5.152s][info   ][gc,heap        ] GC(727) Eden regions: 0->0(3)
[5.152s][info   ][gc,heap        ] GC(727) Survivor regions: 0->0(0)
[5.152s][info   ][gc,heap        ] GC(727) Old regions: 2->2
[5.152s][info   ][gc,heap        ] GC(727) Archive regions: 2->2
[5.152s][info   ][gc,heap        ] GC(727) Humongous regions: 0->0
[5.152s][info   ][gc,metaspace   ] GC(727) Metaspace: 9524K(9792K)->9524K(9792K) NonClass: 8366K(8512K)->8366K(8512K) Class: 1157K(1280K)->1157K(1280K)
[5.152s][info   ][gc             ] GC(727) Pause Full (System.gc()) 4M->4M(28M) 6.919ms
[5.152s][info   ][gc,cpu         ] GC(727) User=0.01s Sys=0.00s Real=0.00s
[5.153s][info   ][gc,start       ] GC(728) Pause Full (System.gc())
[5.153s][info   ][gc,task        ] GC(728) Using 1 workers of 10 for full compaction
[5.153s][info   ][gc,phases,start] GC(728) Phase 1: Mark live objects
[5.156s][info   ][gc,phases      ] GC(728) Phase 1: Mark live objects 3.436ms
[5.156s][info   ][gc,phases,start] GC(728) Phase 2: Prepare for compaction
[5.156s][info   ][gc,phases      ] GC(728) Phase 2: Prepare for compaction 0.107ms
[5.156s][info   ][gc,phases,start] GC(728) Phase 3: Adjust pointers
[5.158s][info   ][gc,phases      ] GC(728) Phase 3: Adjust pointers 1.789ms
[5.158s][info   ][gc,phases,start] GC(728) Phase 4: Compact heap
[5.158s][info   ][gc,phases      ] GC(728) Phase 4: Compact heap 0.091ms
[5.159s][info   ][gc,heap        ] GC(728) Eden regions: 1->0(3)
[5.159s][info   ][gc,heap        ] GC(728) Survivor regions: 0->0(0)
[5.159s][info   ][gc,heap        ] GC(728) Old regions: 2->2
[5.159s][info   ][gc,heap        ] GC(728) Archive regions: 2->2
[5.159s][info   ][gc,heap        ] GC(728) Humongous regions: 0->0
[5.159s][info   ][gc,metaspace   ] GC(728) Metaspace: 9524K(9792K)->9524K(9792K) NonClass: 8366K(8512K)->8366K(8512K) Class: 1157K(1280K)->1157K(1280K)
[5.159s][info   ][gc             ] GC(728) Pause Full (System.gc()) 4M->4M(28M) 6.287ms
[5.159s][info   ][gc,cpu         ] GC(728) User=0.00s Sys=0.00s Real=0.01s
[5.159s][info   ][gc,start       ] GC(729) Pause Full (System.gc())
[5.159s][info   ][gc,task        ] GC(729) Using 1 workers of 10 for full compaction
[5.159s][info   ][gc,phases,start] GC(729) Phase 1: Mark live objects
[5.162s][info   ][gc,phases      ] GC(729) Phase 1: Mark live objects 2.907ms
[5.162s][info   ][gc,phases,start] GC(729) Phase 2: Prepare for compaction
[5.163s][info   ][gc,phases      ] GC(729) Phase 2: Prepare for compaction 0.214ms
[5.163s][info   ][gc,phases,start] GC(729) Phase 3: Adjust pointers
[5.165s][info   ][gc,phases      ] GC(729) Phase 3: Adjust pointers 2.052ms
[5.165s][info   ][gc,phases,start] GC(729) Phase 4: Compact heap
[5.165s][info   ][gc,phases      ] GC(729) Phase 4: Compact heap 0.116ms
[5.165s][info   ][gc,heap        ] GC(729) Eden regions: 1->0(3)
[5.165s][info   ][gc,heap        ] GC(729) Survivor regions: 0->0(0)
[5.165s][info   ][gc,heap        ] GC(729) Old regions: 2->2
[5.165s][info   ][gc,heap        ] GC(729) Archive regions: 2->2
[5.165s][info   ][gc,heap        ] GC(729) Humongous regions: 0->0
[5.165s][info   ][gc,metaspace   ] GC(729) Metaspace: 9524K(9792K)->9524K(9792K) NonClass: 8366K(8512K)->8366K(8512K) Class: 1157K(1280K)->1157K(1280K)
[5.165s][info   ][gc             ] GC(729) Pause Full (System.gc()) 4M->4M(28M) 5.823ms
[5.165s][info   ][gc,cpu         ] GC(729) User=0.01s Sys=0.00s Real=0.01s
[5.165s][info   ][gc,start       ] GC(730) Pause Full (System.gc())
[5.165s][info   ][gc,task        ] GC(730) Using 1 workers of 10 for full compaction
[5.165s][info   ][gc,phases,start] GC(730) Phase 1: Mark live objects
[5.169s][info   ][gc,phases      ] GC(730) Phase 1: Mark live objects 3.685ms
[5.169s][info   ][gc,phases,start] GC(730) Phase 2: Prepare for compaction
[5.169s][info   ][gc,phases      ] GC(730) Phase 2: Prepare for compaction 0.131ms
[5.169s][info   ][gc,phases,start] GC(730) Phase 3: Adjust pointers
[5.171s][info   ][gc,phases      ] GC(730) Phase 3: Adjust pointers 1.795ms
[5.171s][info   ][gc,phases,start] GC(730) Phase 4: Compact heap
[5.171s][info   ][gc,phases      ] GC(730) Phase 4: Compact heap 0.198ms
[5.172s][info   ][gc,heap        ] GC(730) Eden regions: 1->0(3)
[5.172s][info   ][gc,heap        ] GC(730) Survivor regions: 0->0(0)
[5.172s][info   ][gc,heap        ] GC(730) Old regions: 2->2
[5.172s][info   ][gc,heap        ] GC(730) Archive regions: 2->2
[5.172s][info   ][gc,heap        ] GC(730) Humongous regions: 0->0
[5.172s][info   ][gc,metaspace   ] GC(730) Metaspace: 9524K(9792K)->9524K(9792K) NonClass: 8366K(8512K)->8366K(8512K) Class: 1157K(1280K)->1157K(1280K)
[5.172s][info   ][gc             ] GC(730) Pause Full (System.gc()) 4M->4M(28M) 6.604ms
[5.172s][info   ][gc,cpu         ] GC(730) User=0.00s Sys=0.00s Real=0.00s
[5.172s][info   ][gc,start       ] GC(731) Pause Full (System.gc())
[5.172s][info   ][gc,task        ] GC(731) Using 1 workers of 10 for full compaction
[5.172s][info   ][gc,phases,start] GC(731) Phase 1: Mark live objects
[5.176s][info   ][gc,phases      ] GC(731) Phase 1: Mark live objects 3.668ms
[5.176s][info   ][gc,phases,start] GC(731) Phase 2: Prepare for compaction
[5.176s][info   ][gc,phases      ] GC(731) Phase 2: Prepare for compaction 0.256ms
[5.176s][info   ][gc,phases,start] GC(731) Phase 3: Adjust pointers
[5.178s][info   ][gc,phases      ] GC(731) Phase 3: Adjust pointers 1.558ms
[5.178s][info   ][gc,phases,start] GC(731) Phase 4: Compact heap
[5.178s][info   ][gc,phases      ] GC(731) Phase 4: Compact heap 0.165ms
[5.179s][info   ][gc,heap        ] GC(731) Eden regions: 0->0(3)
[5.179s][info   ][gc,heap        ] GC(731) Survivor regions: 0->0(0)
[5.179s][info   ][gc,heap        ] GC(731) Old regions: 2->2
[5.179s][info   ][gc,heap        ] GC(731) Archive regions: 2->2
[5.179s][info   ][gc,heap        ] GC(731) Humongous regions: 0->0
[5.179s][info   ][gc,metaspace   ] GC(731) Metaspace: 9524K(9792K)->9524K(9792K) NonClass: 8366K(8512K)->8366K(8512K) Class: 1157K(1280K)->1157K(1280K)
[5.179s][info   ][gc             ] GC(731) Pause Full (System.gc()) 4M->4M(28M) 6.186ms
[5.179s][info   ][gc,cpu         ] GC(731) User=0.01s Sys=0.00s Real=0.01s
[5.179s][info   ][gc,start       ] GC(732) Pause Full (System.gc())
[5.179s][info   ][gc,task        ] GC(732) Using 1 workers of 10 for full compaction
[5.179s][info   ][gc,phases,start] GC(732) Phase 1: Mark live objects
[5.183s][info   ][gc,phases      ] GC(732) Phase 1: Mark live objects 3.466ms
[5.183s][info   ][gc,phases,start] GC(732) Phase 2: Prepare for compaction
[5.183s][info   ][gc,phases      ] GC(732) Phase 2: Prepare for compaction 0.219ms
[5.183s][info   ][gc,phases,start] GC(732) Phase 3: Adjust pointers
[5.184s][info   ][gc,phases      ] GC(732) Phase 3: Adjust pointers 1.286ms
[5.184s][info   ][gc,phases,start] GC(732) Phase 4: Compact heap
[5.185s][info   ][gc,phases      ] GC(732) Phase 4: Compact heap 0.239ms
[5.185s][info   ][gc,heap        ] GC(732) Eden regions: 1->0(3)
[5.185s][info   ][gc,heap        ] GC(732) Survivor regions: 0->0(0)
[5.185s][info   ][gc,heap        ] GC(732) Old regions: 2->2
[5.185s][info   ][gc,heap        ] GC(732) Archive regions: 2->2
[5.185s][info   ][gc,heap        ] GC(732) Humongous regions: 0->0
[5.185s][info   ][gc,metaspace   ] GC(732) Metaspace: 9524K(9792K)->9524K(9792K) NonClass: 8366K(8512K)->8366K(8512K) Class: 1157K(1280K)->1157K(1280K)
[5.185s][info   ][gc             ] GC(732) Pause Full (System.gc()) 4M->4M(28M) 5.802ms
[5.185s][info   ][gc,cpu         ] GC(732) User=0.01s Sys=0.00s Real=0.01s
[5.185s][info   ][gc,start       ] GC(733) Pause Full (System.gc())
[5.185s][info   ][gc,task        ] GC(733) Using 1 workers of 10 for full compaction
[5.185s][info   ][gc,phases,start] GC(733) Phase 1: Mark live objects
[5.189s][info   ][gc,phases      ] GC(733) Phase 1: Mark live objects 3.801ms
[5.189s][info   ][gc,phases,start] GC(733) Phase 2: Prepare for compaction
[5.189s][info   ][gc,phases      ] GC(733) Phase 2: Prepare for compaction 0.134ms
[5.189s][info   ][gc,phases,start] GC(733) Phase 3: Adjust pointers
[5.191s][info   ][gc,phases      ] GC(733) Phase 3: Adjust pointers 1.391ms
[5.191s][info   ][gc,phases,start] GC(733) Phase 4: Compact heap
[5.191s][info   ][gc,phases      ] GC(733) Phase 4: Compact heap 0.186ms
[5.192s][info   ][gc,heap        ] GC(733) Eden regions: 0->0(3)
[5.192s][info   ][gc,heap        ] GC(733) Survivor regions: 0->0(0)
[5.192s][info   ][gc,heap        ] GC(733) Old regions: 2->2
[5.192s][info   ][gc,heap        ] GC(733) Archive regions: 2->2
[5.192s][info   ][gc,heap        ] GC(733) Humongous regions: 0->0
[5.192s][info   ][gc,metaspace   ] GC(733) Metaspace: 9524K(9792K)->9524K(9792K) NonClass: 8366K(8512K)->8366K(8512K) Class: 1157K(1280K)->1157K(1280K)
[5.192s][info   ][gc             ] GC(733) Pause Full (System.gc()) 4M->4M(28M) 6.153ms
[5.192s][info   ][gc,cpu         ] GC(733) User=0.00s Sys=0.00s Real=0.00s
[5.192s][info   ][gc,start       ] GC(734) Pause Full (System.gc())
[5.192s][info   ][gc,task        ] GC(734) Using 1 workers of 10 for full compaction
[5.192s][info   ][gc,phases,start] GC(734) Phase 1: Mark live objects
[5.196s][info   ][gc,phases      ] GC(734) Phase 1: Mark live objects 3.977ms
[5.196s][info   ][gc,phases,start] GC(734) Phase 2: Prepare for compaction
[5.196s][info   ][gc,phases      ] GC(734) Phase 2: Prepare for compaction 0.121ms
[5.196s][info   ][gc,phases,start] GC(734) Phase 3: Adjust pointers
[5.198s][info   ][gc,phases      ] GC(734) Phase 3: Adjust pointers 1.661ms
[5.198s][info   ][gc,phases,start] GC(734) Phase 4: Compact heap
[5.198s][info   ][gc,phases      ] GC(734) Phase 4: Compact heap 0.137ms
[5.198s][info   ][gc,heap        ] GC(734) Eden regions: 0->0(3)
[5.198s][info   ][gc,heap        ] GC(734) Survivor regions: 0->0(0)
[5.198s][info   ][gc,heap        ] GC(734) Old regions: 2->2
[5.198s][info   ][gc,heap        ] GC(734) Archive regions: 2->2
[5.198s][info   ][gc,heap        ] GC(734) Humongous regions: 0->0
[5.198s][info   ][gc,metaspace   ] GC(734) Metaspace: 9524K(9792K)->9524K(9792K) NonClass: 8366K(8512K)->8366K(8512K) Class: 1157K(1280K)->1157K(1280K)
[5.198s][info   ][gc             ] GC(734) Pause Full (System.gc()) 4M->4M(28M) 6.603ms
[5.198s][info   ][gc,cpu         ] GC(734) User=0.01s Sys=0.01s Real=0.01s
[5.199s][info   ][gc,start       ] GC(735) Pause Full (System.gc())
[5.199s][info   ][gc,task        ] GC(735) Using 1 workers of 10 for full compaction
[5.199s][info   ][gc,phases,start] GC(735) Phase 1: Mark live objects
[5.202s][info   ][gc,phases      ] GC(735) Phase 1: Mark live objects 3.214ms
[5.202s][info   ][gc,phases,start] GC(735) Phase 2: Prepare for compaction
[5.202s][info   ][gc,phases      ] GC(735) Phase 2: Prepare for compaction 0.141ms
[5.202s][info   ][gc,phases,start] GC(735) Phase 3: Adjust pointers
[5.203s][info   ][gc,phases      ] GC(735) Phase 3: Adjust pointers 1.284ms
[5.203s][info   ][gc,phases,start] GC(735) Phase 4: Compact heap
[5.203s][info   ][gc,phases      ] GC(735) Phase 4: Compact heap 0.175ms
[5.204s][info   ][gc,heap        ] GC(735) Eden regions: 0->0(3)
[5.204s][info   ][gc,heap        ] GC(735) Survivor regions: 0->0(0)
[5.204s][info   ][gc,heap        ] GC(735) Old regions: 2->2
[5.204s][info   ][gc,heap        ] GC(735) Archive regions: 2->2
[5.204s][info   ][gc,heap        ] GC(735) Humongous regions: 0->0
[5.204s][info   ][gc,metaspace   ] GC(735) Metaspace: 9524K(9792K)->9524K(9792K) NonClass: 8366K(8512K)->8366K(8512K) Class: 1157K(1280K)->1157K(1280K)
[5.204s][info   ][gc             ] GC(735) Pause Full (System.gc()) 4M->4M(28M) 5.381ms
[5.204s][info   ][gc,cpu         ] GC(735) User=0.00s Sys=0.00s Real=0.01s
[5.204s][info   ][gc,start       ] GC(736) Pause Full (System.gc())
[5.204s][info   ][gc,task        ] GC(736) Using 1 workers of 10 for full compaction
[5.204s][info   ][gc,phases,start] GC(736) Phase 1: Mark live objects
[5.208s][info   ][gc,phases      ] GC(736) Phase 1: Mark live objects 3.564ms
[5.208s][info   ][gc,phases,start] GC(736) Phase 2: Prepare for compaction
[5.208s][info   ][gc,phases      ] GC(736) Phase 2: Prepare for compaction 0.170ms
[5.208s][info   ][gc,phases,start] GC(736) Phase 3: Adjust pointers
[5.210s][info   ][gc,phases      ] GC(736) Phase 3: Adjust pointers 1.582ms
[5.210s][info   ][gc,phases,start] GC(736) Phase 4: Compact heap
[5.210s][info   ][gc,phases      ] GC(736) Phase 4: Compact heap 0.191ms
[5.210s][info   ][gc,heap        ] GC(736) Eden regions: 0->0(3)
[5.210s][info   ][gc,heap        ] GC(736) Survivor regions: 0->0(0)
[5.210s][info   ][gc,heap        ] GC(736) Old regions: 2->2
[5.210s][info   ][gc,heap        ] GC(736) Archive regions: 2->2
[5.210s][info   ][gc,heap        ] GC(736) Humongous regions: 0->0
[5.210s][info   ][gc,metaspace   ] GC(736) Metaspace: 9524K(9792K)->9524K(9792K) NonClass: 8366K(8512K)->8366K(8512K) Class: 1157K(1280K)->1157K(1280K)
[5.210s][info   ][gc             ] GC(736) Pause Full (System.gc()) 4M->4M(28M) 6.218ms
[5.210s][info   ][gc,cpu         ] GC(736) User=0.01s Sys=0.00s Real=0.00s
[5.211s][info   ][gc,start       ] GC(737) Pause Full (System.gc())
[5.211s][info   ][gc,task        ] GC(737) Using 1 workers of 10 for full compaction
[5.211s][info   ][gc,phases,start] GC(737) Phase 1: Mark live objects
[5.215s][info   ][gc,phases      ] GC(737) Phase 1: Mark live objects 3.768ms
[5.215s][info   ][gc,phases,start] GC(737) Phase 2: Prepare for compaction
[5.215s][info   ][gc,phases      ] GC(737) Phase 2: Prepare for compaction 0.181ms
[5.215s][info   ][gc,phases,start] GC(737) Phase 3: Adjust pointers
[5.217s][info   ][gc,phases      ] GC(737) Phase 3: Adjust pointers 1.802ms
[5.217s][info   ][gc,phases,start] GC(737) Phase 4: Compact heap
[5.217s][info   ][gc,phases      ] GC(737) Phase 4: Compact heap 0.054ms
[5.217s][info   ][gc,heap        ] GC(737) Eden regions: 1->0(3)
[5.217s][info   ][gc,heap        ] GC(737) Survivor regions: 0->0(0)
[5.217s][info   ][gc,heap        ] GC(737) Old regions: 2->2
[5.217s][info   ][gc,heap        ] GC(737) Archive regions: 2->2
[5.217s][info   ][gc,heap        ] GC(737) Humongous regions: 0->0
[5.217s][info   ][gc,metaspace   ] GC(737) Metaspace: 9524K(9792K)->9524K(9792K) NonClass: 8366K(8512K)->8366K(8512K) Class: 1157K(1280K)->1157K(1280K)
[5.217s][info   ][gc             ] GC(737) Pause Full (System.gc()) 4M->4M(28M) 6.414ms
[5.217s][info   ][gc,cpu         ] GC(737) User=0.00s Sys=0.00s Real=0.01s
[5.217s][info   ][gc,start       ] GC(738) Pause Full (System.gc())
[5.217s][info   ][gc,task        ] GC(738) Using 1 workers of 10 for full compaction
[5.217s][info   ][gc,phases,start] GC(738) Phase 1: Mark live objects
[5.221s][info   ][gc,phases      ] GC(738) Phase 1: Mark live objects 3.934ms
[5.221s][info   ][gc,phases,start] GC(738) Phase 2: Prepare for compaction
[5.222s][info   ][gc,phases      ] GC(738) Phase 2: Prepare for compaction 0.280ms
[5.222s][info   ][gc,phases,start] GC(738) Phase 3: Adjust pointers
[5.223s][info   ][gc,phases      ] GC(738) Phase 3: Adjust pointers 1.424ms
[5.223s][info   ][gc,phases,start] GC(738) Phase 4: Compact heap
[5.223s][info   ][gc,phases      ] GC(738) Phase 4: Compact heap 0.099ms
[5.224s][info   ][gc,heap        ] GC(738) Eden regions: 0->0(3)
[5.224s][info   ][gc,heap        ] GC(738) Survivor regions: 0->0(0)
[5.224s][info   ][gc,heap        ] GC(738) Old regions: 2->2
[5.224s][info   ][gc,heap        ] GC(738) Archive regions: 2->2
[5.224s][info   ][gc,heap        ] GC(738) Humongous regions: 0->0
[5.224s][info   ][gc,metaspace   ] GC(738) Metaspace: 9524K(9792K)->9524K(9792K) NonClass: 8366K(8512K)->8366K(8512K) Class: 1157K(1280K)->1157K(1280K)
[5.224s][info   ][gc             ] GC(738) Pause Full (System.gc()) 4M->4M(28M) 6.355ms
[5.224s][info   ][gc,cpu         ] GC(738) User=0.01s Sys=0.00s Real=0.01s
[5.224s][info   ][gc,start       ] GC(739) Pause Full (System.gc())
[5.224s][info   ][gc,task        ] GC(739) Using 1 workers of 10 for full compaction
[5.224s][info   ][gc,phases,start] GC(739) Phase 1: Mark live objects
[5.228s][info   ][gc,phases      ] GC(739) Phase 1: Mark live objects 3.900ms
[5.228s][info   ][gc,phases,start] GC(739) Phase 2: Prepare for compaction
[5.228s][info   ][gc,phases      ] GC(739) Phase 2: Prepare for compaction 0.201ms
[5.228s][info   ][gc,phases,start] GC(739) Phase 3: Adjust pointers
[5.230s][info   ][gc,phases      ] GC(739) Phase 3: Adjust pointers 1.430ms
[5.230s][info   ][gc,phases,start] GC(739) Phase 4: Compact heap
[5.230s][info   ][gc,phases      ] GC(739) Phase 4: Compact heap 0.095ms
[5.230s][info   ][gc,heap        ] GC(739) Eden regions: 1->0(3)
[5.230s][info   ][gc,heap        ] GC(739) Survivor regions: 0->0(0)
[5.230s][info   ][gc,heap        ] GC(739) Old regions: 2->2
[5.230s][info   ][gc,heap        ] GC(739) Archive regions: 2->2
[5.230s][info   ][gc,heap        ] GC(739) Humongous regions: 0->0
[5.230s][info   ][gc,metaspace   ] GC(739) Metaspace: 9524K(9792K)->9524K(9792K) NonClass: 8366K(8512K)->8366K(8512K) Class: 1157K(1280K)->1157K(1280K)
[5.230s][info   ][gc             ] GC(739) Pause Full (System.gc()) 4M->4M(28M) 6.198ms
[5.230s][info   ][gc,cpu         ] GC(739) User=0.00s Sys=0.00s Real=0.00s
[5.231s][info   ][gc,start       ] GC(740) Pause Full (System.gc())
[5.231s][info   ][gc,task        ] GC(740) Using 1 workers of 10 for full compaction
[5.231s][info   ][gc,phases,start] GC(740) Phase 1: Mark live objects
[5.234s][info   ][gc,phases      ] GC(740) Phase 1: Mark live objects 3.194ms
[5.234s][info   ][gc,phases,start] GC(740) Phase 2: Prepare for compaction
[5.234s][info   ][gc,phases      ] GC(740) Phase 2: Prepare for compaction 0.174ms
[5.234s][info   ][gc,phases,start] GC(740) Phase 3: Adjust pointers
[5.236s][info   ][gc,phases      ] GC(740) Phase 3: Adjust pointers 1.229ms
[5.236s][info   ][gc,phases,start] GC(740) Phase 4: Compact heap
[5.236s][info   ][gc,phases      ] GC(740) Phase 4: Compact heap 0.058ms
[5.236s][info   ][gc,heap        ] GC(740) Eden regions: 1->0(3)
[5.236s][info   ][gc,heap        ] GC(740) Survivor regions: 0->0(0)
[5.236s][info   ][gc,heap        ] GC(740) Old regions: 2->2
[5.236s][info   ][gc,heap        ] GC(740) Archive regions: 2->2
[5.236s][info   ][gc,heap        ] GC(740) Humongous regions: 0->0
[5.236s][info   ][gc,metaspace   ] GC(740) Metaspace: 9524K(9792K)->9524K(9792K) NonClass: 8366K(8512K)->8366K(8512K) Class: 1157K(1280K)->1157K(1280K)
[5.236s][info   ][gc             ] GC(740) Pause Full (System.gc()) 4M->4M(28M) 5.267ms
[5.236s][info   ][gc,cpu         ] GC(740) User=0.01s Sys=0.00s Real=0.01s
[5.237s][info   ][gc,start       ] GC(741) Pause Full (System.gc())
[5.237s][info   ][gc,task        ] GC(741) Using 1 workers of 10 for full compaction
[5.237s][info   ][gc,phases,start] GC(741) Phase 1: Mark live objects
[5.239s][info   ][gc,phases      ] GC(741) Phase 1: Mark live objects 2.563ms
[5.239s][info   ][gc,phases,start] GC(741) Phase 2: Prepare for compaction
[5.240s][info   ][gc,phases      ] GC(741) Phase 2: Prepare for compaction 0.265ms
[5.240s][info   ][gc,phases,start] GC(741) Phase 3: Adjust pointers
[5.241s][info   ][gc,phases      ] GC(741) Phase 3: Adjust pointers 1.338ms
[5.241s][info   ][gc,phases,start] GC(741) Phase 4: Compact heap
[5.241s][info   ][gc,phases      ] GC(741) Phase 4: Compact heap 0.144ms
[5.242s][info   ][gc,heap        ] GC(741) Eden regions: 1->0(3)
[5.242s][info   ][gc,heap        ] GC(741) Survivor regions: 0->0(0)
[5.242s][info   ][gc,heap        ] GC(741) Old regions: 2->2
[5.242s][info   ][gc,heap        ] GC(741) Archive regions: 2->2
[5.242s][info   ][gc,heap        ] GC(741) Humongous regions: 0->0
[5.242s][info   ][gc,metaspace   ] GC(741) Metaspace: 9524K(9792K)->9524K(9792K) NonClass: 8366K(8512K)->8366K(8512K) Class: 1157K(1280K)->1157K(1280K)
[5.242s][info   ][gc             ] GC(741) Pause Full (System.gc()) 4M->4M(28M) 4.887ms
[5.242s][info   ][gc,cpu         ] GC(741) User=0.00s Sys=0.00s Real=0.00s
[5.242s][info   ][gc,start       ] GC(742) Pause Full (System.gc())
[5.242s][info   ][gc,task        ] GC(742) Using 1 workers of 10 for full compaction
[5.242s][info   ][gc,phases,start] GC(742) Phase 1: Mark live objects
[5.245s][info   ][gc,phases      ] GC(742) Phase 1: Mark live objects 2.942ms
[5.245s][info   ][gc,phases,start] GC(742) Phase 2: Prepare for compaction
[5.245s][info   ][gc,phases      ] GC(742) Phase 2: Prepare for compaction 0.189ms
[5.245s][info   ][gc,phases,start] GC(742) Phase 3: Adjust pointers
[5.246s][info   ][gc,phases      ] GC(742) Phase 3: Adjust pointers 1.596ms
[5.246s][info   ][gc,phases,start] GC(742) Phase 4: Compact heap
[5.247s][info   ][gc,phases      ] GC(742) Phase 4: Compact heap 0.170ms
[5.247s][info   ][gc,heap        ] GC(742) Eden regions: 0->0(3)
[5.247s][info   ][gc,heap        ] GC(742) Survivor regions: 0->0(0)
[5.247s][info   ][gc,heap        ] GC(742) Old regions: 2->2
[5.247s][info   ][gc,heap        ] GC(742) Archive regions: 2->2
[5.247s][info   ][gc,heap        ] GC(742) Humongous regions: 0->0
[5.247s][info   ][gc,metaspace   ] GC(742) Metaspace: 9524K(9792K)->9524K(9792K) NonClass: 8366K(8512K)->8366K(8512K) Class: 1157K(1280K)->1157K(1280K)
[5.247s][info   ][gc             ] GC(742) Pause Full (System.gc()) 4M->4M(28M) 5.748ms
[5.247s][info   ][gc,cpu         ] GC(742) User=0.01s Sys=0.00s Real=0.01s
[5.248s][info   ][gc,start       ] GC(743) Pause Full (System.gc())
[5.248s][info   ][gc,task        ] GC(743) Using 1 workers of 10 for full compaction
[5.248s][info   ][gc,phases,start] GC(743) Phase 1: Mark live objects
[5.251s][info   ][gc,phases      ] GC(743) Phase 1: Mark live objects 2.986ms
[5.251s][info   ][gc,phases,start] GC(743) Phase 2: Prepare for compaction
[5.251s][info   ][gc,phases      ] GC(743) Phase 2: Prepare for compaction 0.250ms
[5.251s][info   ][gc,phases,start] GC(743) Phase 3: Adjust pointers
[5.253s][info   ][gc,phases      ] GC(743) Phase 3: Adjust pointers 1.937ms
[5.253s][info   ][gc,phases,start] GC(743) Phase 4: Compact heap
[5.253s][info   ][gc,phases      ] GC(743) Phase 4: Compact heap 0.124ms
[5.254s][info   ][gc,heap        ] GC(743) Eden regions: 1->0(3)
[5.254s][info   ][gc,heap        ] GC(743) Survivor regions: 0->0(0)
[5.254s][info   ][gc,heap        ] GC(743) Old regions: 2->2
[5.254s][info   ][gc,heap        ] GC(743) Archive regions: 2->2
[5.254s][info   ][gc,heap        ] GC(743) Humongous regions: 0->0
[5.254s][info   ][gc,metaspace   ] GC(743) Metaspace: 9524K(9792K)->9524K(9792K) NonClass: 8366K(8512K)->8366K(8512K) Class: 1157K(1280K)->1157K(1280K)
[5.254s][info   ][gc             ] GC(743) Pause Full (System.gc()) 4M->4M(28M) 6.044ms
[5.254s][info   ][gc,cpu         ] GC(743) User=0.00s Sys=0.00s Real=0.01s
[5.254s][info   ][gc,start       ] GC(744) Pause Full (System.gc())
[5.254s][info   ][gc,task        ] GC(744) Using 1 workers of 10 for full compaction
[5.254s][info   ][gc,phases,start] GC(744) Phase 1: Mark live objects
[5.257s][info   ][gc,phases      ] GC(744) Phase 1: Mark live objects 2.661ms
[5.257s][info   ][gc,phases,start] GC(744) Phase 2: Prepare for compaction
[5.257s][info   ][gc,phases      ] GC(744) Phase 2: Prepare for compaction 0.286ms
[5.257s][info   ][gc,phases,start] GC(744) Phase 3: Adjust pointers
[5.259s][info   ][gc,phases      ] GC(744) Phase 3: Adjust pointers 1.341ms
[5.259s][info   ][gc,phases,start] GC(744) Phase 4: Compact heap
[5.259s][info   ][gc,phases      ] GC(744) Phase 4: Compact heap 0.141ms
[5.260s][info   ][gc,heap        ] GC(744) Eden regions: 0->0(3)
[5.260s][info   ][gc,heap        ] GC(744) Survivor regions: 0->0(0)
[5.260s][info   ][gc,heap        ] GC(744) Old regions: 2->2
[5.260s][info   ][gc,heap        ] GC(744) Archive regions: 2->2
[5.260s][info   ][gc,heap        ] GC(744) Humongous regions: 0->0
[5.260s][info   ][gc,metaspace   ] GC(744) Metaspace: 9524K(9792K)->9524K(9792K) NonClass: 8366K(8512K)->8366K(8512K) Class: 1157K(1280K)->1157K(1280K)
[5.260s][info   ][gc             ] GC(744) Pause Full (System.gc()) 4M->4M(28M) 5.332ms
[5.260s][info   ][gc,cpu         ] GC(744) User=0.01s Sys=0.00s Real=0.00s
[5.260s][info   ][gc,start       ] GC(745) Pause Full (System.gc())
[5.260s][info   ][gc,task        ] GC(745) Using 1 workers of 10 for full compaction
[5.260s][info   ][gc,phases,start] GC(745) Phase 1: Mark live objects
[5.263s][info   ][gc,phases      ] GC(745) Phase 1: Mark live objects 2.772ms
[5.263s][info   ][gc,phases,start] GC(745) Phase 2: Prepare for compaction
[5.263s][info   ][gc,phases      ] GC(745) Phase 2: Prepare for compaction 0.264ms
[5.263s][info   ][gc,phases,start] GC(745) Phase 3: Adjust pointers
[5.265s][info   ][gc,phases      ] GC(745) Phase 3: Adjust pointers 1.507ms
[5.265s][info   ][gc,phases,start] GC(745) Phase 4: Compact heap
[5.265s][info   ][gc,phases      ] GC(745) Phase 4: Compact heap 0.089ms
[5.265s][info   ][gc,heap        ] GC(745) Eden regions: 1->0(3)
[5.265s][info   ][gc,heap        ] GC(745) Survivor regions: 0->0(0)
[5.265s][info   ][gc,heap        ] GC(745) Old regions: 2->2
[5.265s][info   ][gc,heap        ] GC(745) Archive regions: 2->2
[5.265s][info   ][gc,heap        ] GC(745) Humongous regions: 0->0
[5.265s][info   ][gc,metaspace   ] GC(745) Metaspace: 9524K(9792K)->9524K(9792K) NonClass: 8366K(8512K)->8366K(8512K) Class: 1157K(1280K)->1157K(1280K)
[5.265s][info   ][gc             ] GC(745) Pause Full (System.gc()) 4M->4M(28M) 5.339ms
[5.265s][info   ][gc,cpu         ] GC(745) User=0.00s Sys=0.00s Real=0.01s
[5.266s][info   ][gc,start       ] GC(746) Pause Full (System.gc())
[5.266s][info   ][gc,task        ] GC(746) Using 1 workers of 10 for full compaction
[5.266s][info   ][gc,phases,start] GC(746) Phase 1: Mark live objects
[5.269s][info   ][gc,phases      ] GC(746) Phase 1: Mark live objects 3.539ms
[5.269s][info   ][gc,phases,start] GC(746) Phase 2: Prepare for compaction
[5.269s][info   ][gc,phases      ] GC(746) Phase 2: Prepare for compaction 0.338ms
[5.269s][info   ][gc,phases,start] GC(746) Phase 3: Adjust pointers
[5.272s][info   ][gc,phases      ] GC(746) Phase 3: Adjust pointers 2.091ms
[5.272s][info   ][gc,phases,start] GC(746) Phase 4: Compact heap
[5.272s][info   ][gc,phases      ] GC(746) Phase 4: Compact heap 0.154ms
[5.272s][info   ][gc,heap        ] GC(746) Eden regions: 0->0(3)
[5.272s][info   ][gc,heap        ] GC(746) Survivor regions: 0->0(0)
[5.272s][info   ][gc,heap        ] GC(746) Old regions: 2->2
[5.272s][info   ][gc,heap        ] GC(746) Archive regions: 2->2
[5.272s][info   ][gc,heap        ] GC(746) Humongous regions: 0->0
[5.272s][info   ][gc,metaspace   ] GC(746) Metaspace: 9524K(9792K)->9524K(9792K) NonClass: 8366K(8512K)->8366K(8512K) Class: 1157K(1280K)->1157K(1280K)
[5.272s][info   ][gc             ] GC(746) Pause Full (System.gc()) 4M->4M(28M) 6.929ms
[5.272s][info   ][gc,cpu         ] GC(746) User=0.01s Sys=0.00s Real=0.00s
[5.273s][info   ][gc,start       ] GC(747) Pause Full (System.gc())
[5.273s][info   ][gc,task        ] GC(747) Using 1 workers of 10 for full compaction
[5.273s][info   ][gc,phases,start] GC(747) Phase 1: Mark live objects
[5.277s][info   ][gc,phases      ] GC(747) Phase 1: Mark live objects 4.359ms
[5.277s][info   ][gc,phases,start] GC(747) Phase 2: Prepare for compaction
[5.278s][info   ][gc,phases      ] GC(747) Phase 2: Prepare for compaction 0.233ms
[5.278s][info   ][gc,phases,start] GC(747) Phase 3: Adjust pointers
[5.280s][info   ][gc,phases      ] GC(747) Phase 3: Adjust pointers 2.322ms
[5.280s][info   ][gc,phases,start] GC(747) Phase 4: Compact heap
[5.280s][info   ][gc,phases      ] GC(747) Phase 4: Compact heap 0.209ms
[5.281s][info   ][gc,heap        ] GC(747) Eden regions: 1->0(3)
[5.281s][info   ][gc,heap        ] GC(747) Survivor regions: 0->0(0)
[5.281s][info   ][gc,heap        ] GC(747) Old regions: 2->2
[5.281s][info   ][gc,heap        ] GC(747) Archive regions: 2->2
[5.281s][info   ][gc,heap        ] GC(747) Humongous regions: 0->0
[5.281s][info   ][gc,metaspace   ] GC(747) Metaspace: 9524K(9792K)->9524K(9792K) NonClass: 8366K(8512K)->8366K(8512K) Class: 1157K(1280K)->1157K(1280K)
[5.281s][info   ][gc             ] GC(747) Pause Full (System.gc()) 4M->4M(28M) 7.886ms
[5.281s][info   ][gc,cpu         ] GC(747) User=0.01s Sys=0.00s Real=0.01s
[5.281s][info   ][gc,start       ] GC(748) Pause Full (System.gc())
[5.281s][info   ][gc,task        ] GC(748) Using 1 workers of 10 for full compaction
[5.281s][info   ][gc,phases,start] GC(748) Phase 1: Mark live objects
[5.284s][info   ][gc,phases      ] GC(748) Phase 1: Mark live objects 3.022ms
[5.284s][info   ][gc,phases,start] GC(748) Phase 2: Prepare for compaction
[5.284s][info   ][gc,phases      ] GC(748) Phase 2: Prepare for compaction 0.142ms
[5.284s][info   ][gc,phases,start] GC(748) Phase 3: Adjust pointers
[5.286s][info   ][gc,phases      ] GC(748) Phase 3: Adjust pointers 1.666ms
[5.286s][info   ][gc,phases,start] GC(748) Phase 4: Compact heap
[5.286s][info   ][gc,phases      ] GC(748) Phase 4: Compact heap 0.206ms
[5.287s][info   ][gc,heap        ] GC(748) Eden regions: 1->0(3)
[5.287s][info   ][gc,heap        ] GC(748) Survivor regions: 0->0(0)
[5.287s][info   ][gc,heap        ] GC(748) Old regions: 2->2
[5.287s][info   ][gc,heap        ] GC(748) Archive regions: 2->2
[5.287s][info   ][gc,heap        ] GC(748) Humongous regions: 0->0
[5.287s][info   ][gc,metaspace   ] GC(748) Metaspace: 9524K(9792K)->9524K(9792K) NonClass: 8366K(8512K)->8366K(8512K) Class: 1157K(1280K)->1157K(1280K)
[5.287s][info   ][gc             ] GC(748) Pause Full (System.gc()) 4M->4M(28M) 5.727ms
[5.287s][info   ][gc,cpu         ] GC(748) User=0.00s Sys=0.00s Real=0.01s
[5.287s][info   ][gc,start       ] GC(749) Pause Full (System.gc())
[5.287s][info   ][gc,task        ] GC(749) Using 1 workers of 10 for full compaction
[5.287s][info   ][gc,phases,start] GC(749) Phase 1: Mark live objects
[5.290s][info   ][gc,phases      ] GC(749) Phase 1: Mark live objects 2.926ms
[5.290s][info   ][gc,phases,start] GC(749) Phase 2: Prepare for compaction
[5.290s][info   ][gc,phases      ] GC(749) Phase 2: Prepare for compaction 0.176ms
[5.290s][info   ][gc,phases,start] GC(749) Phase 3: Adjust pointers
[5.292s][info   ][gc,phases      ] GC(749) Phase 3: Adjust pointers 1.305ms
[5.292s][info   ][gc,phases,start] GC(749) Phase 4: Compact heap
[5.292s][info   ][gc,phases      ] GC(749) Phase 4: Compact heap 0.157ms
[5.292s][info   ][gc,heap        ] GC(749) Eden regions: 0->0(3)
[5.292s][info   ][gc,heap        ] GC(749) Survivor regions: 0->0(0)
[5.292s][info   ][gc,heap        ] GC(749) Old regions: 2->2
[5.292s][info   ][gc,heap        ] GC(749) Archive regions: 2->2
[5.292s][info   ][gc,heap        ] GC(749) Humongous regions: 0->0
[5.292s][info   ][gc,metaspace   ] GC(749) Metaspace: 9524K(9792K)->9524K(9792K) NonClass: 8366K(8512K)->8366K(8512K) Class: 1157K(1280K)->1157K(1280K)
[5.292s][info   ][gc             ] GC(749) Pause Full (System.gc()) 4M->4M(28M) 5.114ms
[5.292s][info   ][gc,cpu         ] GC(749) User=0.01s Sys=0.00s Real=0.00s
[5.293s][info   ][gc,start       ] GC(750) Pause Full (System.gc())
[5.293s][info   ][gc,task        ] GC(750) Using 1 workers of 10 for full compaction
[5.293s][info   ][gc,phases,start] GC(750) Phase 1: Mark live objects
[5.296s][info   ][gc,phases      ] GC(750) Phase 1: Mark live objects 2.990ms
[5.296s][info   ][gc,phases,start] GC(750) Phase 2: Prepare for compaction
[5.296s][info   ][gc,phases      ] GC(750) Phase 2: Prepare for compaction 0.245ms
[5.296s][info   ][gc,phases,start] GC(750) Phase 3: Adjust pointers
[5.298s][info   ][gc,phases      ] GC(750) Phase 3: Adjust pointers 1.804ms
[5.298s][info   ][gc,phases,start] GC(750) Phase 4: Compact heap
[5.298s][info   ][gc,phases      ] GC(750) Phase 4: Compact heap 0.153ms
[5.299s][info   ][gc,heap        ] GC(750) Eden regions: 1->0(3)
[5.299s][info   ][gc,heap        ] GC(750) Survivor regions: 0->0(0)
[5.299s][info   ][gc,heap        ] GC(750) Old regions: 2->2
[5.299s][info   ][gc,heap        ] GC(750) Archive regions: 2->2
[5.299s][info   ][gc,heap        ] GC(750) Humongous regions: 0->0
[5.299s][info   ][gc,metaspace   ] GC(750) Metaspace: 9524K(9792K)->9524K(9792K) NonClass: 8366K(8512K)->8366K(8512K) Class: 1157K(1280K)->1157K(1280K)
[5.299s][info   ][gc             ] GC(750) Pause Full (System.gc()) 4M->4M(28M) 5.878ms
[5.299s][info   ][gc,cpu         ] GC(750) User=0.00s Sys=0.00s Real=0.01s
[5.299s][info   ][gc,start       ] GC(751) Pause Full (System.gc())
[5.299s][info   ][gc,task        ] GC(751) Using 1 workers of 10 for full compaction
[5.299s][info   ][gc,phases,start] GC(751) Phase 1: Mark live objects
[5.303s][info   ][gc,phases      ] GC(751) Phase 1: Mark live objects 4.348ms
[5.303s][info   ][gc,phases,start] GC(751) Phase 2: Prepare for compaction
[5.304s][info   ][gc,phases      ] GC(751) Phase 2: Prepare for compaction 0.247ms
[5.304s][info   ][gc,phases,start] GC(751) Phase 3: Adjust pointers
[5.305s][info   ][gc,phases      ] GC(751) Phase 3: Adjust pointers 1.829ms
[5.305s][info   ][gc,phases,start] GC(751) Phase 4: Compact heap
[5.306s][info   ][gc,phases      ] GC(751) Phase 4: Compact heap 0.224ms
[5.306s][info   ][gc,heap        ] GC(751) Eden regions: 0->0(3)
[5.306s][info   ][gc,heap        ] GC(751) Survivor regions: 0->0(0)
[5.306s][info   ][gc,heap        ] GC(751) Old regions: 2->2
[5.306s][info   ][gc,heap        ] GC(751) Archive regions: 2->2
[5.306s][info   ][gc,heap        ] GC(751) Humongous regions: 0->0
[5.306s][info   ][gc,metaspace   ] GC(751) Metaspace: 9524K(9792K)->9524K(9792K) NonClass: 8366K(8512K)->8366K(8512K) Class: 1157K(1280K)->1157K(1280K)
[5.306s][info   ][gc             ] GC(751) Pause Full (System.gc()) 4M->4M(28M) 7.290ms
[5.306s][info   ][gc,cpu         ] GC(751) User=0.01s Sys=0.00s Real=0.01s
[5.307s][info   ][gc,start       ] GC(752) Pause Full (System.gc())
[5.307s][info   ][gc,task        ] GC(752) Using 1 workers of 10 for full compaction
[5.307s][info   ][gc,phases,start] GC(752) Phase 1: Mark live objects
[5.311s][info   ][gc,phases      ] GC(752) Phase 1: Mark live objects 4.670ms
[5.312s][info   ][gc,phases,start] GC(752) Phase 2: Prepare for compaction
[5.312s][info   ][gc,phases      ] GC(752) Phase 2: Prepare for compaction 0.230ms
[5.312s][info   ][gc,phases,start] GC(752) Phase 3: Adjust pointers
[5.315s][info   ][gc,phases      ] GC(752) Phase 3: Adjust pointers 2.795ms
[5.315s][info   ][gc,phases,start] GC(752) Phase 4: Compact heap
[5.315s][info   ][gc,phases      ] GC(752) Phase 4: Compact heap 0.196ms
[5.316s][info   ][gc,heap        ] GC(752) Eden regions: 1->0(3)
[5.316s][info   ][gc,heap        ] GC(752) Survivor regions: 0->0(0)
[5.316s][info   ][gc,heap        ] GC(752) Old regions: 2->2
[5.316s][info   ][gc,heap        ] GC(752) Archive regions: 2->2
[5.316s][info   ][gc,heap        ] GC(752) Humongous regions: 0->0
[5.316s][info   ][gc,metaspace   ] GC(752) Metaspace: 9524K(9792K)->9524K(9792K) NonClass: 8366K(8512K)->8366K(8512K) Class: 1157K(1280K)->1157K(1280K)
[5.316s][info   ][gc             ] GC(752) Pause Full (System.gc()) 4M->4M(28M) 8.833ms
[5.316s][info   ][gc,cpu         ] GC(752) User=0.01s Sys=0.00s Real=0.01s
[5.316s][info   ][gc,start       ] GC(753) Pause Full (System.gc())
[5.316s][info   ][gc,task        ] GC(753) Using 1 workers of 10 for full compaction
[5.316s][info   ][gc,phases,start] GC(753) Phase 1: Mark live objects
[5.321s][info   ][gc,phases      ] GC(753) Phase 1: Mark live objects 4.529ms
[5.321s][info   ][gc,phases,start] GC(753) Phase 2: Prepare for compaction
[5.321s][info   ][gc,phases      ] GC(753) Phase 2: Prepare for compaction 0.247ms
[5.321s][info   ][gc,phases,start] GC(753) Phase 3: Adjust pointers
[5.324s][info   ][gc,phases      ] GC(753) Phase 3: Adjust pointers 3.022ms
[5.324s][info   ][gc,phases,start] GC(753) Phase 4: Compact heap
[5.324s][info   ][gc,phases      ] GC(753) Phase 4: Compact heap 0.177ms
[5.325s][info   ][gc,heap        ] GC(753) Eden regions: 1->0(3)
[5.325s][info   ][gc,heap        ] GC(753) Survivor regions: 0->0(0)
[5.325s][info   ][gc,heap        ] GC(753) Old regions: 2->2
[5.325s][info   ][gc,heap        ] GC(753) Archive regions: 2->2
[5.325s][info   ][gc,heap        ] GC(753) Humongous regions: 0->0
[5.325s][info   ][gc,metaspace   ] GC(753) Metaspace: 9524K(9792K)->9524K(9792K) NonClass: 8366K(8512K)->8366K(8512K) Class: 1157K(1280K)->1157K(1280K)
[5.325s][info   ][gc             ] GC(753) Pause Full (System.gc()) 4M->4M(28M) 8.862ms
[5.325s][info   ][gc,cpu         ] GC(753) User=0.01s Sys=0.00s Real=0.01s
[5.325s][info   ][gc,start       ] GC(754) Pause Full (System.gc())
[5.325s][info   ][gc,task        ] GC(754) Using 1 workers of 10 for full compaction
[5.325s][info   ][gc,phases,start] GC(754) Phase 1: Mark live objects
[5.330s][info   ][gc,phases      ] GC(754) Phase 1: Mark live objects 4.717ms
[5.330s][info   ][gc,phases,start] GC(754) Phase 2: Prepare for compaction
[5.330s][info   ][gc,phases      ] GC(754) Phase 2: Prepare for compaction 0.307ms
[5.330s][info   ][gc,phases,start] GC(754) Phase 3: Adjust pointers
[5.333s][info   ][gc,phases      ] GC(754) Phase 3: Adjust pointers 2.556ms
[5.333s][info   ][gc,phases,start] GC(754) Phase 4: Compact heap
[5.333s][info   ][gc,phases      ] GC(754) Phase 4: Compact heap 0.137ms
[5.334s][info   ][gc,heap        ] GC(754) Eden regions: 0->0(3)
[5.334s][info   ][gc,heap        ] GC(754) Survivor regions: 0->0(0)
[5.334s][info   ][gc,heap        ] GC(754) Old regions: 2->2
[5.334s][info   ][gc,heap        ] GC(754) Archive regions: 2->2
[5.334s][info   ][gc,heap        ] GC(754) Humongous regions: 0->0
[5.334s][info   ][gc,metaspace   ] GC(754) Metaspace: 9524K(9792K)->9524K(9792K) NonClass: 8366K(8512K)->8366K(8512K) Class: 1157K(1280K)->1157K(1280K)
[5.334s][info   ][gc             ] GC(754) Pause Full (System.gc()) 4M->4M(28M) 8.551ms
[5.334s][info   ][gc,cpu         ] GC(754) User=0.00s Sys=0.00s Real=0.01s
[5.334s][info   ][gc,start       ] GC(755) Pause Full (System.gc())
[5.334s][info   ][gc,task        ] GC(755) Using 1 workers of 10 for full compaction
[5.334s][info   ][gc,phases,start] GC(755) Phase 1: Mark live objects
[5.340s][info   ][gc,phases      ] GC(755) Phase 1: Mark live objects 5.386ms
[5.340s][info   ][gc,phases,start] GC(755) Phase 2: Prepare for compaction
[5.340s][info   ][gc,phases      ] GC(755) Phase 2: Prepare for compaction 0.256ms
[5.340s][info   ][gc,phases,start] GC(755) Phase 3: Adjust pointers
[5.343s][info   ][gc,phases      ] GC(755) Phase 3: Adjust pointers 2.783ms
[5.343s][info   ][gc,phases,start] GC(755) Phase 4: Compact heap
[5.343s][info   ][gc,phases      ] GC(755) Phase 4: Compact heap 0.136ms
[5.344s][info   ][gc,heap        ] GC(755) Eden regions: 1->0(3)
[5.344s][info   ][gc,heap        ] GC(755) Survivor regions: 0->0(0)
[5.344s][info   ][gc,heap        ] GC(755) Old regions: 2->2
[5.344s][info   ][gc,heap        ] GC(755) Archive regions: 2->2
[5.344s][info   ][gc,heap        ] GC(755) Humongous regions: 0->0
[5.344s][info   ][gc,metaspace   ] GC(755) Metaspace: 9524K(9792K)->9524K(9792K) NonClass: 8366K(8512K)->8366K(8512K) Class: 1157K(1280K)->1157K(1280K)
[5.344s][info   ][gc             ] GC(755) Pause Full (System.gc()) 4M->4M(28M) 9.534ms
[5.344s][info   ][gc,cpu         ] GC(755) User=0.01s Sys=0.00s Real=0.01s
[5.344s][info   ][gc,start       ] GC(756) Pause Full (System.gc())
[5.344s][info   ][gc,task        ] GC(756) Using 1 workers of 10 for full compaction
[5.344s][info   ][gc,phases,start] GC(756) Phase 1: Mark live objects
[5.349s][info   ][gc,phases      ] GC(756) Phase 1: Mark live objects 4.468ms
[5.349s][info   ][gc,phases,start] GC(756) Phase 2: Prepare for compaction
[5.349s][info   ][gc,phases      ] GC(756) Phase 2: Prepare for compaction 0.337ms
[5.349s][info   ][gc,phases,start] GC(756) Phase 3: Adjust pointers
[5.352s][info   ][gc,phases      ] GC(756) Phase 3: Adjust pointers 2.758ms
[5.352s][info   ][gc,phases,start] GC(756) Phase 4: Compact heap
[5.352s][info   ][gc,phases      ] GC(756) Phase 4: Compact heap 0.156ms
[5.353s][info   ][gc,heap        ] GC(756) Eden regions: 1->0(3)
[5.353s][info   ][gc,heap        ] GC(756) Survivor regions: 0->0(0)
[5.353s][info   ][gc,heap        ] GC(756) Old regions: 2->2
[5.353s][info   ][gc,heap        ] GC(756) Archive regions: 2->2
[5.353s][info   ][gc,heap        ] GC(756) Humongous regions: 0->0
[5.353s][info   ][gc,metaspace   ] GC(756) Metaspace: 9524K(9792K)->9524K(9792K) NonClass: 8366K(8512K)->8366K(8512K) Class: 1157K(1280K)->1157K(1280K)
[5.353s][info   ][gc             ] GC(756) Pause Full (System.gc()) 4M->4M(28M) 8.587ms
[5.353s][info   ][gc,cpu         ] GC(756) User=0.01s Sys=0.00s Real=0.00s
[5.353s][info   ][gc,start       ] GC(757) Pause Full (System.gc())
[5.353s][info   ][gc,task        ] GC(757) Using 1 workers of 10 for full compaction
[5.353s][info   ][gc,phases,start] GC(757) Phase 1: Mark live objects
[5.358s][info   ][gc,phases      ] GC(757) Phase 1: Mark live objects 4.944ms
[5.358s][info   ][gc,phases,start] GC(757) Phase 2: Prepare for compaction
[5.359s][info   ][gc,phases      ] GC(757) Phase 2: Prepare for compaction 0.365ms
[5.359s][info   ][gc,phases,start] GC(757) Phase 3: Adjust pointers
[5.362s][info   ][gc,phases      ] GC(757) Phase 3: Adjust pointers 3.021ms
[5.362s][info   ][gc,phases,start] GC(757) Phase 4: Compact heap
[5.362s][info   ][gc,phases      ] GC(757) Phase 4: Compact heap 0.189ms
[5.363s][info   ][gc,heap        ] GC(757) Eden regions: 1->0(3)
[5.363s][info   ][gc,heap        ] GC(757) Survivor regions: 0->0(0)
[5.363s][info   ][gc,heap        ] GC(757) Old regions: 2->2
[5.363s][info   ][gc,heap        ] GC(757) Archive regions: 2->2
[5.363s][info   ][gc,heap        ] GC(757) Humongous regions: 0->0
[5.363s][info   ][gc,metaspace   ] GC(757) Metaspace: 9524K(9792K)->9524K(9792K) NonClass: 8366K(8512K)->8366K(8512K) Class: 1157K(1280K)->1157K(1280K)
[5.363s][info   ][gc             ] GC(757) Pause Full (System.gc()) 4M->4M(28M) 9.664ms
[5.363s][info   ][gc,cpu         ] GC(757) User=0.01s Sys=0.00s Real=0.01s
[5.363s][info   ][gc,start       ] GC(758) Pause Full (System.gc())
[5.363s][info   ][gc,task        ] GC(758) Using 1 workers of 10 for full compaction
[5.363s][info   ][gc,phases,start] GC(758) Phase 1: Mark live objects
[5.369s][info   ][gc,phases      ] GC(758) Phase 1: Mark live objects 5.231ms
[5.369s][info   ][gc,phases,start] GC(758) Phase 2: Prepare for compaction
[5.369s][info   ][gc,phases      ] GC(758) Phase 2: Prepare for compaction 0.279ms
[5.369s][info   ][gc,phases,start] GC(758) Phase 3: Adjust pointers
[5.372s][info   ][gc,phases      ] GC(758) Phase 3: Adjust pointers 3.009ms
[5.372s][info   ][gc,phases,start] GC(758) Phase 4: Compact heap
[5.372s][info   ][gc,phases      ] GC(758) Phase 4: Compact heap 0.227ms
[5.373s][info   ][gc,heap        ] GC(758) Eden regions: 1->0(3)
[5.373s][info   ][gc,heap        ] GC(758) Survivor regions: 0->0(0)
[5.373s][info   ][gc,heap        ] GC(758) Old regions: 2->2
[5.373s][info   ][gc,heap        ] GC(758) Archive regions: 2->2
[5.373s][info   ][gc,heap        ] GC(758) Humongous regions: 0->0
[5.373s][info   ][gc,metaspace   ] GC(758) Metaspace: 9524K(9792K)->9524K(9792K) NonClass: 8366K(8512K)->8366K(8512K) Class: 1157K(1280K)->1157K(1280K)
[5.373s][info   ][gc             ] GC(758) Pause Full (System.gc()) 4M->4M(28M) 9.600ms
[5.373s][info   ][gc,cpu         ] GC(758) User=0.01s Sys=0.00s Real=0.01s
[5.373s][info   ][gc,start       ] GC(759) Pause Full (System.gc())
[5.373s][info   ][gc,task        ] GC(759) Using 1 workers of 10 for full compaction
[5.373s][info   ][gc,phases,start] GC(759) Phase 1: Mark live objects
[5.378s][info   ][gc,phases      ] GC(759) Phase 1: Mark live objects 4.286ms
[5.378s][info   ][gc,phases,start] GC(759) Phase 2: Prepare for compaction
[5.378s][info   ][gc,phases      ] GC(759) Phase 2: Prepare for compaction 0.257ms
[5.378s][info   ][gc,phases,start] GC(759) Phase 3: Adjust pointers
[5.381s][info   ][gc,phases      ] GC(759) Phase 3: Adjust pointers 2.988ms
[5.381s][info   ][gc,phases,start] GC(759) Phase 4: Compact heap
[5.381s][info   ][gc,phases      ] GC(759) Phase 4: Compact heap 0.191ms
[5.382s][info   ][gc,heap        ] GC(759) Eden regions: 0->0(3)
[5.382s][info   ][gc,heap        ] GC(759) Survivor regions: 0->0(0)
[5.382s][info   ][gc,heap        ] GC(759) Old regions: 2->2
[5.382s][info   ][gc,heap        ] GC(759) Archive regions: 2->2
[5.382s][info   ][gc,heap        ] GC(759) Humongous regions: 0->0
[5.382s][info   ][gc,metaspace   ] GC(759) Metaspace: 9524K(9792K)->9524K(9792K) NonClass: 8366K(8512K)->8366K(8512K) Class: 1157K(1280K)->1157K(1280K)
[5.382s][info   ][gc             ] GC(759) Pause Full (System.gc()) 4M->4M(28M) 8.641ms
[5.382s][info   ][gc,cpu         ] GC(759) User=0.01s Sys=0.00s Real=0.01s
[5.382s][info   ][gc,start       ] GC(760) Pause Full (System.gc())
[5.382s][info   ][gc,task        ] GC(760) Using 1 workers of 10 for full compaction
[5.382s][info   ][gc,phases,start] GC(760) Phase 1: Mark live objects
[5.388s][info   ][gc,phases      ] GC(760) Phase 1: Mark live objects 5.103ms
[5.388s][info   ][gc,phases,start] GC(760) Phase 2: Prepare for compaction
[5.388s][info   ][gc,phases      ] GC(760) Phase 2: Prepare for compaction 0.203ms
[5.388s][info   ][gc,phases,start] GC(760) Phase 3: Adjust pointers
[5.391s][info   ][gc,phases      ] GC(760) Phase 3: Adjust pointers 2.946ms
[5.391s][info   ][gc,phases,start] GC(760) Phase 4: Compact heap
[5.391s][info   ][gc,phases      ] GC(760) Phase 4: Compact heap 0.230ms
[5.392s][info   ][gc,heap        ] GC(760) Eden regions: 1->0(3)
[5.392s][info   ][gc,heap        ] GC(760) Survivor regions: 0->0(0)
[5.392s][info   ][gc,heap        ] GC(760) Old regions: 2->2
[5.392s][info   ][gc,heap        ] GC(760) Archive regions: 2->2
[5.392s][info   ][gc,heap        ] GC(760) Humongous regions: 0->0
[5.392s][info   ][gc,metaspace   ] GC(760) Metaspace: 9524K(9792K)->9524K(9792K) NonClass: 8366K(8512K)->8366K(8512K) Class: 1157K(1280K)->1157K(1280K)
[5.392s][info   ][gc             ] GC(760) Pause Full (System.gc()) 4M->4M(28M) 9.368ms
[5.392s][info   ][gc,cpu         ] GC(760) User=0.01s Sys=0.00s Real=0.01s
[5.392s][info   ][gc,start       ] GC(761) Pause Full (System.gc())
[5.392s][info   ][gc,task        ] GC(761) Using 1 workers of 10 for full compaction
[5.392s][info   ][gc,phases,start] GC(761) Phase 1: Mark live objects
[5.397s][info   ][gc,phases      ] GC(761) Phase 1: Mark live objects 5.043ms
[5.398s][info   ][gc,phases,start] GC(761) Phase 2: Prepare for compaction
[5.398s][info   ][gc,phases      ] GC(761) Phase 2: Prepare for compaction 0.250ms
[5.398s][info   ][gc,phases,start] GC(761) Phase 3: Adjust pointers
[5.400s][info   ][gc,phases      ] GC(761) Phase 3: Adjust pointers 2.520ms
[5.400s][info   ][gc,phases,start] GC(761) Phase 4: Compact heap
[5.401s][info   ][gc,phases      ] GC(761) Phase 4: Compact heap 0.330ms
[5.401s][info   ][gc,heap        ] GC(761) Eden regions: 1->0(3)
[5.401s][info   ][gc,heap        ] GC(761) Survivor regions: 0->0(0)
[5.401s][info   ][gc,heap        ] GC(761) Old regions: 2->2
[5.401s][info   ][gc,heap        ] GC(761) Archive regions: 2->2
[5.401s][info   ][gc,heap        ] GC(761) Humongous regions: 0->0
[5.401s][info   ][gc,metaspace   ] GC(761) Metaspace: 9524K(9792K)->9524K(9792K) NonClass: 8366K(8512K)->8366K(8512K) Class: 1157K(1280K)->1157K(1280K)
[5.401s][info   ][gc             ] GC(761) Pause Full (System.gc()) 4M->4M(28M) 8.951ms
[5.401s][info   ][gc,cpu         ] GC(761) User=0.01s Sys=0.00s Real=0.01s
[5.401s][info   ][gc,start       ] GC(762) Pause Full (System.gc())
[5.401s][info   ][gc,task        ] GC(762) Using 1 workers of 10 for full compaction
[5.401s][info   ][gc,phases,start] GC(762) Phase 1: Mark live objects
[5.405s][info   ][gc,phases      ] GC(762) Phase 1: Mark live objects 3.726ms
[5.405s][info   ][gc,phases,start] GC(762) Phase 2: Prepare for compaction
[5.406s][info   ][gc,phases      ] GC(762) Phase 2: Prepare for compaction 0.252ms
[5.406s][info   ][gc,phases,start] GC(762) Phase 3: Adjust pointers
[5.407s][info   ][gc,phases      ] GC(762) Phase 3: Adjust pointers 1.685ms
[5.407s][info   ][gc,phases,start] GC(762) Phase 4: Compact heap
[5.407s][info   ][gc,phases      ] GC(762) Phase 4: Compact heap 0.185ms
[5.408s][info   ][gc,heap        ] GC(762) Eden regions: 0->0(3)
[5.408s][info   ][gc,heap        ] GC(762) Survivor regions: 0->0(0)
[5.408s][info   ][gc,heap        ] GC(762) Old regions: 2->2
[5.408s][info   ][gc,heap        ] GC(762) Archive regions: 2->2
[5.408s][info   ][gc,heap        ] GC(762) Humongous regions: 0->0
[5.408s][info   ][gc,metaspace   ] GC(762) Metaspace: 9524K(9792K)->9524K(9792K) NonClass: 8366K(8512K)->8366K(8512K) Class: 1157K(1280K)->1157K(1280K)
[5.408s][info   ][gc             ] GC(762) Pause Full (System.gc()) 4M->4M(28M) 6.528ms
[5.408s][info   ][gc,cpu         ] GC(762) User=0.00s Sys=0.00s Real=0.01s
[5.409s][info   ][gc,start       ] GC(763) Pause Full (System.gc())
[5.409s][info   ][gc,task        ] GC(763) Using 1 workers of 10 for full compaction
[5.409s][info   ][gc,phases,start] GC(763) Phase 1: Mark live objects
[5.413s][info   ][gc,phases      ] GC(763) Phase 1: Mark live objects 3.998ms
[5.413s][info   ][gc,phases,start] GC(763) Phase 2: Prepare for compaction
[5.413s][info   ][gc,phases      ] GC(763) Phase 2: Prepare for compaction 0.251ms
[5.413s][info   ][gc,phases,start] GC(763) Phase 3: Adjust pointers
[5.414s][info   ][gc,phases      ] GC(763) Phase 3: Adjust pointers 1.594ms
[5.414s][info   ][gc,phases,start] GC(763) Phase 4: Compact heap
[5.415s][info   ][gc,phases      ] GC(763) Phase 4: Compact heap 0.113ms
[5.415s][info   ][gc,heap        ] GC(763) Eden regions: 1->0(3)
[5.415s][info   ][gc,heap        ] GC(763) Survivor regions: 0->0(0)
[5.415s][info   ][gc,heap        ] GC(763) Old regions: 2->2
[5.415s][info   ][gc,heap        ] GC(763) Archive regions: 2->2
[5.415s][info   ][gc,heap        ] GC(763) Humongous regions: 0->0
[5.415s][info   ][gc,metaspace   ] GC(763) Metaspace: 9524K(9792K)->9524K(9792K) NonClass: 8366K(8512K)->8366K(8512K) Class: 1157K(1280K)->1157K(1280K)
[5.415s][info   ][gc             ] GC(763) Pause Full (System.gc()) 4M->4M(28M) 6.537ms
[5.415s][info   ][gc,cpu         ] GC(763) User=0.01s Sys=0.00s Real=0.01s
[5.415s][info   ][gc,start       ] GC(764) Pause Full (System.gc())
[5.415s][info   ][gc,task        ] GC(764) Using 1 workers of 10 for full compaction
[5.415s][info   ][gc,phases,start] GC(764) Phase 1: Mark live objects
[5.419s][info   ][gc,phases      ] GC(764) Phase 1: Mark live objects 4.038ms
[5.419s][info   ][gc,phases,start] GC(764) Phase 2: Prepare for compaction
[5.420s][info   ][gc,phases      ] GC(764) Phase 2: Prepare for compaction 0.289ms
[5.420s][info   ][gc,phases,start] GC(764) Phase 3: Adjust pointers
[5.422s][info   ][gc,phases      ] GC(764) Phase 3: Adjust pointers 2.685ms
[5.422s][info   ][gc,phases,start] GC(764) Phase 4: Compact heap
[5.423s][info   ][gc,phases      ] GC(764) Phase 4: Compact heap 0.105ms
[5.423s][info   ][gc,heap        ] GC(764) Eden regions: 1->0(3)
[5.423s][info   ][gc,heap        ] GC(764) Survivor regions: 0->0(0)
[5.423s][info   ][gc,heap        ] GC(764) Old regions: 2->2
[5.423s][info   ][gc,heap        ] GC(764) Archive regions: 2->2
[5.423s][info   ][gc,heap        ] GC(764) Humongous regions: 0->0
[5.423s][info   ][gc,metaspace   ] GC(764) Metaspace: 9524K(9792K)->9524K(9792K) NonClass: 8366K(8512K)->8366K(8512K) Class: 1157K(1280K)->1157K(1280K)
[5.423s][info   ][gc             ] GC(764) Pause Full (System.gc()) 4M->4M(28M) 7.648ms
[5.423s][info   ][gc,cpu         ] GC(764) User=0.01s Sys=0.00s Real=0.00s
[5.423s][info   ][gc,start       ] GC(765) Pause Full (System.gc())
[5.423s][info   ][gc,task        ] GC(765) Using 1 workers of 10 for full compaction
[5.423s][info   ][gc,phases,start] GC(765) Phase 1: Mark live objects
[5.426s][info   ][gc,phases      ] GC(765) Phase 1: Mark live objects 3.180ms
[5.426s][info   ][gc,phases,start] GC(765) Phase 2: Prepare for compaction
[5.427s][info   ][gc,phases      ] GC(765) Phase 2: Prepare for compaction 0.267ms
[5.427s][info   ][gc,phases,start] GC(765) Phase 3: Adjust pointers
[5.429s][info   ][gc,phases      ] GC(765) Phase 3: Adjust pointers 2.696ms
[5.429s][info   ][gc,phases,start] GC(765) Phase 4: Compact heap
[5.430s][info   ][gc,phases      ] GC(765) Phase 4: Compact heap 0.130ms
[5.430s][info   ][gc,heap        ] GC(765) Eden regions: 0->0(3)
[5.430s][info   ][gc,heap        ] GC(765) Survivor regions: 0->0(0)
[5.430s][info   ][gc,heap        ] GC(765) Old regions: 2->2
[5.430s][info   ][gc,heap        ] GC(765) Archive regions: 2->2
[5.430s][info   ][gc,heap        ] GC(765) Humongous regions: 0->0
[5.430s][info   ][gc,metaspace   ] GC(765) Metaspace: 9524K(9792K)->9524K(9792K) NonClass: 8366K(8512K)->8366K(8512K) Class: 1157K(1280K)->1157K(1280K)
[5.430s][info   ][gc             ] GC(765) Pause Full (System.gc()) 4M->4M(28M) 6.958ms
[5.430s][info   ][gc,cpu         ] GC(765) User=0.00s Sys=0.01s Real=0.01s
[5.431s][info   ][gc,start       ] GC(766) Pause Full (System.gc())
[5.431s][info   ][gc,task        ] GC(766) Using 1 workers of 10 for full compaction
[5.431s][info   ][gc,phases,start] GC(766) Phase 1: Mark live objects
[5.434s][info   ][gc,phases      ] GC(766) Phase 1: Mark live objects 3.236ms
[5.434s][info   ][gc,phases,start] GC(766) Phase 2: Prepare for compaction
[5.434s][info   ][gc,phases      ] GC(766) Phase 2: Prepare for compaction 0.123ms
[5.434s][info   ][gc,phases,start] GC(766) Phase 3: Adjust pointers
[5.436s][info   ][gc,phases      ] GC(766) Phase 3: Adjust pointers 1.882ms
[5.436s][info   ][gc,phases,start] GC(766) Phase 4: Compact heap
[5.436s][info   ][gc,phases      ] GC(766) Phase 4: Compact heap 0.148ms
[5.437s][info   ][gc,heap        ] GC(766) Eden regions: 1->0(3)
[5.437s][info   ][gc,heap        ] GC(766) Survivor regions: 0->0(0)
[5.437s][info   ][gc,heap        ] GC(766) Old regions: 2->2
[5.437s][info   ][gc,heap        ] GC(766) Archive regions: 2->2
[5.437s][info   ][gc,heap        ] GC(766) Humongous regions: 0->0
[5.437s][info   ][gc,metaspace   ] GC(766) Metaspace: 9524K(9792K)->9524K(9792K) NonClass: 8366K(8512K)->8366K(8512K) Class: 1157K(1280K)->1157K(1280K)
[5.437s][info   ][gc             ] GC(766) Pause Full (System.gc()) 4M->4M(28M) 6.100ms
[5.437s][info   ][gc,cpu         ] GC(766) User=0.01s Sys=0.00s Real=0.01s
[5.437s][info   ][gc,start       ] GC(767) Pause Full (System.gc())
[5.437s][info   ][gc,task        ] GC(767) Using 1 workers of 10 for full compaction
[5.437s][info   ][gc,phases,start] GC(767) Phase 1: Mark live objects
[5.441s][info   ][gc,phases      ] GC(767) Phase 1: Mark live objects 3.834ms
[5.441s][info   ][gc,phases,start] GC(767) Phase 2: Prepare for compaction
[5.441s][info   ][gc,phases      ] GC(767) Phase 2: Prepare for compaction 0.162ms
[5.441s][info   ][gc,phases,start] GC(767) Phase 3: Adjust pointers
[5.443s][info   ][gc,phases      ] GC(767) Phase 3: Adjust pointers 1.841ms
[5.443s][info   ][gc,phases,start] GC(767) Phase 4: Compact heap
[5.443s][info   ][gc,phases      ] GC(767) Phase 4: Compact heap 0.144ms
[5.444s][info   ][gc,heap        ] GC(767) Eden regions: 0->0(3)
[5.444s][info   ][gc,heap        ] GC(767) Survivor regions: 0->0(0)
[5.444s][info   ][gc,heap        ] GC(767) Old regions: 2->2
[5.444s][info   ][gc,heap        ] GC(767) Archive regions: 2->2
[5.444s][info   ][gc,heap        ] GC(767) Humongous regions: 0->0
[5.444s][info   ][gc,metaspace   ] GC(767) Metaspace: 9524K(9792K)->9524K(9792K) NonClass: 8366K(8512K)->8366K(8512K) Class: 1157K(1280K)->1157K(1280K)
[5.444s][info   ][gc             ] GC(767) Pause Full (System.gc()) 4M->4M(28M) 6.691ms
[5.444s][info   ][gc,cpu         ] GC(767) User=0.00s Sys=0.00s Real=0.01s
[5.444s][info   ][gc,start       ] GC(768) Pause Full (System.gc())
[5.444s][info   ][gc,task        ] GC(768) Using 1 workers of 10 for full compaction
[5.444s][info   ][gc,phases,start] GC(768) Phase 1: Mark live objects
[5.448s][info   ][gc,phases      ] GC(768) Phase 1: Mark live objects 3.683ms
[5.448s][info   ][gc,phases,start] GC(768) Phase 2: Prepare for compaction
[5.448s][info   ][gc,phases      ] GC(768) Phase 2: Prepare for compaction 0.204ms
[5.448s][info   ][gc,phases,start] GC(768) Phase 3: Adjust pointers
[5.450s][info   ][gc,phases      ] GC(768) Phase 3: Adjust pointers 1.925ms
[5.450s][info   ][gc,phases,start] GC(768) Phase 4: Compact heap
[5.450s][info   ][gc,phases      ] GC(768) Phase 4: Compact heap 0.058ms
[5.451s][info   ][gc,heap        ] GC(768) Eden regions: 1->0(3)
[5.451s][info   ][gc,heap        ] GC(768) Survivor regions: 0->0(0)
[5.451s][info   ][gc,heap        ] GC(768) Old regions: 2->2
[5.451s][info   ][gc,heap        ] GC(768) Archive regions: 2->2
[5.451s][info   ][gc,heap        ] GC(768) Humongous regions: 0->0
[5.451s][info   ][gc,metaspace   ] GC(768) Metaspace: 9524K(9792K)->9524K(9792K) NonClass: 8366K(8512K)->8366K(8512K) Class: 1157K(1280K)->1157K(1280K)
[5.451s][info   ][gc             ] GC(768) Pause Full (System.gc()) 4M->4M(28M) 6.674ms
[5.451s][info   ][gc,cpu         ] GC(768) User=0.00s Sys=0.00s Real=0.00s
[5.451s][info   ][gc,start       ] GC(769) Pause Full (System.gc())
[5.451s][info   ][gc,task        ] GC(769) Using 1 workers of 10 for full compaction
[5.451s][info   ][gc,phases,start] GC(769) Phase 1: Mark live objects
[5.455s][info   ][gc,phases      ] GC(769) Phase 1: Mark live objects 3.557ms
[5.455s][info   ][gc,phases,start] GC(769) Phase 2: Prepare for compaction
[5.455s][info   ][gc,phases      ] GC(769) Phase 2: Prepare for compaction 0.272ms
[5.455s][info   ][gc,phases,start] GC(769) Phase 3: Adjust pointers
[5.457s][info   ][gc,phases      ] GC(769) Phase 3: Adjust pointers 2.148ms
[5.457s][info   ][gc,phases,start] GC(769) Phase 4: Compact heap
[5.458s][info   ][gc,phases      ] GC(769) Phase 4: Compact heap 0.215ms
[5.458s][info   ][gc,heap        ] GC(769) Eden regions: 0->0(3)
[5.458s][info   ][gc,heap        ] GC(769) Survivor regions: 0->0(0)
[5.458s][info   ][gc,heap        ] GC(769) Old regions: 2->2
[5.458s][info   ][gc,heap        ] GC(769) Archive regions: 2->2
[5.458s][info   ][gc,heap        ] GC(769) Humongous regions: 0->0
[5.458s][info   ][gc,metaspace   ] GC(769) Metaspace: 9524K(9792K)->9524K(9792K) NonClass: 8366K(8512K)->8366K(8512K) Class: 1157K(1280K)->1157K(1280K)
[5.458s][info   ][gc             ] GC(769) Pause Full (System.gc()) 4M->4M(28M) 7.094ms
[5.458s][info   ][gc,cpu         ] GC(769) User=0.01s Sys=0.00s Real=0.01s
[5.459s][info   ][gc,start       ] GC(770) Pause Full (System.gc())
[5.459s][info   ][gc,task        ] GC(770) Using 1 workers of 10 for full compaction
[5.459s][info   ][gc,phases,start] GC(770) Phase 1: Mark live objects
[5.462s][info   ][gc,phases      ] GC(770) Phase 1: Mark live objects 3.513ms
[5.462s][info   ][gc,phases,start] GC(770) Phase 2: Prepare for compaction
[5.463s][info   ][gc,phases      ] GC(770) Phase 2: Prepare for compaction 0.199ms
[5.463s][info   ][gc,phases,start] GC(770) Phase 3: Adjust pointers
[5.464s][info   ][gc,phases      ] GC(770) Phase 3: Adjust pointers 1.813ms
[5.465s][info   ][gc,phases,start] GC(770) Phase 4: Compact heap
[5.465s][info   ][gc,phases      ] GC(770) Phase 4: Compact heap 0.162ms
[5.465s][info   ][gc,heap        ] GC(770) Eden regions: 1->0(3)
[5.465s][info   ][gc,heap        ] GC(770) Survivor regions: 0->0(0)
[5.465s][info   ][gc,heap        ] GC(770) Old regions: 2->2
[5.465s][info   ][gc,heap        ] GC(770) Archive regions: 2->2
[5.465s][info   ][gc,heap        ] GC(770) Humongous regions: 0->0
[5.465s][info   ][gc,metaspace   ] GC(770) Metaspace: 9524K(9792K)->9524K(9792K) NonClass: 8366K(8512K)->8366K(8512K) Class: 1157K(1280K)->1157K(1280K)
[5.465s][info   ][gc             ] GC(770) Pause Full (System.gc()) 4M->4M(28M) 6.287ms
[5.465s][info   ][gc,cpu         ] GC(770) User=0.00s Sys=0.00s Real=0.01s
[5.466s][info   ][gc,start       ] GC(771) Pause Full (System.gc())
[5.466s][info   ][gc,task        ] GC(771) Using 1 workers of 10 for full compaction
[5.466s][info   ][gc,phases,start] GC(771) Phase 1: Mark live objects
[5.469s][info   ][gc,phases      ] GC(771) Phase 1: Mark live objects 2.796ms
[5.469s][info   ][gc,phases,start] GC(771) Phase 2: Prepare for compaction
[5.469s][info   ][gc,phases      ] GC(771) Phase 2: Prepare for compaction 0.129ms
[5.469s][info   ][gc,phases,start] GC(771) Phase 3: Adjust pointers
[5.470s][info   ][gc,phases      ] GC(771) Phase 3: Adjust pointers 1.494ms
[5.470s][info   ][gc,phases,start] GC(771) Phase 4: Compact heap
[5.470s][info   ][gc,phases      ] GC(771) Phase 4: Compact heap 0.091ms
[5.471s][info   ][gc,heap        ] GC(771) Eden regions: 1->0(3)
[5.471s][info   ][gc,heap        ] GC(771) Survivor regions: 0->0(0)
[5.471s][info   ][gc,heap        ] GC(771) Old regions: 2->2
[5.471s][info   ][gc,heap        ] GC(771) Archive regions: 2->2
[5.471s][info   ][gc,heap        ] GC(771) Humongous regions: 0->0
[5.471s][info   ][gc,metaspace   ] GC(771) Metaspace: 9524K(9792K)->9524K(9792K) NonClass: 8366K(8512K)->8366K(8512K) Class: 1157K(1280K)->1157K(1280K)
[5.471s][info   ][gc             ] GC(771) Pause Full (System.gc()) 4M->4M(28M) 5.327ms
[5.471s][info   ][gc,cpu         ] GC(771) User=0.01s Sys=0.00s Real=0.00s
[5.471s][info   ][gc,start       ] GC(772) Pause Full (System.gc())
[5.471s][info   ][gc,task        ] GC(772) Using 1 workers of 10 for full compaction
[5.471s][info   ][gc,phases,start] GC(772) Phase 1: Mark live objects
[5.475s][info   ][gc,phases      ] GC(772) Phase 1: Mark live objects 3.823ms
[5.475s][info   ][gc,phases,start] GC(772) Phase 2: Prepare for compaction
[5.475s][info   ][gc,phases      ] GC(772) Phase 2: Prepare for compaction 0.245ms
[5.475s][info   ][gc,phases,start] GC(772) Phase 3: Adjust pointers
[5.477s][info   ][gc,phases      ] GC(772) Phase 3: Adjust pointers 1.484ms
[5.477s][info   ][gc,phases,start] GC(772) Phase 4: Compact heap
[5.477s][info   ][gc,phases      ] GC(772) Phase 4: Compact heap 0.162ms
[5.478s][info   ][gc,heap        ] GC(772) Eden regions: 0->0(3)
[5.478s][info   ][gc,heap        ] GC(772) Survivor regions: 0->0(0)
[5.478s][info   ][gc,heap        ] GC(772) Old regions: 2->2
[5.478s][info   ][gc,heap        ] GC(772) Archive regions: 2->2
[5.478s][info   ][gc,heap        ] GC(772) Humongous regions: 0->0
[5.478s][info   ][gc,metaspace   ] GC(772) Metaspace: 9524K(9792K)->9524K(9792K) NonClass: 8366K(8512K)->8366K(8512K) Class: 1157K(1280K)->1157K(1280K)
[5.478s][info   ][gc             ] GC(772) Pause Full (System.gc()) 4M->4M(28M) 6.369ms
[5.478s][info   ][gc,cpu         ] GC(772) User=0.00s Sys=0.00s Real=0.01s
[5.478s][info   ][gc,start       ] GC(773) Pause Full (System.gc())
[5.478s][info   ][gc,task        ] GC(773) Using 1 workers of 10 for full compaction
[5.478s][info   ][gc,phases,start] GC(773) Phase 1: Mark live objects
[5.482s][info   ][gc,phases      ] GC(773) Phase 1: Mark live objects 3.482ms
[5.482s][info   ][gc,phases,start] GC(773) Phase 2: Prepare for compaction
[5.482s][info   ][gc,phases      ] GC(773) Phase 2: Prepare for compaction 0.209ms
[5.482s][info   ][gc,phases,start] GC(773) Phase 3: Adjust pointers
[5.483s][info   ][gc,phases      ] GC(773) Phase 3: Adjust pointers 1.215ms
[5.483s][info   ][gc,phases,start] GC(773) Phase 4: Compact heap
[5.483s][info   ][gc,phases      ] GC(773) Phase 4: Compact heap 0.168ms
[5.483s][info   ][gc,heap        ] GC(773) Eden regions: 1->0(3)
[5.483s][info   ][gc,heap        ] GC(773) Survivor regions: 0->0(0)
[5.483s][info   ][gc,heap        ] GC(773) Old regions: 2->2
[5.484s][info   ][gc,heap        ] GC(773) Archive regions: 2->2
[5.484s][info   ][gc,heap        ] GC(773) Humongous regions: 0->0
[5.484s][info   ][gc,metaspace   ] GC(773) Metaspace: 9524K(9792K)->9524K(9792K) NonClass: 8366K(8512K)->8366K(8512K) Class: 1157K(1280K)->1157K(1280K)
[5.484s][info   ][gc             ] GC(773) Pause Full (System.gc()) 4M->4M(28M) 5.512ms
[5.484s][info   ][gc,cpu         ] GC(773) User=0.01s Sys=0.00s Real=0.01s
[5.484s][info   ][gc,start       ] GC(774) Pause Full (System.gc())
[5.484s][info   ][gc,task        ] GC(774) Using 1 workers of 10 for full compaction
[5.484s][info   ][gc,phases,start] GC(774) Phase 1: Mark live objects
[5.487s][info   ][gc,phases      ] GC(774) Phase 1: Mark live objects 3.108ms
[5.487s][info   ][gc,phases,start] GC(774) Phase 2: Prepare for compaction
[5.487s][info   ][gc,phases      ] GC(774) Phase 2: Prepare for compaction 0.131ms
[5.487s][info   ][gc,phases,start] GC(774) Phase 3: Adjust pointers
[5.490s][info   ][gc,phases      ] GC(774) Phase 3: Adjust pointers 2.327ms
[5.490s][info   ][gc,phases,start] GC(774) Phase 4: Compact heap
[5.490s][info   ][gc,phases      ] GC(774) Phase 4: Compact heap 0.109ms
[5.491s][info   ][gc,heap        ] GC(774) Eden regions: 1->0(3)
[5.491s][info   ][gc,heap        ] GC(774) Survivor regions: 0->0(0)
[5.491s][info   ][gc,heap        ] GC(774) Old regions: 2->2
[5.491s][info   ][gc,heap        ] GC(774) Archive regions: 2->2
[5.491s][info   ][gc,heap        ] GC(774) Humongous regions: 0->0
[5.491s][info   ][gc,metaspace   ] GC(774) Metaspace: 9524K(9792K)->9524K(9792K) NonClass: 8366K(8512K)->8366K(8512K) Class: 1157K(1280K)->1157K(1280K)
[5.491s][info   ][gc             ] GC(774) Pause Full (System.gc()) 4M->4M(28M) 6.526ms
[5.491s][info   ][gc,cpu         ] GC(774) User=0.01s Sys=0.00s Real=0.00s
[5.491s][info   ][gc,start       ] GC(775) Pause Full (System.gc())
[5.491s][info   ][gc,task        ] GC(775) Using 1 workers of 10 for full compaction
[5.491s][info   ][gc,phases,start] GC(775) Phase 1: Mark live objects
[5.494s][info   ][gc,phases      ] GC(775) Phase 1: Mark live objects 3.349ms
[5.494s][info   ][gc,phases,start] GC(775) Phase 2: Prepare for compaction
[5.495s][info   ][gc,phases      ] GC(775) Phase 2: Prepare for compaction 0.259ms
[5.495s][info   ][gc,phases,start] GC(775) Phase 3: Adjust pointers
[5.496s][info   ][gc,phases      ] GC(775) Phase 3: Adjust pointers 1.143ms
[5.496s][info   ][gc,phases,start] GC(775) Phase 4: Compact heap
[5.496s][info   ][gc,phases      ] GC(775) Phase 4: Compact heap 0.160ms
[5.496s][info   ][gc,heap        ] GC(775) Eden regions: 0->0(3)
[5.496s][info   ][gc,heap        ] GC(775) Survivor regions: 0->0(0)
[5.496s][info   ][gc,heap        ] GC(775) Old regions: 2->2
[5.496s][info   ][gc,heap        ] GC(775) Archive regions: 2->2
[5.496s][info   ][gc,heap        ] GC(775) Humongous regions: 0->0
[5.496s][info   ][gc,metaspace   ] GC(775) Metaspace: 9524K(9792K)->9524K(9792K) NonClass: 8366K(8512K)->8366K(8512K) Class: 1157K(1280K)->1157K(1280K)
[5.496s][info   ][gc             ] GC(775) Pause Full (System.gc()) 4M->4M(28M) 5.482ms
[5.496s][info   ][gc,cpu         ] GC(775) User=0.00s Sys=0.00s Real=0.01s
[5.497s][info   ][gc,start       ] GC(776) Pause Full (System.gc())
[5.497s][info   ][gc,task        ] GC(776) Using 1 workers of 10 for full compaction
[5.497s][info   ][gc,phases,start] GC(776) Phase 1: Mark live objects
[5.500s][info   ][gc,phases      ] GC(776) Phase 1: Mark live objects 3.444ms
[5.500s][info   ][gc,phases,start] GC(776) Phase 2: Prepare for compaction
[5.500s][info   ][gc,phases      ] GC(776) Phase 2: Prepare for compaction 0.182ms
[5.500s][info   ][gc,phases,start] GC(776) Phase 3: Adjust pointers
[5.502s][info   ][gc,phases      ] GC(776) Phase 3: Adjust pointers 1.317ms
[5.502s][info   ][gc,phases,start] GC(776) Phase 4: Compact heap
[5.502s][info   ][gc,phases      ] GC(776) Phase 4: Compact heap 0.189ms
[5.502s][info   ][gc,heap        ] GC(776) Eden regions: 0->0(3)
[5.502s][info   ][gc,heap        ] GC(776) Survivor regions: 0->0(0)
[5.502s][info   ][gc,heap        ] GC(776) Old regions: 2->2
[5.502s][info   ][gc,heap        ] GC(776) Archive regions: 2->2
[5.502s][info   ][gc,heap        ] GC(776) Humongous regions: 0->0
[5.502s][info   ][gc,metaspace   ] GC(776) Metaspace: 9524K(9792K)->9524K(9792K) NonClass: 8366K(8512K)->8366K(8512K) Class: 1157K(1280K)->1157K(1280K)
[5.502s][info   ][gc             ] GC(776) Pause Full (System.gc()) 4M->4M(28M) 5.838ms
[5.502s][info   ][gc,cpu         ] GC(776) User=0.01s Sys=0.00s Real=0.00s
[5.503s][info   ][gc,start       ] GC(777) Pause Full (System.gc())
[5.503s][info   ][gc,task        ] GC(777) Using 1 workers of 10 for full compaction
[5.503s][info   ][gc,phases,start] GC(777) Phase 1: Mark live objects
[5.507s][info   ][gc,phases      ] GC(777) Phase 1: Mark live objects 4.434ms
[5.507s][info   ][gc,phases,start] GC(777) Phase 2: Prepare for compaction
[5.507s][info   ][gc,phases      ] GC(777) Phase 2: Prepare for compaction 0.270ms
[5.507s][info   ][gc,phases,start] GC(777) Phase 3: Adjust pointers
[5.509s][info   ][gc,phases      ] GC(777) Phase 3: Adjust pointers 1.244ms
[5.509s][info   ][gc,phases,start] GC(777) Phase 4: Compact heap
[5.509s][info   ][gc,phases      ] GC(777) Phase 4: Compact heap 0.130ms
[5.509s][info   ][gc,heap        ] GC(777) Eden regions: 1->0(3)
[5.509s][info   ][gc,heap        ] GC(777) Survivor regions: 0->0(0)
[5.509s][info   ][gc,heap        ] GC(777) Old regions: 2->2
[5.509s][info   ][gc,heap        ] GC(777) Archive regions: 2->2
[5.509s][info   ][gc,heap        ] GC(777) Humongous regions: 0->0
[5.509s][info   ][gc,metaspace   ] GC(777) Metaspace: 9524K(9792K)->9524K(9792K) NonClass: 8366K(8512K)->8366K(8512K) Class: 1157K(1280K)->1157K(1280K)
[5.509s][info   ][gc             ] GC(777) Pause Full (System.gc()) 4M->4M(28M) 6.519ms
[5.509s][info   ][gc,cpu         ] GC(777) User=0.00s Sys=0.00s Real=0.01s
[5.509s][info   ][gc,start       ] GC(778) Pause Full (System.gc())
[5.509s][info   ][gc,task        ] GC(778) Using 1 workers of 10 for full compaction
[5.509s][info   ][gc,phases,start] GC(778) Phase 1: Mark live objects
[5.512s][info   ][gc,phases      ] GC(778) Phase 1: Mark live objects 2.663ms
[5.512s][info   ][gc,phases,start] GC(778) Phase 2: Prepare for compaction
[5.513s][info   ][gc,phases      ] GC(778) Phase 2: Prepare for compaction 0.420ms
[5.513s][info   ][gc,phases,start] GC(778) Phase 3: Adjust pointers
[5.514s][info   ][gc,phases      ] GC(778) Phase 3: Adjust pointers 1.093ms
[5.514s][info   ][gc,phases,start] GC(778) Phase 4: Compact heap
[5.514s][info   ][gc,phases      ] GC(778) Phase 4: Compact heap 0.396ms
[5.515s][info   ][gc,heap        ] GC(778) Eden regions: 0->0(3)
[5.515s][info   ][gc,heap        ] GC(778) Survivor regions: 0->0(0)
[5.515s][info   ][gc,heap        ] GC(778) Old regions: 2->2
[5.515s][info   ][gc,heap        ] GC(778) Archive regions: 2->2
[5.515s][info   ][gc,heap        ] GC(778) Humongous regions: 0->0
[5.515s][info   ][gc,metaspace   ] GC(778) Metaspace: 9524K(9792K)->9524K(9792K) NonClass: 8366K(8512K)->8366K(8512K) Class: 1157K(1280K)->1157K(1280K)
[5.515s][info   ][gc             ] GC(778) Pause Full (System.gc()) 4M->4M(28M) 5.176ms
[5.515s][info   ][gc,cpu         ] GC(778) User=0.00s Sys=0.00s Real=0.01s
[5.515s][info   ][gc,start       ] GC(779) Pause Full (System.gc())
[5.515s][info   ][gc,task        ] GC(779) Using 1 workers of 10 for full compaction
[5.515s][info   ][gc,phases,start] GC(779) Phase 1: Mark live objects
[5.518s][info   ][gc,phases      ] GC(779) Phase 1: Mark live objects 2.647ms
[5.518s][info   ][gc,phases,start] GC(779) Phase 2: Prepare for compaction
[5.518s][info   ][gc,phases      ] GC(779) Phase 2: Prepare for compaction 0.168ms
[5.518s][info   ][gc,phases,start] GC(779) Phase 3: Adjust pointers
[5.519s][info   ][gc,phases      ] GC(779) Phase 3: Adjust pointers 1.132ms
[5.519s][info   ][gc,phases,start] GC(779) Phase 4: Compact heap
[5.520s][info   ][gc,phases      ] GC(779) Phase 4: Compact heap 0.294ms
[5.520s][info   ][gc,heap        ] GC(779) Eden regions: 1->0(3)
[5.520s][info   ][gc,heap        ] GC(779) Survivor regions: 0->0(0)
[5.520s][info   ][gc,heap        ] GC(779) Old regions: 2->2
[5.520s][info   ][gc,heap        ] GC(779) Archive regions: 2->2
[5.520s][info   ][gc,heap        ] GC(779) Humongous regions: 0->0
[5.520s][info   ][gc,metaspace   ] GC(779) Metaspace: 9524K(9792K)->9524K(9792K) NonClass: 8366K(8512K)->8366K(8512K) Class: 1157K(1280K)->1157K(1280K)
[5.520s][info   ][gc             ] GC(779) Pause Full (System.gc()) 4M->4M(28M) 4.912ms
[5.520s][info   ][gc,cpu         ] GC(779) User=0.00s Sys=0.00s Real=0.00s
[5.520s][info   ][gc,start       ] GC(780) Pause Full (System.gc())
[5.520s][info   ][gc,task        ] GC(780) Using 1 workers of 10 for full compaction
[5.520s][info   ][gc,phases,start] GC(780) Phase 1: Mark live objects
[5.524s][info   ][gc,phases      ] GC(780) Phase 1: Mark live objects 3.872ms
[5.524s][info   ][gc,phases,start] GC(780) Phase 2: Prepare for compaction
[5.525s][info   ][gc,phases      ] GC(780) Phase 2: Prepare for compaction 0.234ms
[5.525s][info   ][gc,phases,start] GC(780) Phase 3: Adjust pointers
[5.526s][info   ][gc,phases      ] GC(780) Phase 3: Adjust pointers 1.184ms
[5.526s][info   ][gc,phases,start] GC(780) Phase 4: Compact heap
[5.526s][info   ][gc,phases      ] GC(780) Phase 4: Compact heap 0.244ms
[5.527s][info   ][gc,heap        ] GC(780) Eden regions: 0->0(3)
[5.527s][info   ][gc,heap        ] GC(780) Survivor regions: 0->0(0)
[5.527s][info   ][gc,heap        ] GC(780) Old regions: 2->2
[5.527s][info   ][gc,heap        ] GC(780) Archive regions: 2->2
[5.527s][info   ][gc,heap        ] GC(780) Humongous regions: 0->0
[5.527s][info   ][gc,metaspace   ] GC(780) Metaspace: 9524K(9792K)->9524K(9792K) NonClass: 8366K(8512K)->8366K(8512K) Class: 1157K(1280K)->1157K(1280K)
[5.527s][info   ][gc             ] GC(780) Pause Full (System.gc()) 4M->4M(28M) 6.114ms
[5.527s][info   ][gc,cpu         ] GC(780) User=0.00s Sys=0.00s Real=0.01s
[5.527s][info   ][gc,start       ] GC(781) Pause Full (System.gc())
[5.527s][info   ][gc,task        ] GC(781) Using 1 workers of 10 for full compaction
[5.527s][info   ][gc,phases,start] GC(781) Phase 1: Mark live objects
[5.530s][info   ][gc,phases      ] GC(781) Phase 1: Mark live objects 3.525ms
[5.530s][info   ][gc,phases,start] GC(781) Phase 2: Prepare for compaction
[5.531s][info   ][gc,phases      ] GC(781) Phase 2: Prepare for compaction 0.293ms
[5.531s][info   ][gc,phases,start] GC(781) Phase 3: Adjust pointers
[5.533s][info   ][gc,phases      ] GC(781) Phase 3: Adjust pointers 1.927ms
[5.533s][info   ][gc,phases,start] GC(781) Phase 4: Compact heap
[5.533s][info   ][gc,phases      ] GC(781) Phase 4: Compact heap 0.205ms
[5.533s][info   ][gc,heap        ] GC(781) Eden regions: 0->0(3)
[5.533s][info   ][gc,heap        ] GC(781) Survivor regions: 0->0(0)
[5.533s][info   ][gc,heap        ] GC(781) Old regions: 2->2
[5.533s][info   ][gc,heap        ] GC(781) Archive regions: 2->2
[5.533s][info   ][gc,heap        ] GC(781) Humongous regions: 0->0
[5.533s][info   ][gc,metaspace   ] GC(781) Metaspace: 9524K(9792K)->9524K(9792K) NonClass: 8366K(8512K)->8366K(8512K) Class: 1157K(1280K)->1157K(1280K)
[5.533s][info   ][gc             ] GC(781) Pause Full (System.gc()) 4M->4M(28M) 6.451ms
[5.533s][info   ][gc,cpu         ] GC(781) User=0.00s Sys=0.00s Real=0.00s
[5.534s][info   ][gc,start       ] GC(782) Pause Full (System.gc())
[5.534s][info   ][gc,task        ] GC(782) Using 1 workers of 10 for full compaction
[5.534s][info   ][gc,phases,start] GC(782) Phase 1: Mark live objects
[5.537s][info   ][gc,phases      ] GC(782) Phase 1: Mark live objects 3.189ms
[5.537s][info   ][gc,phases,start] GC(782) Phase 2: Prepare for compaction
[5.538s][info   ][gc,phases      ] GC(782) Phase 2: Prepare for compaction 0.487ms
[5.538s][info   ][gc,phases,start] GC(782) Phase 3: Adjust pointers
[5.539s][info   ][gc,phases      ] GC(782) Phase 3: Adjust pointers 1.732ms
[5.539s][info   ][gc,phases,start] GC(782) Phase 4: Compact heap
[5.540s][info   ][gc,phases      ] GC(782) Phase 4: Compact heap 0.263ms
[5.540s][info   ][gc,heap        ] GC(782) Eden regions: 1->0(3)
[5.540s][info   ][gc,heap        ] GC(782) Survivor regions: 0->0(0)
[5.540s][info   ][gc,heap        ] GC(782) Old regions: 2->2
[5.540s][info   ][gc,heap        ] GC(782) Archive regions: 2->2
[5.540s][info   ][gc,heap        ] GC(782) Humongous regions: 0->0
[5.540s][info   ][gc,metaspace   ] GC(782) Metaspace: 9524K(9792K)->9524K(9792K) NonClass: 8366K(8512K)->8366K(8512K) Class: 1157K(1280K)->1157K(1280K)
[5.540s][info   ][gc             ] GC(782) Pause Full (System.gc()) 4M->4M(28M) 6.418ms
[5.540s][info   ][gc,cpu         ] GC(782) User=0.01s Sys=0.00s Real=0.00s
[5.540s][info   ][gc,start       ] GC(783) Pause Full (System.gc())
[5.540s][info   ][gc,task        ] GC(783) Using 1 workers of 10 for full compaction
[5.540s][info   ][gc,phases,start] GC(783) Phase 1: Mark live objects
[5.544s][info   ][gc,phases      ] GC(783) Phase 1: Mark live objects 3.194ms
[5.544s][info   ][gc,phases,start] GC(783) Phase 2: Prepare for compaction
[5.544s][info   ][gc,phases      ] GC(783) Phase 2: Prepare for compaction 0.178ms
[5.544s][info   ][gc,phases,start] GC(783) Phase 3: Adjust pointers
[5.545s][info   ][gc,phases      ] GC(783) Phase 3: Adjust pointers 1.310ms
[5.545s][info   ][gc,phases,start] GC(783) Phase 4: Compact heap
[5.545s][info   ][gc,phases      ] GC(783) Phase 4: Compact heap 0.243ms
[5.546s][info   ][gc,heap        ] GC(783) Eden regions: 0->0(3)
[5.546s][info   ][gc,heap        ] GC(783) Survivor regions: 0->0(0)
[5.546s][info   ][gc,heap        ] GC(783) Old regions: 2->2
[5.546s][info   ][gc,heap        ] GC(783) Archive regions: 2->2
[5.546s][info   ][gc,heap        ] GC(783) Humongous regions: 0->0
[5.546s][info   ][gc,metaspace   ] GC(783) Metaspace: 9524K(9792K)->9524K(9792K) NonClass: 8366K(8512K)->8366K(8512K) Class: 1157K(1280K)->1157K(1280K)
[5.546s][info   ][gc             ] GC(783) Pause Full (System.gc()) 4M->4M(28M) 5.697ms
[5.546s][info   ][gc,cpu         ] GC(783) User=0.00s Sys=0.00s Real=0.01s
[5.547s][info   ][gc,start       ] GC(784) Pause Full (System.gc())
[5.547s][info   ][gc,task        ] GC(784) Using 1 workers of 10 for full compaction
[5.547s][info   ][gc,phases,start] GC(784) Phase 1: Mark live objects
[5.550s][info   ][gc,phases      ] GC(784) Phase 1: Mark live objects 3.355ms
[5.551s][info   ][gc,phases,start] GC(784) Phase 2: Prepare for compaction
[5.551s][info   ][gc,phases      ] GC(784) Phase 2: Prepare for compaction 0.238ms
[5.551s][info   ][gc,phases,start] GC(784) Phase 3: Adjust pointers
[5.552s][info   ][gc,phases      ] GC(784) Phase 3: Adjust pointers 1.363ms
[5.552s][info   ][gc,phases,start] GC(784) Phase 4: Compact heap
[5.552s][info   ][gc,phases      ] GC(784) Phase 4: Compact heap 0.054ms
[5.553s][info   ][gc,heap        ] GC(784) Eden regions: 1->0(3)
[5.553s][info   ][gc,heap        ] GC(784) Survivor regions: 0->0(0)
[5.553s][info   ][gc,heap        ] GC(784) Old regions: 2->2
[5.553s][info   ][gc,heap        ] GC(784) Archive regions: 2->2
[5.553s][info   ][gc,heap        ] GC(784) Humongous regions: 0->0
[5.553s][info   ][gc,metaspace   ] GC(784) Metaspace: 9524K(9792K)->9524K(9792K) NonClass: 8366K(8512K)->8366K(8512K) Class: 1157K(1280K)->1157K(1280K)
[5.553s][info   ][gc             ] GC(784) Pause Full (System.gc()) 4M->4M(28M) 5.539ms
[5.553s][info   ][gc,cpu         ] GC(784) User=0.01s Sys=0.00s Real=0.00s
[5.553s][info   ][gc,start       ] GC(785) Pause Full (System.gc())
[5.553s][info   ][gc,task        ] GC(785) Using 1 workers of 10 for full compaction
[5.553s][info   ][gc,phases,start] GC(785) Phase 1: Mark live objects
[5.557s][info   ][gc,phases      ] GC(785) Phase 1: Mark live objects 4.314ms
[5.557s][info   ][gc,phases,start] GC(785) Phase 2: Prepare for compaction
[5.558s][info   ][gc,phases      ] GC(785) Phase 2: Prepare for compaction 0.286ms
[5.558s][info   ][gc,phases,start] GC(785) Phase 3: Adjust pointers
[5.560s][info   ][gc,phases      ] GC(785) Phase 3: Adjust pointers 2.235ms
[5.560s][info   ][gc,phases,start] GC(785) Phase 4: Compact heap
[5.560s][info   ][gc,phases      ] GC(785) Phase 4: Compact heap 0.057ms
[5.560s][info   ][gc,heap        ] GC(785) Eden regions: 0->0(3)
[5.560s][info   ][gc,heap        ] GC(785) Survivor regions: 0->0(0)
[5.560s][info   ][gc,heap        ] GC(785) Old regions: 2->2
[5.560s][info   ][gc,heap        ] GC(785) Archive regions: 2->2
[5.560s][info   ][gc,heap        ] GC(785) Humongous regions: 0->0
[5.560s][info   ][gc,metaspace   ] GC(785) Metaspace: 9524K(9792K)->9524K(9792K) NonClass: 8366K(8512K)->8366K(8512K) Class: 1157K(1280K)->1157K(1280K)
[5.560s][info   ][gc             ] GC(785) Pause Full (System.gc()) 4M->4M(28M) 7.511ms
[5.560s][info   ][gc,cpu         ] GC(785) User=0.00s Sys=0.00s Real=0.01s
[5.561s][info   ][gc,start       ] GC(786) Pause Full (System.gc())
[5.561s][info   ][gc,task        ] GC(786) Using 1 workers of 10 for full compaction
[5.561s][info   ][gc,phases,start] GC(786) Phase 1: Mark live objects
[5.564s][info   ][gc,phases      ] GC(786) Phase 1: Mark live objects 3.599ms
[5.564s][info   ][gc,phases,start] GC(786) Phase 2: Prepare for compaction
[5.565s][info   ][gc,phases      ] GC(786) Phase 2: Prepare for compaction 0.405ms
[5.565s][info   ][gc,phases,start] GC(786) Phase 3: Adjust pointers
[5.566s][info   ][gc,phases      ] GC(786) Phase 3: Adjust pointers 1.600ms
[5.566s][info   ][gc,phases,start] GC(786) Phase 4: Compact heap
[5.567s][info   ][gc,phases      ] GC(786) Phase 4: Compact heap 0.311ms
[5.567s][info   ][gc,heap        ] GC(786) Eden regions: 0->0(3)
[5.567s][info   ][gc,heap        ] GC(786) Survivor regions: 0->0(0)
[5.567s][info   ][gc,heap        ] GC(786) Old regions: 2->2
[5.567s][info   ][gc,heap        ] GC(786) Archive regions: 2->2
[5.567s][info   ][gc,heap        ] GC(786) Humongous regions: 0->0
[5.567s][info   ][gc,metaspace   ] GC(786) Metaspace: 9524K(9792K)->9524K(9792K) NonClass: 8366K(8512K)->8366K(8512K) Class: 1157K(1280K)->1157K(1280K)
[5.567s][info   ][gc             ] GC(786) Pause Full (System.gc()) 4M->4M(28M) 6.622ms
[5.567s][info   ][gc,cpu         ] GC(786) User=0.01s Sys=0.00s Real=0.01s
[5.567s][info   ][gc,start       ] GC(787) Pause Full (System.gc())
[5.567s][info   ][gc,task        ] GC(787) Using 1 workers of 10 for full compaction
[5.567s][info   ][gc,phases,start] GC(787) Phase 1: Mark live objects
[5.571s][info   ][gc,phases      ] GC(787) Phase 1: Mark live objects 3.624ms
[5.571s][info   ][gc,phases,start] GC(787) Phase 2: Prepare for compaction
[5.571s][info   ][gc,phases      ] GC(787) Phase 2: Prepare for compaction 0.290ms
[5.571s][info   ][gc,phases,start] GC(787) Phase 3: Adjust pointers
[5.573s][info   ][gc,phases      ] GC(787) Phase 3: Adjust pointers 1.766ms
[5.573s][info   ][gc,phases,start] GC(787) Phase 4: Compact heap
[5.573s][info   ][gc,phases      ] GC(787) Phase 4: Compact heap 0.282ms
[5.574s][info   ][gc,heap        ] GC(787) Eden regions: 0->0(3)
[5.574s][info   ][gc,heap        ] GC(787) Survivor regions: 0->0(0)
[5.574s][info   ][gc,heap        ] GC(787) Old regions: 2->2
[5.574s][info   ][gc,heap        ] GC(787) Archive regions: 2->2
[5.574s][info   ][gc,heap        ] GC(787) Humongous regions: 0->0
[5.574s][info   ][gc,metaspace   ] GC(787) Metaspace: 9524K(9792K)->9524K(9792K) NonClass: 8366K(8512K)->8366K(8512K) Class: 1157K(1280K)->1157K(1280K)
[5.574s][info   ][gc             ] GC(787) Pause Full (System.gc()) 4M->4M(28M) 6.626ms
[5.574s][info   ][gc,cpu         ] GC(787) User=0.01s Sys=0.00s Real=0.01s
[5.575s][info   ][gc,start       ] GC(788) Pause Full (System.gc())
[5.575s][info   ][gc,task        ] GC(788) Using 1 workers of 10 for full compaction
[5.575s][info   ][gc,phases,start] GC(788) Phase 1: Mark live objects
[5.579s][info   ][gc,phases      ] GC(788) Phase 1: Mark live objects 4.007ms
[5.579s][info   ][gc,phases,start] GC(788) Phase 2: Prepare for compaction
[5.579s][info   ][gc,phases      ] GC(788) Phase 2: Prepare for compaction 0.198ms
[5.579s][info   ][gc,phases,start] GC(788) Phase 3: Adjust pointers
[5.581s][info   ][gc,phases      ] GC(788) Phase 3: Adjust pointers 1.714ms
[5.581s][info   ][gc,phases,start] GC(788) Phase 4: Compact heap
[5.581s][info   ][gc,phases      ] GC(788) Phase 4: Compact heap 0.192ms
[5.581s][info   ][gc,heap        ] GC(788) Eden regions: 1->0(3)
[5.581s][info   ][gc,heap        ] GC(788) Survivor regions: 0->0(0)
[5.581s][info   ][gc,heap        ] GC(788) Old regions: 2->2
[5.581s][info   ][gc,heap        ] GC(788) Archive regions: 2->2
[5.581s][info   ][gc,heap        ] GC(788) Humongous regions: 0->0
[5.581s][info   ][gc,metaspace   ] GC(788) Metaspace: 9524K(9792K)->9524K(9792K) NonClass: 8366K(8512K)->8366K(8512K) Class: 1157K(1280K)->1157K(1280K)
[5.581s][info   ][gc             ] GC(788) Pause Full (System.gc()) 4M->4M(28M) 6.730ms
[5.581s][info   ][gc,cpu         ] GC(788) User=0.00s Sys=0.00s Real=0.00s
[5.582s][info   ][gc,start       ] GC(789) Pause Full (System.gc())
[5.582s][info   ][gc,task        ] GC(789) Using 1 workers of 10 for full compaction
[5.582s][info   ][gc,phases,start] GC(789) Phase 1: Mark live objects
[5.585s][info   ][gc,phases      ] GC(789) Phase 1: Mark live objects 2.923ms
[5.585s][info   ][gc,phases,start] GC(789) Phase 2: Prepare for compaction
[5.585s][info   ][gc,phases      ] GC(789) Phase 2: Prepare for compaction 0.182ms
[5.585s][info   ][gc,phases,start] GC(789) Phase 3: Adjust pointers
[5.587s][info   ][gc,phases      ] GC(789) Phase 3: Adjust pointers 1.527ms
[5.587s][info   ][gc,phases,start] GC(789) Phase 4: Compact heap
[5.587s][info   ][gc,phases      ] GC(789) Phase 4: Compact heap 0.178ms
[5.587s][info   ][gc,heap        ] GC(789) Eden regions: 1->0(3)
[5.587s][info   ][gc,heap        ] GC(789) Survivor regions: 0->0(0)
[5.587s][info   ][gc,heap        ] GC(789) Old regions: 2->2
[5.587s][info   ][gc,heap        ] GC(789) Archive regions: 2->2
[5.587s][info   ][gc,heap        ] GC(789) Humongous regions: 0->0
[5.587s][info   ][gc,metaspace   ] GC(789) Metaspace: 9524K(9792K)->9524K(9792K) NonClass: 8366K(8512K)->8366K(8512K) Class: 1157K(1280K)->1157K(1280K)
[5.587s][info   ][gc             ] GC(789) Pause Full (System.gc()) 4M->4M(28M) 5.407ms
[5.587s][info   ][gc,cpu         ] GC(789) User=0.00s Sys=0.01s Real=0.01s
[5.587s][info   ][gc,start       ] GC(790) Pause Full (System.gc())
[5.587s][info   ][gc,task        ] GC(790) Using 1 workers of 10 for full compaction
[5.587s][info   ][gc,phases,start] GC(790) Phase 1: Mark live objects
[5.590s][info   ][gc,phases      ] GC(790) Phase 1: Mark live objects 2.632ms
[5.590s][info   ][gc,phases,start] GC(790) Phase 2: Prepare for compaction
[5.590s][info   ][gc,phases      ] GC(790) Phase 2: Prepare for compaction 0.158ms
[5.590s][info   ][gc,phases,start] GC(790) Phase 3: Adjust pointers
[5.592s][info   ][gc,phases      ] GC(790) Phase 3: Adjust pointers 1.246ms
[5.592s][info   ][gc,phases,start] GC(790) Phase 4: Compact heap
[5.592s][info   ][gc,phases      ] GC(790) Phase 4: Compact heap 0.205ms
[5.592s][info   ][gc,heap        ] GC(790) Eden regions: 0->0(3)
[5.592s][info   ][gc,heap        ] GC(790) Survivor regions: 0->0(0)
[5.592s][info   ][gc,heap        ] GC(790) Old regions: 2->2
[5.592s][info   ][gc,heap        ] GC(790) Archive regions: 2->2
[5.592s][info   ][gc,heap        ] GC(790) Humongous regions: 0->0
[5.592s][info   ][gc,metaspace   ] GC(790) Metaspace: 9524K(9792K)->9524K(9792K) NonClass: 8366K(8512K)->8366K(8512K) Class: 1157K(1280K)->1157K(1280K)
[5.592s][info   ][gc             ] GC(790) Pause Full (System.gc()) 4M->4M(28M) 4.825ms
[5.592s][info   ][gc,cpu         ] GC(790) User=0.01s Sys=0.00s Real=0.00s
[5.593s][info   ][gc,start       ] GC(791) Pause Full (System.gc())
[5.593s][info   ][gc,task        ] GC(791) Using 1 workers of 10 for full compaction
[5.593s][info   ][gc,phases,start] GC(791) Phase 1: Mark live objects
[5.595s][info   ][gc,phases      ] GC(791) Phase 1: Mark live objects 2.468ms
[5.595s][info   ][gc,phases,start] GC(791) Phase 2: Prepare for compaction
[5.595s][info   ][gc,phases      ] GC(791) Phase 2: Prepare for compaction 0.158ms
[5.595s][info   ][gc,phases,start] GC(791) Phase 3: Adjust pointers
[5.596s][info   ][gc,phases      ] GC(791) Phase 3: Adjust pointers 1.061ms
[5.596s][info   ][gc,phases,start] GC(791) Phase 4: Compact heap
[5.597s][info   ][gc,phases      ] GC(791) Phase 4: Compact heap 0.196ms
[5.597s][info   ][gc,heap        ] GC(791) Eden regions: 1->0(3)
[5.597s][info   ][gc,heap        ] GC(791) Survivor regions: 0->0(0)
[5.597s][info   ][gc,heap        ] GC(791) Old regions: 2->2
[5.597s][info   ][gc,heap        ] GC(791) Archive regions: 2->2
[5.597s][info   ][gc,heap        ] GC(791) Humongous regions: 0->0
[5.597s][info   ][gc,metaspace   ] GC(791) Metaspace: 9524K(9792K)->9524K(9792K) NonClass: 8366K(8512K)->8366K(8512K) Class: 1157K(1280K)->1157K(1280K)
[5.597s][info   ][gc             ] GC(791) Pause Full (System.gc()) 4M->4M(28M) 4.437ms
[5.597s][info   ][gc,cpu         ] GC(791) User=0.00s Sys=0.00s Real=0.01s
[5.598s][info   ][gc,start       ] GC(792) Pause Full (System.gc())
[5.598s][info   ][gc,task        ] GC(792) Using 1 workers of 10 for full compaction
[5.598s][info   ][gc,phases,start] GC(792) Phase 1: Mark live objects
[5.600s][info   ][gc,phases      ] GC(792) Phase 1: Mark live objects 2.231ms
[5.600s][info   ][gc,phases,start] GC(792) Phase 2: Prepare for compaction
[5.600s][info   ][gc,phases      ] GC(792) Phase 2: Prepare for compaction 0.159ms
[5.600s][info   ][gc,phases,start] GC(792) Phase 3: Adjust pointers
[5.601s][info   ][gc,phases      ] GC(792) Phase 3: Adjust pointers 1.062ms
[5.601s][info   ][gc,phases,start] GC(792) Phase 4: Compact heap
[5.601s][info   ][gc,phases      ] GC(792) Phase 4: Compact heap 0.298ms
[5.602s][info   ][gc,heap        ] GC(792) Eden regions: 1->0(3)
[5.602s][info   ][gc,heap        ] GC(792) Survivor regions: 0->0(0)
[5.602s][info   ][gc,heap        ] GC(792) Old regions: 2->2
[5.602s][info   ][gc,heap        ] GC(792) Archive regions: 2->2
[5.602s][info   ][gc,heap        ] GC(792) Humongous regions: 0->0
[5.602s][info   ][gc,metaspace   ] GC(792) Metaspace: 9524K(9792K)->9524K(9792K) NonClass: 8366K(8512K)->8366K(8512K) Class: 1157K(1280K)->1157K(1280K)
[5.602s][info   ][gc             ] GC(792) Pause Full (System.gc()) 4M->4M(28M) 4.310ms
[5.602s][info   ][gc,cpu         ] GC(792) User=0.00s Sys=0.00s Real=0.00s
[5.602s][info   ][gc,start       ] GC(793) Pause Full (System.gc())
[5.602s][info   ][gc,task        ] GC(793) Using 1 workers of 10 for full compaction
[5.602s][info   ][gc,phases,start] GC(793) Phase 1: Mark live objects
[5.604s][info   ][gc,phases      ] GC(793) Phase 1: Mark live objects 2.195ms
[5.604s][info   ][gc,phases,start] GC(793) Phase 2: Prepare for compaction
[5.604s][info   ][gc,phases      ] GC(793) Phase 2: Prepare for compaction 0.124ms
[5.604s][info   ][gc,phases,start] GC(793) Phase 3: Adjust pointers
[5.606s][info   ][gc,phases      ] GC(793) Phase 3: Adjust pointers 1.276ms
[5.606s][info   ][gc,phases,start] GC(793) Phase 4: Compact heap
[5.606s][info   ][gc,phases      ] GC(793) Phase 4: Compact heap 0.101ms
[5.606s][info   ][gc,heap        ] GC(793) Eden regions: 0->0(3)
[5.606s][info   ][gc,heap        ] GC(793) Survivor regions: 0->0(0)
[5.606s][info   ][gc,heap        ] GC(793) Old regions: 2->2
[5.606s][info   ][gc,heap        ] GC(793) Archive regions: 2->2
[5.606s][info   ][gc,heap        ] GC(793) Humongous regions: 0->0
[5.606s][info   ][gc,metaspace   ] GC(793) Metaspace: 9524K(9792K)->9524K(9792K) NonClass: 8366K(8512K)->8366K(8512K) Class: 1157K(1280K)->1157K(1280K)
[5.606s][info   ][gc             ] GC(793) Pause Full (System.gc()) 4M->4M(28M) 4.179ms
[5.606s][info   ][gc,cpu         ] GC(793) User=0.01s Sys=0.00s Real=0.01s
[5.607s][info   ][gc,start       ] GC(794) Pause Full (System.gc())
[5.607s][info   ][gc,task        ] GC(794) Using 1 workers of 10 for full compaction
[5.607s][info   ][gc,phases,start] GC(794) Phase 1: Mark live objects
[5.610s][info   ][gc,phases      ] GC(794) Phase 1: Mark live objects 2.672ms
[5.610s][info   ][gc,phases,start] GC(794) Phase 2: Prepare for compaction
[5.610s][info   ][gc,phases      ] GC(794) Phase 2: Prepare for compaction 0.255ms
[5.610s][info   ][gc,phases,start] GC(794) Phase 3: Adjust pointers
[5.612s][info   ][gc,phases      ] GC(794) Phase 3: Adjust pointers 1.793ms
[5.612s][info   ][gc,phases,start] GC(794) Phase 4: Compact heap
[5.612s][info   ][gc,phases      ] GC(794) Phase 4: Compact heap 0.061ms
[5.612s][info   ][gc,heap        ] GC(794) Eden regions: 1->0(3)
[5.612s][info   ][gc,heap        ] GC(794) Survivor regions: 0->0(0)
[5.612s][info   ][gc,heap        ] GC(794) Old regions: 2->2
[5.612s][info   ][gc,heap        ] GC(794) Archive regions: 2->2
[5.612s][info   ][gc,heap        ] GC(794) Humongous regions: 0->0
[5.612s][info   ][gc,metaspace   ] GC(794) Metaspace: 9524K(9792K)->9524K(9792K) NonClass: 8366K(8512K)->8366K(8512K) Class: 1157K(1280K)->1157K(1280K)
[5.612s][info   ][gc             ] GC(794) Pause Full (System.gc()) 4M->4M(28M) 5.472ms
[5.612s][info   ][gc,cpu         ] GC(794) User=0.00s Sys=0.00s Real=0.00s
[5.612s][info   ][gc,start       ] GC(795) Pause Full (System.gc())
[5.612s][info   ][gc,task        ] GC(795) Using 1 workers of 10 for full compaction
[5.612s][info   ][gc,phases,start] GC(795) Phase 1: Mark live objects
[5.616s][info   ][gc,phases      ] GC(795) Phase 1: Mark live objects 3.751ms
[5.616s][info   ][gc,phases,start] GC(795) Phase 2: Prepare for compaction
[5.616s][info   ][gc,phases      ] GC(795) Phase 2: Prepare for compaction 0.150ms
[5.616s][info   ][gc,phases,start] GC(795) Phase 3: Adjust pointers
[5.618s][info   ][gc,phases      ] GC(795) Phase 3: Adjust pointers 1.284ms
[5.618s][info   ][gc,phases,start] GC(795) Phase 4: Compact heap
[5.618s][info   ][gc,phases      ] GC(795) Phase 4: Compact heap 0.132ms
[5.618s][info   ][gc,heap        ] GC(795) Eden regions: 0->0(3)
[5.618s][info   ][gc,heap        ] GC(795) Survivor regions: 0->0(0)
[5.618s][info   ][gc,heap        ] GC(795) Old regions: 2->2
[5.618s][info   ][gc,heap        ] GC(795) Archive regions: 2->2
[5.618s][info   ][gc,heap        ] GC(795) Humongous regions: 0->0
[5.618s][info   ][gc,metaspace   ] GC(795) Metaspace: 9524K(9792K)->9524K(9792K) NonClass: 8366K(8512K)->8366K(8512K) Class: 1157K(1280K)->1157K(1280K)
[5.618s][info   ][gc             ] GC(795) Pause Full (System.gc()) 4M->4M(28M) 5.860ms
[5.618s][info   ][gc,cpu         ] GC(795) User=0.01s Sys=0.00s Real=0.01s
[5.619s][info   ][gc,start       ] GC(796) Pause Full (System.gc())
[5.619s][info   ][gc,task        ] GC(796) Using 1 workers of 10 for full compaction
[5.619s][info   ][gc,phases,start] GC(796) Phase 1: Mark live objects
[5.622s][info   ][gc,phases      ] GC(796) Phase 1: Mark live objects 2.987ms
[5.622s][info   ][gc,phases,start] GC(796) Phase 2: Prepare for compaction
[5.622s][info   ][gc,phases      ] GC(796) Phase 2: Prepare for compaction 0.227ms
[5.622s][info   ][gc,phases,start] GC(796) Phase 3: Adjust pointers
[5.623s][info   ][gc,phases      ] GC(796) Phase 3: Adjust pointers 1.360ms
[5.623s][info   ][gc,phases,start] GC(796) Phase 4: Compact heap
[5.623s][info   ][gc,phases      ] GC(796) Phase 4: Compact heap 0.178ms
[5.624s][info   ][gc,heap        ] GC(796) Eden regions: 1->0(3)
[5.624s][info   ][gc,heap        ] GC(796) Survivor regions: 0->0(0)
[5.624s][info   ][gc,heap        ] GC(796) Old regions: 2->2
[5.624s][info   ][gc,heap        ] GC(796) Archive regions: 2->2
[5.624s][info   ][gc,heap        ] GC(796) Humongous regions: 0->0
[5.624s][info   ][gc,metaspace   ] GC(796) Metaspace: 9524K(9792K)->9524K(9792K) NonClass: 8366K(8512K)->8366K(8512K) Class: 1157K(1280K)->1157K(1280K)
[5.624s][info   ][gc             ] GC(796) Pause Full (System.gc()) 4M->4M(28M) 5.757ms
[5.624s][info   ][gc,cpu         ] GC(796) User=0.00s Sys=0.00s Real=0.01s
[5.625s][info   ][gc,start       ] GC(797) Pause Full (System.gc())
[5.625s][info   ][gc,task        ] GC(797) Using 1 workers of 10 for full compaction
[5.625s][info   ][gc,phases,start] GC(797) Phase 1: Mark live objects
[5.629s][info   ][gc,phases      ] GC(797) Phase 1: Mark live objects 3.895ms
[5.629s][info   ][gc,phases,start] GC(797) Phase 2: Prepare for compaction
[5.629s][info   ][gc,phases      ] GC(797) Phase 2: Prepare for compaction 0.177ms
[5.629s][info   ][gc,phases,start] GC(797) Phase 3: Adjust pointers
[5.631s][info   ][gc,phases      ] GC(797) Phase 3: Adjust pointers 2.163ms
[5.631s][info   ][gc,phases,start] GC(797) Phase 4: Compact heap
[5.631s][info   ][gc,phases      ] GC(797) Phase 4: Compact heap 0.143ms
[5.632s][info   ][gc,heap        ] GC(797) Eden regions: 1->0(3)
[5.632s][info   ][gc,heap        ] GC(797) Survivor regions: 0->0(0)
[5.632s][info   ][gc,heap        ] GC(797) Old regions: 2->2
[5.632s][info   ][gc,heap        ] GC(797) Archive regions: 2->2
[5.632s][info   ][gc,heap        ] GC(797) Humongous regions: 0->0
[5.632s][info   ][gc,metaspace   ] GC(797) Metaspace: 9524K(9792K)->9524K(9792K) NonClass: 8366K(8512K)->8366K(8512K) Class: 1157K(1280K)->1157K(1280K)
[5.632s][info   ][gc             ] GC(797) Pause Full (System.gc()) 4M->4M(28M) 6.880ms
[5.632s][info   ][gc,cpu         ] GC(797) User=0.01s Sys=0.00s Real=0.00s
[5.632s][info   ][gc,start       ] GC(798) Pause Full (System.gc())
[5.632s][info   ][gc,task        ] GC(798) Using 1 workers of 10 for full compaction
[5.632s][info   ][gc,phases,start] GC(798) Phase 1: Mark live objects
[5.635s][info   ][gc,phases      ] GC(798) Phase 1: Mark live objects 2.894ms
[5.635s][info   ][gc,phases,start] GC(798) Phase 2: Prepare for compaction
[5.635s][info   ][gc,phases      ] GC(798) Phase 2: Prepare for compaction 0.177ms
[5.635s][info   ][gc,phases,start] GC(798) Phase 3: Adjust pointers
[5.637s][info   ][gc,phases      ] GC(798) Phase 3: Adjust pointers 2.151ms
[5.637s][info   ][gc,phases,start] GC(798) Phase 4: Compact heap
[5.638s][info   ][gc,phases      ] GC(798) Phase 4: Compact heap 0.136ms
[5.638s][info   ][gc,heap        ] GC(798) Eden regions: 1->0(3)
[5.638s][info   ][gc,heap        ] GC(798) Survivor regions: 0->0(0)
[5.638s][info   ][gc,heap        ] GC(798) Old regions: 2->2
[5.638s][info   ][gc,heap        ] GC(798) Archive regions: 2->2
[5.638s][info   ][gc,heap        ] GC(798) Humongous regions: 0->0
[5.638s][info   ][gc,metaspace   ] GC(798) Metaspace: 9524K(9792K)->9524K(9792K) NonClass: 8366K(8512K)->8366K(8512K) Class: 1157K(1280K)->1157K(1280K)
[5.638s][info   ][gc             ] GC(798) Pause Full (System.gc()) 4M->4M(28M) 5.988ms
[5.638s][info   ][gc,cpu         ] GC(798) User=0.01s Sys=0.00s Real=0.01s
[5.638s][info   ][gc,start       ] GC(799) Pause Full (System.gc())
[5.638s][info   ][gc,task        ] GC(799) Using 1 workers of 10 for full compaction
[5.638s][info   ][gc,phases,start] GC(799) Phase 1: Mark live objects
[5.642s][info   ][gc,phases      ] GC(799) Phase 1: Mark live objects 3.188ms
[5.642s][info   ][gc,phases,start] GC(799) Phase 2: Prepare for compaction
[5.642s][info   ][gc,phases      ] GC(799) Phase 2: Prepare for compaction 0.111ms
[5.642s][info   ][gc,phases,start] GC(799) Phase 3: Adjust pointers
[5.644s][info   ][gc,phases      ] GC(799) Phase 3: Adjust pointers 2.342ms
[5.644s][info   ][gc,phases,start] GC(799) Phase 4: Compact heap
[5.644s][info   ][gc,phases      ] GC(799) Phase 4: Compact heap 0.165ms
[5.645s][info   ][gc,heap        ] GC(799) Eden regions: 0->0(3)
[5.645s][info   ][gc,heap        ] GC(799) Survivor regions: 0->0(0)
[5.645s][info   ][gc,heap        ] GC(799) Old regions: 2->2
[5.645s][info   ][gc,heap        ] GC(799) Archive regions: 2->2
[5.645s][info   ][gc,heap        ] GC(799) Humongous regions: 0->0
[5.645s][info   ][gc,metaspace   ] GC(799) Metaspace: 9524K(9792K)->9524K(9792K) NonClass: 8366K(8512K)->8366K(8512K) Class: 1157K(1280K)->1157K(1280K)
[5.645s][info   ][gc             ] GC(799) Pause Full (System.gc()) 4M->4M(28M) 6.499ms
[5.645s][info   ][gc,cpu         ] GC(799) User=0.00s Sys=0.00s Real=0.01s
[5.645s][info   ][gc,start       ] GC(800) Pause Full (System.gc())
[5.645s][info   ][gc,task        ] GC(800) Using 1 workers of 10 for full compaction
[5.645s][info   ][gc,phases,start] GC(800) Phase 1: Mark live objects
[5.649s][info   ][gc,phases      ] GC(800) Phase 1: Mark live objects 3.472ms
[5.649s][info   ][gc,phases,start] GC(800) Phase 2: Prepare for compaction
[5.649s][info   ][gc,phases      ] GC(800) Phase 2: Prepare for compaction 0.260ms
[5.649s][info   ][gc,phases,start] GC(800) Phase 3: Adjust pointers
[5.651s][info   ][gc,phases      ] GC(800) Phase 3: Adjust pointers 1.579ms
[5.651s][info   ][gc,phases,start] GC(800) Phase 4: Compact heap
[5.651s][info   ][gc,phases      ] GC(800) Phase 4: Compact heap 0.181ms
[5.652s][info   ][gc,heap        ] GC(800) Eden regions: 1->0(3)
[5.652s][info   ][gc,heap        ] GC(800) Survivor regions: 0->0(0)
[5.652s][info   ][gc,heap        ] GC(800) Old regions: 2->2
[5.652s][info   ][gc,heap        ] GC(800) Archive regions: 2->2
[5.652s][info   ][gc,heap        ] GC(800) Humongous regions: 0->0
[5.652s][info   ][gc,metaspace   ] GC(800) Metaspace: 9524K(9792K)->9524K(9792K) NonClass: 8366K(8512K)->8366K(8512K) Class: 1157K(1280K)->1157K(1280K)
[5.652s][info   ][gc             ] GC(800) Pause Full (System.gc()) 4M->4M(28M) 6.157ms
[5.652s][info   ][gc,cpu         ] GC(800) User=0.01s Sys=0.00s Real=0.00s
[5.652s][info   ][gc,start       ] GC(801) Pause Full (System.gc())
[5.652s][info   ][gc,task        ] GC(801) Using 1 workers of 10 for full compaction
[5.652s][info   ][gc,phases,start] GC(801) Phase 1: Mark live objects
[5.656s][info   ][gc,phases      ] GC(801) Phase 1: Mark live objects 3.959ms
[5.656s][info   ][gc,phases,start] GC(801) Phase 2: Prepare for compaction
[5.656s][info   ][gc,phases      ] GC(801) Phase 2: Prepare for compaction 0.289ms
[5.656s][info   ][gc,phases,start] GC(801) Phase 3: Adjust pointers
[5.658s][info   ][gc,phases      ] GC(801) Phase 3: Adjust pointers 1.671ms
[5.658s][info   ][gc,phases,start] GC(801) Phase 4: Compact heap
[5.658s][info   ][gc,phases      ] GC(801) Phase 4: Compact heap 0.204ms
[5.659s][info   ][gc,heap        ] GC(801) Eden regions: 1->0(3)
[5.659s][info   ][gc,heap        ] GC(801) Survivor regions: 0->0(0)
[5.659s][info   ][gc,heap        ] GC(801) Old regions: 2->2
[5.659s][info   ][gc,heap        ] GC(801) Archive regions: 2->2
[5.659s][info   ][gc,heap        ] GC(801) Humongous regions: 0->0
[5.659s][info   ][gc,metaspace   ] GC(801) Metaspace: 9524K(9792K)->9524K(9792K) NonClass: 8366K(8512K)->8366K(8512K) Class: 1157K(1280K)->1157K(1280K)
[5.659s][info   ][gc             ] GC(801) Pause Full (System.gc()) 4M->4M(28M) 6.849ms
[5.659s][info   ][gc,cpu         ] GC(801) User=0.00s Sys=0.00s Real=0.01s
[5.659s][info   ][gc,start       ] GC(802) Pause Full (System.gc())
[5.659s][info   ][gc,task        ] GC(802) Using 1 workers of 10 for full compaction
[5.659s][info   ][gc,phases,start] GC(802) Phase 1: Mark live objects
[5.662s][info   ][gc,phases      ] GC(802) Phase 1: Mark live objects 3.391ms
[5.662s][info   ][gc,phases,start] GC(802) Phase 2: Prepare for compaction
[5.663s][info   ][gc,phases      ] GC(802) Phase 2: Prepare for compaction 0.099ms
[5.663s][info   ][gc,phases,start] GC(802) Phase 3: Adjust pointers
[5.664s][info   ][gc,phases      ] GC(802) Phase 3: Adjust pointers 1.168ms
[5.664s][info   ][gc,phases,start] GC(802) Phase 4: Compact heap
[5.664s][info   ][gc,phases      ] GC(802) Phase 4: Compact heap 0.244ms
[5.664s][info   ][gc,heap        ] GC(802) Eden regions: 0->0(3)
[5.664s][info   ][gc,heap        ] GC(802) Survivor regions: 0->0(0)
[5.664s][info   ][gc,heap        ] GC(802) Old regions: 2->2
[5.664s][info   ][gc,heap        ] GC(802) Archive regions: 2->2
[5.664s][info   ][gc,heap        ] GC(802) Humongous regions: 0->0
[5.664s][info   ][gc,metaspace   ] GC(802) Metaspace: 9524K(9792K)->9524K(9792K) NonClass: 8366K(8512K)->8366K(8512K) Class: 1157K(1280K)->1157K(1280K)
[5.664s][info   ][gc             ] GC(802) Pause Full (System.gc()) 4M->4M(28M) 5.458ms
[5.664s][info   ][gc,cpu         ] GC(802) User=0.01s Sys=0.00s Real=0.01s
[5.665s][info   ][gc,start       ] GC(803) Pause Full (System.gc())
[5.665s][info   ][gc,task        ] GC(803) Using 1 workers of 10 for full compaction
[5.665s][info   ][gc,phases,start] GC(803) Phase 1: Mark live objects
[5.669s][info   ][gc,phases      ] GC(803) Phase 1: Mark live objects 3.581ms
[5.669s][info   ][gc,phases,start] GC(803) Phase 2: Prepare for compaction
[5.669s][info   ][gc,phases      ] GC(803) Phase 2: Prepare for compaction 0.251ms
[5.669s][info   ][gc,phases,start] GC(803) Phase 3: Adjust pointers
[5.670s][info   ][gc,phases      ] GC(803) Phase 3: Adjust pointers 1.195ms
[5.670s][info   ][gc,phases,start] GC(803) Phase 4: Compact heap
[5.670s][info   ][gc,phases      ] GC(803) Phase 4: Compact heap 0.224ms
[5.671s][info   ][gc,heap        ] GC(803) Eden regions: 1->0(3)
[5.671s][info   ][gc,heap        ] GC(803) Survivor regions: 0->0(0)
[5.671s][info   ][gc,heap        ] GC(803) Old regions: 2->2
[5.671s][info   ][gc,heap        ] GC(803) Archive regions: 2->2
[5.671s][info   ][gc,heap        ] GC(803) Humongous regions: 0->0
[5.671s][info   ][gc,metaspace   ] GC(803) Metaspace: 9524K(9792K)->9524K(9792K) NonClass: 8366K(8512K)->8366K(8512K) Class: 1157K(1280K)->1157K(1280K)
[5.671s][info   ][gc             ] GC(803) Pause Full (System.gc()) 4M->4M(28M) 5.881ms
[5.671s][info   ][gc,cpu         ] GC(803) User=0.01s Sys=0.00s Real=0.00s
[5.671s][info   ][gc,start       ] GC(804) Pause Full (System.gc())
[5.671s][info   ][gc,task        ] GC(804) Using 1 workers of 10 for full compaction
[5.671s][info   ][gc,phases,start] GC(804) Phase 1: Mark live objects
[5.674s][info   ][gc,phases      ] GC(804) Phase 1: Mark live objects 2.907ms
[5.674s][info   ][gc,phases,start] GC(804) Phase 2: Prepare for compaction
[5.674s][info   ][gc,phases      ] GC(804) Phase 2: Prepare for compaction 0.096ms
[5.674s][info   ][gc,phases,start] GC(804) Phase 3: Adjust pointers
[5.675s][info   ][gc,phases      ] GC(804) Phase 3: Adjust pointers 1.177ms
[5.675s][info   ][gc,phases,start] GC(804) Phase 4: Compact heap
[5.675s][info   ][gc,phases      ] GC(804) Phase 4: Compact heap 0.096ms
[5.676s][info   ][gc,heap        ] GC(804) Eden regions: 0->0(3)
[5.676s][info   ][gc,heap        ] GC(804) Survivor regions: 0->0(0)
[5.676s][info   ][gc,heap        ] GC(804) Old regions: 2->2
[5.676s][info   ][gc,heap        ] GC(804) Archive regions: 2->2
[5.676s][info   ][gc,heap        ] GC(804) Humongous regions: 0->0
[5.676s][info   ][gc,metaspace   ] GC(804) Metaspace: 9524K(9792K)->9524K(9792K) NonClass: 8366K(8512K)->8366K(8512K) Class: 1157K(1280K)->1157K(1280K)
[5.676s][info   ][gc             ] GC(804) Pause Full (System.gc()) 4M->4M(28M) 4.880ms
[5.676s][info   ][gc,cpu         ] GC(804) User=0.00s Sys=0.00s Real=0.01s
[5.676s][info   ][gc,start       ] GC(805) Pause Full (System.gc())
[5.676s][info   ][gc,task        ] GC(805) Using 1 workers of 10 for full compaction
[5.676s][info   ][gc,phases,start] GC(805) Phase 1: Mark live objects
[5.680s][info   ][gc,phases      ] GC(805) Phase 1: Mark live objects 3.443ms
[5.680s][info   ][gc,phases,start] GC(805) Phase 2: Prepare for compaction
[5.680s][info   ][gc,phases      ] GC(805) Phase 2: Prepare for compaction 0.120ms
[5.680s][info   ][gc,phases,start] GC(805) Phase 3: Adjust pointers
[5.682s][info   ][gc,phases      ] GC(805) Phase 3: Adjust pointers 1.760ms
[5.682s][info   ][gc,phases,start] GC(805) Phase 4: Compact heap
[5.682s][info   ][gc,phases      ] GC(805) Phase 4: Compact heap 0.101ms
[5.682s][info   ][gc,heap        ] GC(805) Eden regions: 0->0(3)
[5.682s][info   ][gc,heap        ] GC(805) Survivor regions: 0->0(0)
[5.682s][info   ][gc,heap        ] GC(805) Old regions: 2->2
[5.682s][info   ][gc,heap        ] GC(805) Archive regions: 2->2
[5.682s][info   ][gc,heap        ] GC(805) Humongous regions: 0->0
[5.682s][info   ][gc,metaspace   ] GC(805) Metaspace: 9524K(9792K)->9524K(9792K) NonClass: 8366K(8512K)->8366K(8512K) Class: 1157K(1280K)->1157K(1280K)
[5.682s][info   ][gc             ] GC(805) Pause Full (System.gc()) 4M->4M(28M) 5.983ms
[5.682s][info   ][gc,cpu         ] GC(805) User=0.01s Sys=0.00s Real=0.00s
[5.683s][info   ][gc,start       ] GC(806) Pause Full (System.gc())
[5.683s][info   ][gc,task        ] GC(806) Using 1 workers of 10 for full compaction
[5.683s][info   ][gc,phases,start] GC(806) Phase 1: Mark live objects
[5.685s][info   ][gc,phases      ] GC(806) Phase 1: Mark live objects 2.743ms
[5.685s][info   ][gc,phases,start] GC(806) Phase 2: Prepare for compaction
[5.686s][info   ][gc,phases      ] GC(806) Phase 2: Prepare for compaction 0.099ms
[5.686s][info   ][gc,phases,start] GC(806) Phase 3: Adjust pointers
[5.688s][info   ][gc,phases      ] GC(806) Phase 3: Adjust pointers 1.966ms
[5.688s][info   ][gc,phases,start] GC(806) Phase 4: Compact heap
[5.688s][info   ][gc,phases      ] GC(806) Phase 4: Compact heap 0.122ms
[5.688s][info   ][gc,heap        ] GC(806) Eden regions: 1->0(3)
[5.688s][info   ][gc,heap        ] GC(806) Survivor regions: 0->0(0)
[5.688s][info   ][gc,heap        ] GC(806) Old regions: 2->2
[5.688s][info   ][gc,heap        ] GC(806) Archive regions: 2->2
[5.688s][info   ][gc,heap        ] GC(806) Humongous regions: 0->0
[5.688s][info   ][gc,metaspace   ] GC(806) Metaspace: 9524K(9792K)->9524K(9792K) NonClass: 8366K(8512K)->8366K(8512K) Class: 1157K(1280K)->1157K(1280K)
[5.688s][info   ][gc             ] GC(806) Pause Full (System.gc()) 4M->4M(28M) 5.491ms
[5.688s][info   ][gc,cpu         ] GC(806) User=0.00s Sys=0.00s Real=0.01s
[5.688s][info   ][gc,start       ] GC(807) Pause Full (System.gc())
[5.688s][info   ][gc,task        ] GC(807) Using 1 workers of 10 for full compaction
[5.688s][info   ][gc,phases,start] GC(807) Phase 1: Mark live objects
[5.692s][info   ][gc,phases      ] GC(807) Phase 1: Mark live objects 3.301ms
[5.692s][info   ][gc,phases,start] GC(807) Phase 2: Prepare for compaction
[5.692s][info   ][gc,phases      ] GC(807) Phase 2: Prepare for compaction 0.152ms
[5.692s][info   ][gc,phases,start] GC(807) Phase 3: Adjust pointers
[5.694s][info   ][gc,phases      ] GC(807) Phase 3: Adjust pointers 1.993ms
[5.694s][info   ][gc,phases,start] GC(807) Phase 4: Compact heap
[5.694s][info   ][gc,phases      ] GC(807) Phase 4: Compact heap 0.318ms
[5.695s][info   ][gc,heap        ] GC(807) Eden regions: 1->0(3)
[5.695s][info   ][gc,heap        ] GC(807) Survivor regions: 0->0(0)
[5.695s][info   ][gc,heap        ] GC(807) Old regions: 2->2
[5.695s][info   ][gc,heap        ] GC(807) Archive regions: 2->2
[5.695s][info   ][gc,heap        ] GC(807) Humongous regions: 0->0
[5.695s][info   ][gc,metaspace   ] GC(807) Metaspace: 9524K(9792K)->9524K(9792K) NonClass: 8366K(8512K)->8366K(8512K) Class: 1157K(1280K)->1157K(1280K)
[5.695s][info   ][gc             ] GC(807) Pause Full (System.gc()) 4M->4M(28M) 6.324ms
[5.695s][info   ][gc,cpu         ] GC(807) User=0.01s Sys=0.00s Real=0.01s
[5.695s][info   ][gc,start       ] GC(808) Pause Full (System.gc())
[5.695s][info   ][gc,task        ] GC(808) Using 1 workers of 10 for full compaction
[5.695s][info   ][gc,phases,start] GC(808) Phase 1: Mark live objects
[5.698s][info   ][gc,phases      ] GC(808) Phase 1: Mark live objects 2.842ms
[5.698s][info   ][gc,phases,start] GC(808) Phase 2: Prepare for compaction
[5.698s][info   ][gc,phases      ] GC(808) Phase 2: Prepare for compaction 0.193ms
[5.698s][info   ][gc,phases,start] GC(808) Phase 3: Adjust pointers
[5.700s][info   ][gc,phases      ] GC(808) Phase 3: Adjust pointers 1.933ms
[5.700s][info   ][gc,phases,start] GC(808) Phase 4: Compact heap
[5.700s][info   ][gc,phases      ] GC(808) Phase 4: Compact heap 0.197ms
[5.701s][info   ][gc,heap        ] GC(808) Eden regions: 1->0(3)
[5.701s][info   ][gc,heap        ] GC(808) Survivor regions: 0->0(0)
[5.701s][info   ][gc,heap        ] GC(808) Old regions: 2->2
[5.701s][info   ][gc,heap        ] GC(808) Archive regions: 2->2
[5.701s][info   ][gc,heap        ] GC(808) Humongous regions: 0->0
[5.701s][info   ][gc,metaspace   ] GC(808) Metaspace: 9524K(9792K)->9524K(9792K) NonClass: 8366K(8512K)->8366K(8512K) Class: 1157K(1280K)->1157K(1280K)
[5.701s][info   ][gc             ] GC(808) Pause Full (System.gc()) 4M->4M(28M) 5.769ms
[5.701s][info   ][gc,cpu         ] GC(808) User=0.00s Sys=0.00s Real=0.00s
[5.701s][info   ][gc,start       ] GC(809) Pause Full (System.gc())
[5.701s][info   ][gc,task        ] GC(809) Using 1 workers of 10 for full compaction
[5.701s][info   ][gc,phases,start] GC(809) Phase 1: Mark live objects
[5.705s][info   ][gc,phases      ] GC(809) Phase 1: Mark live objects 3.617ms
[5.705s][info   ][gc,phases,start] GC(809) Phase 2: Prepare for compaction
[5.705s][info   ][gc,phases      ] GC(809) Phase 2: Prepare for compaction 0.173ms
[5.705s][info   ][gc,phases,start] GC(809) Phase 3: Adjust pointers
[5.708s][info   ][gc,phases      ] GC(809) Phase 3: Adjust pointers 2.346ms
[5.708s][info   ][gc,phases,start] GC(809) Phase 4: Compact heap
[5.708s][info   ][gc,phases      ] GC(809) Phase 4: Compact heap 0.090ms
[5.709s][info   ][gc,heap        ] GC(809) Eden regions: 1->0(3)
[5.709s][info   ][gc,heap        ] GC(809) Survivor regions: 0->0(0)
[5.709s][info   ][gc,heap        ] GC(809) Old regions: 2->2
[5.709s][info   ][gc,heap        ] GC(809) Archive regions: 2->2
[5.709s][info   ][gc,heap        ] GC(809) Humongous regions: 0->0
[5.709s][info   ][gc,metaspace   ] GC(809) Metaspace: 9524K(9792K)->9524K(9792K) NonClass: 8366K(8512K)->8366K(8512K) Class: 1157K(1280K)->1157K(1280K)
[5.709s][info   ][gc             ] GC(809) Pause Full (System.gc()) 4M->4M(28M) 7.151ms
[5.709s][info   ][gc,cpu         ] GC(809) User=0.01s Sys=0.00s Real=0.01s
[5.709s][info   ][gc,start       ] GC(810) Pause Full (System.gc())
[5.709s][info   ][gc,task        ] GC(810) Using 1 workers of 10 for full compaction
[5.709s][info   ][gc,phases,start] GC(810) Phase 1: Mark live objects
[5.712s][info   ][gc,phases      ] GC(810) Phase 1: Mark live objects 3.532ms
[5.712s][info   ][gc,phases,start] GC(810) Phase 2: Prepare for compaction
[5.713s][info   ][gc,phases      ] GC(810) Phase 2: Prepare for compaction 0.152ms
[5.713s][info   ][gc,phases,start] GC(810) Phase 3: Adjust pointers
[5.714s][info   ][gc,phases      ] GC(810) Phase 3: Adjust pointers 1.529ms
[5.714s][info   ][gc,phases,start] GC(810) Phase 4: Compact heap
[5.714s][info   ][gc,phases      ] GC(810) Phase 4: Compact heap 0.249ms
[5.715s][info   ][gc,heap        ] GC(810) Eden regions: 1->0(3)
[5.715s][info   ][gc,heap        ] GC(810) Survivor regions: 0->0(0)
[5.715s][info   ][gc,heap        ] GC(810) Old regions: 2->2
[5.715s][info   ][gc,heap        ] GC(810) Archive regions: 2->2
[5.715s][info   ][gc,heap        ] GC(810) Humongous regions: 0->0
[5.715s][info   ][gc,metaspace   ] GC(810) Metaspace: 9524K(9792K)->9524K(9792K) NonClass: 8366K(8512K)->8366K(8512K) Class: 1157K(1280K)->1157K(1280K)
[5.715s][info   ][gc             ] GC(810) Pause Full (System.gc()) 4M->4M(28M) 6.173ms
[5.715s][info   ][gc,cpu         ] GC(810) User=0.01s Sys=0.00s Real=0.01s
[5.715s][info   ][gc,start       ] GC(811) Pause Full (System.gc())
[5.715s][info   ][gc,task        ] GC(811) Using 1 workers of 10 for full compaction
[5.715s][info   ][gc,phases,start] GC(811) Phase 1: Mark live objects
[5.718s][info   ][gc,phases      ] GC(811) Phase 1: Mark live objects 2.915ms
[5.718s][info   ][gc,phases,start] GC(811) Phase 2: Prepare for compaction
[5.719s][info   ][gc,phases      ] GC(811) Phase 2: Prepare for compaction 0.225ms
[5.719s][info   ][gc,phases,start] GC(811) Phase 3: Adjust pointers
[5.720s][info   ][gc,phases      ] GC(811) Phase 3: Adjust pointers 1.887ms
[5.720s][info   ][gc,phases,start] GC(811) Phase 4: Compact heap
[5.721s][info   ][gc,phases      ] GC(811) Phase 4: Compact heap 0.116ms
[5.721s][info   ][gc,heap        ] GC(811) Eden regions: 1->0(3)
[5.721s][info   ][gc,heap        ] GC(811) Survivor regions: 0->0(0)
[5.721s][info   ][gc,heap        ] GC(811) Old regions: 2->2
[5.721s][info   ][gc,heap        ] GC(811) Archive regions: 2->2
[5.721s][info   ][gc,heap        ] GC(811) Humongous regions: 0->0
[5.721s][info   ][gc,metaspace   ] GC(811) Metaspace: 9524K(9792K)->9524K(9792K) NonClass: 8366K(8512K)->8366K(8512K) Class: 1157K(1280K)->1157K(1280K)
[5.721s][info   ][gc             ] GC(811) Pause Full (System.gc()) 4M->4M(28M) 5.926ms
[5.721s][info   ][gc,cpu         ] GC(811) User=0.00s Sys=0.00s Real=0.00s
[5.721s][info   ][gc,start       ] GC(812) Pause Full (System.gc())
[5.721s][info   ][gc,task        ] GC(812) Using 1 workers of 10 for full compaction
[5.721s][info   ][gc,phases,start] GC(812) Phase 1: Mark live objects
[5.725s][info   ][gc,phases      ] GC(812) Phase 1: Mark live objects 3.675ms
[5.725s][info   ][gc,phases,start] GC(812) Phase 2: Prepare for compaction
[5.725s][info   ][gc,phases      ] GC(812) Phase 2: Prepare for compaction 0.125ms
[5.725s][info   ][gc,phases,start] GC(812) Phase 3: Adjust pointers
[5.727s][info   ][gc,phases      ] GC(812) Phase 3: Adjust pointers 1.455ms
[5.727s][info   ][gc,phases,start] GC(812) Phase 4: Compact heap
[5.727s][info   ][gc,phases      ] GC(812) Phase 4: Compact heap 0.182ms
[5.728s][info   ][gc,heap        ] GC(812) Eden regions: 0->0(3)
[5.728s][info   ][gc,heap        ] GC(812) Survivor regions: 0->0(0)
[5.728s][info   ][gc,heap        ] GC(812) Old regions: 2->2
[5.728s][info   ][gc,heap        ] GC(812) Archive regions: 2->2
[5.728s][info   ][gc,heap        ] GC(812) Humongous regions: 0->0
[5.728s][info   ][gc,metaspace   ] GC(812) Metaspace: 9524K(9792K)->9524K(9792K) NonClass: 8366K(8512K)->8366K(8512K) Class: 1157K(1280K)->1157K(1280K)
[5.728s][info   ][gc             ] GC(812) Pause Full (System.gc()) 4M->4M(28M) 6.168ms
[5.728s][info   ][gc,cpu         ] GC(812) User=0.01s Sys=0.00s Real=0.01s
[5.728s][info   ][gc,start       ] GC(813) Pause Full (System.gc())
[5.728s][info   ][gc,task        ] GC(813) Using 1 workers of 10 for full compaction
[5.728s][info   ][gc,phases,start] GC(813) Phase 1: Mark live objects
[5.732s][info   ][gc,phases      ] GC(813) Phase 1: Mark live objects 3.676ms
[5.732s][info   ][gc,phases,start] GC(813) Phase 2: Prepare for compaction
[5.732s][info   ][gc,phases      ] GC(813) Phase 2: Prepare for compaction 0.184ms
[5.732s][info   ][gc,phases,start] GC(813) Phase 3: Adjust pointers
[5.733s][info   ][gc,phases      ] GC(813) Phase 3: Adjust pointers 1.404ms
[5.733s][info   ][gc,phases,start] GC(813) Phase 4: Compact heap
[5.734s][info   ][gc,phases      ] GC(813) Phase 4: Compact heap 0.149ms
[5.734s][info   ][gc,heap        ] GC(813) Eden regions: 1->0(3)
[5.734s][info   ][gc,heap        ] GC(813) Survivor regions: 0->0(0)
[5.734s][info   ][gc,heap        ] GC(813) Old regions: 2->2
[5.734s][info   ][gc,heap        ] GC(813) Archive regions: 2->2
[5.734s][info   ][gc,heap        ] GC(813) Humongous regions: 0->0
[5.734s][info   ][gc,metaspace   ] GC(813) Metaspace: 9524K(9792K)->9524K(9792K) NonClass: 8366K(8512K)->8366K(8512K) Class: 1157K(1280K)->1157K(1280K)
[5.734s][info   ][gc             ] GC(813) Pause Full (System.gc()) 4M->4M(28M) 6.110ms
[5.734s][info   ][gc,cpu         ] GC(813) User=0.00s Sys=0.00s Real=0.01s
[5.734s][info   ][gc,start       ] GC(814) Pause Full (System.gc())
[5.734s][info   ][gc,task        ] GC(814) Using 1 workers of 10 for full compaction
[5.734s][info   ][gc,phases,start] GC(814) Phase 1: Mark live objects
[5.738s][info   ][gc,phases      ] GC(814) Phase 1: Mark live objects 3.638ms
[5.738s][info   ][gc,phases,start] GC(814) Phase 2: Prepare for compaction
[5.738s][info   ][gc,phases      ] GC(814) Phase 2: Prepare for compaction 0.290ms
[5.738s][info   ][gc,phases,start] GC(814) Phase 3: Adjust pointers
[5.740s][info   ][gc,phases      ] GC(814) Phase 3: Adjust pointers 1.973ms
[5.740s][info   ][gc,phases,start] GC(814) Phase 4: Compact heap
[5.740s][info   ][gc,phases      ] GC(814) Phase 4: Compact heap 0.098ms
[5.741s][info   ][gc,heap        ] GC(814) Eden regions: 0->0(3)
[5.741s][info   ][gc,heap        ] GC(814) Survivor regions: 0->0(0)
[5.741s][info   ][gc,heap        ] GC(814) Old regions: 2->2
[5.741s][info   ][gc,heap        ] GC(814) Archive regions: 2->2
[5.741s][info   ][gc,heap        ] GC(814) Humongous regions: 0->0
[5.741s][info   ][gc,metaspace   ] GC(814) Metaspace: 9524K(9792K)->9524K(9792K) NonClass: 8366K(8512K)->8366K(8512K) Class: 1157K(1280K)->1157K(1280K)
[5.741s][info   ][gc             ] GC(814) Pause Full (System.gc()) 4M->4M(28M) 6.806ms
[5.741s][info   ][gc,cpu         ] GC(814) User=0.01s Sys=0.00s Real=0.00s
[5.741s][info   ][gc,start       ] GC(815) Pause Full (System.gc())
[5.741s][info   ][gc,task        ] GC(815) Using 1 workers of 10 for full compaction
[5.741s][info   ][gc,phases,start] GC(815) Phase 1: Mark live objects
[5.744s][info   ][gc,phases      ] GC(815) Phase 1: Mark live objects 2.973ms
[5.744s][info   ][gc,phases,start] GC(815) Phase 2: Prepare for compaction
[5.745s][info   ][gc,phases      ] GC(815) Phase 2: Prepare for compaction 0.161ms
[5.745s][info   ][gc,phases,start] GC(815) Phase 3: Adjust pointers
[5.746s][info   ][gc,phases      ] GC(815) Phase 3: Adjust pointers 1.650ms
[5.746s][info   ][gc,phases,start] GC(815) Phase 4: Compact heap
[5.746s][info   ][gc,phases      ] GC(815) Phase 4: Compact heap 0.150ms
[5.747s][info   ][gc,heap        ] GC(815) Eden regions: 0->0(3)
[5.747s][info   ][gc,heap        ] GC(815) Survivor regions: 0->0(0)
[5.747s][info   ][gc,heap        ] GC(815) Old regions: 2->2
[5.747s][info   ][gc,heap        ] GC(815) Archive regions: 2->2
[5.747s][info   ][gc,heap        ] GC(815) Humongous regions: 0->0
[5.747s][info   ][gc,metaspace   ] GC(815) Metaspace: 9524K(9792K)->9524K(9792K) NonClass: 8366K(8512K)->8366K(8512K) Class: 1157K(1280K)->1157K(1280K)
[5.747s][info   ][gc             ] GC(815) Pause Full (System.gc()) 4M->4M(28M) 5.587ms
[5.747s][info   ][gc,cpu         ] GC(815) User=0.00s Sys=0.01s Real=0.01s
[5.747s][info   ][gc,start       ] GC(816) Pause Full (System.gc())
[5.747s][info   ][gc,task        ] GC(816) Using 1 workers of 10 for full compaction
[5.747s][info   ][gc,phases,start] GC(816) Phase 1: Mark live objects
[5.750s][info   ][gc,phases      ] GC(816) Phase 1: Mark live objects 3.304ms
[5.750s][info   ][gc,phases,start] GC(816) Phase 2: Prepare for compaction
[5.751s][info   ][gc,phases      ] GC(816) Phase 2: Prepare for compaction 0.198ms
[5.751s][info   ][gc,phases,start] GC(816) Phase 3: Adjust pointers
[5.753s][info   ][gc,phases      ] GC(816) Phase 3: Adjust pointers 1.793ms
[5.753s][info   ][gc,phases,start] GC(816) Phase 4: Compact heap
[5.753s][info   ][gc,phases      ] GC(816) Phase 4: Compact heap 0.141ms
[5.753s][info   ][gc,heap        ] GC(816) Eden regions: 0->0(3)
[5.753s][info   ][gc,heap        ] GC(816) Survivor regions: 0->0(0)
[5.753s][info   ][gc,heap        ] GC(816) Old regions: 2->2
[5.753s][info   ][gc,heap        ] GC(816) Archive regions: 2->2
[5.753s][info   ][gc,heap        ] GC(816) Humongous regions: 0->0
[5.753s][info   ][gc,metaspace   ] GC(816) Metaspace: 9524K(9792K)->9524K(9792K) NonClass: 8366K(8512K)->8366K(8512K) Class: 1157K(1280K)->1157K(1280K)
[5.753s][info   ][gc             ] GC(816) Pause Full (System.gc()) 4M->4M(28M) 6.352ms
[5.753s][info   ][gc,cpu         ] GC(816) User=0.01s Sys=0.00s Real=0.01s
[5.754s][info   ][gc,start       ] GC(817) Pause Full (System.gc())
[5.754s][info   ][gc,task        ] GC(817) Using 1 workers of 10 for full compaction
[5.754s][info   ][gc,phases,start] GC(817) Phase 1: Mark live objects
[5.758s][info   ][gc,phases      ] GC(817) Phase 1: Mark live objects 3.851ms
[5.758s][info   ][gc,phases,start] GC(817) Phase 2: Prepare for compaction
[5.759s][info   ][gc,phases      ] GC(817) Phase 2: Prepare for compaction 0.224ms
[5.759s][info   ][gc,phases,start] GC(817) Phase 3: Adjust pointers
[5.760s][info   ][gc,phases      ] GC(817) Phase 3: Adjust pointers 1.686ms
[5.760s][info   ][gc,phases,start] GC(817) Phase 4: Compact heap
[5.760s][info   ][gc,phases      ] GC(817) Phase 4: Compact heap 0.185ms
[5.761s][info   ][gc,heap        ] GC(817) Eden regions: 1->0(3)
[5.761s][info   ][gc,heap        ] GC(817) Survivor regions: 0->0(0)
[5.761s][info   ][gc,heap        ] GC(817) Old regions: 2->2
[5.761s][info   ][gc,heap        ] GC(817) Archive regions: 2->2
[5.761s][info   ][gc,heap        ] GC(817) Humongous regions: 0->0
[5.761s][info   ][gc,metaspace   ] GC(817) Metaspace: 9524K(9792K)->9524K(9792K) NonClass: 8366K(8512K)->8366K(8512K) Class: 1157K(1280K)->1157K(1280K)
[5.761s][info   ][gc             ] GC(817) Pause Full (System.gc()) 4M->4M(28M) 6.651ms
[5.761s][info   ][gc,cpu         ] GC(817) User=0.01s Sys=0.00s Real=0.00s
[5.761s][info   ][gc,start       ] GC(818) Pause Full (System.gc())
[5.761s][info   ][gc,task        ] GC(818) Using 1 workers of 10 for full compaction
[5.761s][info   ][gc,phases,start] GC(818) Phase 1: Mark live objects
[5.765s][info   ][gc,phases      ] GC(818) Phase 1: Mark live objects 3.530ms
[5.765s][info   ][gc,phases,start] GC(818) Phase 2: Prepare for compaction
[5.765s][info   ][gc,phases      ] GC(818) Phase 2: Prepare for compaction 0.154ms
[5.765s][info   ][gc,phases,start] GC(818) Phase 3: Adjust pointers
[5.767s][info   ][gc,phases      ] GC(818) Phase 3: Adjust pointers 1.774ms
[5.767s][info   ][gc,phases,start] GC(818) Phase 4: Compact heap
[5.767s][info   ][gc,phases      ] GC(818) Phase 4: Compact heap 0.084ms
[5.767s][info   ][gc,heap        ] GC(818) Eden regions: 0->0(3)
[5.767s][info   ][gc,heap        ] GC(818) Survivor regions: 0->0(0)
[5.767s][info   ][gc,heap        ] GC(818) Old regions: 2->2
[5.768s][info   ][gc,heap        ] GC(818) Archive regions: 2->2
[5.768s][info   ][gc,heap        ] GC(818) Humongous regions: 0->0
[5.768s][info   ][gc,metaspace   ] GC(818) Metaspace: 9524K(9792K)->9524K(9792K) NonClass: 8366K(8512K)->8366K(8512K) Class: 1157K(1280K)->1157K(1280K)
[5.768s][info   ][gc             ] GC(818) Pause Full (System.gc()) 4M->4M(28M) 6.275ms
[5.768s][info   ][gc,cpu         ] GC(818) User=0.00s Sys=0.00s Real=0.01s
[5.768s][info   ][gc,start       ] GC(819) Pause Full (System.gc())
[5.768s][info   ][gc,task        ] GC(819) Using 1 workers of 10 for full compaction
[5.768s][info   ][gc,phases,start] GC(819) Phase 1: Mark live objects
[5.771s][info   ][gc,phases      ] GC(819) Phase 1: Mark live objects 3.491ms
[5.771s][info   ][gc,phases,start] GC(819) Phase 2: Prepare for compaction
[5.772s][info   ][gc,phases      ] GC(819) Phase 2: Prepare for compaction 0.156ms
[5.772s][info   ][gc,phases,start] GC(819) Phase 3: Adjust pointers
[5.774s][info   ][gc,phases      ] GC(819) Phase 3: Adjust pointers 2.041ms
[5.774s][info   ][gc,phases,start] GC(819) Phase 4: Compact heap
[5.774s][info   ][gc,phases      ] GC(819) Phase 4: Compact heap 0.176ms
[5.775s][info   ][gc,heap        ] GC(819) Eden regions: 0->0(3)
[5.775s][info   ][gc,heap        ] GC(819) Survivor regions: 0->0(0)
[5.775s][info   ][gc,heap        ] GC(819) Old regions: 2->2
[5.775s][info   ][gc,heap        ] GC(819) Archive regions: 2->2
[5.775s][info   ][gc,heap        ] GC(819) Humongous regions: 0->0
[5.775s][info   ][gc,metaspace   ] GC(819) Metaspace: 9524K(9792K)->9524K(9792K) NonClass: 8366K(8512K)->8366K(8512K) Class: 1157K(1280K)->1157K(1280K)
[5.775s][info   ][gc             ] GC(819) Pause Full (System.gc()) 4M->4M(28M) 6.764ms
[5.775s][info   ][gc,cpu         ] GC(819) User=0.01s Sys=0.00s Real=0.01s
[5.775s][info   ][gc,start       ] GC(820) Pause Full (System.gc())
[5.775s][info   ][gc,task        ] GC(820) Using 1 workers of 10 for full compaction
[5.775s][info   ][gc,phases,start] GC(820) Phase 1: Mark live objects
[5.778s][info   ][gc,phases      ] GC(820) Phase 1: Mark live objects 2.781ms
[5.778s][info   ][gc,phases,start] GC(820) Phase 2: Prepare for compaction
[5.778s][info   ][gc,phases      ] GC(820) Phase 2: Prepare for compaction 0.097ms
[5.778s][info   ][gc,phases,start] GC(820) Phase 3: Adjust pointers
[5.780s][info   ][gc,phases      ] GC(820) Phase 3: Adjust pointers 1.933ms
[5.780s][info   ][gc,phases,start] GC(820) Phase 4: Compact heap
[5.780s][info   ][gc,phases      ] GC(820) Phase 4: Compact heap 0.101ms
[5.781s][info   ][gc,heap        ] GC(820) Eden regions: 0->0(3)
[5.781s][info   ][gc,heap        ] GC(820) Survivor regions: 0->0(0)
[5.781s][info   ][gc,heap        ] GC(820) Old regions: 2->2
[5.781s][info   ][gc,heap        ] GC(820) Archive regions: 2->2
[5.781s][info   ][gc,heap        ] GC(820) Humongous regions: 0->0
[5.781s][info   ][gc,metaspace   ] GC(820) Metaspace: 9524K(9792K)->9524K(9792K) NonClass: 8366K(8512K)->8366K(8512K) Class: 1157K(1280K)->1157K(1280K)
[5.781s][info   ][gc             ] GC(820) Pause Full (System.gc()) 4M->4M(28M) 5.841ms
[5.781s][info   ][gc,cpu         ] GC(820) User=0.00s Sys=0.00s Real=0.00s
[5.781s][info   ][gc,start       ] GC(821) Pause Full (System.gc())
[5.781s][info   ][gc,task        ] GC(821) Using 1 workers of 10 for full compaction
[5.781s][info   ][gc,phases,start] GC(821) Phase 1: Mark live objects
[5.784s][info   ][gc,phases      ] GC(821) Phase 1: Mark live objects 2.788ms
[5.784s][info   ][gc,phases,start] GC(821) Phase 2: Prepare for compaction
[5.784s][info   ][gc,phases      ] GC(821) Phase 2: Prepare for compaction 0.143ms
[5.784s][info   ][gc,phases,start] GC(821) Phase 3: Adjust pointers
[5.785s][info   ][gc,phases      ] GC(821) Phase 3: Adjust pointers 1.270ms
[5.785s][info   ][gc,phases,start] GC(821) Phase 4: Compact heap
[5.785s][info   ][gc,phases      ] GC(821) Phase 4: Compact heap 0.079ms
[5.786s][info   ][gc,heap        ] GC(821) Eden regions: 0->0(3)
[5.786s][info   ][gc,heap        ] GC(821) Survivor regions: 0->0(0)
[5.786s][info   ][gc,heap        ] GC(821) Old regions: 2->2
[5.786s][info   ][gc,heap        ] GC(821) Archive regions: 2->2
[5.786s][info   ][gc,heap        ] GC(821) Humongous regions: 0->0
[5.786s][info   ][gc,metaspace   ] GC(821) Metaspace: 9524K(9792K)->9524K(9792K) NonClass: 8366K(8512K)->8366K(8512K) Class: 1157K(1280K)->1157K(1280K)
[5.786s][info   ][gc             ] GC(821) Pause Full (System.gc()) 4M->4M(28M) 4.921ms
[5.786s][info   ][gc,cpu         ] GC(821) User=0.01s Sys=0.00s Real=0.01s
[5.786s][info   ][gc,start       ] GC(822) Pause Full (System.gc())
[5.786s][info   ][gc,task        ] GC(822) Using 1 workers of 10 for full compaction
[5.786s][info   ][gc,phases,start] GC(822) Phase 1: Mark live objects
[5.790s][info   ][gc,phases      ] GC(822) Phase 1: Mark live objects 3.243ms
[5.790s][info   ][gc,phases,start] GC(822) Phase 2: Prepare for compaction
[5.790s][info   ][gc,phases      ] GC(822) Phase 2: Prepare for compaction 0.215ms
[5.790s][info   ][gc,phases,start] GC(822) Phase 3: Adjust pointers
[5.792s][info   ][gc,phases      ] GC(822) Phase 3: Adjust pointers 1.832ms
[5.792s][info   ][gc,phases,start] GC(822) Phase 4: Compact heap
[5.792s][info   ][gc,phases      ] GC(822) Phase 4: Compact heap 0.098ms
[5.792s][info   ][gc,heap        ] GC(822) Eden regions: 1->0(3)
[5.792s][info   ][gc,heap        ] GC(822) Survivor regions: 0->0(0)
[5.792s][info   ][gc,heap        ] GC(822) Old regions: 2->2
[5.792s][info   ][gc,heap        ] GC(822) Archive regions: 2->2
[5.792s][info   ][gc,heap        ] GC(822) Humongous regions: 0->0
[5.792s][info   ][gc,metaspace   ] GC(822) Metaspace: 9524K(9792K)->9524K(9792K) NonClass: 8366K(8512K)->8366K(8512K) Class: 1157K(1280K)->1157K(1280K)
[5.792s][info   ][gc             ] GC(822) Pause Full (System.gc()) 4M->4M(28M) 6.095ms
[5.792s][info   ][gc,cpu         ] GC(822) User=0.00s Sys=0.00s Real=0.00s
[5.793s][info   ][gc,start       ] GC(823) Pause Full (System.gc())
[5.793s][info   ][gc,task        ] GC(823) Using 1 workers of 10 for full compaction
[5.793s][info   ][gc,phases,start] GC(823) Phase 1: Mark live objects
[5.796s][info   ][gc,phases      ] GC(823) Phase 1: Mark live objects 2.947ms
[5.796s][info   ][gc,phases,start] GC(823) Phase 2: Prepare for compaction
[5.796s][info   ][gc,phases      ] GC(823) Phase 2: Prepare for compaction 0.184ms
[5.796s][info   ][gc,phases,start] GC(823) Phase 3: Adjust pointers
[5.798s][info   ][gc,phases      ] GC(823) Phase 3: Adjust pointers 1.589ms
[5.798s][info   ][gc,phases,start] GC(823) Phase 4: Compact heap
[5.798s][info   ][gc,phases      ] GC(823) Phase 4: Compact heap 0.145ms
[5.799s][info   ][gc,heap        ] GC(823) Eden regions: 1->0(3)
[5.799s][info   ][gc,heap        ] GC(823) Survivor regions: 0->0(0)
[5.799s][info   ][gc,heap        ] GC(823) Old regions: 2->2
[5.799s][info   ][gc,heap        ] GC(823) Archive regions: 2->2
[5.799s][info   ][gc,heap        ] GC(823) Humongous regions: 0->0
[5.799s][info   ][gc,metaspace   ] GC(823) Metaspace: 9524K(9792K)->9524K(9792K) NonClass: 8366K(8512K)->8366K(8512K) Class: 1157K(1280K)->1157K(1280K)
[5.799s][info   ][gc             ] GC(823) Pause Full (System.gc()) 4M->4M(28M) 5.677ms
[5.799s][info   ][gc,cpu         ] GC(823) User=0.00s Sys=0.00s Real=0.01s
[5.799s][info   ][gc,start       ] GC(824) Pause Full (System.gc())
[5.799s][info   ][gc,task        ] GC(824) Using 1 workers of 10 for full compaction
[5.799s][info   ][gc,phases,start] GC(824) Phase 1: Mark live objects
[5.802s][info   ][gc,phases      ] GC(824) Phase 1: Mark live objects 2.832ms
[5.802s][info   ][gc,phases,start] GC(824) Phase 2: Prepare for compaction
[5.802s][info   ][gc,phases      ] GC(824) Phase 2: Prepare for compaction 0.192ms
[5.802s][info   ][gc,phases,start] GC(824) Phase 3: Adjust pointers
[5.803s][info   ][gc,phases      ] GC(824) Phase 3: Adjust pointers 1.263ms
[5.803s][info   ][gc,phases,start] GC(824) Phase 4: Compact heap
[5.803s][info   ][gc,phases      ] GC(824) Phase 4: Compact heap 0.054ms
[5.804s][info   ][gc,heap        ] GC(824) Eden regions: 0->0(3)
[5.804s][info   ][gc,heap        ] GC(824) Survivor regions: 0->0(0)
[5.804s][info   ][gc,heap        ] GC(824) Old regions: 2->2
[5.804s][info   ][gc,heap        ] GC(824) Archive regions: 2->2
[5.804s][info   ][gc,heap        ] GC(824) Humongous regions: 0->0
[5.804s][info   ][gc,metaspace   ] GC(824) Metaspace: 9524K(9792K)->9524K(9792K) NonClass: 8366K(8512K)->8366K(8512K) Class: 1157K(1280K)->1157K(1280K)
[5.804s][info   ][gc             ] GC(824) Pause Full (System.gc()) 4M->4M(28M) 4.827ms
[5.804s][info   ][gc,cpu         ] GC(824) User=0.00s Sys=0.00s Real=0.01s
[5.804s][info   ][gc,start       ] GC(825) Pause Full (System.gc())
[5.804s][info   ][gc,task        ] GC(825) Using 1 workers of 10 for full compaction
[5.804s][info   ][gc,phases,start] GC(825) Phase 1: Mark live objects
[5.808s][info   ][gc,phases      ] GC(825) Phase 1: Mark live objects 4.179ms
[5.808s][info   ][gc,phases,start] GC(825) Phase 2: Prepare for compaction
[5.808s][info   ][gc,phases      ] GC(825) Phase 2: Prepare for compaction 0.209ms
[5.808s][info   ][gc,phases,start] GC(825) Phase 3: Adjust pointers
[5.810s][info   ][gc,phases      ] GC(825) Phase 3: Adjust pointers 1.389ms
[5.810s][info   ][gc,phases,start] GC(825) Phase 4: Compact heap
[5.810s][info   ][gc,phases      ] GC(825) Phase 4: Compact heap 0.141ms
[5.810s][info   ][gc,heap        ] GC(825) Eden regions: 0->0(3)
[5.810s][info   ][gc,heap        ] GC(825) Survivor regions: 0->0(0)
[5.810s][info   ][gc,heap        ] GC(825) Old regions: 2->2
[5.810s][info   ][gc,heap        ] GC(825) Archive regions: 2->2
[5.810s][info   ][gc,heap        ] GC(825) Humongous regions: 0->0
[5.810s][info   ][gc,metaspace   ] GC(825) Metaspace: 9524K(9792K)->9524K(9792K) NonClass: 8366K(8512K)->8366K(8512K) Class: 1157K(1280K)->1157K(1280K)
[5.810s][info   ][gc             ] GC(825) Pause Full (System.gc()) 4M->4M(28M) 6.536ms
[5.810s][info   ][gc,cpu         ] GC(825) User=0.01s Sys=0.00s Real=0.00s
[5.810s][info   ][gc,start       ] GC(826) Pause Full (System.gc())
[5.810s][info   ][gc,task        ] GC(826) Using 1 workers of 10 for full compaction
[5.810s][info   ][gc,phases,start] GC(826) Phase 1: Mark live objects
[5.814s][info   ][gc,phases      ] GC(826) Phase 1: Mark live objects 3.653ms
[5.814s][info   ][gc,phases,start] GC(826) Phase 2: Prepare for compaction
[5.815s][info   ][gc,phases      ] GC(826) Phase 2: Prepare for compaction 0.356ms
[5.815s][info   ][gc,phases,start] GC(826) Phase 3: Adjust pointers
[5.817s][info   ][gc,phases      ] GC(826) Phase 3: Adjust pointers 2.106ms
[5.817s][info   ][gc,phases,start] GC(826) Phase 4: Compact heap
[5.817s][info   ][gc,phases      ] GC(826) Phase 4: Compact heap 0.118ms
[5.817s][info   ][gc,heap        ] GC(826) Eden regions: 0->0(3)
[5.817s][info   ][gc,heap        ] GC(826) Survivor regions: 0->0(0)
[5.817s][info   ][gc,heap        ] GC(826) Old regions: 2->2
[5.817s][info   ][gc,heap        ] GC(826) Archive regions: 2->2
[5.817s][info   ][gc,heap        ] GC(826) Humongous regions: 0->0
[5.817s][info   ][gc,metaspace   ] GC(826) Metaspace: 9524K(9792K)->9524K(9792K) NonClass: 8366K(8512K)->8366K(8512K) Class: 1157K(1280K)->1157K(1280K)
[5.817s][info   ][gc             ] GC(826) Pause Full (System.gc()) 4M->4M(28M) 6.877ms
[5.817s][info   ][gc,cpu         ] GC(826) User=0.01s Sys=0.00s Real=0.01s
[5.818s][info   ][gc,start       ] GC(827) Pause Full (System.gc())
[5.818s][info   ][gc,task        ] GC(827) Using 1 workers of 10 for full compaction
[5.818s][info   ][gc,phases,start] GC(827) Phase 1: Mark live objects
[5.821s][info   ][gc,phases      ] GC(827) Phase 1: Mark live objects 2.803ms
[5.821s][info   ][gc,phases,start] GC(827) Phase 2: Prepare for compaction
[5.821s][info   ][gc,phases      ] GC(827) Phase 2: Prepare for compaction 0.250ms
[5.821s][info   ][gc,phases,start] GC(827) Phase 3: Adjust pointers
[5.823s][info   ][gc,phases      ] GC(827) Phase 3: Adjust pointers 2.151ms
[5.823s][info   ][gc,phases,start] GC(827) Phase 4: Compact heap
[5.823s][info   ][gc,phases      ] GC(827) Phase 4: Compact heap 0.142ms
[5.824s][info   ][gc,heap        ] GC(827) Eden regions: 1->0(3)
[5.824s][info   ][gc,heap        ] GC(827) Survivor regions: 0->0(0)
[5.824s][info   ][gc,heap        ] GC(827) Old regions: 2->2
[5.824s][info   ][gc,heap        ] GC(827) Archive regions: 2->2
[5.824s][info   ][gc,heap        ] GC(827) Humongous regions: 0->0
[5.824s][info   ][gc,metaspace   ] GC(827) Metaspace: 9524K(9792K)->9524K(9792K) NonClass: 8366K(8512K)->8366K(8512K) Class: 1157K(1280K)->1157K(1280K)
[5.824s][info   ][gc             ] GC(827) Pause Full (System.gc()) 4M->4M(28M) 6.156ms
[5.824s][info   ][gc,cpu         ] GC(827) User=0.00s Sys=0.00s Real=0.01s
[5.824s][info   ][gc,start       ] GC(828) Pause Full (System.gc())
[5.824s][info   ][gc,task        ] GC(828) Using 1 workers of 10 for full compaction
[5.824s][info   ][gc,phases,start] GC(828) Phase 1: Mark live objects
[5.827s][info   ][gc,phases      ] GC(828) Phase 1: Mark live objects 3.029ms
[5.827s][info   ][gc,phases,start] GC(828) Phase 2: Prepare for compaction
[5.827s][info   ][gc,phases      ] GC(828) Phase 2: Prepare for compaction 0.089ms
[5.827s][info   ][gc,phases,start] GC(828) Phase 3: Adjust pointers
[5.829s][info   ][gc,phases      ] GC(828) Phase 3: Adjust pointers 1.771ms
[5.829s][info   ][gc,phases,start] GC(828) Phase 4: Compact heap
[5.829s][info   ][gc,phases      ] GC(828) Phase 4: Compact heap 0.206ms
[5.830s][info   ][gc,heap        ] GC(828) Eden regions: 0->0(3)
[5.830s][info   ][gc,heap        ] GC(828) Survivor regions: 0->0(0)
[5.830s][info   ][gc,heap        ] GC(828) Old regions: 2->2
[5.830s][info   ][gc,heap        ] GC(828) Archive regions: 2->2
[5.830s][info   ][gc,heap        ] GC(828) Humongous regions: 0->0
[5.830s][info   ][gc,metaspace   ] GC(828) Metaspace: 9524K(9792K)->9524K(9792K) NonClass: 8366K(8512K)->8366K(8512K) Class: 1157K(1280K)->1157K(1280K)
[5.830s][info   ][gc             ] GC(828) Pause Full (System.gc()) 4M->4M(28M) 5.793ms
[5.830s][info   ][gc,cpu         ] GC(828) User=0.01s Sys=0.00s Real=0.00s
[5.830s][info   ][gc,start       ] GC(829) Pause Full (System.gc())
[5.830s][info   ][gc,task        ] GC(829) Using 1 workers of 10 for full compaction
[5.830s][info   ][gc,phases,start] GC(829) Phase 1: Mark live objects
[5.833s][info   ][gc,phases      ] GC(829) Phase 1: Mark live objects 2.462ms
[5.833s][info   ][gc,phases,start] GC(829) Phase 2: Prepare for compaction
[5.833s][info   ][gc,phases      ] GC(829) Phase 2: Prepare for compaction 0.069ms
[5.833s][info   ][gc,phases,start] GC(829) Phase 3: Adjust pointers
[5.834s][info   ][gc,phases      ] GC(829) Phase 3: Adjust pointers 1.116ms
[5.834s][info   ][gc,phases,start] GC(829) Phase 4: Compact heap
[5.834s][info   ][gc,phases      ] GC(829) Phase 4: Compact heap 0.050ms
[5.834s][info   ][gc,heap        ] GC(829) Eden regions: 1->0(3)
[5.834s][info   ][gc,heap        ] GC(829) Survivor regions: 0->0(0)
[5.834s][info   ][gc,heap        ] GC(829) Old regions: 2->2
[5.834s][info   ][gc,heap        ] GC(829) Archive regions: 2->2
[5.834s][info   ][gc,heap        ] GC(829) Humongous regions: 0->0
[5.834s][info   ][gc,metaspace   ] GC(829) Metaspace: 9524K(9792K)->9524K(9792K) NonClass: 8366K(8512K)->8366K(8512K) Class: 1157K(1280K)->1157K(1280K)
[5.834s][info   ][gc             ] GC(829) Pause Full (System.gc()) 4M->4M(28M) 4.251ms
[5.834s][info   ][gc,cpu         ] GC(829) User=0.00s Sys=0.00s Real=0.01s
[5.835s][info   ][gc,start       ] GC(830) Pause Full (System.gc())
[5.835s][info   ][gc,task        ] GC(830) Using 1 workers of 10 for full compaction
[5.835s][info   ][gc,phases,start] GC(830) Phase 1: Mark live objects
[5.837s][info   ][gc,phases      ] GC(830) Phase 1: Mark live objects 2.197ms
[5.837s][info   ][gc,phases,start] GC(830) Phase 2: Prepare for compaction
[5.837s][info   ][gc,phases      ] GC(830) Phase 2: Prepare for compaction 0.153ms
[5.837s][info   ][gc,phases,start] GC(830) Phase 3: Adjust pointers
[5.839s][info   ][gc,phases      ] GC(830) Phase 3: Adjust pointers 1.922ms
[5.839s][info   ][gc,phases,start] GC(830) Phase 4: Compact heap
[5.839s][info   ][gc,phases      ] GC(830) Phase 4: Compact heap 0.058ms
[5.840s][info   ][gc,heap        ] GC(830) Eden regions: 1->0(3)
[5.840s][info   ][gc,heap        ] GC(830) Survivor regions: 0->0(0)
[5.840s][info   ][gc,heap        ] GC(830) Old regions: 2->2
[5.840s][info   ][gc,heap        ] GC(830) Archive regions: 2->2
[5.840s][info   ][gc,heap        ] GC(830) Humongous regions: 0->0
[5.840s][info   ][gc,metaspace   ] GC(830) Metaspace: 9524K(9792K)->9524K(9792K) NonClass: 8366K(8512K)->8366K(8512K) Class: 1157K(1280K)->1157K(1280K)
[5.840s][info   ][gc             ] GC(830) Pause Full (System.gc()) 4M->4M(28M) 5.032ms
[5.840s][info   ][gc,cpu         ] GC(830) User=0.01s Sys=0.00s Real=0.00s
[5.840s][info   ][gc,start       ] GC(831) Pause Full (System.gc())
[5.840s][info   ][gc,task        ] GC(831) Using 1 workers of 10 for full compaction
[5.840s][info   ][gc,phases,start] GC(831) Phase 1: Mark live objects
[5.843s][info   ][gc,phases      ] GC(831) Phase 1: Mark live objects 2.723ms
[5.843s][info   ][gc,phases,start] GC(831) Phase 2: Prepare for compaction
[5.843s][info   ][gc,phases      ] GC(831) Phase 2: Prepare for compaction 0.212ms
[5.843s][info   ][gc,phases,start] GC(831) Phase 3: Adjust pointers
[5.845s][info   ][gc,phases      ] GC(831) Phase 3: Adjust pointers 1.476ms
[5.845s][info   ][gc,phases,start] GC(831) Phase 4: Compact heap
[5.845s][info   ][gc,phases      ] GC(831) Phase 4: Compact heap 0.152ms
[5.845s][info   ][gc,heap        ] GC(831) Eden regions: 1->0(3)
[5.845s][info   ][gc,heap        ] GC(831) Survivor regions: 0->0(0)
[5.845s][info   ][gc,heap        ] GC(831) Old regions: 2->2
[5.845s][info   ][gc,heap        ] GC(831) Archive regions: 2->2
[5.845s][info   ][gc,heap        ] GC(831) Humongous regions: 0->0
[5.845s][info   ][gc,metaspace   ] GC(831) Metaspace: 9524K(9792K)->9524K(9792K) NonClass: 8366K(8512K)->8366K(8512K) Class: 1157K(1280K)->1157K(1280K)
[5.845s][info   ][gc             ] GC(831) Pause Full (System.gc()) 4M->4M(28M) 5.233ms
[5.845s][info   ][gc,cpu         ] GC(831) User=0.00s Sys=0.00s Real=0.01s
[5.846s][info   ][gc,start       ] GC(832) Pause Full (System.gc())
[5.846s][info   ][gc,task        ] GC(832) Using 1 workers of 10 for full compaction
[5.846s][info   ][gc,phases,start] GC(832) Phase 1: Mark live objects
[5.849s][info   ][gc,phases      ] GC(832) Phase 1: Mark live objects 3.265ms
[5.849s][info   ][gc,phases,start] GC(832) Phase 2: Prepare for compaction
[5.849s][info   ][gc,phases      ] GC(832) Phase 2: Prepare for compaction 0.122ms
[5.849s][info   ][gc,phases,start] GC(832) Phase 3: Adjust pointers
[5.851s][info   ][gc,phases      ] GC(832) Phase 3: Adjust pointers 1.390ms
[5.851s][info   ][gc,phases,start] GC(832) Phase 4: Compact heap
[5.851s][info   ][gc,phases      ] GC(832) Phase 4: Compact heap 0.091ms
[5.851s][info   ][gc,heap        ] GC(832) Eden regions: 1->0(3)
[5.851s][info   ][gc,heap        ] GC(832) Survivor regions: 0->0(0)
[5.851s][info   ][gc,heap        ] GC(832) Old regions: 2->2
[5.851s][info   ][gc,heap        ] GC(832) Archive regions: 2->2
[5.851s][info   ][gc,heap        ] GC(832) Humongous regions: 0->0
[5.851s][info   ][gc,metaspace   ] GC(832) Metaspace: 9524K(9792K)->9524K(9792K) NonClass: 8366K(8512K)->8366K(8512K) Class: 1157K(1280K)->1157K(1280K)
[5.851s][info   ][gc             ] GC(832) Pause Full (System.gc()) 4M->4M(28M) 5.534ms
[5.851s][info   ][gc,cpu         ] GC(832) User=0.01s Sys=0.00s Real=0.00s
[5.852s][info   ][gc,start       ] GC(833) Pause Full (System.gc())
[5.852s][info   ][gc,task        ] GC(833) Using 1 workers of 10 for full compaction
[5.852s][info   ][gc,phases,start] GC(833) Phase 1: Mark live objects
[5.855s][info   ][gc,phases      ] GC(833) Phase 1: Mark live objects 3.161ms
[5.855s][info   ][gc,phases,start] GC(833) Phase 2: Prepare for compaction
[5.855s][info   ][gc,phases      ] GC(833) Phase 2: Prepare for compaction 0.160ms
[5.855s][info   ][gc,phases,start] GC(833) Phase 3: Adjust pointers
[5.857s][info   ][gc,phases      ] GC(833) Phase 3: Adjust pointers 2.060ms
[5.857s][info   ][gc,phases,start] GC(833) Phase 4: Compact heap
[5.857s][info   ][gc,phases      ] GC(833) Phase 4: Compact heap 0.069ms
[5.858s][info   ][gc,heap        ] GC(833) Eden regions: 1->0(3)
[5.858s][info   ][gc,heap        ] GC(833) Survivor regions: 0->0(0)
[5.858s][info   ][gc,heap        ] GC(833) Old regions: 2->2
[5.858s][info   ][gc,heap        ] GC(833) Archive regions: 2->2
[5.858s][info   ][gc,heap        ] GC(833) Humongous regions: 0->0
[5.858s][info   ][gc,metaspace   ] GC(833) Metaspace: 9524K(9792K)->9524K(9792K) NonClass: 8366K(8512K)->8366K(8512K) Class: 1157K(1280K)->1157K(1280K)
[5.858s][info   ][gc             ] GC(833) Pause Full (System.gc()) 4M->4M(28M) 6.278ms
[5.858s][info   ][gc,cpu         ] GC(833) User=0.00s Sys=0.00s Real=0.01s
[5.858s][info   ][gc,start       ] GC(834) Pause Full (System.gc())
[5.858s][info   ][gc,task        ] GC(834) Using 1 workers of 10 for full compaction
[5.858s][info   ][gc,phases,start] GC(834) Phase 1: Mark live objects
[5.861s][info   ][gc,phases      ] GC(834) Phase 1: Mark live objects 2.782ms
[5.861s][info   ][gc,phases,start] GC(834) Phase 2: Prepare for compaction
[5.861s][info   ][gc,phases      ] GC(834) Phase 2: Prepare for compaction 0.167ms
[5.861s][info   ][gc,phases,start] GC(834) Phase 3: Adjust pointers
[5.863s][info   ][gc,phases      ] GC(834) Phase 3: Adjust pointers 1.586ms
[5.863s][info   ][gc,phases,start] GC(834) Phase 4: Compact heap
[5.863s][info   ][gc,phases      ] GC(834) Phase 4: Compact heap 0.063ms
[5.863s][info   ][gc,heap        ] GC(834) Eden regions: 0->0(3)
[5.863s][info   ][gc,heap        ] GC(834) Survivor regions: 0->0(0)
[5.863s][info   ][gc,heap        ] GC(834) Old regions: 2->2
[5.863s][info   ][gc,heap        ] GC(834) Archive regions: 2->2
[5.863s][info   ][gc,heap        ] GC(834) Humongous regions: 0->0
[5.863s][info   ][gc,metaspace   ] GC(834) Metaspace: 9524K(9792K)->9524K(9792K) NonClass: 8366K(8512K)->8366K(8512K) Class: 1157K(1280K)->1157K(1280K)
[5.864s][info   ][gc             ] GC(834) Pause Full (System.gc()) 4M->4M(28M) 5.327ms
[5.864s][info   ][gc,cpu         ] GC(834) User=0.01s Sys=0.00s Real=0.01s
[5.864s][info   ][gc,start       ] GC(835) Pause Full (System.gc())
[5.864s][info   ][gc,task        ] GC(835) Using 1 workers of 10 for full compaction
[5.864s][info   ][gc,phases,start] GC(835) Phase 1: Mark live objects
[5.867s][info   ][gc,phases      ] GC(835) Phase 1: Mark live objects 2.912ms
[5.867s][info   ][gc,phases,start] GC(835) Phase 2: Prepare for compaction
[5.867s][info   ][gc,phases      ] GC(835) Phase 2: Prepare for compaction 0.236ms
[5.867s][info   ][gc,phases,start] GC(835) Phase 3: Adjust pointers
[5.868s][info   ][gc,phases      ] GC(835) Phase 3: Adjust pointers 1.161ms
[5.868s][info   ][gc,phases,start] GC(835) Phase 4: Compact heap
[5.868s][info   ][gc,phases      ] GC(835) Phase 4: Compact heap 0.059ms
[5.869s][info   ][gc,heap        ] GC(835) Eden regions: 1->0(3)
[5.869s][info   ][gc,heap        ] GC(835) Survivor regions: 0->0(0)
[5.869s][info   ][gc,heap        ] GC(835) Old regions: 2->2
[5.869s][info   ][gc,heap        ] GC(835) Archive regions: 2->2
[5.869s][info   ][gc,heap        ] GC(835) Humongous regions: 0->0
[5.869s][info   ][gc,metaspace   ] GC(835) Metaspace: 9524K(9792K)->9524K(9792K) NonClass: 8366K(8512K)->8366K(8512K) Class: 1157K(1280K)->1157K(1280K)
[5.869s][info   ][gc             ] GC(835) Pause Full (System.gc()) 4M->4M(28M) 4.926ms
[5.869s][info   ][gc,cpu         ] GC(835) User=0.00s Sys=0.00s Real=0.00s
[5.869s][info   ][gc,start       ] GC(836) Pause Full (System.gc())
[5.869s][info   ][gc,task        ] GC(836) Using 1 workers of 10 for full compaction
[5.869s][info   ][gc,phases,start] GC(836) Phase 1: Mark live objects
[5.873s][info   ][gc,phases      ] GC(836) Phase 1: Mark live objects 3.725ms
[5.873s][info   ][gc,phases,start] GC(836) Phase 2: Prepare for compaction
[5.873s][info   ][gc,phases      ] GC(836) Phase 2: Prepare for compaction 0.243ms
[5.873s][info   ][gc,phases,start] GC(836) Phase 3: Adjust pointers
[5.875s][info   ][gc,phases      ] GC(836) Phase 3: Adjust pointers 1.574ms
[5.875s][info   ][gc,phases,start] GC(836) Phase 4: Compact heap
[5.875s][info   ][gc,phases      ] GC(836) Phase 4: Compact heap 0.096ms
[5.875s][info   ][gc,heap        ] GC(836) Eden regions: 0->0(3)
[5.875s][info   ][gc,heap        ] GC(836) Survivor regions: 0->0(0)
[5.875s][info   ][gc,heap        ] GC(836) Old regions: 2->2
[5.875s][info   ][gc,heap        ] GC(836) Archive regions: 2->2
[5.875s][info   ][gc,heap        ] GC(836) Humongous regions: 0->0
[5.875s][info   ][gc,metaspace   ] GC(836) Metaspace: 9524K(9792K)->9524K(9792K) NonClass: 8366K(8512K)->8366K(8512K) Class: 1157K(1280K)->1157K(1280K)
[5.875s][info   ][gc             ] GC(836) Pause Full (System.gc()) 4M->4M(28M) 6.279ms
[5.875s][info   ][gc,cpu         ] GC(836) User=0.01s Sys=0.00s Real=0.01s
[5.876s][info   ][gc,start       ] GC(837) Pause Full (System.gc())
[5.876s][info   ][gc,task        ] GC(837) Using 1 workers of 10 for full compaction
[5.876s][info   ][gc,phases,start] GC(837) Phase 1: Mark live objects
[5.879s][info   ][gc,phases      ] GC(837) Phase 1: Mark live objects 3.530ms
[5.879s][info   ][gc,phases,start] GC(837) Phase 2: Prepare for compaction
[5.880s][info   ][gc,phases      ] GC(837) Phase 2: Prepare for compaction 0.239ms
[5.880s][info   ][gc,phases,start] GC(837) Phase 3: Adjust pointers
[5.882s][info   ][gc,phases      ] GC(837) Phase 3: Adjust pointers 2.035ms
[5.882s][info   ][gc,phases,start] GC(837) Phase 4: Compact heap
[5.882s][info   ][gc,phases      ] GC(837) Phase 4: Compact heap 0.209ms
[5.883s][info   ][gc,heap        ] GC(837) Eden regions: 1->0(3)
[5.883s][info   ][gc,heap        ] GC(837) Survivor regions: 0->0(0)
[5.883s][info   ][gc,heap        ] GC(837) Old regions: 2->2
[5.883s][info   ][gc,heap        ] GC(837) Archive regions: 2->2
[5.883s][info   ][gc,heap        ] GC(837) Humongous regions: 0->0
[5.883s][info   ][gc,metaspace   ] GC(837) Metaspace: 9524K(9792K)->9524K(9792K) NonClass: 8366K(8512K)->8366K(8512K) Class: 1157K(1280K)->1157K(1280K)
[5.883s][info   ][gc             ] GC(837) Pause Full (System.gc()) 4M->4M(28M) 6.833ms
[5.883s][info   ][gc,cpu         ] GC(837) User=0.01s Sys=0.00s Real=0.00s
[5.883s][info   ][gc,start       ] GC(838) Pause Full (System.gc())
[5.883s][info   ][gc,task        ] GC(838) Using 1 workers of 10 for full compaction
[5.883s][info   ][gc,phases,start] GC(838) Phase 1: Mark live objects
[5.886s][info   ][gc,phases      ] GC(838) Phase 1: Mark live objects 3.341ms
[5.886s][info   ][gc,phases,start] GC(838) Phase 2: Prepare for compaction
[5.886s][info   ][gc,phases      ] GC(838) Phase 2: Prepare for compaction 0.116ms
[5.886s][info   ][gc,phases,start] GC(838) Phase 3: Adjust pointers
[5.888s][info   ][gc,phases      ] GC(838) Phase 3: Adjust pointers 1.530ms
[5.888s][info   ][gc,phases,start] GC(838) Phase 4: Compact heap
[5.888s][info   ][gc,phases      ] GC(838) Phase 4: Compact heap 0.110ms
[5.889s][info   ][gc,heap        ] GC(838) Eden regions: 0->0(3)
[5.889s][info   ][gc,heap        ] GC(838) Survivor regions: 0->0(0)
[5.889s][info   ][gc,heap        ] GC(838) Old regions: 2->2
[5.889s][info   ][gc,heap        ] GC(838) Archive regions: 2->2
[5.889s][info   ][gc,heap        ] GC(838) Humongous regions: 0->0
[5.889s][info   ][gc,metaspace   ] GC(838) Metaspace: 9524K(9792K)->9524K(9792K) NonClass: 8366K(8512K)->8366K(8512K) Class: 1157K(1280K)->1157K(1280K)
[5.889s][info   ][gc             ] GC(838) Pause Full (System.gc()) 4M->4M(28M) 5.833ms
[5.889s][info   ][gc,cpu         ] GC(838) User=0.00s Sys=0.00s Real=0.01s
[5.889s][info   ][gc,start       ] GC(839) Pause Full (System.gc())
[5.889s][info   ][gc,task        ] GC(839) Using 1 workers of 10 for full compaction
[5.889s][info   ][gc,phases,start] GC(839) Phase 1: Mark live objects
[5.892s][info   ][gc,phases      ] GC(839) Phase 1: Mark live objects 2.642ms
[5.892s][info   ][gc,phases,start] GC(839) Phase 2: Prepare for compaction
[5.892s][info   ][gc,phases      ] GC(839) Phase 2: Prepare for compaction 0.264ms
[5.892s][info   ][gc,phases,start] GC(839) Phase 3: Adjust pointers
[5.894s][info   ][gc,phases      ] GC(839) Phase 3: Adjust pointers 2.128ms
[5.894s][info   ][gc,phases,start] GC(839) Phase 4: Compact heap
[5.894s][info   ][gc,phases      ] GC(839) Phase 4: Compact heap 0.147ms
[5.895s][info   ][gc,heap        ] GC(839) Eden regions: 1->0(3)
[5.895s][info   ][gc,heap        ] GC(839) Survivor regions: 0->0(0)
[5.895s][info   ][gc,heap        ] GC(839) Old regions: 2->2
[5.895s][info   ][gc,heap        ] GC(839) Archive regions: 2->2
[5.895s][info   ][gc,heap        ] GC(839) Humongous regions: 0->0
[5.895s][info   ][gc,metaspace   ] GC(839) Metaspace: 9524K(9792K)->9524K(9792K) NonClass: 8366K(8512K)->8366K(8512K) Class: 1157K(1280K)->1157K(1280K)
[5.895s][info   ][gc             ] GC(839) Pause Full (System.gc()) 4M->4M(28M) 5.979ms
[5.895s][info   ][gc,cpu         ] GC(839) User=0.01s Sys=0.00s Real=0.01s
[5.895s][info   ][gc,start       ] GC(840) Pause Full (System.gc())
[5.895s][info   ][gc,task        ] GC(840) Using 1 workers of 10 for full compaction
[5.895s][info   ][gc,phases,start] GC(840) Phase 1: Mark live objects
[5.899s][info   ][gc,phases      ] GC(840) Phase 1: Mark live objects 3.264ms
[5.899s][info   ][gc,phases,start] GC(840) Phase 2: Prepare for compaction
[5.899s][info   ][gc,phases      ] GC(840) Phase 2: Prepare for compaction 0.204ms
[5.899s][info   ][gc,phases,start] GC(840) Phase 3: Adjust pointers
[5.901s][info   ][gc,phases      ] GC(840) Phase 3: Adjust pointers 1.975ms
[5.901s][info   ][gc,phases,start] GC(840) Phase 4: Compact heap
[5.901s][info   ][gc,phases      ] GC(840) Phase 4: Compact heap 0.110ms
[5.902s][info   ][gc,heap        ] GC(840) Eden regions: 1->0(3)
[5.902s][info   ][gc,heap        ] GC(840) Survivor regions: 0->0(0)
[5.902s][info   ][gc,heap        ] GC(840) Old regions: 2->2
[5.902s][info   ][gc,heap        ] GC(840) Archive regions: 2->2
[5.902s][info   ][gc,heap        ] GC(840) Humongous regions: 0->0
[5.902s][info   ][gc,metaspace   ] GC(840) Metaspace: 9524K(9792K)->9524K(9792K) NonClass: 8366K(8512K)->8366K(8512K) Class: 1157K(1280K)->1157K(1280K)
[5.902s][info   ][gc             ] GC(840) Pause Full (System.gc()) 4M->4M(28M) 6.398ms
[5.902s][info   ][gc,cpu         ] GC(840) User=0.00s Sys=0.00s Real=0.00s
[5.902s][info   ][gc,start       ] GC(841) Pause Full (System.gc())
[5.902s][info   ][gc,task        ] GC(841) Using 1 workers of 10 for full compaction
[5.902s][info   ][gc,phases,start] GC(841) Phase 1: Mark live objects
[5.905s][info   ][gc,phases      ] GC(841) Phase 1: Mark live objects 2.539ms
[5.905s][info   ][gc,phases,start] GC(841) Phase 2: Prepare for compaction
[5.905s][info   ][gc,phases      ] GC(841) Phase 2: Prepare for compaction 0.186ms
[5.905s][info   ][gc,phases,start] GC(841) Phase 3: Adjust pointers
[5.907s][info   ][gc,phases      ] GC(841) Phase 3: Adjust pointers 2.064ms
[5.907s][info   ][gc,phases,start] GC(841) Phase 4: Compact heap
[5.907s][info   ][gc,phases      ] GC(841) Phase 4: Compact heap 0.112ms
[5.908s][info   ][gc,heap        ] GC(841) Eden regions: 1->0(3)
[5.908s][info   ][gc,heap        ] GC(841) Survivor regions: 0->0(0)
[5.908s][info   ][gc,heap        ] GC(841) Old regions: 2->2
[5.908s][info   ][gc,heap        ] GC(841) Archive regions: 2->2
[5.908s][info   ][gc,heap        ] GC(841) Humongous regions: 0->0
[5.908s][info   ][gc,metaspace   ] GC(841) Metaspace: 9524K(9792K)->9524K(9792K) NonClass: 8366K(8512K)->8366K(8512K) Class: 1157K(1280K)->1157K(1280K)
[5.908s][info   ][gc             ] GC(841) Pause Full (System.gc()) 4M->4M(28M) 5.674ms
[5.908s][info   ][gc,cpu         ] GC(841) User=0.01s Sys=0.00s Real=0.01s
[5.908s][info   ][gc,start       ] GC(842) Pause Full (System.gc())
[5.908s][info   ][gc,task        ] GC(842) Using 1 workers of 10 for full compaction
[5.908s][info   ][gc,phases,start] GC(842) Phase 1: Mark live objects
[5.912s][info   ][gc,phases      ] GC(842) Phase 1: Mark live objects 3.563ms
[5.912s][info   ][gc,phases,start] GC(842) Phase 2: Prepare for compaction
[5.912s][info   ][gc,phases      ] GC(842) Phase 2: Prepare for compaction 0.236ms
[5.912s][info   ][gc,phases,start] GC(842) Phase 3: Adjust pointers
[5.914s][info   ][gc,phases      ] GC(842) Phase 3: Adjust pointers 2.018ms
[5.914s][info   ][gc,phases,start] GC(842) Phase 4: Compact heap
[5.915s][info   ][gc,phases      ] GC(842) Phase 4: Compact heap 0.255ms
[5.915s][info   ][gc,heap        ] GC(842) Eden regions: 1->0(3)
[5.915s][info   ][gc,heap        ] GC(842) Survivor regions: 0->0(0)
[5.915s][info   ][gc,heap        ] GC(842) Old regions: 2->2
[5.915s][info   ][gc,heap        ] GC(842) Archive regions: 2->2
[5.915s][info   ][gc,heap        ] GC(842) Humongous regions: 0->0
[5.915s][info   ][gc,metaspace   ] GC(842) Metaspace: 9524K(9792K)->9524K(9792K) NonClass: 8366K(8512K)->8366K(8512K) Class: 1157K(1280K)->1157K(1280K)
[5.915s][info   ][gc             ] GC(842) Pause Full (System.gc()) 4M->4M(28M) 6.862ms
[5.915s][info   ][gc,cpu         ] GC(842) User=0.01s Sys=0.00s Real=0.01s
[5.916s][info   ][gc,start       ] GC(843) Pause Full (System.gc())
[5.916s][info   ][gc,task        ] GC(843) Using 1 workers of 10 for full compaction
[5.916s][info   ][gc,phases,start] GC(843) Phase 1: Mark live objects
[5.919s][info   ][gc,phases      ] GC(843) Phase 1: Mark live objects 2.858ms
[5.919s][info   ][gc,phases,start] GC(843) Phase 2: Prepare for compaction
[5.919s][info   ][gc,phases      ] GC(843) Phase 2: Prepare for compaction 0.201ms
[5.919s][info   ][gc,phases,start] GC(843) Phase 3: Adjust pointers
[5.920s][info   ][gc,phases      ] GC(843) Phase 3: Adjust pointers 1.447ms
[5.920s][info   ][gc,phases,start] GC(843) Phase 4: Compact heap
[5.921s][info   ][gc,phases      ] GC(843) Phase 4: Compact heap 0.253ms
[5.921s][info   ][gc,heap        ] GC(843) Eden regions: 1->0(3)
[5.921s][info   ][gc,heap        ] GC(843) Survivor regions: 0->0(0)
[5.921s][info   ][gc,heap        ] GC(843) Old regions: 2->2
[5.921s][info   ][gc,heap        ] GC(843) Archive regions: 2->2
[5.921s][info   ][gc,heap        ] GC(843) Humongous regions: 0->0
[5.921s][info   ][gc,metaspace   ] GC(843) Metaspace: 9524K(9792K)->9524K(9792K) NonClass: 8366K(8512K)->8366K(8512K) Class: 1157K(1280K)->1157K(1280K)
[5.921s][info   ][gc             ] GC(843) Pause Full (System.gc()) 4M->4M(28M) 5.459ms
[5.921s][info   ][gc,cpu         ] GC(843) User=0.00s Sys=0.00s Real=0.00s
[5.921s][info   ][gc,start       ] GC(844) Pause Full (System.gc())
[5.921s][info   ][gc,task        ] GC(844) Using 1 workers of 10 for full compaction
[5.922s][info   ][gc,phases,start] GC(844) Phase 1: Mark live objects
[5.925s][info   ][gc,phases      ] GC(844) Phase 1: Mark live objects 3.126ms
[5.925s][info   ][gc,phases,start] GC(844) Phase 2: Prepare for compaction
[5.925s][info   ][gc,phases      ] GC(844) Phase 2: Prepare for compaction 0.214ms
[5.925s][info   ][gc,phases,start] GC(844) Phase 3: Adjust pointers
[5.927s][info   ][gc,phases      ] GC(844) Phase 3: Adjust pointers 1.752ms
[5.927s][info   ][gc,phases,start] GC(844) Phase 4: Compact heap
[5.927s][info   ][gc,phases      ] GC(844) Phase 4: Compact heap 0.128ms
[5.927s][info   ][gc,heap        ] GC(844) Eden regions: 0->0(3)
[5.927s][info   ][gc,heap        ] GC(844) Survivor regions: 0->0(0)
[5.927s][info   ][gc,heap        ] GC(844) Old regions: 2->2
[5.927s][info   ][gc,heap        ] GC(844) Archive regions: 2->2
[5.927s][info   ][gc,heap        ] GC(844) Humongous regions: 0->0
[5.927s][info   ][gc,metaspace   ] GC(844) Metaspace: 9524K(9792K)->9524K(9792K) NonClass: 8366K(8512K)->8366K(8512K) Class: 1157K(1280K)->1157K(1280K)
[5.927s][info   ][gc             ] GC(844) Pause Full (System.gc()) 4M->4M(28M) 5.813ms
[5.927s][info   ][gc,cpu         ] GC(844) User=0.00s Sys=0.00s Real=0.01s
[5.928s][info   ][gc,start       ] GC(845) Pause Full (System.gc())
[5.928s][info   ][gc,task        ] GC(845) Using 1 workers of 10 for full compaction
[5.928s][info   ][gc,phases,start] GC(845) Phase 1: Mark live objects
[5.931s][info   ][gc,phases      ] GC(845) Phase 1: Mark live objects 2.817ms
[5.931s][info   ][gc,phases,start] GC(845) Phase 2: Prepare for compaction
[5.931s][info   ][gc,phases      ] GC(845) Phase 2: Prepare for compaction 0.273ms
[5.931s][info   ][gc,phases,start] GC(845) Phase 3: Adjust pointers
[5.932s][info   ][gc,phases      ] GC(845) Phase 3: Adjust pointers 1.279ms
[5.932s][info   ][gc,phases,start] GC(845) Phase 4: Compact heap
[5.933s][info   ][gc,phases      ] GC(845) Phase 4: Compact heap 0.156ms
[5.933s][info   ][gc,heap        ] GC(845) Eden regions: 1->0(3)
[5.933s][info   ][gc,heap        ] GC(845) Survivor regions: 0->0(0)
[5.933s][info   ][gc,heap        ] GC(845) Old regions: 2->2
[5.933s][info   ][gc,heap        ] GC(845) Archive regions: 2->2
[5.933s][info   ][gc,heap        ] GC(845) Humongous regions: 0->0
[5.933s][info   ][gc,metaspace   ] GC(845) Metaspace: 9524K(9792K)->9524K(9792K) NonClass: 8366K(8512K)->8366K(8512K) Class: 1157K(1280K)->1157K(1280K)
[5.933s][info   ][gc             ] GC(845) Pause Full (System.gc()) 4M->4M(28M) 5.046ms
[5.933s][info   ][gc,cpu         ] GC(845) User=0.01s Sys=0.00s Real=0.00s
[5.933s][info   ][gc,start       ] GC(846) Pause Full (System.gc())
[5.933s][info   ][gc,task        ] GC(846) Using 1 workers of 10 for full compaction
[5.933s][info   ][gc,phases,start] GC(846) Phase 1: Mark live objects
[5.936s][info   ][gc,phases      ] GC(846) Phase 1: Mark live objects 3.266ms
[5.936s][info   ][gc,phases,start] GC(846) Phase 2: Prepare for compaction
[5.937s][info   ][gc,phases      ] GC(846) Phase 2: Prepare for compaction 0.166ms
[5.937s][info   ][gc,phases,start] GC(846) Phase 3: Adjust pointers
[5.938s][info   ][gc,phases      ] GC(846) Phase 3: Adjust pointers 1.803ms
[5.938s][info   ][gc,phases,start] GC(846) Phase 4: Compact heap
[5.939s][info   ][gc,phases      ] GC(846) Phase 4: Compact heap 0.195ms
[5.939s][info   ][gc,heap        ] GC(846) Eden regions: 0->0(3)
[5.939s][info   ][gc,heap        ] GC(846) Survivor regions: 0->0(0)
[5.939s][info   ][gc,heap        ] GC(846) Old regions: 2->2
[5.939s][info   ][gc,heap        ] GC(846) Archive regions: 2->2
[5.939s][info   ][gc,heap        ] GC(846) Humongous regions: 0->0
[5.939s][info   ][gc,metaspace   ] GC(846) Metaspace: 9524K(9792K)->9524K(9792K) NonClass: 8366K(8512K)->8366K(8512K) Class: 1157K(1280K)->1157K(1280K)
[5.939s][info   ][gc             ] GC(846) Pause Full (System.gc()) 4M->4M(28M) 5.974ms
[5.939s][info   ][gc,cpu         ] GC(846) User=0.00s Sys=0.00s Real=0.01s
[5.939s][info   ][gc,start       ] GC(847) Pause Full (System.gc())
[5.939s][info   ][gc,task        ] GC(847) Using 1 workers of 10 for full compaction
[5.939s][info   ][gc,phases,start] GC(847) Phase 1: Mark live objects
[5.943s][info   ][gc,phases      ] GC(847) Phase 1: Mark live objects 3.610ms
[5.943s][info   ][gc,phases,start] GC(847) Phase 2: Prepare for compaction
[5.943s][info   ][gc,phases      ] GC(847) Phase 2: Prepare for compaction 0.277ms
[5.943s][info   ][gc,phases,start] GC(847) Phase 3: Adjust pointers
[5.945s][info   ][gc,phases      ] GC(847) Phase 3: Adjust pointers 1.474ms
[5.945s][info   ][gc,phases,start] GC(847) Phase 4: Compact heap
[5.945s][info   ][gc,phases      ] GC(847) Phase 4: Compact heap 0.272ms
[5.946s][info   ][gc,heap        ] GC(847) Eden regions: 1->0(3)
[5.946s][info   ][gc,heap        ] GC(847) Survivor regions: 0->0(0)
[5.946s][info   ][gc,heap        ] GC(847) Old regions: 2->2
[5.946s][info   ][gc,heap        ] GC(847) Archive regions: 2->2
[5.946s][info   ][gc,heap        ] GC(847) Humongous regions: 0->0
[5.946s][info   ][gc,metaspace   ] GC(847) Metaspace: 9524K(9792K)->9524K(9792K) NonClass: 8366K(8512K)->8366K(8512K) Class: 1157K(1280K)->1157K(1280K)
[5.946s][info   ][gc             ] GC(847) Pause Full (System.gc()) 4M->4M(28M) 6.389ms
[5.946s][info   ][gc,cpu         ] GC(847) User=0.01s Sys=0.00s Real=0.01s
[5.946s][info   ][gc,start       ] GC(848) Pause Full (System.gc())
[5.946s][info   ][gc,task        ] GC(848) Using 1 workers of 10 for full compaction
[5.946s][info   ][gc,phases,start] GC(848) Phase 1: Mark live objects
[5.950s][info   ][gc,phases      ] GC(848) Phase 1: Mark live objects 4.030ms
[5.950s][info   ][gc,phases,start] GC(848) Phase 2: Prepare for compaction
[5.951s][info   ][gc,phases      ] GC(848) Phase 2: Prepare for compaction 0.197ms
[5.951s][info   ][gc,phases,start] GC(848) Phase 3: Adjust pointers
[5.952s][info   ][gc,phases      ] GC(848) Phase 3: Adjust pointers 1.878ms
[5.952s][info   ][gc,phases,start] GC(848) Phase 4: Compact heap
[5.953s][info   ][gc,phases      ] GC(848) Phase 4: Compact heap 0.188ms
[5.953s][info   ][gc,heap        ] GC(848) Eden regions: 1->0(3)
[5.953s][info   ][gc,heap        ] GC(848) Survivor regions: 0->0(0)
[5.953s][info   ][gc,heap        ] GC(848) Old regions: 2->2
[5.953s][info   ][gc,heap        ] GC(848) Archive regions: 2->2
[5.953s][info   ][gc,heap        ] GC(848) Humongous regions: 0->0
[5.953s][info   ][gc,metaspace   ] GC(848) Metaspace: 9524K(9792K)->9524K(9792K) NonClass: 8366K(8512K)->8366K(8512K) Class: 1157K(1280K)->1157K(1280K)
[5.953s][info   ][gc             ] GC(848) Pause Full (System.gc()) 4M->4M(28M) 6.773ms
[5.953s][info   ][gc,cpu         ] GC(848) User=0.00s Sys=0.00s Real=0.00s
[5.953s][info   ][gc,start       ] GC(849) Pause Full (System.gc())
[5.953s][info   ][gc,task        ] GC(849) Using 1 workers of 10 for full compaction
[5.953s][info   ][gc,phases,start] GC(849) Phase 1: Mark live objects
[5.957s][info   ][gc,phases      ] GC(849) Phase 1: Mark live objects 3.897ms
[5.957s][info   ][gc,phases,start] GC(849) Phase 2: Prepare for compaction
[5.957s][info   ][gc,phases      ] GC(849) Phase 2: Prepare for compaction 0.171ms
[5.957s][info   ][gc,phases,start] GC(849) Phase 3: Adjust pointers
[5.959s][info   ][gc,phases      ] GC(849) Phase 3: Adjust pointers 1.378ms
[5.959s][info   ][gc,phases,start] GC(849) Phase 4: Compact heap
[5.959s][info   ][gc,phases      ] GC(849) Phase 4: Compact heap 0.193ms
[5.960s][info   ][gc,heap        ] GC(849) Eden regions: 0->0(3)
[5.960s][info   ][gc,heap        ] GC(849) Survivor regions: 0->0(0)
[5.960s][info   ][gc,heap        ] GC(849) Old regions: 2->2
[5.960s][info   ][gc,heap        ] GC(849) Archive regions: 2->2
[5.960s][info   ][gc,heap        ] GC(849) Humongous regions: 0->0
[5.960s][info   ][gc,metaspace   ] GC(849) Metaspace: 9524K(9792K)->9524K(9792K) NonClass: 8366K(8512K)->8366K(8512K) Class: 1157K(1280K)->1157K(1280K)
[5.960s][info   ][gc             ] GC(849) Pause Full (System.gc()) 4M->4M(28M) 6.343ms
[5.960s][info   ][gc,cpu         ] GC(849) User=0.00s Sys=0.00s Real=0.01s
[5.960s][info   ][gc,start       ] GC(850) Pause Full (System.gc())
[5.960s][info   ][gc,task        ] GC(850) Using 1 workers of 10 for full compaction
[5.960s][info   ][gc,phases,start] GC(850) Phase 1: Mark live objects
[5.964s][info   ][gc,phases      ] GC(850) Phase 1: Mark live objects 3.753ms
[5.964s][info   ][gc,phases,start] GC(850) Phase 2: Prepare for compaction
[5.964s][info   ][gc,phases      ] GC(850) Phase 2: Prepare for compaction 0.162ms
[5.964s][info   ][gc,phases,start] GC(850) Phase 3: Adjust pointers
[5.965s][info   ][gc,phases      ] GC(850) Phase 3: Adjust pointers 1.600ms
[5.965s][info   ][gc,phases,start] GC(850) Phase 4: Compact heap
[5.966s][info   ][gc,phases      ] GC(850) Phase 4: Compact heap 0.174ms
[5.966s][info   ][gc,heap        ] GC(850) Eden regions: 1->0(3)
[5.966s][info   ][gc,heap        ] GC(850) Survivor regions: 0->0(0)
[5.966s][info   ][gc,heap        ] GC(850) Old regions: 2->2
[5.966s][info   ][gc,heap        ] GC(850) Archive regions: 2->2
[5.966s][info   ][gc,heap        ] GC(850) Humongous regions: 0->0
[5.966s][info   ][gc,metaspace   ] GC(850) Metaspace: 9524K(9792K)->9524K(9792K) NonClass: 8366K(8512K)->8366K(8512K) Class: 1157K(1280K)->1157K(1280K)
[5.966s][info   ][gc             ] GC(850) Pause Full (System.gc()) 4M->4M(28M) 6.293ms
[5.966s][info   ][gc,cpu         ] GC(850) User=0.01s Sys=0.00s Real=0.01s
[5.967s][info   ][gc,start       ] GC(851) Pause Full (System.gc())
[5.967s][info   ][gc,task        ] GC(851) Using 1 workers of 10 for full compaction
[5.967s][info   ][gc,phases,start] GC(851) Phase 1: Mark live objects
[5.970s][info   ][gc,phases      ] GC(851) Phase 1: Mark live objects 2.894ms
[5.970s][info   ][gc,phases,start] GC(851) Phase 2: Prepare for compaction
[5.970s][info   ][gc,phases      ] GC(851) Phase 2: Prepare for compaction 0.200ms
[5.970s][info   ][gc,phases,start] GC(851) Phase 3: Adjust pointers
[5.971s][info   ][gc,phases      ] GC(851) Phase 3: Adjust pointers 1.686ms
[5.971s][info   ][gc,phases,start] GC(851) Phase 4: Compact heap
[5.972s][info   ][gc,phases      ] GC(851) Phase 4: Compact heap 0.171ms
[5.972s][info   ][gc,heap        ] GC(851) Eden regions: 1->0(3)
[5.972s][info   ][gc,heap        ] GC(851) Survivor regions: 0->0(0)
[5.972s][info   ][gc,heap        ] GC(851) Old regions: 2->2
[5.972s][info   ][gc,heap        ] GC(851) Archive regions: 2->2
[5.972s][info   ][gc,heap        ] GC(851) Humongous regions: 0->0
[5.972s][info   ][gc,metaspace   ] GC(851) Metaspace: 9524K(9792K)->9524K(9792K) NonClass: 8366K(8512K)->8366K(8512K) Class: 1157K(1280K)->1157K(1280K)
[5.972s][info   ][gc             ] GC(851) Pause Full (System.gc()) 4M->4M(28M) 5.566ms
[5.972s][info   ][gc,cpu         ] GC(851) User=0.00s Sys=0.00s Real=0.00s
[5.973s][info   ][gc,start       ] GC(852) Pause Full (System.gc())
[5.973s][info   ][gc,task        ] GC(852) Using 1 workers of 10 for full compaction
[5.973s][info   ][gc,phases,start] GC(852) Phase 1: Mark live objects
[5.975s][info   ][gc,phases      ] GC(852) Phase 1: Mark live objects 2.662ms
[5.975s][info   ][gc,phases,start] GC(852) Phase 2: Prepare for compaction
[5.976s][info   ][gc,phases      ] GC(852) Phase 2: Prepare for compaction 0.192ms
[5.976s][info   ][gc,phases,start] GC(852) Phase 3: Adjust pointers
[5.978s][info   ][gc,phases      ] GC(852) Phase 3: Adjust pointers 1.968ms
[5.978s][info   ][gc,phases,start] GC(852) Phase 4: Compact heap
[5.978s][info   ][gc,phases      ] GC(852) Phase 4: Compact heap 0.136ms
[5.978s][info   ][gc,heap        ] GC(852) Eden regions: 1->0(3)
[5.978s][info   ][gc,heap        ] GC(852) Survivor regions: 0->0(0)
[5.978s][info   ][gc,heap        ] GC(852) Old regions: 2->2
[5.978s][info   ][gc,heap        ] GC(852) Archive regions: 2->2
[5.978s][info   ][gc,heap        ] GC(852) Humongous regions: 0->0
[5.978s][info   ][gc,metaspace   ] GC(852) Metaspace: 9524K(9792K)->9524K(9792K) NonClass: 8366K(8512K)->8366K(8512K) Class: 1157K(1280K)->1157K(1280K)
[5.978s][info   ][gc             ] GC(852) Pause Full (System.gc()) 4M->4M(28M) 5.640ms
[5.978s][info   ][gc,cpu         ] GC(852) User=0.01s Sys=0.01s Real=0.01s
[5.978s][info   ][gc,start       ] GC(853) Pause Full (System.gc())
[5.978s][info   ][gc,task        ] GC(853) Using 1 workers of 10 for full compaction
[5.978s][info   ][gc,phases,start] GC(853) Phase 1: Mark live objects
[5.981s][info   ][gc,phases      ] GC(853) Phase 1: Mark live objects 2.914ms
[5.981s][info   ][gc,phases,start] GC(853) Phase 2: Prepare for compaction
[5.982s][info   ][gc,phases      ] GC(853) Phase 2: Prepare for compaction 0.203ms
[5.982s][info   ][gc,phases,start] GC(853) Phase 3: Adjust pointers
[5.984s][info   ][gc,phases      ] GC(853) Phase 3: Adjust pointers 2.084ms
[5.984s][info   ][gc,phases,start] GC(853) Phase 4: Compact heap
[5.984s][info   ][gc,phases      ] GC(853) Phase 4: Compact heap 0.165ms
[5.985s][info   ][gc,heap        ] GC(853) Eden regions: 0->0(3)
[5.985s][info   ][gc,heap        ] GC(853) Survivor regions: 0->0(0)
[5.985s][info   ][gc,heap        ] GC(853) Old regions: 2->2
[5.985s][info   ][gc,heap        ] GC(853) Archive regions: 2->2
[5.985s][info   ][gc,heap        ] GC(853) Humongous regions: 0->0
[5.985s][info   ][gc,metaspace   ] GC(853) Metaspace: 9524K(9792K)->9524K(9792K) NonClass: 8366K(8512K)->8366K(8512K) Class: 1157K(1280K)->1157K(1280K)
[5.985s][info   ][gc             ] GC(853) Pause Full (System.gc()) 4M->4M(28M) 6.109ms
[5.985s][info   ][gc,cpu         ] GC(853) User=0.00s Sys=0.00s Real=0.01s
[5.985s][info   ][gc,start       ] GC(854) Pause Full (System.gc())
[5.985s][info   ][gc,task        ] GC(854) Using 1 workers of 10 for full compaction
[5.985s][info   ][gc,phases,start] GC(854) Phase 1: Mark live objects
[5.988s][info   ][gc,phases      ] GC(854) Phase 1: Mark live objects 2.956ms
[5.988s][info   ][gc,phases,start] GC(854) Phase 2: Prepare for compaction
[5.988s][info   ][gc,phases      ] GC(854) Phase 2: Prepare for compaction 0.273ms
[5.988s][info   ][gc,phases,start] GC(854) Phase 3: Adjust pointers
[5.990s][info   ][gc,phases      ] GC(854) Phase 3: Adjust pointers 1.436ms
[5.990s][info   ][gc,phases,start] GC(854) Phase 4: Compact heap
[5.990s][info   ][gc,phases      ] GC(854) Phase 4: Compact heap 0.156ms
[5.990s][info   ][gc,heap        ] GC(854) Eden regions: 0->0(3)
[5.990s][info   ][gc,heap        ] GC(854) Survivor regions: 0->0(0)
[5.990s][info   ][gc,heap        ] GC(854) Old regions: 2->2
[5.990s][info   ][gc,heap        ] GC(854) Archive regions: 2->2
[5.990s][info   ][gc,heap        ] GC(854) Humongous regions: 0->0
[5.990s][info   ][gc,metaspace   ] GC(854) Metaspace: 9524K(9792K)->9524K(9792K) NonClass: 8366K(8512K)->8366K(8512K) Class: 1157K(1280K)->1157K(1280K)
[5.990s][info   ][gc             ] GC(854) Pause Full (System.gc()) 4M->4M(28M) 5.386ms
[5.990s][info   ][gc,cpu         ] GC(854) User=0.01s Sys=0.00s Real=0.00s
[5.991s][info   ][gc,start       ] GC(855) Pause Full (System.gc())
[5.991s][info   ][gc,task        ] GC(855) Using 1 workers of 10 for full compaction
[5.991s][info   ][gc,phases,start] GC(855) Phase 1: Mark live objects
[5.994s][info   ][gc,phases      ] GC(855) Phase 1: Mark live objects 3.396ms
[5.994s][info   ][gc,phases,start] GC(855) Phase 2: Prepare for compaction
[5.994s][info   ][gc,phases      ] GC(855) Phase 2: Prepare for compaction 0.215ms
[5.994s][info   ][gc,phases,start] GC(855) Phase 3: Adjust pointers
[5.997s][info   ][gc,phases      ] GC(855) Phase 3: Adjust pointers 2.132ms
[5.997s][info   ][gc,phases,start] GC(855) Phase 4: Compact heap
[5.997s][info   ][gc,phases      ] GC(855) Phase 4: Compact heap 0.162ms
[5.997s][info   ][gc,heap        ] GC(855) Eden regions: 1->0(3)
[5.997s][info   ][gc,heap        ] GC(855) Survivor regions: 0->0(0)
[5.997s][info   ][gc,heap        ] GC(855) Old regions: 2->2
[5.997s][info   ][gc,heap        ] GC(855) Archive regions: 2->2
[5.997s][info   ][gc,heap        ] GC(855) Humongous regions: 0->0
[5.997s][info   ][gc,metaspace   ] GC(855) Metaspace: 9524K(9792K)->9524K(9792K) NonClass: 8366K(8512K)->8366K(8512K) Class: 1157K(1280K)->1157K(1280K)
[5.997s][info   ][gc             ] GC(855) Pause Full (System.gc()) 4M->4M(28M) 6.591ms
[5.997s][info   ][gc,cpu         ] GC(855) User=0.00s Sys=0.00s Real=0.01s
[5.998s][info   ][gc,start       ] GC(856) Pause Full (System.gc())
[5.998s][info   ][gc,task        ] GC(856) Using 1 workers of 10 for full compaction
[5.998s][info   ][gc,phases,start] GC(856) Phase 1: Mark live objects
[6.001s][info   ][gc,phases      ] GC(856) Phase 1: Mark live objects 3.017ms
[6.001s][info   ][gc,phases,start] GC(856) Phase 2: Prepare for compaction
[6.001s][info   ][gc,phases      ] GC(856) Phase 2: Prepare for compaction 0.242ms
[6.001s][info   ][gc,phases,start] GC(856) Phase 3: Adjust pointers
[6.002s][info   ][gc,phases      ] GC(856) Phase 3: Adjust pointers 1.476ms
[6.002s][info   ][gc,phases,start] GC(856) Phase 4: Compact heap
[6.003s][info   ][gc,phases      ] GC(856) Phase 4: Compact heap 0.225ms
[6.003s][info   ][gc,heap        ] GC(856) Eden regions: 0->0(3)
[6.003s][info   ][gc,heap        ] GC(856) Survivor regions: 0->0(0)
[6.003s][info   ][gc,heap        ] GC(856) Old regions: 2->2
[6.003s][info   ][gc,heap        ] GC(856) Archive regions: 2->2
[6.003s][info   ][gc,heap        ] GC(856) Humongous regions: 0->0
[6.003s][info   ][gc,metaspace   ] GC(856) Metaspace: 9524K(9792K)->9524K(9792K) NonClass: 8366K(8512K)->8366K(8512K) Class: 1157K(1280K)->1157K(1280K)
[6.003s][info   ][gc             ] GC(856) Pause Full (System.gc()) 4M->4M(28M) 5.503ms
[6.003s][info   ][gc,cpu         ] GC(856) User=0.00s Sys=0.00s Real=0.00s
[6.003s][info   ][gc,start       ] GC(857) Pause Full (System.gc())
[6.003s][info   ][gc,task        ] GC(857) Using 1 workers of 10 for full compaction
[6.003s][info   ][gc,phases,start] GC(857) Phase 1: Mark live objects
[6.007s][info   ][gc,phases      ] GC(857) Phase 1: Mark live objects 3.859ms
[6.007s][info   ][gc,phases,start] GC(857) Phase 2: Prepare for compaction
[6.007s][info   ][gc,phases      ] GC(857) Phase 2: Prepare for compaction 0.124ms
[6.007s][info   ][gc,phases,start] GC(857) Phase 3: Adjust pointers
[6.009s][info   ][gc,phases      ] GC(857) Phase 3: Adjust pointers 1.746ms
[6.009s][info   ][gc,phases,start] GC(857) Phase 4: Compact heap
[6.009s][info   ][gc,phases      ] GC(857) Phase 4: Compact heap 0.108ms
[6.010s][info   ][gc,heap        ] GC(857) Eden regions: 1->0(3)
[6.010s][info   ][gc,heap        ] GC(857) Survivor regions: 0->0(0)
[6.010s][info   ][gc,heap        ] GC(857) Old regions: 2->2
[6.010s][info   ][gc,heap        ] GC(857) Archive regions: 2->2
[6.010s][info   ][gc,heap        ] GC(857) Humongous regions: 0->0
[6.010s][info   ][gc,metaspace   ] GC(857) Metaspace: 9524K(9792K)->9524K(9792K) NonClass: 8366K(8512K)->8366K(8512K) Class: 1157K(1280K)->1157K(1280K)
[6.010s][info   ][gc             ] GC(857) Pause Full (System.gc()) 4M->4M(28M) 6.334ms
[6.010s][info   ][gc,cpu         ] GC(857) User=0.01s Sys=0.00s Real=0.01s
[6.010s][info   ][gc,start       ] GC(858) Pause Full (System.gc())
[6.010s][info   ][gc,task        ] GC(858) Using 1 workers of 10 for full compaction
[6.010s][info   ][gc,phases,start] GC(858) Phase 1: Mark live objects
[6.014s][info   ][gc,phases      ] GC(858) Phase 1: Mark live objects 4.099ms
[6.014s][info   ][gc,phases,start] GC(858) Phase 2: Prepare for compaction
[6.014s][info   ][gc,phases      ] GC(858) Phase 2: Prepare for compaction 0.284ms
[6.014s][info   ][gc,phases,start] GC(858) Phase 3: Adjust pointers
[6.016s][info   ][gc,phases      ] GC(858) Phase 3: Adjust pointers 1.627ms
[6.016s][info   ][gc,phases,start] GC(858) Phase 4: Compact heap
[6.016s][info   ][gc,phases      ] GC(858) Phase 4: Compact heap 0.164ms
[6.017s][info   ][gc,heap        ] GC(858) Eden regions: 0->0(3)
[6.017s][info   ][gc,heap        ] GC(858) Survivor regions: 0->0(0)
[6.017s][info   ][gc,heap        ] GC(858) Old regions: 2->2
[6.017s][info   ][gc,heap        ] GC(858) Archive regions: 2->2
[6.017s][info   ][gc,heap        ] GC(858) Humongous regions: 0->0
[6.017s][info   ][gc,metaspace   ] GC(858) Metaspace: 9524K(9792K)->9524K(9792K) NonClass: 8366K(8512K)->8366K(8512K) Class: 1157K(1280K)->1157K(1280K)
[6.017s][info   ][gc             ] GC(858) Pause Full (System.gc()) 4M->4M(28M) 6.740ms
[6.017s][info   ][gc,cpu         ] GC(858) User=0.00s Sys=0.00s Real=0.01s
[6.017s][info   ][gc,start       ] GC(859) Pause Full (System.gc())
[6.017s][info   ][gc,task        ] GC(859) Using 1 workers of 10 for full compaction
[6.017s][info   ][gc,phases,start] GC(859) Phase 1: Mark live objects
[6.022s][info   ][gc,phases      ] GC(859) Phase 1: Mark live objects 4.365ms
[6.022s][info   ][gc,phases,start] GC(859) Phase 2: Prepare for compaction
[6.022s][info   ][gc,phases      ] GC(859) Phase 2: Prepare for compaction 0.243ms
[6.022s][info   ][gc,phases,start] GC(859) Phase 3: Adjust pointers
[6.024s][info   ][gc,phases      ] GC(859) Phase 3: Adjust pointers 1.675ms
[6.024s][info   ][gc,phases,start] GC(859) Phase 4: Compact heap
[6.024s][info   ][gc,phases      ] GC(859) Phase 4: Compact heap 0.176ms
[6.024s][info   ][gc,heap        ] GC(859) Eden regions: 1->0(3)
[6.024s][info   ][gc,heap        ] GC(859) Survivor regions: 0->0(0)
[6.024s][info   ][gc,heap        ] GC(859) Old regions: 2->2
[6.024s][info   ][gc,heap        ] GC(859) Archive regions: 2->2
[6.024s][info   ][gc,heap        ] GC(859) Humongous regions: 0->0
[6.024s][info   ][gc,metaspace   ] GC(859) Metaspace: 9524K(9792K)->9524K(9792K) NonClass: 8366K(8512K)->8366K(8512K) Class: 1157K(1280K)->1157K(1280K)
[6.024s][info   ][gc             ] GC(859) Pause Full (System.gc()) 4M->4M(28M) 7.110ms
[6.024s][info   ][gc,cpu         ] GC(859) User=0.01s Sys=0.00s Real=0.01s
[6.024s][info   ][gc,start       ] GC(860) Pause Full (System.gc())
[6.024s][info   ][gc,task        ] GC(860) Using 1 workers of 10 for full compaction
[6.024s][info   ][gc,phases,start] GC(860) Phase 1: Mark live objects
[6.029s][info   ][gc,phases      ] GC(860) Phase 1: Mark live objects 4.557ms
[6.029s][info   ][gc,phases,start] GC(860) Phase 2: Prepare for compaction
[6.029s][info   ][gc,phases      ] GC(860) Phase 2: Prepare for compaction 0.250ms
[6.029s][info   ][gc,phases,start] GC(860) Phase 3: Adjust pointers
[6.031s][info   ][gc,phases      ] GC(860) Phase 3: Adjust pointers 1.694ms
[6.031s][info   ][gc,phases,start] GC(860) Phase 4: Compact heap
[6.031s][info   ][gc,phases      ] GC(860) Phase 4: Compact heap 0.207ms
[6.032s][info   ][gc,heap        ] GC(860) Eden regions: 0->0(3)
[6.032s][info   ][gc,heap        ] GC(860) Survivor regions: 0->0(0)
[6.032s][info   ][gc,heap        ] GC(860) Old regions: 2->2
[6.032s][info   ][gc,heap        ] GC(860) Archive regions: 2->2
[6.032s][info   ][gc,heap        ] GC(860) Humongous regions: 0->0
[6.032s][info   ][gc,metaspace   ] GC(860) Metaspace: 9524K(9792K)->9524K(9792K) NonClass: 8366K(8512K)->8366K(8512K) Class: 1157K(1280K)->1157K(1280K)
[6.032s][info   ][gc             ] GC(860) Pause Full (System.gc()) 4M->4M(28M) 7.456ms
[6.032s][info   ][gc,cpu         ] GC(860) User=0.01s Sys=0.00s Real=0.00s
[6.032s][info   ][gc,start       ] GC(861) Pause Full (System.gc())
[6.032s][info   ][gc,task        ] GC(861) Using 1 workers of 10 for full compaction
[6.033s][info   ][gc,phases,start] GC(861) Phase 1: Mark live objects
[6.037s][info   ][gc,phases      ] GC(861) Phase 1: Mark live objects 4.755ms
[6.037s][info   ][gc,phases,start] GC(861) Phase 2: Prepare for compaction
[6.038s][info   ][gc,phases      ] GC(861) Phase 2: Prepare for compaction 0.277ms
[6.038s][info   ][gc,phases,start] GC(861) Phase 3: Adjust pointers
[6.039s][info   ][gc,phases      ] GC(861) Phase 3: Adjust pointers 1.837ms
[6.039s][info   ][gc,phases,start] GC(861) Phase 4: Compact heap
[6.040s][info   ][gc,phases      ] GC(861) Phase 4: Compact heap 0.252ms
[6.040s][info   ][gc,heap        ] GC(861) Eden regions: 1->0(3)
[6.040s][info   ][gc,heap        ] GC(861) Survivor regions: 0->0(0)
[6.040s][info   ][gc,heap        ] GC(861) Old regions: 2->2
[6.040s][info   ][gc,heap        ] GC(861) Archive regions: 2->2
[6.040s][info   ][gc,heap        ] GC(861) Humongous regions: 0->0
[6.040s][info   ][gc,metaspace   ] GC(861) Metaspace: 9524K(9792K)->9524K(9792K) NonClass: 8366K(8512K)->8366K(8512K) Class: 1157K(1280K)->1157K(1280K)
[6.040s][info   ][gc             ] GC(861) Pause Full (System.gc()) 4M->4M(28M) 7.765ms
[6.040s][info   ][gc,cpu         ] GC(861) User=0.00s Sys=0.00s Real=0.01s
[6.040s][info   ][gc,start       ] GC(862) Pause Full (System.gc())
[6.040s][info   ][gc,task        ] GC(862) Using 1 workers of 10 for full compaction
[6.040s][info   ][gc,phases,start] GC(862) Phase 1: Mark live objects
[6.043s][info   ][gc,phases      ] GC(862) Phase 1: Mark live objects 2.769ms
[6.043s][info   ][gc,phases,start] GC(862) Phase 2: Prepare for compaction
[6.043s][info   ][gc,phases      ] GC(862) Phase 2: Prepare for compaction 0.178ms
[6.043s][info   ][gc,phases,start] GC(862) Phase 3: Adjust pointers
[6.045s][info   ][gc,phases      ] GC(862) Phase 3: Adjust pointers 1.859ms
[6.045s][info   ][gc,phases,start] GC(862) Phase 4: Compact heap
[6.045s][info   ][gc,phases      ] GC(862) Phase 4: Compact heap 0.126ms
[6.046s][info   ][gc,heap        ] GC(862) Eden regions: 0->0(3)
[6.046s][info   ][gc,heap        ] GC(862) Survivor regions: 0->0(0)
[6.046s][info   ][gc,heap        ] GC(862) Old regions: 2->2
[6.046s][info   ][gc,heap        ] GC(862) Archive regions: 2->2
[6.046s][info   ][gc,heap        ] GC(862) Humongous regions: 0->0
[6.046s][info   ][gc,metaspace   ] GC(862) Metaspace: 9524K(9792K)->9524K(9792K) NonClass: 8366K(8512K)->8366K(8512K) Class: 1157K(1280K)->1157K(1280K)
[6.046s][info   ][gc             ] GC(862) Pause Full (System.gc()) 4M->4M(28M) 5.653ms
[6.046s][info   ][gc,cpu         ] GC(862) User=0.01s Sys=0.00s Real=0.01s
[6.046s][info   ][gc,start       ] GC(863) Pause Full (System.gc())
[6.046s][info   ][gc,task        ] GC(863) Using 1 workers of 10 for full compaction
[6.047s][info   ][gc,phases,start] GC(863) Phase 1: Mark live objects
[6.049s][info   ][gc,phases      ] GC(863) Phase 1: Mark live objects 2.779ms
[6.049s][info   ][gc,phases,start] GC(863) Phase 2: Prepare for compaction
[6.050s][info   ][gc,phases      ] GC(863) Phase 2: Prepare for compaction 0.264ms
[6.050s][info   ][gc,phases,start] GC(863) Phase 3: Adjust pointers
[6.051s][info   ][gc,phases      ] GC(863) Phase 3: Adjust pointers 1.256ms
[6.051s][info   ][gc,phases,start] GC(863) Phase 4: Compact heap
[6.051s][info   ][gc,phases      ] GC(863) Phase 4: Compact heap 0.130ms
[6.051s][info   ][gc,heap        ] GC(863) Eden regions: 1->0(3)
[6.051s][info   ][gc,heap        ] GC(863) Survivor regions: 0->0(0)
[6.051s][info   ][gc,heap        ] GC(863) Old regions: 2->2
[6.051s][info   ][gc,heap        ] GC(863) Archive regions: 2->2
[6.051s][info   ][gc,heap        ] GC(863) Humongous regions: 0->0
[6.051s][info   ][gc,metaspace   ] GC(863) Metaspace: 9524K(9792K)->9524K(9792K) NonClass: 8366K(8512K)->8366K(8512K) Class: 1157K(1280K)->1157K(1280K)
[6.051s][info   ][gc             ] GC(863) Pause Full (System.gc()) 4M->4M(28M) 4.859ms
[6.051s][info   ][gc,cpu         ] GC(863) User=0.00s Sys=0.00s Real=0.00s
[6.051s][info   ][gc,start       ] GC(864) Pause Full (System.gc())
[6.051s][info   ][gc,task        ] GC(864) Using 1 workers of 10 for full compaction
[6.051s][info   ][gc,phases,start] GC(864) Phase 1: Mark live objects
[6.055s][info   ][gc,phases      ] GC(864) Phase 1: Mark live objects 3.266ms
[6.055s][info   ][gc,phases,start] GC(864) Phase 2: Prepare for compaction
[6.055s][info   ][gc,phases      ] GC(864) Phase 2: Prepare for compaction 0.213ms
[6.055s][info   ][gc,phases,start] GC(864) Phase 3: Adjust pointers
[6.057s][info   ][gc,phases      ] GC(864) Phase 3: Adjust pointers 2.306ms
[6.057s][info   ][gc,phases,start] GC(864) Phase 4: Compact heap
[6.057s][info   ][gc,phases      ] GC(864) Phase 4: Compact heap 0.198ms
[6.058s][info   ][gc,heap        ] GC(864) Eden regions: 0->0(3)
[6.058s][info   ][gc,heap        ] GC(864) Survivor regions: 0->0(0)
[6.058s][info   ][gc,heap        ] GC(864) Old regions: 2->2
[6.058s][info   ][gc,heap        ] GC(864) Archive regions: 2->2
[6.058s][info   ][gc,heap        ] GC(864) Humongous regions: 0->0
[6.058s][info   ][gc,metaspace   ] GC(864) Metaspace: 9524K(9792K)->9524K(9792K) NonClass: 8366K(8512K)->8366K(8512K) Class: 1157K(1280K)->1157K(1280K)
[6.058s][info   ][gc             ] GC(864) Pause Full (System.gc()) 4M->4M(28M) 6.684ms
[6.058s][info   ][gc,cpu         ] GC(864) User=0.01s Sys=0.00s Real=0.01s
[6.059s][info   ][gc,start       ] GC(865) Pause Full (System.gc())
[6.059s][info   ][gc,task        ] GC(865) Using 1 workers of 10 for full compaction
[6.059s][info   ][gc,phases,start] GC(865) Phase 1: Mark live objects
[6.063s][info   ][gc,phases      ] GC(865) Phase 1: Mark live objects 4.418ms
[6.063s][info   ][gc,phases,start] GC(865) Phase 2: Prepare for compaction
[6.064s][info   ][gc,phases      ] GC(865) Phase 2: Prepare for compaction 0.320ms
[6.064s][info   ][gc,phases,start] GC(865) Phase 3: Adjust pointers
[6.066s][info   ][gc,phases      ] GC(865) Phase 3: Adjust pointers 2.102ms
[6.066s][info   ][gc,phases,start] GC(865) Phase 4: Compact heap
[6.066s][info   ][gc,phases      ] GC(865) Phase 4: Compact heap 0.167ms
[6.066s][info   ][gc,heap        ] GC(865) Eden regions: 1->0(3)
[6.066s][info   ][gc,heap        ] GC(865) Survivor regions: 0->0(0)
[6.066s][info   ][gc,heap        ] GC(865) Old regions: 2->2
[6.066s][info   ][gc,heap        ] GC(865) Archive regions: 2->2
[6.066s][info   ][gc,heap        ] GC(865) Humongous regions: 0->0
[6.066s][info   ][gc,metaspace   ] GC(865) Metaspace: 9524K(9792K)->9524K(9792K) NonClass: 8366K(8512K)->8366K(8512K) Class: 1157K(1280K)->1157K(1280K)
[6.066s][info   ][gc             ] GC(865) Pause Full (System.gc()) 4M->4M(28M) 7.595ms
[6.066s][info   ][gc,cpu         ] GC(865) User=0.01s Sys=0.00s Real=0.01s
[6.067s][info   ][gc,start       ] GC(866) Pause Full (System.gc())
[6.067s][info   ][gc,task        ] GC(866) Using 1 workers of 10 for full compaction
[6.067s][info   ][gc,phases,start] GC(866) Phase 1: Mark live objects
[6.070s][info   ][gc,phases      ] GC(866) Phase 1: Mark live objects 3.484ms
[6.070s][info   ][gc,phases,start] GC(866) Phase 2: Prepare for compaction
[6.071s][info   ][gc,phases      ] GC(866) Phase 2: Prepare for compaction 0.284ms
[6.071s][info   ][gc,phases,start] GC(866) Phase 3: Adjust pointers
[6.073s][info   ][gc,phases      ] GC(866) Phase 3: Adjust pointers 2.780ms
[6.073s][info   ][gc,phases,start] GC(866) Phase 4: Compact heap
[6.074s][info   ][gc,phases      ] GC(866) Phase 4: Compact heap 0.246ms
[6.074s][info   ][gc,heap        ] GC(866) Eden regions: 0->0(3)
[6.074s][info   ][gc,heap        ] GC(866) Survivor regions: 0->0(0)
[6.074s][info   ][gc,heap        ] GC(866) Old regions: 2->2
[6.074s][info   ][gc,heap        ] GC(866) Archive regions: 2->2
[6.074s][info   ][gc,heap        ] GC(866) Humongous regions: 0->0
[6.074s][info   ][gc,metaspace   ] GC(866) Metaspace: 9524K(9792K)->9524K(9792K) NonClass: 8366K(8512K)->8366K(8512K) Class: 1157K(1280K)->1157K(1280K)
[6.074s][info   ][gc             ] GC(866) Pause Full (System.gc()) 4M->4M(28M) 7.428ms
[6.074s][info   ][gc,cpu         ] GC(866) User=0.00s Sys=0.01s Real=0.01s
[6.074s][info   ][gc,start       ] GC(867) Pause Full (System.gc())
[6.074s][info   ][gc,task        ] GC(867) Using 1 workers of 10 for full compaction
[6.075s][info   ][gc,phases,start] GC(867) Phase 1: Mark live objects
[6.078s][info   ][gc,phases      ] GC(867) Phase 1: Mark live objects 3.593ms
[6.078s][info   ][gc,phases,start] GC(867) Phase 2: Prepare for compaction
[6.078s][info   ][gc,phases      ] GC(867) Phase 2: Prepare for compaction 0.114ms
[6.078s][info   ][gc,phases,start] GC(867) Phase 3: Adjust pointers
[6.080s][info   ][gc,phases      ] GC(867) Phase 3: Adjust pointers 2.106ms
[6.080s][info   ][gc,phases,start] GC(867) Phase 4: Compact heap
[6.081s][info   ][gc,phases      ] GC(867) Phase 4: Compact heap 0.178ms
[6.081s][info   ][gc,heap        ] GC(867) Eden regions: 1->0(3)
[6.081s][info   ][gc,heap        ] GC(867) Survivor regions: 0->0(0)
[6.081s][info   ][gc,heap        ] GC(867) Old regions: 2->2
[6.081s][info   ][gc,heap        ] GC(867) Archive regions: 2->2
[6.081s][info   ][gc,heap        ] GC(867) Humongous regions: 0->0
[6.081s][info   ][gc,metaspace   ] GC(867) Metaspace: 9524K(9792K)->9524K(9792K) NonClass: 8366K(8512K)->8366K(8512K) Class: 1157K(1280K)->1157K(1280K)
[6.081s][info   ][gc             ] GC(867) Pause Full (System.gc()) 4M->4M(28M) 6.787ms
[6.081s][info   ][gc,cpu         ] GC(867) User=0.01s Sys=0.00s Real=0.00s
[6.082s][info   ][gc,start       ] GC(868) Pause Full (System.gc())
[6.082s][info   ][gc,task        ] GC(868) Using 1 workers of 10 for full compaction
[6.082s][info   ][gc,phases,start] GC(868) Phase 1: Mark live objects
[6.086s][info   ][gc,phases      ] GC(868) Phase 1: Mark live objects 4.810ms
[6.086s][info   ][gc,phases,start] GC(868) Phase 2: Prepare for compaction
[6.087s][info   ][gc,phases      ] GC(868) Phase 2: Prepare for compaction 0.255ms
[6.087s][info   ][gc,phases,start] GC(868) Phase 3: Adjust pointers
[6.089s][info   ][gc,phases      ] GC(868) Phase 3: Adjust pointers 2.044ms
[6.089s][info   ][gc,phases,start] GC(868) Phase 4: Compact heap
[6.089s][info   ][gc,phases      ] GC(868) Phase 4: Compact heap 0.207ms
[6.090s][info   ][gc,heap        ] GC(868) Eden regions: 0->0(3)
[6.090s][info   ][gc,heap        ] GC(868) Survivor regions: 0->0(0)
[6.090s][info   ][gc,heap        ] GC(868) Old regions: 2->2
[6.090s][info   ][gc,heap        ] GC(868) Archive regions: 2->2
[6.090s][info   ][gc,heap        ] GC(868) Humongous regions: 0->0
[6.090s][info   ][gc,metaspace   ] GC(868) Metaspace: 9524K(9792K)->9524K(9792K) NonClass: 8366K(8512K)->8366K(8512K) Class: 1157K(1280K)->1157K(1280K)
[6.090s][info   ][gc             ] GC(868) Pause Full (System.gc()) 4M->4M(28M) 8.116ms
[6.090s][info   ][gc,cpu         ] GC(868) User=0.01s Sys=0.00s Real=0.01s
[6.090s][info   ][gc,start       ] GC(869) Pause Full (System.gc())
[6.090s][info   ][gc,task        ] GC(869) Using 1 workers of 10 for full compaction
[6.090s][info   ][gc,phases,start] GC(869) Phase 1: Mark live objects
[6.095s][info   ][gc,phases      ] GC(869) Phase 1: Mark live objects 5.003ms
[6.095s][info   ][gc,phases,start] GC(869) Phase 2: Prepare for compaction
[6.095s][info   ][gc,phases      ] GC(869) Phase 2: Prepare for compaction 0.170ms
[6.095s][info   ][gc,phases,start] GC(869) Phase 3: Adjust pointers
[6.098s][info   ][gc,phases      ] GC(869) Phase 3: Adjust pointers 2.489ms
[6.098s][info   ][gc,phases,start] GC(869) Phase 4: Compact heap
[6.098s][info   ][gc,phases      ] GC(869) Phase 4: Compact heap 0.232ms
[6.099s][info   ][gc,heap        ] GC(869) Eden regions: 1->0(3)
[6.099s][info   ][gc,heap        ] GC(869) Survivor regions: 0->0(0)
[6.099s][info   ][gc,heap        ] GC(869) Old regions: 2->2
[6.099s][info   ][gc,heap        ] GC(869) Archive regions: 2->2
[6.099s][info   ][gc,heap        ] GC(869) Humongous regions: 0->0
[6.099s][info   ][gc,metaspace   ] GC(869) Metaspace: 9524K(9792K)->9524K(9792K) NonClass: 8366K(8512K)->8366K(8512K) Class: 1157K(1280K)->1157K(1280K)
[6.099s][info   ][gc             ] GC(869) Pause Full (System.gc()) 4M->4M(28M) 8.650ms
[6.099s][info   ][gc,cpu         ] GC(869) User=0.01s Sys=0.00s Real=0.01s
[6.099s][info   ][gc,start       ] GC(870) Pause Full (System.gc())
[6.099s][info   ][gc,task        ] GC(870) Using 1 workers of 10 for full compaction
[6.099s][info   ][gc,phases,start] GC(870) Phase 1: Mark live objects
[6.103s][info   ][gc,phases      ] GC(870) Phase 1: Mark live objects 3.920ms
[6.103s][info   ][gc,phases,start] GC(870) Phase 2: Prepare for compaction
[6.104s][info   ][gc,phases      ] GC(870) Phase 2: Prepare for compaction 0.221ms
[6.104s][info   ][gc,phases,start] GC(870) Phase 3: Adjust pointers
[6.105s][info   ][gc,phases      ] GC(870) Phase 3: Adjust pointers 1.803ms
[6.105s][info   ][gc,phases,start] GC(870) Phase 4: Compact heap
[6.105s][info   ][gc,phases      ] GC(870) Phase 4: Compact heap 0.069ms
[6.106s][info   ][gc,heap        ] GC(870) Eden regions: 1->0(3)
[6.106s][info   ][gc,heap        ] GC(870) Survivor regions: 0->0(0)
[6.106s][info   ][gc,heap        ] GC(870) Old regions: 2->2
[6.106s][info   ][gc,heap        ] GC(870) Archive regions: 2->2
[6.106s][info   ][gc,heap        ] GC(870) Humongous regions: 0->0
[6.106s][info   ][gc,metaspace   ] GC(870) Metaspace: 9524K(9792K)->9524K(9792K) NonClass: 8366K(8512K)->8366K(8512K) Class: 1157K(1280K)->1157K(1280K)
[6.106s][info   ][gc             ] GC(870) Pause Full (System.gc()) 4M->4M(28M) 6.702ms
[6.106s][info   ][gc,cpu         ] GC(870) User=0.00s Sys=0.00s Real=0.01s
[6.106s][info   ][gc,start       ] GC(871) Pause Full (System.gc())
[6.106s][info   ][gc,task        ] GC(871) Using 1 workers of 10 for full compaction
[6.107s][info   ][gc,phases,start] GC(871) Phase 1: Mark live objects
[6.110s][info   ][gc,phases      ] GC(871) Phase 1: Mark live objects 3.003ms
[6.110s][info   ][gc,phases,start] GC(871) Phase 2: Prepare for compaction
[6.110s][info   ][gc,phases      ] GC(871) Phase 2: Prepare for compaction 0.266ms
[6.110s][info   ][gc,phases,start] GC(871) Phase 3: Adjust pointers
[6.112s][info   ][gc,phases      ] GC(871) Phase 3: Adjust pointers 2.357ms
[6.112s][info   ][gc,phases,start] GC(871) Phase 4: Compact heap
[6.112s][info   ][gc,phases      ] GC(871) Phase 4: Compact heap 0.212ms
[6.113s][info   ][gc,heap        ] GC(871) Eden regions: 1->0(3)
[6.113s][info   ][gc,heap        ] GC(871) Survivor regions: 0->0(0)
[6.113s][info   ][gc,heap        ] GC(871) Old regions: 2->2
[6.113s][info   ][gc,heap        ] GC(871) Archive regions: 2->2
[6.113s][info   ][gc,heap        ] GC(871) Humongous regions: 0->0
[6.113s][info   ][gc,metaspace   ] GC(871) Metaspace: 9524K(9792K)->9524K(9792K) NonClass: 8366K(8512K)->8366K(8512K) Class: 1157K(1280K)->1157K(1280K)
[6.113s][info   ][gc             ] GC(871) Pause Full (System.gc()) 4M->4M(28M) 6.737ms
[6.113s][info   ][gc,cpu         ] GC(871) User=0.01s Sys=0.00s Real=0.00s
[6.114s][info   ][gc,start       ] GC(872) Pause Full (System.gc())
[6.114s][info   ][gc,task        ] GC(872) Using 1 workers of 10 for full compaction
[6.114s][info   ][gc,phases,start] GC(872) Phase 1: Mark live objects
[6.119s][info   ][gc,phases      ] GC(872) Phase 1: Mark live objects 5.427ms
[6.119s][info   ][gc,phases,start] GC(872) Phase 2: Prepare for compaction
[6.120s][info   ][gc,phases      ] GC(872) Phase 2: Prepare for compaction 0.356ms
[6.120s][info   ][gc,phases,start] GC(872) Phase 3: Adjust pointers
[6.123s][info   ][gc,phases      ] GC(872) Phase 3: Adjust pointers 3.204ms
[6.123s][info   ][gc,phases,start] GC(872) Phase 4: Compact heap
[6.123s][info   ][gc,phases      ] GC(872) Phase 4: Compact heap 0.217ms
[6.124s][info   ][gc,heap        ] GC(872) Eden regions: 1->0(3)
[6.124s][info   ][gc,heap        ] GC(872) Survivor regions: 0->0(0)
[6.124s][info   ][gc,heap        ] GC(872) Old regions: 2->2
[6.124s][info   ][gc,heap        ] GC(872) Archive regions: 2->2
[6.124s][info   ][gc,heap        ] GC(872) Humongous regions: 0->0
[6.124s][info   ][gc,metaspace   ] GC(872) Metaspace: 9524K(9792K)->9524K(9792K) NonClass: 8366K(8512K)->8366K(8512K) Class: 1157K(1280K)->1157K(1280K)
[6.124s][info   ][gc             ] GC(872) Pause Full (System.gc()) 4M->4M(28M) 10.278ms
[6.124s][info   ][gc,cpu         ] GC(872) User=0.01s Sys=0.00s Real=0.01s
[6.125s][info   ][gc,start       ] GC(873) Pause Full (System.gc())
[6.125s][info   ][gc,task        ] GC(873) Using 1 workers of 10 for full compaction
[6.125s][info   ][gc,phases,start] GC(873) Phase 1: Mark live objects
[6.129s][info   ][gc,phases      ] GC(873) Phase 1: Mark live objects 4.068ms
[6.129s][info   ][gc,phases,start] GC(873) Phase 2: Prepare for compaction
[6.129s][info   ][gc,phases      ] GC(873) Phase 2: Prepare for compaction 0.239ms
[6.129s][info   ][gc,phases,start] GC(873) Phase 3: Adjust pointers
[6.131s][info   ][gc,phases      ] GC(873) Phase 3: Adjust pointers 1.636ms
[6.131s][info   ][gc,phases,start] GC(873) Phase 4: Compact heap
[6.131s][info   ][gc,phases      ] GC(873) Phase 4: Compact heap 0.121ms
[6.131s][info   ][gc,heap        ] GC(873) Eden regions: 1->0(3)
[6.131s][info   ][gc,heap        ] GC(873) Survivor regions: 0->0(0)
[6.131s][info   ][gc,heap        ] GC(873) Old regions: 2->2
[6.131s][info   ][gc,heap        ] GC(873) Archive regions: 2->2
[6.131s][info   ][gc,heap        ] GC(873) Humongous regions: 0->0
[6.131s][info   ][gc,metaspace   ] GC(873) Metaspace: 9524K(9792K)->9524K(9792K) NonClass: 8366K(8512K)->8366K(8512K) Class: 1157K(1280K)->1157K(1280K)
[6.131s][info   ][gc             ] GC(873) Pause Full (System.gc()) 4M->4M(28M) 6.620ms
[6.131s][info   ][gc,cpu         ] GC(873) User=0.00s Sys=0.00s Real=0.00s
[6.131s][info   ][gc,start       ] GC(874) Pause Full (System.gc())
[6.131s][info   ][gc,task        ] GC(874) Using 1 workers of 10 for full compaction
[6.131s][info   ][gc,phases,start] GC(874) Phase 1: Mark live objects
[6.134s][info   ][gc,phases      ] GC(874) Phase 1: Mark live objects 2.741ms
[6.134s][info   ][gc,phases,start] GC(874) Phase 2: Prepare for compaction
[6.134s][info   ][gc,phases      ] GC(874) Phase 2: Prepare for compaction 0.248ms
[6.134s][info   ][gc,phases,start] GC(874) Phase 3: Adjust pointers
[6.136s][info   ][gc,phases      ] GC(874) Phase 3: Adjust pointers 1.315ms
[6.136s][info   ][gc,phases,start] GC(874) Phase 4: Compact heap
[6.136s][info   ][gc,phases      ] GC(874) Phase 4: Compact heap 0.191ms
[6.136s][info   ][gc,heap        ] GC(874) Eden regions: 0->0(3)
[6.136s][info   ][gc,heap        ] GC(874) Survivor regions: 0->0(0)
[6.136s][info   ][gc,heap        ] GC(874) Old regions: 2->2
[6.136s][info   ][gc,heap        ] GC(874) Archive regions: 2->2
[6.136s][info   ][gc,heap        ] GC(874) Humongous regions: 0->0
[6.136s][info   ][gc,metaspace   ] GC(874) Metaspace: 9524K(9792K)->9524K(9792K) NonClass: 8366K(8512K)->8366K(8512K) Class: 1157K(1280K)->1157K(1280K)
[6.136s][info   ][gc             ] GC(874) Pause Full (System.gc()) 4M->4M(28M) 4.995ms
[6.136s][info   ][gc,cpu         ] GC(874) User=0.01s Sys=0.00s Real=0.01s
[6.137s][info   ][gc,start       ] GC(875) Pause Full (System.gc())
[6.137s][info   ][gc,task        ] GC(875) Using 1 workers of 10 for full compaction
[6.137s][info   ][gc,phases,start] GC(875) Phase 1: Mark live objects
[6.140s][info   ][gc,phases      ] GC(875) Phase 1: Mark live objects 3.493ms
[6.140s][info   ][gc,phases,start] GC(875) Phase 2: Prepare for compaction
[6.140s][info   ][gc,phases      ] GC(875) Phase 2: Prepare for compaction 0.155ms
[6.140s][info   ][gc,phases,start] GC(875) Phase 3: Adjust pointers
[6.143s][info   ][gc,phases      ] GC(875) Phase 3: Adjust pointers 2.348ms
[6.143s][info   ][gc,phases,start] GC(875) Phase 4: Compact heap
[6.143s][info   ][gc,phases      ] GC(875) Phase 4: Compact heap 0.127ms
[6.143s][info   ][gc,heap        ] GC(875) Eden regions: 0->0(3)
[6.143s][info   ][gc,heap        ] GC(875) Survivor regions: 0->0(0)
[6.143s][info   ][gc,heap        ] GC(875) Old regions: 2->2
[6.143s][info   ][gc,heap        ] GC(875) Archive regions: 2->2
[6.143s][info   ][gc,heap        ] GC(875) Humongous regions: 0->0
[6.143s][info   ][gc,metaspace   ] GC(875) Metaspace: 9524K(9792K)->9524K(9792K) NonClass: 8366K(8512K)->8366K(8512K) Class: 1157K(1280K)->1157K(1280K)
[6.143s][info   ][gc             ] GC(875) Pause Full (System.gc()) 4M->4M(28M) 6.732ms
[6.143s][info   ][gc,cpu         ] GC(875) User=0.00s Sys=0.00s Real=0.00s
[6.144s][info   ][gc,start       ] GC(876) Pause Full (System.gc())
[6.144s][info   ][gc,task        ] GC(876) Using 1 workers of 10 for full compaction
[6.144s][info   ][gc,phases,start] GC(876) Phase 1: Mark live objects
[6.149s][info   ][gc,phases      ] GC(876) Phase 1: Mark live objects 4.762ms
[6.149s][info   ][gc,phases,start] GC(876) Phase 2: Prepare for compaction
[6.149s][info   ][gc,phases      ] GC(876) Phase 2: Prepare for compaction 0.277ms
[6.149s][info   ][gc,phases,start] GC(876) Phase 3: Adjust pointers
[6.151s][info   ][gc,phases      ] GC(876) Phase 3: Adjust pointers 2.448ms
[6.151s][info   ][gc,phases,start] GC(876) Phase 4: Compact heap
[6.152s][info   ][gc,phases      ] GC(876) Phase 4: Compact heap 0.202ms
[6.152s][info   ][gc,heap        ] GC(876) Eden regions: 1->0(3)
[6.152s][info   ][gc,heap        ] GC(876) Survivor regions: 0->0(0)
[6.152s][info   ][gc,heap        ] GC(876) Old regions: 2->2
[6.152s][info   ][gc,heap        ] GC(876) Archive regions: 2->2
[6.152s][info   ][gc,heap        ] GC(876) Humongous regions: 0->0
[6.152s][info   ][gc,metaspace   ] GC(876) Metaspace: 9524K(9792K)->9524K(9792K) NonClass: 8366K(8512K)->8366K(8512K) Class: 1157K(1280K)->1157K(1280K)
[6.152s][info   ][gc             ] GC(876) Pause Full (System.gc()) 4M->4M(28M) 8.591ms
[6.152s][info   ][gc,cpu         ] GC(876) User=0.01s Sys=0.00s Real=0.00s
[6.153s][info   ][gc,start       ] GC(877) Pause Full (System.gc())
[6.153s][info   ][gc,task        ] GC(877) Using 1 workers of 10 for full compaction
[6.153s][info   ][gc,phases,start] GC(877) Phase 1: Mark live objects
[6.157s][info   ][gc,phases      ] GC(877) Phase 1: Mark live objects 3.527ms
[6.157s][info   ][gc,phases,start] GC(877) Phase 2: Prepare for compaction
[6.157s][info   ][gc,phases      ] GC(877) Phase 2: Prepare for compaction 0.224ms
[6.157s][info   ][gc,phases,start] GC(877) Phase 3: Adjust pointers
[6.159s][info   ][gc,phases      ] GC(877) Phase 3: Adjust pointers 2.636ms
[6.160s][info   ][gc,phases,start] GC(877) Phase 4: Compact heap
[6.160s][info   ][gc,phases      ] GC(877) Phase 4: Compact heap 0.189ms
[6.160s][info   ][gc,heap        ] GC(877) Eden regions: 1->0(3)
[6.161s][info   ][gc,heap        ] GC(877) Survivor regions: 0->0(0)
[6.161s][info   ][gc,heap        ] GC(877) Old regions: 2->2
[6.161s][info   ][gc,heap        ] GC(877) Archive regions: 2->2
[6.161s][info   ][gc,heap        ] GC(877) Humongous regions: 0->0
[6.161s][info   ][gc,metaspace   ] GC(877) Metaspace: 9524K(9792K)->9524K(9792K) NonClass: 8366K(8512K)->8366K(8512K) Class: 1157K(1280K)->1157K(1280K)
[6.161s][info   ][gc             ] GC(877) Pause Full (System.gc()) 4M->4M(28M) 7.568ms
[6.161s][info   ][gc,cpu         ] GC(877) User=0.00s Sys=0.00s Real=0.01s
[6.161s][info   ][gc,start       ] GC(878) Pause Full (System.gc())
[6.161s][info   ][gc,task        ] GC(878) Using 1 workers of 10 for full compaction
[6.161s][info   ][gc,phases,start] GC(878) Phase 1: Mark live objects
[6.165s][info   ][gc,phases      ] GC(878) Phase 1: Mark live objects 3.888ms
[6.165s][info   ][gc,phases,start] GC(878) Phase 2: Prepare for compaction
[6.165s][info   ][gc,phases      ] GC(878) Phase 2: Prepare for compaction 0.249ms
[6.165s][info   ][gc,phases,start] GC(878) Phase 3: Adjust pointers
[6.167s][info   ][gc,phases      ] GC(878) Phase 3: Adjust pointers 1.980ms
[6.167s][info   ][gc,phases,start] GC(878) Phase 4: Compact heap
[6.167s][info   ][gc,phases      ] GC(878) Phase 4: Compact heap 0.207ms
[6.168s][info   ][gc,heap        ] GC(878) Eden regions: 0->0(3)
[6.168s][info   ][gc,heap        ] GC(878) Survivor regions: 0->0(0)
[6.168s][info   ][gc,heap        ] GC(878) Old regions: 2->2
[6.168s][info   ][gc,heap        ] GC(878) Archive regions: 2->2
[6.168s][info   ][gc,heap        ] GC(878) Humongous regions: 0->0
[6.168s][info   ][gc,metaspace   ] GC(878) Metaspace: 9524K(9792K)->9524K(9792K) NonClass: 8366K(8512K)->8366K(8512K) Class: 1157K(1280K)->1157K(1280K)
[6.168s][info   ][gc             ] GC(878) Pause Full (System.gc()) 4M->4M(28M) 7.007ms
[6.168s][info   ][gc,cpu         ] GC(878) User=0.01s Sys=0.00s Real=0.01s
[6.168s][info   ][gc,start       ] GC(879) Pause Full (System.gc())
[6.168s][info   ][gc,task        ] GC(879) Using 1 workers of 10 for full compaction
[6.168s][info   ][gc,phases,start] GC(879) Phase 1: Mark live objects
[6.172s][info   ][gc,phases      ] GC(879) Phase 1: Mark live objects 3.303ms
[6.172s][info   ][gc,phases,start] GC(879) Phase 2: Prepare for compaction
[6.172s][info   ][gc,phases      ] GC(879) Phase 2: Prepare for compaction 0.199ms
[6.172s][info   ][gc,phases,start] GC(879) Phase 3: Adjust pointers
[6.174s][info   ][gc,phases      ] GC(879) Phase 3: Adjust pointers 2.010ms
[6.174s][info   ][gc,phases,start] GC(879) Phase 4: Compact heap
[6.174s][info   ][gc,phases      ] GC(879) Phase 4: Compact heap 0.128ms
[6.175s][info   ][gc,heap        ] GC(879) Eden regions: 1->0(3)
[6.175s][info   ][gc,heap        ] GC(879) Survivor regions: 0->0(0)
[6.175s][info   ][gc,heap        ] GC(879) Old regions: 2->2
[6.175s][info   ][gc,heap        ] GC(879) Archive regions: 2->2
[6.175s][info   ][gc,heap        ] GC(879) Humongous regions: 0->0
[6.175s][info   ][gc,metaspace   ] GC(879) Metaspace: 9524K(9792K)->9524K(9792K) NonClass: 8366K(8512K)->8366K(8512K) Class: 1157K(1280K)->1157K(1280K)
[6.175s][info   ][gc             ] GC(879) Pause Full (System.gc()) 4M->4M(28M) 6.563ms
[6.175s][info   ][gc,cpu         ] GC(879) User=0.01s Sys=0.00s Real=0.01s
[6.175s][info   ][gc,start       ] GC(880) Pause Full (System.gc())
[6.175s][info   ][gc,task        ] GC(880) Using 1 workers of 10 for full compaction
[6.175s][info   ][gc,phases,start] GC(880) Phase 1: Mark live objects
[6.179s][info   ][gc,phases      ] GC(880) Phase 1: Mark live objects 3.599ms
[6.179s][info   ][gc,phases,start] GC(880) Phase 2: Prepare for compaction
[6.179s][info   ][gc,phases      ] GC(880) Phase 2: Prepare for compaction 0.201ms
[6.179s][info   ][gc,phases,start] GC(880) Phase 3: Adjust pointers
[6.181s][info   ][gc,phases      ] GC(880) Phase 3: Adjust pointers 2.093ms
[6.181s][info   ][gc,phases,start] GC(880) Phase 4: Compact heap
[6.181s][info   ][gc,phases      ] GC(880) Phase 4: Compact heap 0.134ms
[6.182s][info   ][gc,heap        ] GC(880) Eden regions: 0->0(3)
[6.182s][info   ][gc,heap        ] GC(880) Survivor regions: 0->0(0)
[6.182s][info   ][gc,heap        ] GC(880) Old regions: 2->2
[6.182s][info   ][gc,heap        ] GC(880) Archive regions: 2->2
[6.182s][info   ][gc,heap        ] GC(880) Humongous regions: 0->0
[6.182s][info   ][gc,metaspace   ] GC(880) Metaspace: 9524K(9792K)->9524K(9792K) NonClass: 8366K(8512K)->8366K(8512K) Class: 1157K(1280K)->1157K(1280K)
[6.182s][info   ][gc             ] GC(880) Pause Full (System.gc()) 4M->4M(28M) 6.850ms
[6.182s][info   ][gc,cpu         ] GC(880) User=0.00s Sys=0.00s Real=0.00s
[6.182s][info   ][gc,start       ] GC(881) Pause Full (System.gc())
[6.182s][info   ][gc,task        ] GC(881) Using 1 workers of 10 for full compaction
[6.183s][info   ][gc,phases,start] GC(881) Phase 1: Mark live objects
[6.186s][info   ][gc,phases      ] GC(881) Phase 1: Mark live objects 3.427ms
[6.186s][info   ][gc,phases,start] GC(881) Phase 2: Prepare for compaction
[6.186s][info   ][gc,phases      ] GC(881) Phase 2: Prepare for compaction 0.221ms
[6.186s][info   ][gc,phases,start] GC(881) Phase 3: Adjust pointers
[6.188s][info   ][gc,phases      ] GC(881) Phase 3: Adjust pointers 2.016ms
[6.188s][info   ][gc,phases,start] GC(881) Phase 4: Compact heap
[6.188s][info   ][gc,phases      ] GC(881) Phase 4: Compact heap 0.067ms
[6.189s][info   ][gc,heap        ] GC(881) Eden regions: 1->0(3)
[6.189s][info   ][gc,heap        ] GC(881) Survivor regions: 0->0(0)
[6.189s][info   ][gc,heap        ] GC(881) Old regions: 2->2
[6.189s][info   ][gc,heap        ] GC(881) Archive regions: 2->2
[6.189s][info   ][gc,heap        ] GC(881) Humongous regions: 0->0
[6.189s][info   ][gc,metaspace   ] GC(881) Metaspace: 9524K(9792K)->9524K(9792K) NonClass: 8366K(8512K)->8366K(8512K) Class: 1157K(1280K)->1157K(1280K)
[6.189s][info   ][gc             ] GC(881) Pause Full (System.gc()) 4M->4M(28M) 6.602ms
[6.189s][info   ][gc,cpu         ] GC(881) User=0.01s Sys=0.01s Real=0.01s
[6.189s][info   ][gc,start       ] GC(882) Pause Full (System.gc())
[6.189s][info   ][gc,task        ] GC(882) Using 1 workers of 10 for full compaction
[6.189s][info   ][gc,phases,start] GC(882) Phase 1: Mark live objects
[6.193s][info   ][gc,phases      ] GC(882) Phase 1: Mark live objects 3.713ms
[6.193s][info   ][gc,phases,start] GC(882) Phase 2: Prepare for compaction
[6.193s][info   ][gc,phases      ] GC(882) Phase 2: Prepare for compaction 0.131ms
[6.193s][info   ][gc,phases,start] GC(882) Phase 3: Adjust pointers
[6.195s][info   ][gc,phases      ] GC(882) Phase 3: Adjust pointers 1.431ms
[6.195s][info   ][gc,phases,start] GC(882) Phase 4: Compact heap
[6.195s][info   ][gc,phases      ] GC(882) Phase 4: Compact heap 0.118ms
[6.195s][info   ][gc,heap        ] GC(882) Eden regions: 0->0(3)
[6.195s][info   ][gc,heap        ] GC(882) Survivor regions: 0->0(0)
[6.195s][info   ][gc,heap        ] GC(882) Old regions: 2->2
[6.195s][info   ][gc,heap        ] GC(882) Archive regions: 2->2
[6.195s][info   ][gc,heap        ] GC(882) Humongous regions: 0->0
[6.195s][info   ][gc,metaspace   ] GC(882) Metaspace: 9524K(9792K)->9524K(9792K) NonClass: 8366K(8512K)->8366K(8512K) Class: 1157K(1280K)->1157K(1280K)
[6.195s][info   ][gc             ] GC(882) Pause Full (System.gc()) 4M->4M(28M) 6.100ms
[6.195s][info   ][gc,cpu         ] GC(882) User=0.01s Sys=0.00s Real=0.01s
[6.196s][info   ][gc,start       ] GC(883) Pause Full (System.gc())
[6.196s][info   ][gc,task        ] GC(883) Using 1 workers of 10 for full compaction
[6.196s][info   ][gc,phases,start] GC(883) Phase 1: Mark live objects
[6.199s][info   ][gc,phases      ] GC(883) Phase 1: Mark live objects 3.316ms
[6.199s][info   ][gc,phases,start] GC(883) Phase 2: Prepare for compaction
[6.199s][info   ][gc,phases      ] GC(883) Phase 2: Prepare for compaction 0.281ms
[6.199s][info   ][gc,phases,start] GC(883) Phase 3: Adjust pointers
[6.201s][info   ][gc,phases      ] GC(883) Phase 3: Adjust pointers 1.874ms
[6.201s][info   ][gc,phases,start] GC(883) Phase 4: Compact heap
[6.202s][info   ][gc,phases      ] GC(883) Phase 4: Compact heap 0.202ms
[6.202s][info   ][gc,heap        ] GC(883) Eden regions: 1->0(3)
[6.202s][info   ][gc,heap        ] GC(883) Survivor regions: 0->0(0)
[6.202s][info   ][gc,heap        ] GC(883) Old regions: 2->2
[6.202s][info   ][gc,heap        ] GC(883) Archive regions: 2->2
[6.202s][info   ][gc,heap        ] GC(883) Humongous regions: 0->0
[6.202s][info   ][gc,metaspace   ] GC(883) Metaspace: 9524K(9792K)->9524K(9792K) NonClass: 8366K(8512K)->8366K(8512K) Class: 1157K(1280K)->1157K(1280K)
[6.202s][info   ][gc             ] GC(883) Pause Full (System.gc()) 4M->4M(28M) 6.399ms
[6.202s][info   ][gc,cpu         ] GC(883) User=0.00s Sys=0.00s Real=0.00s
[6.203s][info   ][gc,start       ] GC(884) Pause Full (System.gc())
[6.203s][info   ][gc,task        ] GC(884) Using 1 workers of 10 for full compaction
[6.203s][info   ][gc,phases,start] GC(884) Phase 1: Mark live objects
[6.206s][info   ][gc,phases      ] GC(884) Phase 1: Mark live objects 2.926ms
[6.206s][info   ][gc,phases,start] GC(884) Phase 2: Prepare for compaction
[6.206s][info   ][gc,phases      ] GC(884) Phase 2: Prepare for compaction 0.244ms
[6.206s][info   ][gc,phases,start] GC(884) Phase 3: Adjust pointers
[6.208s][info   ][gc,phases      ] GC(884) Phase 3: Adjust pointers 2.034ms
[6.208s][info   ][gc,phases,start] GC(884) Phase 4: Compact heap
[6.208s][info   ][gc,phases      ] GC(884) Phase 4: Compact heap 0.113ms
[6.209s][info   ][gc,heap        ] GC(884) Eden regions: 1->0(3)
[6.209s][info   ][gc,heap        ] GC(884) Survivor regions: 0->0(0)
[6.209s][info   ][gc,heap        ] GC(884) Old regions: 2->2
[6.209s][info   ][gc,heap        ] GC(884) Archive regions: 2->2
[6.209s][info   ][gc,heap        ] GC(884) Humongous regions: 0->0
[6.209s][info   ][gc,metaspace   ] GC(884) Metaspace: 9524K(9792K)->9524K(9792K) NonClass: 8366K(8512K)->8366K(8512K) Class: 1157K(1280K)->1157K(1280K)
[6.209s][info   ][gc             ] GC(884) Pause Full (System.gc()) 4M->4M(28M) 6.379ms
[6.209s][info   ][gc,cpu         ] GC(884) User=0.01s Sys=0.00s Real=0.01s
[6.209s][info   ][gc,start       ] GC(885) Pause Full (System.gc())
[6.209s][info   ][gc,task        ] GC(885) Using 1 workers of 10 for full compaction
[6.210s][info   ][gc,phases,start] GC(885) Phase 1: Mark live objects
[6.213s][info   ][gc,phases      ] GC(885) Phase 1: Mark live objects 3.612ms
[6.213s][info   ][gc,phases,start] GC(885) Phase 2: Prepare for compaction
[6.213s][info   ][gc,phases      ] GC(885) Phase 2: Prepare for compaction 0.176ms
[6.213s][info   ][gc,phases,start] GC(885) Phase 3: Adjust pointers
[6.215s][info   ][gc,phases      ] GC(885) Phase 3: Adjust pointers 2.050ms
[6.215s][info   ][gc,phases,start] GC(885) Phase 4: Compact heap
[6.216s][info   ][gc,phases      ] GC(885) Phase 4: Compact heap 0.118ms
[6.216s][info   ][gc,heap        ] GC(885) Eden regions: 0->0(3)
[6.216s][info   ][gc,heap        ] GC(885) Survivor regions: 0->0(0)
[6.216s][info   ][gc,heap        ] GC(885) Old regions: 2->2
[6.216s][info   ][gc,heap        ] GC(885) Archive regions: 2->2
[6.216s][info   ][gc,heap        ] GC(885) Humongous regions: 0->0
[6.216s][info   ][gc,metaspace   ] GC(885) Metaspace: 9524K(9792K)->9524K(9792K) NonClass: 8366K(8512K)->8366K(8512K) Class: 1157K(1280K)->1157K(1280K)
[6.216s][info   ][gc             ] GC(885) Pause Full (System.gc()) 4M->4M(28M) 6.786ms
[6.216s][info   ][gc,cpu         ] GC(885) User=0.00s Sys=0.00s Real=0.01s
[6.217s][info   ][gc,start       ] GC(886) Pause Full (System.gc())
[6.217s][info   ][gc,task        ] GC(886) Using 1 workers of 10 for full compaction
[6.217s][info   ][gc,phases,start] GC(886) Phase 1: Mark live objects
[6.221s][info   ][gc,phases      ] GC(886) Phase 1: Mark live objects 4.623ms
[6.221s][info   ][gc,phases,start] GC(886) Phase 2: Prepare for compaction
[6.222s][info   ][gc,phases      ] GC(886) Phase 2: Prepare for compaction 0.153ms
[6.222s][info   ][gc,phases,start] GC(886) Phase 3: Adjust pointers
[6.224s][info   ][gc,phases      ] GC(886) Phase 3: Adjust pointers 1.995ms
[6.224s][info   ][gc,phases,start] GC(886) Phase 4: Compact heap
[6.224s][info   ][gc,phases      ] GC(886) Phase 4: Compact heap 0.070ms
[6.224s][info   ][gc,heap        ] GC(886) Eden regions: 1->0(3)
[6.224s][info   ][gc,heap        ] GC(886) Survivor regions: 0->0(0)
[6.224s][info   ][gc,heap        ] GC(886) Old regions: 2->2
[6.224s][info   ][gc,heap        ] GC(886) Archive regions: 2->2
[6.224s][info   ][gc,heap        ] GC(886) Humongous regions: 0->0
[6.224s][info   ][gc,metaspace   ] GC(886) Metaspace: 9524K(9792K)->9524K(9792K) NonClass: 8366K(8512K)->8366K(8512K) Class: 1157K(1280K)->1157K(1280K)
[6.224s][info   ][gc             ] GC(886) Pause Full (System.gc()) 4M->4M(28M) 7.676ms
[6.224s][info   ][gc,cpu         ] GC(886) User=0.01s Sys=0.00s Real=0.01s
[6.225s][info   ][gc,start       ] GC(887) Pause Full (System.gc())
[6.225s][info   ][gc,task        ] GC(887) Using 1 workers of 10 for full compaction
[6.225s][info   ][gc,phases,start] GC(887) Phase 1: Mark live objects
[6.229s][info   ][gc,phases      ] GC(887) Phase 1: Mark live objects 4.129ms
[6.229s][info   ][gc,phases,start] GC(887) Phase 2: Prepare for compaction
[6.229s][info   ][gc,phases      ] GC(887) Phase 2: Prepare for compaction 0.166ms
[6.229s][info   ][gc,phases,start] GC(887) Phase 3: Adjust pointers
[6.230s][info   ][gc,phases      ] GC(887) Phase 3: Adjust pointers 1.297ms
[6.230s][info   ][gc,phases,start] GC(887) Phase 4: Compact heap
[6.230s][info   ][gc,phases      ] GC(887) Phase 4: Compact heap 0.067ms
[6.231s][info   ][gc,heap        ] GC(887) Eden regions: 1->0(3)
[6.231s][info   ][gc,heap        ] GC(887) Survivor regions: 0->0(0)
[6.231s][info   ][gc,heap        ] GC(887) Old regions: 2->2
[6.231s][info   ][gc,heap        ] GC(887) Archive regions: 2->2
[6.231s][info   ][gc,heap        ] GC(887) Humongous regions: 0->0
[6.231s][info   ][gc,metaspace   ] GC(887) Metaspace: 9524K(9792K)->9524K(9792K) NonClass: 8366K(8512K)->8366K(8512K) Class: 1157K(1280K)->1157K(1280K)
[6.231s][info   ][gc             ] GC(887) Pause Full (System.gc()) 4M->4M(28M) 6.589ms
[6.231s][info   ][gc,cpu         ] GC(887) User=0.01s Sys=0.00s Real=0.00s
[6.231s][info   ][gc,start       ] GC(888) Pause Full (System.gc())
[6.231s][info   ][gc,task        ] GC(888) Using 1 workers of 10 for full compaction
[6.231s][info   ][gc,phases,start] GC(888) Phase 1: Mark live objects
[6.235s][info   ][gc,phases      ] GC(888) Phase 1: Mark live objects 3.469ms
[6.235s][info   ][gc,phases,start] GC(888) Phase 2: Prepare for compaction
[6.235s][info   ][gc,phases      ] GC(888) Phase 2: Prepare for compaction 0.135ms
[6.235s][info   ][gc,phases,start] GC(888) Phase 3: Adjust pointers
[6.237s][info   ][gc,phases      ] GC(888) Phase 3: Adjust pointers 1.769ms
[6.237s][info   ][gc,phases,start] GC(888) Phase 4: Compact heap
[6.237s][info   ][gc,phases      ] GC(888) Phase 4: Compact heap 0.123ms
[6.238s][info   ][gc,heap        ] GC(888) Eden regions: 0->0(3)
[6.238s][info   ][gc,heap        ] GC(888) Survivor regions: 0->0(0)
[6.238s][info   ][gc,heap        ] GC(888) Old regions: 2->2
[6.238s][info   ][gc,heap        ] GC(888) Archive regions: 2->2
[6.238s][info   ][gc,heap        ] GC(888) Humongous regions: 0->0
[6.238s][info   ][gc,metaspace   ] GC(888) Metaspace: 9524K(9792K)->9524K(9792K) NonClass: 8366K(8512K)->8366K(8512K) Class: 1157K(1280K)->1157K(1280K)
[6.238s][info   ][gc             ] GC(888) Pause Full (System.gc()) 4M->4M(28M) 6.561ms
[6.238s][info   ][gc,cpu         ] GC(888) User=0.00s Sys=0.00s Real=0.01s
[6.238s][info   ][gc,start       ] GC(889) Pause Full (System.gc())
[6.238s][info   ][gc,task        ] GC(889) Using 1 workers of 10 for full compaction
[6.238s][info   ][gc,phases,start] GC(889) Phase 1: Mark live objects
[6.242s][info   ][gc,phases      ] GC(889) Phase 1: Mark live objects 3.589ms
[6.242s][info   ][gc,phases,start] GC(889) Phase 2: Prepare for compaction
[6.242s][info   ][gc,phases      ] GC(889) Phase 2: Prepare for compaction 0.223ms
[6.242s][info   ][gc,phases,start] GC(889) Phase 3: Adjust pointers
[6.244s][info   ][gc,phases      ] GC(889) Phase 3: Adjust pointers 1.402ms
[6.244s][info   ][gc,phases,start] GC(889) Phase 4: Compact heap
[6.244s][info   ][gc,phases      ] GC(889) Phase 4: Compact heap 0.129ms
[6.245s][info   ][gc,heap        ] GC(889) Eden regions: 1->0(3)
[6.245s][info   ][gc,heap        ] GC(889) Survivor regions: 0->0(0)
[6.245s][info   ][gc,heap        ] GC(889) Old regions: 2->2
[6.245s][info   ][gc,heap        ] GC(889) Archive regions: 2->2
[6.245s][info   ][gc,heap        ] GC(889) Humongous regions: 0->0
[6.245s][info   ][gc,metaspace   ] GC(889) Metaspace: 9524K(9792K)->9524K(9792K) NonClass: 8366K(8512K)->8366K(8512K) Class: 1157K(1280K)->1157K(1280K)
[6.245s][info   ][gc             ] GC(889) Pause Full (System.gc()) 4M->4M(28M) 6.187ms
[6.245s][info   ][gc,cpu         ] GC(889) User=0.01s Sys=0.00s Real=0.01s
[6.245s][info   ][gc,start       ] GC(890) Pause Full (System.gc())
[6.245s][info   ][gc,task        ] GC(890) Using 1 workers of 10 for full compaction
[6.245s][info   ][gc,phases,start] GC(890) Phase 1: Mark live objects
[6.248s][info   ][gc,phases      ] GC(890) Phase 1: Mark live objects 2.829ms
[6.248s][info   ][gc,phases,start] GC(890) Phase 2: Prepare for compaction
[6.248s][info   ][gc,phases      ] GC(890) Phase 2: Prepare for compaction 0.241ms
[6.248s][info   ][gc,phases,start] GC(890) Phase 3: Adjust pointers
[6.250s][info   ][gc,phases      ] GC(890) Phase 3: Adjust pointers 1.723ms
[6.250s][info   ][gc,phases,start] GC(890) Phase 4: Compact heap
[6.250s][info   ][gc,phases      ] GC(890) Phase 4: Compact heap 0.119ms
[6.250s][info   ][gc,heap        ] GC(890) Eden regions: 0->0(3)
[6.250s][info   ][gc,heap        ] GC(890) Survivor regions: 0->0(0)
[6.250s][info   ][gc,heap        ] GC(890) Old regions: 2->2
[6.250s][info   ][gc,heap        ] GC(890) Archive regions: 2->2
[6.250s][info   ][gc,heap        ] GC(890) Humongous regions: 0->0
[6.250s][info   ][gc,metaspace   ] GC(890) Metaspace: 9524K(9792K)->9524K(9792K) NonClass: 8366K(8512K)->8366K(8512K) Class: 1157K(1280K)->1157K(1280K)
[6.250s][info   ][gc             ] GC(890) Pause Full (System.gc()) 4M->4M(28M) 5.654ms
[6.250s][info   ][gc,cpu         ] GC(890) User=0.01s Sys=0.00s Real=0.00s
[6.251s][info   ][gc,start       ] GC(891) Pause Full (System.gc())
[6.251s][info   ][gc,task        ] GC(891) Using 1 workers of 10 for full compaction
[6.251s][info   ][gc,phases,start] GC(891) Phase 1: Mark live objects
[6.254s][info   ][gc,phases      ] GC(891) Phase 1: Mark live objects 3.144ms
[6.254s][info   ][gc,phases,start] GC(891) Phase 2: Prepare for compaction
[6.254s][info   ][gc,phases      ] GC(891) Phase 2: Prepare for compaction 0.193ms
[6.254s][info   ][gc,phases,start] GC(891) Phase 3: Adjust pointers
[6.256s][info   ][gc,phases      ] GC(891) Phase 3: Adjust pointers 1.946ms
[6.256s][info   ][gc,phases,start] GC(891) Phase 4: Compact heap
[6.257s][info   ][gc,phases      ] GC(891) Phase 4: Compact heap 0.294ms
[6.257s][info   ][gc,heap        ] GC(891) Eden regions: 1->0(3)
[6.257s][info   ][gc,heap        ] GC(891) Survivor regions: 0->0(0)
[6.257s][info   ][gc,heap        ] GC(891) Old regions: 2->2
[6.257s][info   ][gc,heap        ] GC(891) Archive regions: 2->2
[6.257s][info   ][gc,heap        ] GC(891) Humongous regions: 0->0
[6.257s][info   ][gc,metaspace   ] GC(891) Metaspace: 9524K(9792K)->9524K(9792K) NonClass: 8366K(8512K)->8366K(8512K) Class: 1157K(1280K)->1157K(1280K)
[6.257s][info   ][gc             ] GC(891) Pause Full (System.gc()) 4M->4M(28M) 6.508ms
[6.257s][info   ][gc,cpu         ] GC(891) User=0.00s Sys=0.00s Real=0.01s
[6.258s][info   ][gc,start       ] GC(892) Pause Full (System.gc())
[6.258s][info   ][gc,task        ] GC(892) Using 1 workers of 10 for full compaction
[6.258s][info   ][gc,phases,start] GC(892) Phase 1: Mark live objects
[6.261s][info   ][gc,phases      ] GC(892) Phase 1: Mark live objects 3.777ms
[6.261s][info   ][gc,phases,start] GC(892) Phase 2: Prepare for compaction
[6.262s][info   ][gc,phases      ] GC(892) Phase 2: Prepare for compaction 0.250ms
[6.262s][info   ][gc,phases,start] GC(892) Phase 3: Adjust pointers
[6.263s][info   ][gc,phases      ] GC(892) Phase 3: Adjust pointers 1.731ms
[6.264s][info   ][gc,phases,start] GC(892) Phase 4: Compact heap
[6.264s][info   ][gc,phases      ] GC(892) Phase 4: Compact heap 0.125ms
[6.264s][info   ][gc,heap        ] GC(892) Eden regions: 0->0(3)
[6.264s][info   ][gc,heap        ] GC(892) Survivor regions: 0->0(0)
[6.264s][info   ][gc,heap        ] GC(892) Old regions: 2->2
[6.264s][info   ][gc,heap        ] GC(892) Archive regions: 2->2
[6.264s][info   ][gc,heap        ] GC(892) Humongous regions: 0->0
[6.264s][info   ][gc,metaspace   ] GC(892) Metaspace: 9524K(9792K)->9524K(9792K) NonClass: 8366K(8512K)->8366K(8512K) Class: 1157K(1280K)->1157K(1280K)
[6.264s][info   ][gc             ] GC(892) Pause Full (System.gc()) 4M->4M(28M) 6.646ms
[6.264s][info   ][gc,cpu         ] GC(892) User=0.01s Sys=0.00s Real=0.01s
[6.265s][info   ][gc,start       ] GC(893) Pause Full (System.gc())
[6.265s][info   ][gc,task        ] GC(893) Using 1 workers of 10 for full compaction
[6.265s][info   ][gc,phases,start] GC(893) Phase 1: Mark live objects
[6.268s][info   ][gc,phases      ] GC(893) Phase 1: Mark live objects 3.276ms
[6.268s][info   ][gc,phases,start] GC(893) Phase 2: Prepare for compaction
[6.268s][info   ][gc,phases      ] GC(893) Phase 2: Prepare for compaction 0.156ms
[6.268s][info   ][gc,phases,start] GC(893) Phase 3: Adjust pointers
[6.270s][info   ][gc,phases      ] GC(893) Phase 3: Adjust pointers 1.882ms
[6.270s][info   ][gc,phases,start] GC(893) Phase 4: Compact heap
[6.270s][info   ][gc,phases      ] GC(893) Phase 4: Compact heap 0.065ms
[6.271s][info   ][gc,heap        ] GC(893) Eden regions: 1->0(3)
[6.271s][info   ][gc,heap        ] GC(893) Survivor regions: 0->0(0)
[6.271s][info   ][gc,heap        ] GC(893) Old regions: 2->2
[6.271s][info   ][gc,heap        ] GC(893) Archive regions: 2->2
[6.271s][info   ][gc,heap        ] GC(893) Humongous regions: 0->0
[6.271s][info   ][gc,metaspace   ] GC(893) Metaspace: 9524K(9792K)->9524K(9792K) NonClass: 8366K(8512K)->8366K(8512K) Class: 1157K(1280K)->1157K(1280K)
[6.271s][info   ][gc             ] GC(893) Pause Full (System.gc()) 4M->4M(28M) 6.099ms
[6.271s][info   ][gc,cpu         ] GC(893) User=0.00s Sys=0.00s Real=0.00s
[6.271s][info   ][gc,start       ] GC(894) Pause Full (System.gc())
[6.271s][info   ][gc,task        ] GC(894) Using 1 workers of 10 for full compaction
[6.271s][info   ][gc,phases,start] GC(894) Phase 1: Mark live objects
[6.276s][info   ][gc,phases      ] GC(894) Phase 1: Mark live objects 4.839ms
[6.276s][info   ][gc,phases,start] GC(894) Phase 2: Prepare for compaction
[6.276s][info   ][gc,phases      ] GC(894) Phase 2: Prepare for compaction 0.216ms
[6.276s][info   ][gc,phases,start] GC(894) Phase 3: Adjust pointers
[6.278s][info   ][gc,phases      ] GC(894) Phase 3: Adjust pointers 2.039ms
[6.278s][info   ][gc,phases,start] GC(894) Phase 4: Compact heap
[6.278s][info   ][gc,phases      ] GC(894) Phase 4: Compact heap 0.097ms
[6.279s][info   ][gc,heap        ] GC(894) Eden regions: 0->0(3)
[6.279s][info   ][gc,heap        ] GC(894) Survivor regions: 0->0(0)
[6.279s][info   ][gc,heap        ] GC(894) Old regions: 2->2
[6.279s][info   ][gc,heap        ] GC(894) Archive regions: 2->2
[6.279s][info   ][gc,heap        ] GC(894) Humongous regions: 0->0
[6.279s][info   ][gc,metaspace   ] GC(894) Metaspace: 9524K(9792K)->9524K(9792K) NonClass: 8366K(8512K)->8366K(8512K) Class: 1157K(1280K)->1157K(1280K)
[6.279s][info   ][gc             ] GC(894) Pause Full (System.gc()) 4M->4M(28M) 7.831ms
[6.279s][info   ][gc,cpu         ] GC(894) User=0.01s Sys=0.00s Real=0.01s
[6.279s][info   ][gc,start       ] GC(895) Pause Full (System.gc())
[6.279s][info   ][gc,task        ] GC(895) Using 1 workers of 10 for full compaction
[6.279s][info   ][gc,phases,start] GC(895) Phase 1: Mark live objects
[6.283s][info   ][gc,phases      ] GC(895) Phase 1: Mark live objects 3.472ms
[6.283s][info   ][gc,phases,start] GC(895) Phase 2: Prepare for compaction
[6.283s][info   ][gc,phases      ] GC(895) Phase 2: Prepare for compaction 0.209ms
[6.283s][info   ][gc,phases,start] GC(895) Phase 3: Adjust pointers
[6.285s][info   ][gc,phases      ] GC(895) Phase 3: Adjust pointers 1.795ms
[6.285s][info   ][gc,phases,start] GC(895) Phase 4: Compact heap
[6.285s][info   ][gc,phases      ] GC(895) Phase 4: Compact heap 0.096ms
[6.285s][info   ][gc,heap        ] GC(895) Eden regions: 1->0(3)
[6.285s][info   ][gc,heap        ] GC(895) Survivor regions: 0->0(0)
[6.285s][info   ][gc,heap        ] GC(895) Old regions: 2->2
[6.285s][info   ][gc,heap        ] GC(895) Archive regions: 2->2
[6.285s][info   ][gc,heap        ] GC(895) Humongous regions: 0->0
[6.285s][info   ][gc,metaspace   ] GC(895) Metaspace: 9524K(9792K)->9524K(9792K) NonClass: 8366K(8512K)->8366K(8512K) Class: 1157K(1280K)->1157K(1280K)
[6.285s][info   ][gc             ] GC(895) Pause Full (System.gc()) 4M->4M(28M) 6.142ms
[6.285s][info   ][gc,cpu         ] GC(895) User=0.01s Sys=0.00s Real=0.01s
[6.285s][info   ][gc,start       ] GC(896) Pause Full (System.gc())
[6.285s][info   ][gc,task        ] GC(896) Using 1 workers of 10 for full compaction
[6.286s][info   ][gc,phases,start] GC(896) Phase 1: Mark live objects
[6.290s][info   ][gc,phases      ] GC(896) Phase 1: Mark live objects 4.016ms
[6.290s][info   ][gc,phases,start] GC(896) Phase 2: Prepare for compaction
[6.290s][info   ][gc,phases      ] GC(896) Phase 2: Prepare for compaction 0.128ms
[6.290s][info   ][gc,phases,start] GC(896) Phase 3: Adjust pointers
[6.292s][info   ][gc,phases      ] GC(896) Phase 3: Adjust pointers 2.017ms
[6.292s][info   ][gc,phases,start] GC(896) Phase 4: Compact heap
[6.292s][info   ][gc,phases      ] GC(896) Phase 4: Compact heap 0.107ms
[6.292s][info   ][gc,heap        ] GC(896) Eden regions: 1->0(3)
[6.292s][info   ][gc,heap        ] GC(896) Survivor regions: 0->0(0)
[6.292s][info   ][gc,heap        ] GC(896) Old regions: 2->2
[6.292s][info   ][gc,heap        ] GC(896) Archive regions: 2->2
[6.292s][info   ][gc,heap        ] GC(896) Humongous regions: 0->0
[6.292s][info   ][gc,metaspace   ] GC(896) Metaspace: 9524K(9792K)->9524K(9792K) NonClass: 8366K(8512K)->8366K(8512K) Class: 1157K(1280K)->1157K(1280K)
[6.293s][info   ][gc             ] GC(896) Pause Full (System.gc()) 4M->4M(28M) 7.030ms
[6.293s][info   ][gc,cpu         ] GC(896) User=0.00s Sys=0.00s Real=0.00s
[6.293s][info   ][gc,start       ] GC(897) Pause Full (System.gc())
[6.293s][info   ][gc,task        ] GC(897) Using 1 workers of 10 for full compaction
[6.293s][info   ][gc,phases,start] GC(897) Phase 1: Mark live objects
[6.297s][info   ][gc,phases      ] GC(897) Phase 1: Mark live objects 3.901ms
[6.297s][info   ][gc,phases,start] GC(897) Phase 2: Prepare for compaction
[6.297s][info   ][gc,phases      ] GC(897) Phase 2: Prepare for compaction 0.128ms
[6.297s][info   ][gc,phases,start] GC(897) Phase 3: Adjust pointers
[6.299s][info   ][gc,phases      ] GC(897) Phase 3: Adjust pointers 2.000ms
[6.299s][info   ][gc,phases,start] GC(897) Phase 4: Compact heap
[6.299s][info   ][gc,phases      ] GC(897) Phase 4: Compact heap 0.066ms
[6.300s][info   ][gc,heap        ] GC(897) Eden regions: 1->0(3)
[6.300s][info   ][gc,heap        ] GC(897) Survivor regions: 0->0(0)
[6.300s][info   ][gc,heap        ] GC(897) Old regions: 2->2
[6.300s][info   ][gc,heap        ] GC(897) Archive regions: 2->2
[6.300s][info   ][gc,heap        ] GC(897) Humongous regions: 0->0
[6.300s][info   ][gc,metaspace   ] GC(897) Metaspace: 9524K(9792K)->9524K(9792K) NonClass: 8366K(8512K)->8366K(8512K) Class: 1157K(1280K)->1157K(1280K)
[6.300s][info   ][gc             ] GC(897) Pause Full (System.gc()) 4M->4M(28M) 6.831ms
[6.300s][info   ][gc,cpu         ] GC(897) User=0.01s Sys=0.00s Real=0.01s
[6.300s][info   ][gc,start       ] GC(898) Pause Full (System.gc())
[6.300s][info   ][gc,task        ] GC(898) Using 1 workers of 10 for full compaction
[6.300s][info   ][gc,phases,start] GC(898) Phase 1: Mark live objects
[6.303s][info   ][gc,phases      ] GC(898) Phase 1: Mark live objects 3.462ms
[6.303s][info   ][gc,phases,start] GC(898) Phase 2: Prepare for compaction
[6.304s][info   ][gc,phases      ] GC(898) Phase 2: Prepare for compaction 0.221ms
[6.304s][info   ][gc,phases,start] GC(898) Phase 3: Adjust pointers
[6.306s][info   ][gc,phases      ] GC(898) Phase 3: Adjust pointers 2.232ms
[6.306s][info   ][gc,phases,start] GC(898) Phase 4: Compact heap
[6.306s][info   ][gc,phases      ] GC(898) Phase 4: Compact heap 0.113ms
[6.307s][info   ][gc,heap        ] GC(898) Eden regions: 0->0(3)
[6.307s][info   ][gc,heap        ] GC(898) Survivor regions: 0->0(0)
[6.307s][info   ][gc,heap        ] GC(898) Old regions: 2->2
[6.307s][info   ][gc,heap        ] GC(898) Archive regions: 2->2
[6.307s][info   ][gc,heap        ] GC(898) Humongous regions: 0->0
[6.307s][info   ][gc,metaspace   ] GC(898) Metaspace: 9524K(9792K)->9524K(9792K) NonClass: 8366K(8512K)->8366K(8512K) Class: 1157K(1280K)->1157K(1280K)
[6.307s][info   ][gc             ] GC(898) Pause Full (System.gc()) 4M->4M(28M) 6.763ms
[6.307s][info   ][gc,cpu         ] GC(898) User=0.01s Sys=0.00s Real=0.01s
[6.307s][info   ][gc,start       ] GC(899) Pause Full (System.gc())
[6.307s][info   ][gc,task        ] GC(899) Using 1 workers of 10 for full compaction
[6.307s][info   ][gc,phases,start] GC(899) Phase 1: Mark live objects
[6.310s][info   ][gc,phases      ] GC(899) Phase 1: Mark live objects 2.989ms
[6.310s][info   ][gc,phases,start] GC(899) Phase 2: Prepare for compaction
[6.310s][info   ][gc,phases      ] GC(899) Phase 2: Prepare for compaction 0.142ms
[6.310s][info   ][gc,phases,start] GC(899) Phase 3: Adjust pointers
[6.312s][info   ][gc,phases      ] GC(899) Phase 3: Adjust pointers 1.987ms
[6.312s][info   ][gc,phases,start] GC(899) Phase 4: Compact heap
[6.313s][info   ][gc,phases      ] GC(899) Phase 4: Compact heap 0.265ms
[6.313s][info   ][gc,heap        ] GC(899) Eden regions: 1->0(3)
[6.313s][info   ][gc,heap        ] GC(899) Survivor regions: 0->0(0)
[6.313s][info   ][gc,heap        ] GC(899) Old regions: 2->2
[6.313s][info   ][gc,heap        ] GC(899) Archive regions: 2->2
[6.313s][info   ][gc,heap        ] GC(899) Humongous regions: 0->0
[6.313s][info   ][gc,metaspace   ] GC(899) Metaspace: 9524K(9792K)->9524K(9792K) NonClass: 8366K(8512K)->8366K(8512K) Class: 1157K(1280K)->1157K(1280K)
[6.313s][info   ][gc             ] GC(899) Pause Full (System.gc()) 4M->4M(28M) 6.049ms
[6.313s][info   ][gc,cpu         ] GC(899) User=0.00s Sys=0.00s Real=0.00s
[6.313s][info   ][gc,start       ] GC(900) Pause Full (System.gc())
[6.313s][info   ][gc,task        ] GC(900) Using 1 workers of 10 for full compaction
[6.313s][info   ][gc,phases,start] GC(900) Phase 1: Mark live objects
[6.317s][info   ][gc,phases      ] GC(900) Phase 1: Mark live objects 3.217ms
[6.317s][info   ][gc,phases,start] GC(900) Phase 2: Prepare for compaction
[6.317s][info   ][gc,phases      ] GC(900) Phase 2: Prepare for compaction 0.145ms
[6.317s][info   ][gc,phases,start] GC(900) Phase 3: Adjust pointers
[6.319s][info   ][gc,phases      ] GC(900) Phase 3: Adjust pointers 1.714ms
[6.319s][info   ][gc,phases,start] GC(900) Phase 4: Compact heap
[6.319s][info   ][gc,phases      ] GC(900) Phase 4: Compact heap 0.096ms
[6.319s][info   ][gc,heap        ] GC(900) Eden regions: 1->0(3)
[6.319s][info   ][gc,heap        ] GC(900) Survivor regions: 0->0(0)
[6.319s][info   ][gc,heap        ] GC(900) Old regions: 2->2
[6.319s][info   ][gc,heap        ] GC(900) Archive regions: 2->2
[6.319s][info   ][gc,heap        ] GC(900) Humongous regions: 0->0
[6.319s][info   ][gc,metaspace   ] GC(900) Metaspace: 9524K(9792K)->9524K(9792K) NonClass: 8366K(8512K)->8366K(8512K) Class: 1157K(1280K)->1157K(1280K)
[6.319s][info   ][gc             ] GC(900) Pause Full (System.gc()) 4M->4M(28M) 5.720ms
[6.319s][info   ][gc,cpu         ] GC(900) User=0.01s Sys=0.00s Real=0.01s
[6.320s][info   ][gc,start       ] GC(901) Pause Full (System.gc())
[6.320s][info   ][gc,task        ] GC(901) Using 1 workers of 10 for full compaction
[6.320s][info   ][gc,phases,start] GC(901) Phase 1: Mark live objects
[6.323s][info   ][gc,phases      ] GC(901) Phase 1: Mark live objects 3.577ms
[6.323s][info   ][gc,phases,start] GC(901) Phase 2: Prepare for compaction
[6.324s][info   ][gc,phases      ] GC(901) Phase 2: Prepare for compaction 0.160ms
[6.324s][info   ][gc,phases,start] GC(901) Phase 3: Adjust pointers
[6.325s][info   ][gc,phases      ] GC(901) Phase 3: Adjust pointers 1.766ms
[6.325s][info   ][gc,phases,start] GC(901) Phase 4: Compact heap
[6.325s][info   ][gc,phases      ] GC(901) Phase 4: Compact heap 0.057ms
[6.326s][info   ][gc,heap        ] GC(901) Eden regions: 1->0(3)
[6.326s][info   ][gc,heap        ] GC(901) Survivor regions: 0->0(0)
[6.326s][info   ][gc,heap        ] GC(901) Old regions: 2->2
[6.326s][info   ][gc,heap        ] GC(901) Archive regions: 2->2
[6.326s][info   ][gc,heap        ] GC(901) Humongous regions: 0->0
[6.326s][info   ][gc,metaspace   ] GC(901) Metaspace: 9524K(9792K)->9524K(9792K) NonClass: 8366K(8512K)->8366K(8512K) Class: 1157K(1280K)->1157K(1280K)
[6.326s][info   ][gc             ] GC(901) Pause Full (System.gc()) 4M->4M(28M) 6.127ms
[6.326s][info   ][gc,cpu         ] GC(901) User=0.00s Sys=0.00s Real=0.01s
[6.326s][info   ][gc,start       ] GC(902) Pause Full (System.gc())
[6.326s][info   ][gc,task        ] GC(902) Using 1 workers of 10 for full compaction
[6.326s][info   ][gc,phases,start] GC(902) Phase 1: Mark live objects
[6.329s][info   ][gc,phases      ] GC(902) Phase 1: Mark live objects 3.008ms
[6.329s][info   ][gc,phases,start] GC(902) Phase 2: Prepare for compaction
[6.329s][info   ][gc,phases      ] GC(902) Phase 2: Prepare for compaction 0.097ms
[6.329s][info   ][gc,phases,start] GC(902) Phase 3: Adjust pointers
[6.331s][info   ][gc,phases      ] GC(902) Phase 3: Adjust pointers 1.645ms
[6.331s][info   ][gc,phases,start] GC(902) Phase 4: Compact heap
[6.331s][info   ][gc,phases      ] GC(902) Phase 4: Compact heap 0.065ms
[6.331s][info   ][gc,heap        ] GC(902) Eden regions: 1->0(3)
[6.331s][info   ][gc,heap        ] GC(902) Survivor regions: 0->0(0)
[6.331s][info   ][gc,heap        ] GC(902) Old regions: 2->2
[6.331s][info   ][gc,heap        ] GC(902) Archive regions: 2->2
[6.331s][info   ][gc,heap        ] GC(902) Humongous regions: 0->0
[6.331s][info   ][gc,metaspace   ] GC(902) Metaspace: 9524K(9792K)->9524K(9792K) NonClass: 8366K(8512K)->8366K(8512K) Class: 1157K(1280K)->1157K(1280K)
[6.331s][info   ][gc             ] GC(902) Pause Full (System.gc()) 4M->4M(28M) 5.350ms
[6.332s][info   ][gc,cpu         ] GC(902) User=0.01s Sys=0.00s Real=0.00s
[6.332s][info   ][gc,start       ] GC(903) Pause Full (System.gc())
[6.332s][info   ][gc,task        ] GC(903) Using 1 workers of 10 for full compaction
[6.332s][info   ][gc,phases,start] GC(903) Phase 1: Mark live objects
[6.334s][info   ][gc,phases      ] GC(903) Phase 1: Mark live objects 2.760ms
[6.334s][info   ][gc,phases,start] GC(903) Phase 2: Prepare for compaction
[6.334s][info   ][gc,phases      ] GC(903) Phase 2: Prepare for compaction 0.117ms
[6.335s][info   ][gc,phases,start] GC(903) Phase 3: Adjust pointers
[6.336s][info   ][gc,phases      ] GC(903) Phase 3: Adjust pointers 1.705ms
[6.336s][info   ][gc,phases,start] GC(903) Phase 4: Compact heap
[6.336s][info   ][gc,phases      ] GC(903) Phase 4: Compact heap 0.104ms
[6.337s][info   ][gc,heap        ] GC(903) Eden regions: 0->0(3)
[6.337s][info   ][gc,heap        ] GC(903) Survivor regions: 0->0(0)
[6.337s][info   ][gc,heap        ] GC(903) Old regions: 2->2
[6.337s][info   ][gc,heap        ] GC(903) Archive regions: 2->2
[6.337s][info   ][gc,heap        ] GC(903) Humongous regions: 0->0
[6.337s][info   ][gc,metaspace   ] GC(903) Metaspace: 9524K(9792K)->9524K(9792K) NonClass: 8366K(8512K)->8366K(8512K) Class: 1157K(1280K)->1157K(1280K)
[6.337s][info   ][gc             ] GC(903) Pause Full (System.gc()) 4M->4M(28M) 5.229ms
[6.337s][info   ][gc,cpu         ] GC(903) User=0.00s Sys=0.00s Real=0.01s
[6.337s][info   ][gc,start       ] GC(904) Pause Full (System.gc())
[6.337s][info   ][gc,task        ] GC(904) Using 1 workers of 10 for full compaction
[6.337s][info   ][gc,phases,start] GC(904) Phase 1: Mark live objects
[6.341s][info   ][gc,phases      ] GC(904) Phase 1: Mark live objects 3.894ms
[6.341s][info   ][gc,phases,start] GC(904) Phase 2: Prepare for compaction
[6.341s][info   ][gc,phases      ] GC(904) Phase 2: Prepare for compaction 0.182ms
[6.341s][info   ][gc,phases,start] GC(904) Phase 3: Adjust pointers
[6.344s][info   ][gc,phases      ] GC(904) Phase 3: Adjust pointers 2.436ms
[6.344s][info   ][gc,phases,start] GC(904) Phase 4: Compact heap
[6.344s][info   ][gc,phases      ] GC(904) Phase 4: Compact heap 0.136ms
[6.344s][info   ][gc,heap        ] GC(904) Eden regions: 1->0(3)
[6.344s][info   ][gc,heap        ] GC(904) Survivor regions: 0->0(0)
[6.344s][info   ][gc,heap        ] GC(904) Old regions: 2->2
[6.344s][info   ][gc,heap        ] GC(904) Archive regions: 2->2
[6.344s][info   ][gc,heap        ] GC(904) Humongous regions: 0->0
[6.344s][info   ][gc,metaspace   ] GC(904) Metaspace: 9524K(9792K)->9524K(9792K) NonClass: 8366K(8512K)->8366K(8512K) Class: 1157K(1280K)->1157K(1280K)
[6.344s][info   ][gc             ] GC(904) Pause Full (System.gc()) 4M->4M(28M) 7.146ms
[6.344s][info   ][gc,cpu         ] GC(904) User=0.01s Sys=0.00s Real=0.01s
[6.345s][info   ][gc,start       ] GC(905) Pause Full (System.gc())
[6.345s][info   ][gc,task        ] GC(905) Using 1 workers of 10 for full compaction
[6.345s][info   ][gc,phases,start] GC(905) Phase 1: Mark live objects
[6.347s][info   ][gc,phases      ] GC(905) Phase 1: Mark live objects 2.822ms
[6.347s][info   ][gc,phases,start] GC(905) Phase 2: Prepare for compaction
[6.348s][info   ][gc,phases      ] GC(905) Phase 2: Prepare for compaction 0.129ms
[6.348s][info   ][gc,phases,start] GC(905) Phase 3: Adjust pointers
[6.349s][info   ][gc,phases      ] GC(905) Phase 3: Adjust pointers 1.812ms
[6.349s][info   ][gc,phases,start] GC(905) Phase 4: Compact heap
[6.350s][info   ][gc,phases      ] GC(905) Phase 4: Compact heap 0.225ms
[6.350s][info   ][gc,heap        ] GC(905) Eden regions: 1->0(3)
[6.350s][info   ][gc,heap        ] GC(905) Survivor regions: 0->0(0)
[6.350s][info   ][gc,heap        ] GC(905) Old regions: 2->2
[6.350s][info   ][gc,heap        ] GC(905) Archive regions: 2->2
[6.350s][info   ][gc,heap        ] GC(905) Humongous regions: 0->0
[6.350s][info   ][gc,metaspace   ] GC(905) Metaspace: 9524K(9792K)->9524K(9792K) NonClass: 8366K(8512K)->8366K(8512K) Class: 1157K(1280K)->1157K(1280K)
[6.350s][info   ][gc             ] GC(905) Pause Full (System.gc()) 4M->4M(28M) 5.408ms
[6.350s][info   ][gc,cpu         ] GC(905) User=0.01s Sys=0.00s Real=0.00s
[6.350s][info   ][gc,start       ] GC(906) Pause Full (System.gc())
[6.350s][info   ][gc,task        ] GC(906) Using 1 workers of 10 for full compaction
[6.350s][info   ][gc,phases,start] GC(906) Phase 1: Mark live objects
[6.353s][info   ][gc,phases      ] GC(906) Phase 1: Mark live objects 2.552ms
[6.353s][info   ][gc,phases,start] GC(906) Phase 2: Prepare for compaction
[6.353s][info   ][gc,phases      ] GC(906) Phase 2: Prepare for compaction 0.158ms
[6.353s][info   ][gc,phases,start] GC(906) Phase 3: Adjust pointers
[6.354s][info   ][gc,phases      ] GC(906) Phase 3: Adjust pointers 1.212ms
[6.354s][info   ][gc,phases,start] GC(906) Phase 4: Compact heap
[6.354s][info   ][gc,phases      ] GC(906) Phase 4: Compact heap 0.090ms
[6.355s][info   ][gc,heap        ] GC(906) Eden regions: 0->0(3)
[6.355s][info   ][gc,heap        ] GC(906) Survivor regions: 0->0(0)
[6.355s][info   ][gc,heap        ] GC(906) Old regions: 2->2
[6.355s][info   ][gc,heap        ] GC(906) Archive regions: 2->2
[6.355s][info   ][gc,heap        ] GC(906) Humongous regions: 0->0
[6.355s][info   ][gc,metaspace   ] GC(906) Metaspace: 9524K(9792K)->9524K(9792K) NonClass: 8366K(8512K)->8366K(8512K) Class: 1157K(1280K)->1157K(1280K)
[6.355s][info   ][gc             ] GC(906) Pause Full (System.gc()) 4M->4M(28M) 4.786ms
[6.355s][info   ][gc,cpu         ] GC(906) User=0.00s Sys=0.00s Real=0.01s
[6.355s][info   ][gc,start       ] GC(907) Pause Full (System.gc())
[6.355s][info   ][gc,task        ] GC(907) Using 1 workers of 10 for full compaction
[6.355s][info   ][gc,phases,start] GC(907) Phase 1: Mark live objects
[6.360s][info   ][gc,phases      ] GC(907) Phase 1: Mark live objects 4.165ms
[6.360s][info   ][gc,phases,start] GC(907) Phase 2: Prepare for compaction
[6.360s][info   ][gc,phases      ] GC(907) Phase 2: Prepare for compaction 0.206ms
[6.360s][info   ][gc,phases,start] GC(907) Phase 3: Adjust pointers
[6.362s][info   ][gc,phases      ] GC(907) Phase 3: Adjust pointers 1.763ms
[6.362s][info   ][gc,phases,start] GC(907) Phase 4: Compact heap
[6.362s][info   ][gc,phases      ] GC(907) Phase 4: Compact heap 0.217ms
[6.363s][info   ][gc,heap        ] GC(907) Eden regions: 1->0(3)
[6.363s][info   ][gc,heap        ] GC(907) Survivor regions: 0->0(0)
[6.363s][info   ][gc,heap        ] GC(907) Old regions: 2->2
[6.363s][info   ][gc,heap        ] GC(907) Archive regions: 2->2
[6.363s][info   ][gc,heap        ] GC(907) Humongous regions: 0->0
[6.363s][info   ][gc,metaspace   ] GC(907) Metaspace: 9524K(9792K)->9524K(9792K) NonClass: 8366K(8512K)->8366K(8512K) Class: 1157K(1280K)->1157K(1280K)
[6.363s][info   ][gc             ] GC(907) Pause Full (System.gc()) 4M->4M(28M) 7.355ms
[6.363s][info   ][gc,cpu         ] GC(907) User=0.01s Sys=0.00s Real=0.00s
[6.363s][info   ][gc,start       ] GC(908) Pause Full (System.gc())
[6.363s][info   ][gc,task        ] GC(908) Using 1 workers of 10 for full compaction
[6.363s][info   ][gc,phases,start] GC(908) Phase 1: Mark live objects
[6.367s][info   ][gc,phases      ] GC(908) Phase 1: Mark live objects 4.415ms
[6.368s][info   ][gc,phases,start] GC(908) Phase 2: Prepare for compaction
[6.368s][info   ][gc,phases      ] GC(908) Phase 2: Prepare for compaction 0.160ms
[6.368s][info   ][gc,phases,start] GC(908) Phase 3: Adjust pointers
[6.369s][info   ][gc,phases      ] GC(908) Phase 3: Adjust pointers 1.607ms
[6.369s][info   ][gc,phases,start] GC(908) Phase 4: Compact heap
[6.369s][info   ][gc,phases      ] GC(908) Phase 4: Compact heap 0.081ms
[6.370s][info   ][gc,heap        ] GC(908) Eden regions: 0->0(3)
[6.370s][info   ][gc,heap        ] GC(908) Survivor regions: 0->0(0)
[6.370s][info   ][gc,heap        ] GC(908) Old regions: 2->2
[6.370s][info   ][gc,heap        ] GC(908) Archive regions: 2->2
[6.370s][info   ][gc,heap        ] GC(908) Humongous regions: 0->0
[6.370s][info   ][gc,metaspace   ] GC(908) Metaspace: 9524K(9792K)->9524K(9792K) NonClass: 8366K(8512K)->8366K(8512K) Class: 1157K(1280K)->1157K(1280K)
[6.370s][info   ][gc             ] GC(908) Pause Full (System.gc()) 4M->4M(28M) 7.137ms
[6.370s][info   ][gc,cpu         ] GC(908) User=0.00s Sys=0.00s Real=0.01s
[6.370s][info   ][gc,start       ] GC(909) Pause Full (System.gc())
[6.371s][info   ][gc,task        ] GC(909) Using 1 workers of 10 for full compaction
[6.371s][info   ][gc,phases,start] GC(909) Phase 1: Mark live objects
[6.375s][info   ][gc,phases      ] GC(909) Phase 1: Mark live objects 4.188ms
[6.375s][info   ][gc,phases,start] GC(909) Phase 2: Prepare for compaction
[6.375s][info   ][gc,phases      ] GC(909) Phase 2: Prepare for compaction 0.227ms
[6.375s][info   ][gc,phases,start] GC(909) Phase 3: Adjust pointers
[6.378s][info   ][gc,phases      ] GC(909) Phase 3: Adjust pointers 3.001ms
[6.378s][info   ][gc,phases,start] GC(909) Phase 4: Compact heap
[6.378s][info   ][gc,phases      ] GC(909) Phase 4: Compact heap 0.272ms
[6.379s][info   ][gc,heap        ] GC(909) Eden regions: 1->0(3)
[6.379s][info   ][gc,heap        ] GC(909) Survivor regions: 0->0(0)
[6.379s][info   ][gc,heap        ] GC(909) Old regions: 2->2
[6.379s][info   ][gc,heap        ] GC(909) Archive regions: 2->2
[6.379s][info   ][gc,heap        ] GC(909) Humongous regions: 0->0
[6.379s][info   ][gc,metaspace   ] GC(909) Metaspace: 9524K(9792K)->9524K(9792K) NonClass: 8366K(8512K)->8366K(8512K) Class: 1157K(1280K)->1157K(1280K)
[6.379s][info   ][gc             ] GC(909) Pause Full (System.gc()) 4M->4M(28M) 8.851ms
[6.379s][info   ][gc,cpu         ] GC(909) User=0.00s Sys=0.00s Real=0.01s
[6.380s][info   ][gc,start       ] GC(910) Pause Full (System.gc())
[6.380s][info   ][gc,task        ] GC(910) Using 1 workers of 10 for full compaction
[6.380s][info   ][gc,phases,start] GC(910) Phase 1: Mark live objects
[6.384s][info   ][gc,phases      ] GC(910) Phase 1: Mark live objects 4.162ms
[6.384s][info   ][gc,phases,start] GC(910) Phase 2: Prepare for compaction
[6.384s][info   ][gc,phases      ] GC(910) Phase 2: Prepare for compaction 0.182ms
[6.384s][info   ][gc,phases,start] GC(910) Phase 3: Adjust pointers
[6.386s][info   ][gc,phases      ] GC(910) Phase 3: Adjust pointers 1.728ms
[6.386s][info   ][gc,phases,start] GC(910) Phase 4: Compact heap
[6.386s][info   ][gc,phases      ] GC(910) Phase 4: Compact heap 0.175ms
[6.387s][info   ][gc,heap        ] GC(910) Eden regions: 1->0(3)
[6.387s][info   ][gc,heap        ] GC(910) Survivor regions: 0->0(0)
[6.387s][info   ][gc,heap        ] GC(910) Old regions: 2->2
[6.387s][info   ][gc,heap        ] GC(910) Archive regions: 2->2
[6.387s][info   ][gc,heap        ] GC(910) Humongous regions: 0->0
[6.387s][info   ][gc,metaspace   ] GC(910) Metaspace: 9524K(9792K)->9524K(9792K) NonClass: 8366K(8512K)->8366K(8512K) Class: 1157K(1280K)->1157K(1280K)
[6.387s][info   ][gc             ] GC(910) Pause Full (System.gc()) 4M->4M(28M) 7.168ms
[6.387s][info   ][gc,cpu         ] GC(910) User=0.01s Sys=0.00s Real=0.01s
[6.387s][info   ][gc,start       ] GC(911) Pause Full (System.gc())
[6.387s][info   ][gc,task        ] GC(911) Using 1 workers of 10 for full compaction
[6.387s][info   ][gc,phases,start] GC(911) Phase 1: Mark live objects
[6.390s][info   ][gc,phases      ] GC(911) Phase 1: Mark live objects 3.102ms
[6.390s][info   ][gc,phases,start] GC(911) Phase 2: Prepare for compaction
[6.391s][info   ][gc,phases      ] GC(911) Phase 2: Prepare for compaction 0.244ms
[6.391s][info   ][gc,phases,start] GC(911) Phase 3: Adjust pointers
[6.392s][info   ][gc,phases      ] GC(911) Phase 3: Adjust pointers 1.377ms
[6.392s][info   ][gc,phases,start] GC(911) Phase 4: Compact heap
[6.392s][info   ][gc,phases      ] GC(911) Phase 4: Compact heap 0.203ms
[6.393s][info   ][gc,heap        ] GC(911) Eden regions: 0->0(3)
[6.393s][info   ][gc,heap        ] GC(911) Survivor regions: 0->0(0)
[6.393s][info   ][gc,heap        ] GC(911) Old regions: 2->2
[6.393s][info   ][gc,heap        ] GC(911) Archive regions: 2->2
[6.393s][info   ][gc,heap        ] GC(911) Humongous regions: 0->0
[6.393s][info   ][gc,metaspace   ] GC(911) Metaspace: 9524K(9792K)->9524K(9792K) NonClass: 8366K(8512K)->8366K(8512K) Class: 1157K(1280K)->1157K(1280K)
[6.393s][info   ][gc             ] GC(911) Pause Full (System.gc()) 4M->4M(28M) 5.568ms
[6.393s][info   ][gc,cpu         ] GC(911) User=0.00s Sys=0.00s Real=0.00s
[6.393s][info   ][gc,start       ] GC(912) Pause Full (System.gc())
[6.393s][info   ][gc,task        ] GC(912) Using 1 workers of 10 for full compaction
[6.393s][info   ][gc,phases,start] GC(912) Phase 1: Mark live objects
[6.396s][info   ][gc,phases      ] GC(912) Phase 1: Mark live objects 2.300ms
[6.396s][info   ][gc,phases,start] GC(912) Phase 2: Prepare for compaction
[6.396s][info   ][gc,phases      ] GC(912) Phase 2: Prepare for compaction 0.159ms
[6.396s][info   ][gc,phases,start] GC(912) Phase 3: Adjust pointers
[6.398s][info   ][gc,phases      ] GC(912) Phase 3: Adjust pointers 2.181ms
[6.398s][info   ][gc,phases,start] GC(912) Phase 4: Compact heap
[6.398s][info   ][gc,phases      ] GC(912) Phase 4: Compact heap 0.121ms
[6.399s][info   ][gc,heap        ] GC(912) Eden regions: 1->0(3)
[6.399s][info   ][gc,heap        ] GC(912) Survivor regions: 0->0(0)
[6.399s][info   ][gc,heap        ] GC(912) Old regions: 2->2
[6.399s][info   ][gc,heap        ] GC(912) Archive regions: 2->2
[6.399s][info   ][gc,heap        ] GC(912) Humongous regions: 0->0
[6.399s][info   ][gc,metaspace   ] GC(912) Metaspace: 9524K(9792K)->9524K(9792K) NonClass: 8366K(8512K)->8366K(8512K) Class: 1157K(1280K)->1157K(1280K)
[6.399s][info   ][gc             ] GC(912) Pause Full (System.gc()) 4M->4M(28M) 5.522ms
[6.399s][info   ][gc,cpu         ] GC(912) User=0.01s Sys=0.00s Real=0.01s
[6.399s][info   ][gc,start       ] GC(913) Pause Full (System.gc())
[6.399s][info   ][gc,task        ] GC(913) Using 1 workers of 10 for full compaction
[6.399s][info   ][gc,phases,start] GC(913) Phase 1: Mark live objects
[6.402s][info   ][gc,phases      ] GC(913) Phase 1: Mark live objects 3.103ms
[6.402s][info   ][gc,phases,start] GC(913) Phase 2: Prepare for compaction
[6.403s][info   ][gc,phases      ] GC(913) Phase 2: Prepare for compaction 0.285ms
[6.403s][info   ][gc,phases,start] GC(913) Phase 3: Adjust pointers
[6.404s][info   ][gc,phases      ] GC(913) Phase 3: Adjust pointers 1.625ms
[6.404s][info   ][gc,phases,start] GC(913) Phase 4: Compact heap
[6.404s][info   ][gc,phases      ] GC(913) Phase 4: Compact heap 0.106ms
[6.405s][info   ][gc,heap        ] GC(913) Eden regions: 1->0(3)
[6.405s][info   ][gc,heap        ] GC(913) Survivor regions: 0->0(0)
[6.405s][info   ][gc,heap        ] GC(913) Old regions: 2->2
[6.405s][info   ][gc,heap        ] GC(913) Archive regions: 2->2
[6.405s][info   ][gc,heap        ] GC(913) Humongous regions: 0->0
[6.405s][info   ][gc,metaspace   ] GC(913) Metaspace: 9524K(9792K)->9524K(9792K) NonClass: 8366K(8512K)->8366K(8512K) Class: 1157K(1280K)->1157K(1280K)
[6.405s][info   ][gc             ] GC(913) Pause Full (System.gc()) 4M->4M(28M) 5.915ms
[6.405s][info   ][gc,cpu         ] GC(913) User=0.00s Sys=0.01s Real=0.01s
[6.405s][info   ][gc,start       ] GC(914) Pause Full (System.gc())
[6.405s][info   ][gc,task        ] GC(914) Using 1 workers of 10 for full compaction
[6.405s][info   ][gc,phases,start] GC(914) Phase 1: Mark live objects
[6.408s][info   ][gc,phases      ] GC(914) Phase 1: Mark live objects 3.015ms
[6.408s][info   ][gc,phases,start] GC(914) Phase 2: Prepare for compaction
[6.409s][info   ][gc,phases      ] GC(914) Phase 2: Prepare for compaction 0.263ms
[6.409s][info   ][gc,phases,start] GC(914) Phase 3: Adjust pointers
[6.410s][info   ][gc,phases      ] GC(914) Phase 3: Adjust pointers 1.575ms
[6.410s][info   ][gc,phases,start] GC(914) Phase 4: Compact heap
[6.410s][info   ][gc,phases      ] GC(914) Phase 4: Compact heap 0.114ms
[6.411s][info   ][gc,heap        ] GC(914) Eden regions: 0->0(3)
[6.411s][info   ][gc,heap        ] GC(914) Survivor regions: 0->0(0)
[6.411s][info   ][gc,heap        ] GC(914) Old regions: 2->2
[6.411s][info   ][gc,heap        ] GC(914) Archive regions: 2->2
[6.411s][info   ][gc,heap        ] GC(914) Humongous regions: 0->0
[6.411s][info   ][gc,metaspace   ] GC(914) Metaspace: 9524K(9792K)->9524K(9792K) NonClass: 8366K(8512K)->8366K(8512K) Class: 1157K(1280K)->1157K(1280K)
[6.411s][info   ][gc             ] GC(914) Pause Full (System.gc()) 4M->4M(28M) 5.826ms
[6.411s][info   ][gc,cpu         ] GC(914) User=0.01s Sys=0.00s Real=0.00s
[6.411s][info   ][gc,start       ] GC(915) Pause Full (System.gc())
[6.411s][info   ][gc,task        ] GC(915) Using 1 workers of 10 for full compaction
[6.411s][info   ][gc,phases,start] GC(915) Phase 1: Mark live objects
[6.415s][info   ][gc,phases      ] GC(915) Phase 1: Mark live objects 3.430ms
[6.415s][info   ][gc,phases,start] GC(915) Phase 2: Prepare for compaction
[6.415s][info   ][gc,phases      ] GC(915) Phase 2: Prepare for compaction 0.198ms
[6.415s][info   ][gc,phases,start] GC(915) Phase 3: Adjust pointers
[6.418s][info   ][gc,phases      ] GC(915) Phase 3: Adjust pointers 2.398ms
[6.418s][info   ][gc,phases,start] GC(915) Phase 4: Compact heap
[6.418s][info   ][gc,phases      ] GC(915) Phase 4: Compact heap 0.206ms
[6.419s][info   ][gc,heap        ] GC(915) Eden regions: 1->0(3)
[6.419s][info   ][gc,heap        ] GC(915) Survivor regions: 0->0(0)
[6.419s][info   ][gc,heap        ] GC(915) Old regions: 2->2
[6.419s][info   ][gc,heap        ] GC(915) Archive regions: 2->2
[6.419s][info   ][gc,heap        ] GC(915) Humongous regions: 0->0
[6.419s][info   ][gc,metaspace   ] GC(915) Metaspace: 9524K(9792K)->9524K(9792K) NonClass: 8366K(8512K)->8366K(8512K) Class: 1157K(1280K)->1157K(1280K)
[6.419s][info   ][gc             ] GC(915) Pause Full (System.gc()) 4M->4M(28M) 7.249ms
[6.419s][info   ][gc,cpu         ] GC(915) User=0.01s Sys=0.00s Real=0.01s
[6.419s][info   ][gc,start       ] GC(916) Pause Full (System.gc())
[6.419s][info   ][gc,task        ] GC(916) Using 1 workers of 10 for full compaction
[6.419s][info   ][gc,phases,start] GC(916) Phase 1: Mark live objects
[6.423s][info   ][gc,phases      ] GC(916) Phase 1: Mark live objects 3.489ms
[6.423s][info   ][gc,phases,start] GC(916) Phase 2: Prepare for compaction
[6.423s][info   ][gc,phases      ] GC(916) Phase 2: Prepare for compaction 0.265ms
[6.423s][info   ][gc,phases,start] GC(916) Phase 3: Adjust pointers
[6.425s][info   ][gc,phases      ] GC(916) Phase 3: Adjust pointers 2.355ms
[6.425s][info   ][gc,phases,start] GC(916) Phase 4: Compact heap
[6.426s][info   ][gc,phases      ] GC(916) Phase 4: Compact heap 0.221ms
[6.426s][info   ][gc,heap        ] GC(916) Eden regions: 1->0(3)
[6.426s][info   ][gc,heap        ] GC(916) Survivor regions: 0->0(0)
[6.426s][info   ][gc,heap        ] GC(916) Old regions: 2->2
[6.426s][info   ][gc,heap        ] GC(916) Archive regions: 2->2
[6.426s][info   ][gc,heap        ] GC(916) Humongous regions: 0->0
[6.426s][info   ][gc,metaspace   ] GC(916) Metaspace: 9524K(9792K)->9524K(9792K) NonClass: 8366K(8512K)->8366K(8512K) Class: 1157K(1280K)->1157K(1280K)
[6.426s][info   ][gc             ] GC(916) Pause Full (System.gc()) 4M->4M(28M) 7.274ms
[6.426s][info   ][gc,cpu         ] GC(916) User=0.00s Sys=0.00s Real=0.01s
[6.427s][info   ][gc,start       ] GC(917) Pause Full (System.gc())
[6.427s][info   ][gc,task        ] GC(917) Using 1 workers of 10 for full compaction
[6.427s][info   ][gc,phases,start] GC(917) Phase 1: Mark live objects
[6.430s][info   ][gc,phases      ] GC(917) Phase 1: Mark live objects 3.496ms
[6.430s][info   ][gc,phases,start] GC(917) Phase 2: Prepare for compaction
[6.431s][info   ][gc,phases      ] GC(917) Phase 2: Prepare for compaction 0.261ms
[6.431s][info   ][gc,phases,start] GC(917) Phase 3: Adjust pointers
[6.433s][info   ][gc,phases      ] GC(917) Phase 3: Adjust pointers 2.327ms
[6.433s][info   ][gc,phases,start] GC(917) Phase 4: Compact heap
[6.433s][info   ][gc,phases      ] GC(917) Phase 4: Compact heap 0.232ms
[6.434s][info   ][gc,heap        ] GC(917) Eden regions: 1->0(3)
[6.434s][info   ][gc,heap        ] GC(917) Survivor regions: 0->0(0)
[6.434s][info   ][gc,heap        ] GC(917) Old regions: 2->2
[6.434s][info   ][gc,heap        ] GC(917) Archive regions: 2->2
[6.434s][info   ][gc,heap        ] GC(917) Humongous regions: 0->0
[6.434s][info   ][gc,metaspace   ] GC(917) Metaspace: 9524K(9792K)->9524K(9792K) NonClass: 8366K(8512K)->8366K(8512K) Class: 1157K(1280K)->1157K(1280K)
[6.434s][info   ][gc             ] GC(917) Pause Full (System.gc()) 4M->4M(28M) 7.125ms
[6.434s][info   ][gc,cpu         ] GC(917) User=0.01s Sys=0.00s Real=0.01s
[6.434s][info   ][gc,start       ] GC(918) Pause Full (System.gc())
[6.434s][info   ][gc,task        ] GC(918) Using 1 workers of 10 for full compaction
[6.434s][info   ][gc,phases,start] GC(918) Phase 1: Mark live objects
[6.438s][info   ][gc,phases      ] GC(918) Phase 1: Mark live objects 3.387ms
[6.438s][info   ][gc,phases,start] GC(918) Phase 2: Prepare for compaction
[6.438s][info   ][gc,phases      ] GC(918) Phase 2: Prepare for compaction 0.254ms
[6.438s][info   ][gc,phases,start] GC(918) Phase 3: Adjust pointers
[6.440s][info   ][gc,phases      ] GC(918) Phase 3: Adjust pointers 1.976ms
[6.440s][info   ][gc,phases,start] GC(918) Phase 4: Compact heap
[6.440s][info   ][gc,phases      ] GC(918) Phase 4: Compact heap 0.179ms
[6.441s][info   ][gc,heap        ] GC(918) Eden regions: 1->0(3)
[6.441s][info   ][gc,heap        ] GC(918) Survivor regions: 0->0(0)
[6.441s][info   ][gc,heap        ] GC(918) Old regions: 2->2
[6.441s][info   ][gc,heap        ] GC(918) Archive regions: 2->2
[6.441s][info   ][gc,heap        ] GC(918) Humongous regions: 0->0
[6.441s][info   ][gc,metaspace   ] GC(918) Metaspace: 9524K(9792K)->9524K(9792K) NonClass: 8366K(8512K)->8366K(8512K) Class: 1157K(1280K)->1157K(1280K)
[6.441s][info   ][gc             ] GC(918) Pause Full (System.gc()) 4M->4M(28M) 6.499ms
[6.441s][info   ][gc,cpu         ] GC(918) User=0.00s Sys=0.00s Real=0.00s
[6.441s][info   ][gc,start       ] GC(919) Pause Full (System.gc())
[6.441s][info   ][gc,task        ] GC(919) Using 1 workers of 10 for full compaction
[6.441s][info   ][gc,phases,start] GC(919) Phase 1: Mark live objects
[6.444s][info   ][gc,phases      ] GC(919) Phase 1: Mark live objects 3.095ms
[6.444s][info   ][gc,phases,start] GC(919) Phase 2: Prepare for compaction
[6.444s][info   ][gc,phases      ] GC(919) Phase 2: Prepare for compaction 0.209ms
[6.444s][info   ][gc,phases,start] GC(919) Phase 3: Adjust pointers
[6.446s][info   ][gc,phases      ] GC(919) Phase 3: Adjust pointers 1.324ms
[6.446s][info   ][gc,phases,start] GC(919) Phase 4: Compact heap
[6.446s][info   ][gc,phases      ] GC(919) Phase 4: Compact heap 0.088ms
[6.446s][info   ][gc,heap        ] GC(919) Eden regions: 1->0(3)
[6.446s][info   ][gc,heap        ] GC(919) Survivor regions: 0->0(0)
[6.446s][info   ][gc,heap        ] GC(919) Old regions: 2->2
[6.446s][info   ][gc,heap        ] GC(919) Archive regions: 2->2
[6.446s][info   ][gc,heap        ] GC(919) Humongous regions: 0->0
[6.446s][info   ][gc,metaspace   ] GC(919) Metaspace: 9524K(9792K)->9524K(9792K) NonClass: 8366K(8512K)->8366K(8512K) Class: 1157K(1280K)->1157K(1280K)
[6.446s][info   ][gc             ] GC(919) Pause Full (System.gc()) 4M->4M(28M) 5.294ms
[6.446s][info   ][gc,cpu         ] GC(919) User=0.00s Sys=0.00s Real=0.01s
[6.447s][info   ][gc,start       ] GC(920) Pause Full (System.gc())
[6.447s][info   ][gc,task        ] GC(920) Using 1 workers of 10 for full compaction
[6.447s][info   ][gc,phases,start] GC(920) Phase 1: Mark live objects
[6.450s][info   ][gc,phases      ] GC(920) Phase 1: Mark live objects 2.973ms
[6.450s][info   ][gc,phases,start] GC(920) Phase 2: Prepare for compaction
[6.450s][info   ][gc,phases      ] GC(920) Phase 2: Prepare for compaction 0.094ms
[6.450s][info   ][gc,phases,start] GC(920) Phase 3: Adjust pointers
[6.452s][info   ][gc,phases      ] GC(920) Phase 3: Adjust pointers 1.598ms
[6.452s][info   ][gc,phases,start] GC(920) Phase 4: Compact heap
[6.452s][info   ][gc,phases      ] GC(920) Phase 4: Compact heap 0.095ms
[6.453s][info   ][gc,heap        ] GC(920) Eden regions: 1->0(3)
[6.453s][info   ][gc,heap        ] GC(920) Survivor regions: 0->0(0)
[6.453s][info   ][gc,heap        ] GC(920) Old regions: 2->2
[6.453s][info   ][gc,heap        ] GC(920) Archive regions: 2->2
[6.453s][info   ][gc,heap        ] GC(920) Humongous regions: 0->0
[6.453s][info   ][gc,metaspace   ] GC(920) Metaspace: 9524K(9792K)->9524K(9792K) NonClass: 8366K(8512K)->8366K(8512K) Class: 1157K(1280K)->1157K(1280K)
[6.453s][info   ][gc             ] GC(920) Pause Full (System.gc()) 4M->4M(28M) 5.542ms
[6.453s][info   ][gc,cpu         ] GC(920) User=0.00s Sys=0.00s Real=0.00s
[6.453s][info   ][gc,start       ] GC(921) Pause Full (System.gc())
[6.453s][info   ][gc,task        ] GC(921) Using 1 workers of 10 for full compaction
[6.453s][info   ][gc,phases,start] GC(921) Phase 1: Mark live objects
[6.456s][info   ][gc,phases      ] GC(921) Phase 1: Mark live objects 2.924ms
[6.456s][info   ][gc,phases,start] GC(921) Phase 2: Prepare for compaction
[6.456s][info   ][gc,phases      ] GC(921) Phase 2: Prepare for compaction 0.182ms
[6.456s][info   ][gc,phases,start] GC(921) Phase 3: Adjust pointers
[6.458s][info   ][gc,phases      ] GC(921) Phase 3: Adjust pointers 1.630ms
[6.458s][info   ][gc,phases,start] GC(921) Phase 4: Compact heap
[6.458s][info   ][gc,phases      ] GC(921) Phase 4: Compact heap 0.107ms
[6.458s][info   ][gc,heap        ] GC(921) Eden regions: 0->0(3)
[6.458s][info   ][gc,heap        ] GC(921) Survivor regions: 0->0(0)
[6.458s][info   ][gc,heap        ] GC(921) Old regions: 2->2
[6.458s][info   ][gc,heap        ] GC(921) Archive regions: 2->2
[6.458s][info   ][gc,heap        ] GC(921) Humongous regions: 0->0
[6.458s][info   ][gc,metaspace   ] GC(921) Metaspace: 9524K(9792K)->9524K(9792K) NonClass: 8366K(8512K)->8366K(8512K) Class: 1157K(1280K)->1157K(1280K)
[6.458s][info   ][gc             ] GC(921) Pause Full (System.gc()) 4M->4M(28M) 5.402ms
[6.458s][info   ][gc,cpu         ] GC(921) User=0.01s Sys=0.00s Real=0.01s
[6.458s][info   ][gc,start       ] GC(922) Pause Full (System.gc())
[6.458s][info   ][gc,task        ] GC(922) Using 1 workers of 10 for full compaction
[6.458s][info   ][gc,phases,start] GC(922) Phase 1: Mark live objects
[6.462s][info   ][gc,phases      ] GC(922) Phase 1: Mark live objects 4.216ms
[6.462s][info   ][gc,phases,start] GC(922) Phase 2: Prepare for compaction
[6.463s][info   ][gc,phases      ] GC(922) Phase 2: Prepare for compaction 0.159ms
[6.463s][info   ][gc,phases,start] GC(922) Phase 3: Adjust pointers
[6.464s][info   ][gc,phases      ] GC(922) Phase 3: Adjust pointers 1.726ms
[6.464s][info   ][gc,phases,start] GC(922) Phase 4: Compact heap
[6.464s][info   ][gc,phases      ] GC(922) Phase 4: Compact heap 0.051ms
[6.465s][info   ][gc,heap        ] GC(922) Eden regions: 1->0(3)
[6.465s][info   ][gc,heap        ] GC(922) Survivor regions: 0->0(0)
[6.465s][info   ][gc,heap        ] GC(922) Old regions: 2->2
[6.465s][info   ][gc,heap        ] GC(922) Archive regions: 2->2
[6.465s][info   ][gc,heap        ] GC(922) Humongous regions: 0->0
[6.465s][info   ][gc,metaspace   ] GC(922) Metaspace: 9524K(9792K)->9524K(9792K) NonClass: 8366K(8512K)->8366K(8512K) Class: 1157K(1280K)->1157K(1280K)
[6.465s][info   ][gc             ] GC(922) Pause Full (System.gc()) 4M->4M(28M) 6.724ms
[6.465s][info   ][gc,cpu         ] GC(922) User=0.01s Sys=0.00s Real=0.01s
[6.465s][info   ][gc,start       ] GC(923) Pause Full (System.gc())
[6.465s][info   ][gc,task        ] GC(923) Using 1 workers of 10 for full compaction
[6.465s][info   ][gc,phases,start] GC(923) Phase 1: Mark live objects
[6.468s][info   ][gc,phases      ] GC(923) Phase 1: Mark live objects 2.539ms
[6.468s][info   ][gc,phases,start] GC(923) Phase 2: Prepare for compaction
[6.468s][info   ][gc,phases      ] GC(923) Phase 2: Prepare for compaction 0.207ms
[6.468s][info   ][gc,phases,start] GC(923) Phase 3: Adjust pointers
[6.470s][info   ][gc,phases      ] GC(923) Phase 3: Adjust pointers 1.673ms
[6.470s][info   ][gc,phases,start] GC(923) Phase 4: Compact heap
[6.470s][info   ][gc,phases      ] GC(923) Phase 4: Compact heap 0.133ms
[6.470s][info   ][gc,heap        ] GC(923) Eden regions: 0->0(3)
[6.470s][info   ][gc,heap        ] GC(923) Survivor regions: 0->0(0)
[6.470s][info   ][gc,heap        ] GC(923) Old regions: 2->2
[6.470s][info   ][gc,heap        ] GC(923) Archive regions: 2->2
[6.470s][info   ][gc,heap        ] GC(923) Humongous regions: 0->0
[6.470s][info   ][gc,metaspace   ] GC(923) Metaspace: 9524K(9792K)->9524K(9792K) NonClass: 8366K(8512K)->8366K(8512K) Class: 1157K(1280K)->1157K(1280K)
[6.470s][info   ][gc             ] GC(923) Pause Full (System.gc()) 4M->4M(28M) 5.230ms
[6.470s][info   ][gc,cpu         ] GC(923) User=0.00s Sys=0.00s Real=0.00s
[6.471s][info   ][gc,start       ] GC(924) Pause Full (System.gc())
[6.471s][info   ][gc,task        ] GC(924) Using 1 workers of 10 for full compaction
[6.471s][info   ][gc,phases,start] GC(924) Phase 1: Mark live objects
[6.475s][info   ][gc,phases      ] GC(924) Phase 1: Mark live objects 4.144ms
[6.475s][info   ][gc,phases,start] GC(924) Phase 2: Prepare for compaction
[6.475s][info   ][gc,phases      ] GC(924) Phase 2: Prepare for compaction 0.231ms
[6.475s][info   ][gc,phases,start] GC(924) Phase 3: Adjust pointers
[6.478s][info   ][gc,phases      ] GC(924) Phase 3: Adjust pointers 2.243ms
[6.478s][info   ][gc,phases,start] GC(924) Phase 4: Compact heap
[6.478s][info   ][gc,phases      ] GC(924) Phase 4: Compact heap 0.172ms
[6.479s][info   ][gc,heap        ] GC(924) Eden regions: 1->0(3)
[6.479s][info   ][gc,heap        ] GC(924) Survivor regions: 0->0(0)
[6.479s][info   ][gc,heap        ] GC(924) Old regions: 2->2
[6.479s][info   ][gc,heap        ] GC(924) Archive regions: 2->2
[6.479s][info   ][gc,heap        ] GC(924) Humongous regions: 0->0
[6.479s][info   ][gc,metaspace   ] GC(924) Metaspace: 9524K(9792K)->9524K(9792K) NonClass: 8366K(8512K)->8366K(8512K) Class: 1157K(1280K)->1157K(1280K)
[6.479s][info   ][gc             ] GC(924) Pause Full (System.gc()) 4M->4M(28M) 7.863ms
[6.479s][info   ][gc,cpu         ] GC(924) User=0.01s Sys=0.00s Real=0.01s
[6.479s][info   ][gc,start       ] GC(925) Pause Full (System.gc())
[6.479s][info   ][gc,task        ] GC(925) Using 1 workers of 10 for full compaction
[6.479s][info   ][gc,phases,start] GC(925) Phase 1: Mark live objects
[6.484s][info   ][gc,phases      ] GC(925) Phase 1: Mark live objects 5.027ms
[6.484s][info   ][gc,phases,start] GC(925) Phase 2: Prepare for compaction
[6.485s][info   ][gc,phases      ] GC(925) Phase 2: Prepare for compaction 0.437ms
[6.485s][info   ][gc,phases,start] GC(925) Phase 3: Adjust pointers
[6.487s][info   ][gc,phases      ] GC(925) Phase 3: Adjust pointers 2.811ms
[6.487s][info   ][gc,phases,start] GC(925) Phase 4: Compact heap
[6.488s][info   ][gc,phases      ] GC(925) Phase 4: Compact heap 0.272ms
[6.488s][info   ][gc,heap        ] GC(925) Eden regions: 0->0(3)
[6.488s][info   ][gc,heap        ] GC(925) Survivor regions: 0->0(0)
[6.488s][info   ][gc,heap        ] GC(925) Old regions: 2->2
[6.488s][info   ][gc,heap        ] GC(925) Archive regions: 2->2
[6.488s][info   ][gc,heap        ] GC(925) Humongous regions: 0->0
[6.488s][info   ][gc,metaspace   ] GC(925) Metaspace: 9524K(9792K)->9524K(9792K) NonClass: 8366K(8512K)->8366K(8512K) Class: 1157K(1280K)->1157K(1280K)
[6.488s][info   ][gc             ] GC(925) Pause Full (System.gc()) 4M->4M(28M) 9.377ms
[6.488s][info   ][gc,cpu         ] GC(925) User=0.01s Sys=0.00s Real=0.01s
[6.489s][info   ][gc,start       ] GC(926) Pause Full (System.gc())
[6.489s][info   ][gc,task        ] GC(926) Using 1 workers of 10 for full compaction
[6.489s][info   ][gc,phases,start] GC(926) Phase 1: Mark live objects
[6.493s][info   ][gc,phases      ] GC(926) Phase 1: Mark live objects 3.581ms
[6.493s][info   ][gc,phases,start] GC(926) Phase 2: Prepare for compaction
[6.493s][info   ][gc,phases      ] GC(926) Phase 2: Prepare for compaction 0.307ms
[6.493s][info   ][gc,phases,start] GC(926) Phase 3: Adjust pointers
[6.496s][info   ][gc,phases      ] GC(926) Phase 3: Adjust pointers 2.845ms
[6.496s][info   ][gc,phases,start] GC(926) Phase 4: Compact heap
[6.496s][info   ][gc,phases      ] GC(926) Phase 4: Compact heap 0.164ms
[6.497s][info   ][gc,heap        ] GC(926) Eden regions: 1->0(3)
[6.497s][info   ][gc,heap        ] GC(926) Survivor regions: 0->0(0)
[6.497s][info   ][gc,heap        ] GC(926) Old regions: 2->2
[6.497s][info   ][gc,heap        ] GC(926) Archive regions: 2->2
[6.497s][info   ][gc,heap        ] GC(926) Humongous regions: 0->0
[6.497s][info   ][gc,metaspace   ] GC(926) Metaspace: 9524K(9792K)->9524K(9792K) NonClass: 8366K(8512K)->8366K(8512K) Class: 1157K(1280K)->1157K(1280K)
[6.497s][info   ][gc             ] GC(926) Pause Full (System.gc()) 4M->4M(28M) 7.690ms
[6.497s][info   ][gc,cpu         ] GC(926) User=0.00s Sys=0.00s Real=0.01s
[6.497s][info   ][gc,start       ] GC(927) Pause Full (System.gc())
[6.497s][info   ][gc,task        ] GC(927) Using 1 workers of 10 for full compaction
[6.497s][info   ][gc,phases,start] GC(927) Phase 1: Mark live objects
[6.502s][info   ][gc,phases      ] GC(927) Phase 1: Mark live objects 5.325ms
[6.502s][info   ][gc,phases,start] GC(927) Phase 2: Prepare for compaction
[6.502s][info   ][gc,phases      ] GC(927) Phase 2: Prepare for compaction 0.247ms
[6.502s][info   ][gc,phases,start] GC(927) Phase 3: Adjust pointers
[6.505s][info   ][gc,phases      ] GC(927) Phase 3: Adjust pointers 2.770ms
[6.505s][info   ][gc,phases,start] GC(927) Phase 4: Compact heap
[6.505s][info   ][gc,phases      ] GC(927) Phase 4: Compact heap 0.141ms
[6.506s][info   ][gc,heap        ] GC(927) Eden regions: 0->0(3)
[6.506s][info   ][gc,heap        ] GC(927) Survivor regions: 0->0(0)
[6.506s][info   ][gc,heap        ] GC(927) Old regions: 2->2
[6.506s][info   ][gc,heap        ] GC(927) Archive regions: 2->2
[6.506s][info   ][gc,heap        ] GC(927) Humongous regions: 0->0
[6.506s][info   ][gc,metaspace   ] GC(927) Metaspace: 9524K(9792K)->9524K(9792K) NonClass: 8366K(8512K)->8366K(8512K) Class: 1157K(1280K)->1157K(1280K)
[6.506s][info   ][gc             ] GC(927) Pause Full (System.gc()) 4M->4M(28M) 9.245ms
[6.506s][info   ][gc,cpu         ] GC(927) User=0.00s Sys=0.00s Real=0.01s
[6.506s][info   ][gc,start       ] GC(928) Pause Full (System.gc())
[6.506s][info   ][gc,task        ] GC(928) Using 1 workers of 10 for full compaction
[6.506s][info   ][gc,phases,start] GC(928) Phase 1: Mark live objects
[6.510s][info   ][gc,phases      ] GC(928) Phase 1: Mark live objects 3.894ms
[6.510s][info   ][gc,phases,start] GC(928) Phase 2: Prepare for compaction
[6.511s][info   ][gc,phases      ] GC(928) Phase 2: Prepare for compaction 0.261ms
[6.511s][info   ][gc,phases,start] GC(928) Phase 3: Adjust pointers
[6.513s][info   ][gc,phases      ] GC(928) Phase 3: Adjust pointers 2.729ms
[6.513s][info   ][gc,phases,start] GC(928) Phase 4: Compact heap
[6.514s][info   ][gc,phases      ] GC(928) Phase 4: Compact heap 0.175ms
[6.514s][info   ][gc,heap        ] GC(928) Eden regions: 1->0(3)
[6.514s][info   ][gc,heap        ] GC(928) Survivor regions: 0->0(0)
[6.514s][info   ][gc,heap        ] GC(928) Old regions: 2->2
[6.514s][info   ][gc,heap        ] GC(928) Archive regions: 2->2
[6.514s][info   ][gc,heap        ] GC(928) Humongous regions: 0->0
[6.514s][info   ][gc,metaspace   ] GC(928) Metaspace: 9524K(9792K)->9524K(9792K) NonClass: 8366K(8512K)->8366K(8512K) Class: 1157K(1280K)->1157K(1280K)
[6.514s][info   ][gc             ] GC(928) Pause Full (System.gc()) 4M->4M(28M) 8.003ms
[6.514s][info   ][gc,cpu         ] GC(928) User=0.01s Sys=0.00s Real=0.01s
[6.515s][info   ][gc,start       ] GC(929) Pause Full (System.gc())
[6.515s][info   ][gc,task        ] GC(929) Using 1 workers of 10 for full compaction
[6.515s][info   ][gc,phases,start] GC(929) Phase 1: Mark live objects
[6.521s][info   ][gc,phases      ] GC(929) Phase 1: Mark live objects 6.158ms
[6.521s][info   ][gc,phases,start] GC(929) Phase 2: Prepare for compaction
[6.521s][info   ][gc,phases      ] GC(929) Phase 2: Prepare for compaction 0.169ms
[6.521s][info   ][gc,phases,start] GC(929) Phase 3: Adjust pointers
[6.524s][info   ][gc,phases      ] GC(929) Phase 3: Adjust pointers 2.360ms
[6.524s][info   ][gc,phases,start] GC(929) Phase 4: Compact heap
[6.524s][info   ][gc,phases      ] GC(929) Phase 4: Compact heap 0.107ms
[6.524s][info   ][gc,heap        ] GC(929) Eden regions: 1->0(3)
[6.524s][info   ][gc,heap        ] GC(929) Survivor regions: 0->0(0)
[6.524s][info   ][gc,heap        ] GC(929) Old regions: 2->2
[6.524s][info   ][gc,heap        ] GC(929) Archive regions: 2->2
[6.524s][info   ][gc,heap        ] GC(929) Humongous regions: 0->0
[6.525s][info   ][gc,metaspace   ] GC(929) Metaspace: 9524K(9792K)->9524K(9792K) NonClass: 8366K(8512K)->8366K(8512K) Class: 1157K(1280K)->1157K(1280K)
[6.525s][info   ][gc             ] GC(929) Pause Full (System.gc()) 4M->4M(28M) 9.423ms
[6.525s][info   ][gc,cpu         ] GC(929) User=0.01s Sys=0.00s Real=0.01s
[6.525s][info   ][gc,start       ] GC(930) Pause Full (System.gc())
[6.525s][info   ][gc,task        ] GC(930) Using 1 workers of 10 for full compaction
[6.525s][info   ][gc,phases,start] GC(930) Phase 1: Mark live objects
[6.528s][info   ][gc,phases      ] GC(930) Phase 1: Mark live objects 3.379ms
[6.528s][info   ][gc,phases,start] GC(930) Phase 2: Prepare for compaction
[6.528s][info   ][gc,phases      ] GC(930) Phase 2: Prepare for compaction 0.195ms
[6.528s][info   ][gc,phases,start] GC(930) Phase 3: Adjust pointers
[6.530s][info   ][gc,phases      ] GC(930) Phase 3: Adjust pointers 1.827ms
[6.530s][info   ][gc,phases,start] GC(930) Phase 4: Compact heap
[6.530s][info   ][gc,phases      ] GC(930) Phase 4: Compact heap 0.106ms
[6.531s][info   ][gc,heap        ] GC(930) Eden regions: 0->0(3)
[6.531s][info   ][gc,heap        ] GC(930) Survivor regions: 0->0(0)
[6.531s][info   ][gc,heap        ] GC(930) Old regions: 2->2
[6.531s][info   ][gc,heap        ] GC(930) Archive regions: 2->2
[6.531s][info   ][gc,heap        ] GC(930) Humongous regions: 0->0
[6.531s][info   ][gc,metaspace   ] GC(930) Metaspace: 9524K(9792K)->9524K(9792K) NonClass: 8366K(8512K)->8366K(8512K) Class: 1157K(1280K)->1157K(1280K)
[6.531s][info   ][gc             ] GC(930) Pause Full (System.gc()) 4M->4M(28M) 5.883ms
[6.531s][info   ][gc,cpu         ] GC(930) User=0.00s Sys=0.00s Real=0.00s
[6.531s][info   ][gc,start       ] GC(931) Pause Full (System.gc())
[6.531s][info   ][gc,task        ] GC(931) Using 1 workers of 10 for full compaction
[6.531s][info   ][gc,phases,start] GC(931) Phase 1: Mark live objects
[6.533s][info   ][gc,phases      ] GC(931) Phase 1: Mark live objects 2.634ms
[6.533s][info   ][gc,phases,start] GC(931) Phase 2: Prepare for compaction
[6.534s][info   ][gc,phases      ] GC(931) Phase 2: Prepare for compaction 0.172ms
[6.534s][info   ][gc,phases,start] GC(931) Phase 3: Adjust pointers
[6.535s][info   ][gc,phases      ] GC(931) Phase 3: Adjust pointers 1.635ms
[6.535s][info   ][gc,phases,start] GC(931) Phase 4: Compact heap
[6.535s][info   ][gc,phases      ] GC(931) Phase 4: Compact heap 0.118ms
[6.536s][info   ][gc,heap        ] GC(931) Eden regions: 0->0(3)
[6.536s][info   ][gc,heap        ] GC(931) Survivor regions: 0->0(0)
[6.536s][info   ][gc,heap        ] GC(931) Old regions: 2->2
[6.536s][info   ][gc,heap        ] GC(931) Archive regions: 2->2
[6.536s][info   ][gc,heap        ] GC(931) Humongous regions: 0->0
[6.536s][info   ][gc,metaspace   ] GC(931) Metaspace: 9524K(9792K)->9524K(9792K) NonClass: 8366K(8512K)->8366K(8512K) Class: 1157K(1280K)->1157K(1280K)
[6.536s][info   ][gc             ] GC(931) Pause Full (System.gc()) 4M->4M(28M) 5.200ms
[6.536s][info   ][gc,cpu         ] GC(931) User=0.01s Sys=0.00s Real=0.01s
[6.536s][info   ][gc,start       ] GC(932) Pause Full (System.gc())
[6.536s][info   ][gc,task        ] GC(932) Using 1 workers of 10 for full compaction
[6.537s][info   ][gc,phases,start] GC(932) Phase 1: Mark live objects
[6.540s][info   ][gc,phases      ] GC(932) Phase 1: Mark live objects 3.155ms
[6.540s][info   ][gc,phases,start] GC(932) Phase 2: Prepare for compaction
[6.540s][info   ][gc,phases      ] GC(932) Phase 2: Prepare for compaction 0.202ms
[6.540s][info   ][gc,phases,start] GC(932) Phase 3: Adjust pointers
[6.542s][info   ][gc,phases      ] GC(932) Phase 3: Adjust pointers 1.703ms
[6.542s][info   ][gc,phases,start] GC(932) Phase 4: Compact heap
[6.542s][info   ][gc,phases      ] GC(932) Phase 4: Compact heap 0.114ms
[6.542s][info   ][gc,heap        ] GC(932) Eden regions: 1->0(3)
[6.542s][info   ][gc,heap        ] GC(932) Survivor regions: 0->0(0)
[6.542s][info   ][gc,heap        ] GC(932) Old regions: 2->2
[6.542s][info   ][gc,heap        ] GC(932) Archive regions: 2->2
[6.542s][info   ][gc,heap        ] GC(932) Humongous regions: 0->0
[6.542s][info   ][gc,metaspace   ] GC(932) Metaspace: 9524K(9792K)->9524K(9792K) NonClass: 8366K(8512K)->8366K(8512K) Class: 1157K(1280K)->1157K(1280K)
[6.542s][info   ][gc             ] GC(932) Pause Full (System.gc()) 4M->4M(28M) 6.031ms
[6.543s][info   ][gc,cpu         ] GC(932) User=0.00s Sys=0.00s Real=0.00s
[6.543s][info   ][gc,start       ] GC(933) Pause Full (System.gc())
[6.543s][info   ][gc,task        ] GC(933) Using 1 workers of 10 for full compaction
[6.543s][info   ][gc,phases,start] GC(933) Phase 1: Mark live objects
[6.546s][info   ][gc,phases      ] GC(933) Phase 1: Mark live objects 3.732ms
[6.547s][info   ][gc,phases,start] GC(933) Phase 2: Prepare for compaction
[6.547s][info   ][gc,phases      ] GC(933) Phase 2: Prepare for compaction 0.257ms
[6.547s][info   ][gc,phases,start] GC(933) Phase 3: Adjust pointers
[6.549s][info   ][gc,phases      ] GC(933) Phase 3: Adjust pointers 2.426ms
[6.549s][info   ][gc,phases,start] GC(933) Phase 4: Compact heap
[6.549s][info   ][gc,phases      ] GC(933) Phase 4: Compact heap 0.108ms
[6.550s][info   ][gc,heap        ] GC(933) Eden regions: 0->0(3)
[6.550s][info   ][gc,heap        ] GC(933) Survivor regions: 0->0(0)
[6.550s][info   ][gc,heap        ] GC(933) Old regions: 2->2
[6.550s][info   ][gc,heap        ] GC(933) Archive regions: 2->2
[6.550s][info   ][gc,heap        ] GC(933) Humongous regions: 0->0
[6.550s][info   ][gc,metaspace   ] GC(933) Metaspace: 9524K(9792K)->9524K(9792K) NonClass: 8366K(8512K)->8366K(8512K) Class: 1157K(1280K)->1157K(1280K)
[6.550s][info   ][gc             ] GC(933) Pause Full (System.gc()) 4M->4M(28M) 7.410ms
[6.550s][info   ][gc,cpu         ] GC(933) User=0.01s Sys=0.00s Real=0.01s
[6.550s][info   ][gc,start       ] GC(934) Pause Full (System.gc())
[6.550s][info   ][gc,task        ] GC(934) Using 1 workers of 10 for full compaction
[6.550s][info   ][gc,phases,start] GC(934) Phase 1: Mark live objects
[6.555s][info   ][gc,phases      ] GC(934) Phase 1: Mark live objects 4.315ms
[6.555s][info   ][gc,phases,start] GC(934) Phase 2: Prepare for compaction
[6.555s][info   ][gc,phases      ] GC(934) Phase 2: Prepare for compaction 0.197ms
[6.555s][info   ][gc,phases,start] GC(934) Phase 3: Adjust pointers
[6.557s][info   ][gc,phases      ] GC(934) Phase 3: Adjust pointers 1.597ms
[6.557s][info   ][gc,phases,start] GC(934) Phase 4: Compact heap
[6.557s][info   ][gc,phases      ] GC(934) Phase 4: Compact heap 0.174ms
[6.558s][info   ][gc,heap        ] GC(934) Eden regions: 1->0(3)
[6.558s][info   ][gc,heap        ] GC(934) Survivor regions: 0->0(0)
[6.558s][info   ][gc,heap        ] GC(934) Old regions: 2->2
[6.558s][info   ][gc,heap        ] GC(934) Archive regions: 2->2
[6.558s][info   ][gc,heap        ] GC(934) Humongous regions: 0->0
[6.558s][info   ][gc,metaspace   ] GC(934) Metaspace: 9524K(9792K)->9524K(9792K) NonClass: 8366K(8512K)->8366K(8512K) Class: 1157K(1280K)->1157K(1280K)
[6.558s][info   ][gc             ] GC(934) Pause Full (System.gc()) 4M->4M(28M) 7.179ms
[6.558s][info   ][gc,cpu         ] GC(934) User=0.01s Sys=0.00s Real=0.01s
[6.558s][info   ][gc,start       ] GC(935) Pause Full (System.gc())
[6.558s][info   ][gc,task        ] GC(935) Using 1 workers of 10 for full compaction
[6.558s][info   ][gc,phases,start] GC(935) Phase 1: Mark live objects
[6.563s][info   ][gc,phases      ] GC(935) Phase 1: Mark live objects 5.248ms
[6.563s][info   ][gc,phases,start] GC(935) Phase 2: Prepare for compaction
[6.564s][info   ][gc,phases      ] GC(935) Phase 2: Prepare for compaction 0.432ms
[6.564s][info   ][gc,phases,start] GC(935) Phase 3: Adjust pointers
[6.567s][info   ][gc,phases      ] GC(935) Phase 3: Adjust pointers 3.791ms
[6.567s][info   ][gc,phases,start] GC(935) Phase 4: Compact heap
[6.568s][info   ][gc,phases      ] GC(935) Phase 4: Compact heap 0.211ms
[6.568s][info   ][gc,heap        ] GC(935) Eden regions: 0->0(3)
[6.568s][info   ][gc,heap        ] GC(935) Survivor regions: 0->0(0)
[6.568s][info   ][gc,heap        ] GC(935) Old regions: 2->2
[6.568s][info   ][gc,heap        ] GC(935) Archive regions: 2->2
[6.568s][info   ][gc,heap        ] GC(935) Humongous regions: 0->0
[6.568s][info   ][gc,metaspace   ] GC(935) Metaspace: 9524K(9792K)->9524K(9792K) NonClass: 8366K(8512K)->8366K(8512K) Class: 1157K(1280K)->1157K(1280K)
[6.568s][info   ][gc             ] GC(935) Pause Full (System.gc()) 4M->4M(28M) 10.561ms
[6.568s][info   ][gc,cpu         ] GC(935) User=0.01s Sys=0.00s Real=0.01s
[6.569s][info   ][gc,start       ] GC(936) Pause Full (System.gc())
[6.569s][info   ][gc,task        ] GC(936) Using 1 workers of 10 for full compaction
[6.569s][info   ][gc,phases,start] GC(936) Phase 1: Mark live objects
[6.574s][info   ][gc,phases      ] GC(936) Phase 1: Mark live objects 5.367ms
[6.574s][info   ][gc,phases,start] GC(936) Phase 2: Prepare for compaction
[6.574s][info   ][gc,phases      ] GC(936) Phase 2: Prepare for compaction 0.276ms
[6.574s][info   ][gc,phases,start] GC(936) Phase 3: Adjust pointers
[6.577s][info   ][gc,phases      ] GC(936) Phase 3: Adjust pointers 2.757ms
[6.577s][info   ][gc,phases,start] GC(936) Phase 4: Compact heap
[6.577s][info   ][gc,phases      ] GC(936) Phase 4: Compact heap 0.201ms
[6.578s][info   ][gc,heap        ] GC(936) Eden regions: 0->0(3)
[6.578s][info   ][gc,heap        ] GC(936) Survivor regions: 0->0(0)
[6.578s][info   ][gc,heap        ] GC(936) Old regions: 2->2
[6.578s][info   ][gc,heap        ] GC(936) Archive regions: 2->2
[6.578s][info   ][gc,heap        ] GC(936) Humongous regions: 0->0
[6.578s][info   ][gc,metaspace   ] GC(936) Metaspace: 9524K(9792K)->9524K(9792K) NonClass: 8366K(8512K)->8366K(8512K) Class: 1157K(1280K)->1157K(1280K)
[6.578s][info   ][gc             ] GC(936) Pause Full (System.gc()) 4M->4M(28M) 9.598ms
[6.578s][info   ][gc,cpu         ] GC(936) User=0.00s Sys=0.01s Real=0.01s
[6.579s][info   ][gc,start       ] GC(937) Pause Full (System.gc())
[6.579s][info   ][gc,task        ] GC(937) Using 1 workers of 10 for full compaction
[6.579s][info   ][gc,phases,start] GC(937) Phase 1: Mark live objects
[6.585s][info   ][gc,phases      ] GC(937) Phase 1: Mark live objects 5.583ms
[6.585s][info   ][gc,phases,start] GC(937) Phase 2: Prepare for compaction
[6.585s][info   ][gc,phases      ] GC(937) Phase 2: Prepare for compaction 0.265ms
[6.585s][info   ][gc,phases,start] GC(937) Phase 3: Adjust pointers
[6.588s][info   ][gc,phases      ] GC(937) Phase 3: Adjust pointers 2.902ms
[6.588s][info   ][gc,phases,start] GC(937) Phase 4: Compact heap
[6.588s][info   ][gc,phases      ] GC(937) Phase 4: Compact heap 0.147ms
[6.589s][info   ][gc,heap        ] GC(937) Eden regions: 1->0(3)
[6.589s][info   ][gc,heap        ] GC(937) Survivor regions: 0->0(0)
[6.589s][info   ][gc,heap        ] GC(937) Old regions: 2->2
[6.589s][info   ][gc,heap        ] GC(937) Archive regions: 2->2
[6.589s][info   ][gc,heap        ] GC(937) Humongous regions: 0->0
[6.589s][info   ][gc,metaspace   ] GC(937) Metaspace: 9524K(9792K)->9524K(9792K) NonClass: 8366K(8512K)->8366K(8512K) Class: 1157K(1280K)->1157K(1280K)
[6.589s][info   ][gc             ] GC(937) Pause Full (System.gc()) 4M->4M(28M) 9.665ms
[6.589s][info   ][gc,cpu         ] GC(937) User=0.01s Sys=0.00s Real=0.01s
[6.589s][info   ][gc,start       ] GC(938) Pause Full (System.gc())
[6.589s][info   ][gc,task        ] GC(938) Using 1 workers of 10 for full compaction
[6.589s][info   ][gc,phases,start] GC(938) Phase 1: Mark live objects
[6.594s][info   ][gc,phases      ] GC(938) Phase 1: Mark live objects 5.497ms
[6.594s][info   ][gc,phases,start] GC(938) Phase 2: Prepare for compaction
[6.595s][info   ][gc,phases      ] GC(938) Phase 2: Prepare for compaction 0.279ms
[6.595s][info   ][gc,phases,start] GC(938) Phase 3: Adjust pointers
[6.597s][info   ][gc,phases      ] GC(938) Phase 3: Adjust pointers 2.190ms
[6.597s][info   ][gc,phases,start] GC(938) Phase 4: Compact heap
[6.597s][info   ][gc,phases      ] GC(938) Phase 4: Compact heap 0.162ms
[6.598s][info   ][gc,heap        ] GC(938) Eden regions: 0->0(3)
[6.598s][info   ][gc,heap        ] GC(938) Survivor regions: 0->0(0)
[6.598s][info   ][gc,heap        ] GC(938) Old regions: 2->2
[6.598s][info   ][gc,heap        ] GC(938) Archive regions: 2->2
[6.598s][info   ][gc,heap        ] GC(938) Humongous regions: 0->0
[6.598s][info   ][gc,metaspace   ] GC(938) Metaspace: 9524K(9792K)->9524K(9792K) NonClass: 8366K(8512K)->8366K(8512K) Class: 1157K(1280K)->1157K(1280K)
[6.598s][info   ][gc             ] GC(938) Pause Full (System.gc()) 4M->4M(28M) 9.302ms
[6.598s][info   ][gc,cpu         ] GC(938) User=0.01s Sys=0.00s Real=0.01s
[6.599s][info   ][gc,start       ] GC(939) Pause Full (System.gc())
[6.599s][info   ][gc,task        ] GC(939) Using 1 workers of 10 for full compaction
[6.599s][info   ][gc,phases,start] GC(939) Phase 1: Mark live objects
[6.603s][info   ][gc,phases      ] GC(939) Phase 1: Mark live objects 4.529ms
[6.603s][info   ][gc,phases,start] GC(939) Phase 2: Prepare for compaction
[6.603s][info   ][gc,phases      ] GC(939) Phase 2: Prepare for compaction 0.210ms
[6.603s][info   ][gc,phases,start] GC(939) Phase 3: Adjust pointers
[6.606s][info   ][gc,phases      ] GC(939) Phase 3: Adjust pointers 2.983ms
[6.606s][info   ][gc,phases,start] GC(939) Phase 4: Compact heap
[6.607s][info   ][gc,phases      ] GC(939) Phase 4: Compact heap 0.155ms
[6.608s][info   ][gc,heap        ] GC(939) Eden regions: 1->0(3)
[6.608s][info   ][gc,heap        ] GC(939) Survivor regions: 0->0(0)
[6.608s][info   ][gc,heap        ] GC(939) Old regions: 2->2
[6.608s][info   ][gc,heap        ] GC(939) Archive regions: 2->2
[6.608s][info   ][gc,heap        ] GC(939) Humongous regions: 0->0
[6.608s][info   ][gc,metaspace   ] GC(939) Metaspace: 9524K(9792K)->9524K(9792K) NonClass: 8366K(8512K)->8366K(8512K) Class: 1157K(1280K)->1157K(1280K)
[6.608s][info   ][gc             ] GC(939) Pause Full (System.gc()) 4M->4M(28M) 9.056ms
[6.608s][info   ][gc,cpu         ] GC(939) User=0.01s Sys=0.00s Real=0.01s
[6.608s][info   ][gc,start       ] GC(940) Pause Full (System.gc())
[6.608s][info   ][gc,task        ] GC(940) Using 1 workers of 10 for full compaction
[6.608s][info   ][gc,phases,start] GC(940) Phase 1: Mark live objects
[6.611s][info   ][gc,phases      ] GC(940) Phase 1: Mark live objects 3.017ms
[6.611s][info   ][gc,phases,start] GC(940) Phase 2: Prepare for compaction
[6.611s][info   ][gc,phases      ] GC(940) Phase 2: Prepare for compaction 0.235ms
[6.611s][info   ][gc,phases,start] GC(940) Phase 3: Adjust pointers
[6.613s][info   ][gc,phases      ] GC(940) Phase 3: Adjust pointers 2.035ms
[6.613s][info   ][gc,phases,start] GC(940) Phase 4: Compact heap
[6.613s][info   ][gc,phases      ] GC(940) Phase 4: Compact heap 0.106ms
[6.614s][info   ][gc,heap        ] GC(940) Eden regions: 0->0(3)
[6.614s][info   ][gc,heap        ] GC(940) Survivor regions: 0->0(0)
[6.614s][info   ][gc,heap        ] GC(940) Old regions: 2->2
[6.614s][info   ][gc,heap        ] GC(940) Archive regions: 2->2
[6.614s][info   ][gc,heap        ] GC(940) Humongous regions: 0->0
[6.614s][info   ][gc,metaspace   ] GC(940) Metaspace: 9524K(9792K)->9524K(9792K) NonClass: 8366K(8512K)->8366K(8512K) Class: 1157K(1280K)->1157K(1280K)
[6.614s][info   ][gc             ] GC(940) Pause Full (System.gc()) 4M->4M(28M) 6.232ms
[6.614s][info   ][gc,cpu         ] GC(940) User=0.00s Sys=0.00s Real=0.01s
[6.615s][info   ][gc,start       ] GC(941) Pause Full (System.gc())
[6.615s][info   ][gc,task        ] GC(941) Using 1 workers of 10 for full compaction
[6.615s][info   ][gc,phases,start] GC(941) Phase 1: Mark live objects
[6.619s][info   ][gc,phases      ] GC(941) Phase 1: Mark live objects 4.143ms
[6.619s][info   ][gc,phases,start] GC(941) Phase 2: Prepare for compaction
[6.619s][info   ][gc,phases      ] GC(941) Phase 2: Prepare for compaction 0.248ms
[6.619s][info   ][gc,phases,start] GC(941) Phase 3: Adjust pointers
[6.622s][info   ][gc,phases      ] GC(941) Phase 3: Adjust pointers 2.497ms
[6.622s][info   ][gc,phases,start] GC(941) Phase 4: Compact heap
[6.622s][info   ][gc,phases      ] GC(941) Phase 4: Compact heap 0.171ms
[6.623s][info   ][gc,heap        ] GC(941) Eden regions: 1->0(3)
[6.623s][info   ][gc,heap        ] GC(941) Survivor regions: 0->0(0)
[6.623s][info   ][gc,heap        ] GC(941) Old regions: 2->2
[6.623s][info   ][gc,heap        ] GC(941) Archive regions: 2->2
[6.623s][info   ][gc,heap        ] GC(941) Humongous regions: 0->0
[6.623s][info   ][gc,metaspace   ] GC(941) Metaspace: 9524K(9792K)->9524K(9792K) NonClass: 8366K(8512K)->8366K(8512K) Class: 1157K(1280K)->1157K(1280K)
[6.623s][info   ][gc             ] GC(941) Pause Full (System.gc()) 4M->4M(28M) 7.948ms
[6.623s][info   ][gc,cpu         ] GC(941) User=0.01s Sys=0.00s Real=0.00s
[6.623s][info   ][gc,start       ] GC(942) Pause Full (System.gc())
[6.623s][info   ][gc,task        ] GC(942) Using 1 workers of 10 for full compaction
[6.623s][info   ][gc,phases,start] GC(942) Phase 1: Mark live objects
[6.628s][info   ][gc,phases      ] GC(942) Phase 1: Mark live objects 4.628ms
[6.628s][info   ][gc,phases,start] GC(942) Phase 2: Prepare for compaction
[6.628s][info   ][gc,phases      ] GC(942) Phase 2: Prepare for compaction 0.266ms
[6.628s][info   ][gc,phases,start] GC(942) Phase 3: Adjust pointers
[6.630s][info   ][gc,phases      ] GC(942) Phase 3: Adjust pointers 2.482ms
[6.630s][info   ][gc,phases,start] GC(942) Phase 4: Compact heap
[6.631s][info   ][gc,phases      ] GC(942) Phase 4: Compact heap 0.273ms
[6.631s][info   ][gc,heap        ] GC(942) Eden regions: 0->0(3)
[6.631s][info   ][gc,heap        ] GC(942) Survivor regions: 0->0(0)
[6.631s][info   ][gc,heap        ] GC(942) Old regions: 2->2
[6.631s][info   ][gc,heap        ] GC(942) Archive regions: 2->2
[6.631s][info   ][gc,heap        ] GC(942) Humongous regions: 0->0
[6.631s][info   ][gc,metaspace   ] GC(942) Metaspace: 9524K(9792K)->9524K(9792K) NonClass: 8366K(8512K)->8366K(8512K) Class: 1157K(1280K)->1157K(1280K)
[6.631s][info   ][gc             ] GC(942) Pause Full (System.gc()) 4M->4M(28M) 8.493ms
[6.631s][info   ][gc,cpu         ] GC(942) User=0.01s Sys=0.00s Real=0.01s
[6.632s][info   ][gc,start       ] GC(943) Pause Full (System.gc())
[6.632s][info   ][gc,task        ] GC(943) Using 1 workers of 10 for full compaction
[6.632s][info   ][gc,phases,start] GC(943) Phase 1: Mark live objects
[6.635s][info   ][gc,phases      ] GC(943) Phase 1: Mark live objects 3.089ms
[6.635s][info   ][gc,phases,start] GC(943) Phase 2: Prepare for compaction
[6.636s][info   ][gc,phases      ] GC(943) Phase 2: Prepare for compaction 0.560ms
[6.636s][info   ][gc,phases,start] GC(943) Phase 3: Adjust pointers
[6.637s][info   ][gc,phases      ] GC(943) Phase 3: Adjust pointers 1.479ms
[6.637s][info   ][gc,phases,start] GC(943) Phase 4: Compact heap
[6.638s][info   ][gc,phases      ] GC(943) Phase 4: Compact heap 0.121ms
[6.638s][info   ][gc,heap        ] GC(943) Eden regions: 1->0(3)
[6.638s][info   ][gc,heap        ] GC(943) Survivor regions: 0->0(0)
[6.638s][info   ][gc,heap        ] GC(943) Old regions: 2->2
[6.638s][info   ][gc,heap        ] GC(943) Archive regions: 2->2
[6.638s][info   ][gc,heap        ] GC(943) Humongous regions: 0->0
[6.638s][info   ][gc,metaspace   ] GC(943) Metaspace: 9524K(9792K)->9524K(9792K) NonClass: 8366K(8512K)->8366K(8512K) Class: 1157K(1280K)->1157K(1280K)
[6.638s][info   ][gc             ] GC(943) Pause Full (System.gc()) 4M->4M(28M) 6.002ms
[6.638s][info   ][gc,cpu         ] GC(943) User=0.00s Sys=0.00s Real=0.01s
[6.639s][info   ][gc,start       ] GC(944) Pause Full (System.gc())
[6.639s][info   ][gc,task        ] GC(944) Using 1 workers of 10 for full compaction
[6.639s][info   ][gc,phases,start] GC(944) Phase 1: Mark live objects
[6.642s][info   ][gc,phases      ] GC(944) Phase 1: Mark live objects 3.390ms
[6.642s][info   ][gc,phases,start] GC(944) Phase 2: Prepare for compaction
[6.642s][info   ][gc,phases      ] GC(944) Phase 2: Prepare for compaction 0.254ms
[6.642s][info   ][gc,phases,start] GC(944) Phase 3: Adjust pointers
[6.646s][info   ][gc,phases      ] GC(944) Phase 3: Adjust pointers 3.250ms
[6.646s][info   ][gc,phases,start] GC(944) Phase 4: Compact heap
[6.646s][info   ][gc,phases      ] GC(944) Phase 4: Compact heap 0.175ms
[6.647s][info   ][gc,heap        ] GC(944) Eden regions: 0->0(3)
[6.647s][info   ][gc,heap        ] GC(944) Survivor regions: 0->0(0)
[6.647s][info   ][gc,heap        ] GC(944) Old regions: 2->2
[6.647s][info   ][gc,heap        ] GC(944) Archive regions: 2->2
[6.647s][info   ][gc,heap        ] GC(944) Humongous regions: 0->0
[6.647s][info   ][gc,metaspace   ] GC(944) Metaspace: 9524K(9792K)->9524K(9792K) NonClass: 8366K(8512K)->8366K(8512K) Class: 1157K(1280K)->1157K(1280K)
[6.647s][info   ][gc             ] GC(944) Pause Full (System.gc()) 4M->4M(28M) 8.104ms
[6.647s][info   ][gc,cpu         ] GC(944) User=0.01s Sys=0.00s Real=0.01s
[6.647s][info   ][gc,start       ] GC(945) Pause Full (System.gc())
[6.647s][info   ][gc,task        ] GC(945) Using 1 workers of 10 for full compaction
[6.647s][info   ][gc,phases,start] GC(945) Phase 1: Mark live objects
[6.653s][info   ][gc,phases      ] GC(945) Phase 1: Mark live objects 5.525ms
[6.653s][info   ][gc,phases,start] GC(945) Phase 2: Prepare for compaction
[6.653s][info   ][gc,phases      ] GC(945) Phase 2: Prepare for compaction 0.244ms
[6.653s][info   ][gc,phases,start] GC(945) Phase 3: Adjust pointers
[6.656s][info   ][gc,phases      ] GC(945) Phase 3: Adjust pointers 2.762ms
[6.656s][info   ][gc,phases,start] GC(945) Phase 4: Compact heap
[6.656s][info   ][gc,phases      ] GC(945) Phase 4: Compact heap 0.146ms
[6.657s][info   ][gc,heap        ] GC(945) Eden regions: 0->0(3)
[6.657s][info   ][gc,heap        ] GC(945) Survivor regions: 0->0(0)
[6.657s][info   ][gc,heap        ] GC(945) Old regions: 2->2
[6.657s][info   ][gc,heap        ] GC(945) Archive regions: 2->2
[6.657s][info   ][gc,heap        ] GC(945) Humongous regions: 0->0
[6.657s][info   ][gc,metaspace   ] GC(945) Metaspace: 9524K(9792K)->9524K(9792K) NonClass: 8366K(8512K)->8366K(8512K) Class: 1157K(1280K)->1157K(1280K)
[6.657s][info   ][gc             ] GC(945) Pause Full (System.gc()) 4M->4M(28M) 9.899ms
[6.657s][info   ][gc,cpu         ] GC(945) User=0.01s Sys=0.00s Real=0.01s
[6.657s][info   ][gc,start       ] GC(946) Pause Full (System.gc())
[6.658s][info   ][gc,task        ] GC(946) Using 1 workers of 10 for full compaction
[6.658s][info   ][gc,phases,start] GC(946) Phase 1: Mark live objects
[6.662s][info   ][gc,phases      ] GC(946) Phase 1: Mark live objects 4.368ms
[6.662s][info   ][gc,phases,start] GC(946) Phase 2: Prepare for compaction
[6.662s][info   ][gc,phases      ] GC(946) Phase 2: Prepare for compaction 0.187ms
[6.662s][info   ][gc,phases,start] GC(946) Phase 3: Adjust pointers
[6.665s][info   ][gc,phases      ] GC(946) Phase 3: Adjust pointers 2.778ms
[6.665s][info   ][gc,phases,start] GC(946) Phase 4: Compact heap
[6.665s][info   ][gc,phases      ] GC(946) Phase 4: Compact heap 0.097ms
[6.666s][info   ][gc,heap        ] GC(946) Eden regions: 1->0(3)
[6.666s][info   ][gc,heap        ] GC(946) Survivor regions: 0->0(0)
[6.666s][info   ][gc,heap        ] GC(946) Old regions: 2->2
[6.666s][info   ][gc,heap        ] GC(946) Archive regions: 2->2
[6.666s][info   ][gc,heap        ] GC(946) Humongous regions: 0->0
[6.666s][info   ][gc,metaspace   ] GC(946) Metaspace: 9524K(9792K)->9524K(9792K) NonClass: 8366K(8512K)->8366K(8512K) Class: 1157K(1280K)->1157K(1280K)
[6.666s][info   ][gc             ] GC(946) Pause Full (System.gc()) 4M->4M(28M) 8.570ms
[6.666s][info   ][gc,cpu         ] GC(946) User=0.01s Sys=0.00s Real=0.01s
[6.666s][info   ][gc,start       ] GC(947) Pause Full (System.gc())
[6.666s][info   ][gc,task        ] GC(947) Using 1 workers of 10 for full compaction
[6.666s][info   ][gc,phases,start] GC(947) Phase 1: Mark live objects
[6.671s][info   ][gc,phases      ] GC(947) Phase 1: Mark live objects 4.373ms
[6.671s][info   ][gc,phases,start] GC(947) Phase 2: Prepare for compaction
[6.671s][info   ][gc,phases      ] GC(947) Phase 2: Prepare for compaction 0.175ms
[6.671s][info   ][gc,phases,start] GC(947) Phase 3: Adjust pointers
[6.673s][info   ][gc,phases      ] GC(947) Phase 3: Adjust pointers 2.147ms
[6.673s][info   ][gc,phases,start] GC(947) Phase 4: Compact heap
[6.673s][info   ][gc,phases      ] GC(947) Phase 4: Compact heap 0.104ms
[6.674s][info   ][gc,heap        ] GC(947) Eden regions: 0->0(3)
[6.674s][info   ][gc,heap        ] GC(947) Survivor regions: 0->0(0)
[6.674s][info   ][gc,heap        ] GC(947) Old regions: 2->2
[6.674s][info   ][gc,heap        ] GC(947) Archive regions: 2->2
[6.674s][info   ][gc,heap        ] GC(947) Humongous regions: 0->0
[6.674s][info   ][gc,metaspace   ] GC(947) Metaspace: 9524K(9792K)->9524K(9792K) NonClass: 8366K(8512K)->8366K(8512K) Class: 1157K(1280K)->1157K(1280K)
[6.674s][info   ][gc             ] GC(947) Pause Full (System.gc()) 4M->4M(28M) 7.492ms
[6.674s][info   ][gc,cpu         ] GC(947) User=0.01s Sys=0.00s Real=0.01s
[6.674s][info   ][gc,start       ] GC(948) Pause Full (System.gc())
[6.674s][info   ][gc,task        ] GC(948) Using 1 workers of 10 for full compaction
[6.674s][info   ][gc,phases,start] GC(948) Phase 1: Mark live objects
[6.677s][info   ][gc,phases      ] GC(948) Phase 1: Mark live objects 3.330ms
[6.677s][info   ][gc,phases,start] GC(948) Phase 2: Prepare for compaction
[6.678s][info   ][gc,phases      ] GC(948) Phase 2: Prepare for compaction 0.242ms
[6.678s][info   ][gc,phases,start] GC(948) Phase 3: Adjust pointers
[6.679s][info   ][gc,phases      ] GC(948) Phase 3: Adjust pointers 1.479ms
[6.679s][info   ][gc,phases,start] GC(948) Phase 4: Compact heap
[6.679s][info   ][gc,phases      ] GC(948) Phase 4: Compact heap 0.061ms
[6.680s][info   ][gc,heap        ] GC(948) Eden regions: 0->0(3)
[6.680s][info   ][gc,heap        ] GC(948) Survivor regions: 0->0(0)
[6.680s][info   ][gc,heap        ] GC(948) Old regions: 2->2
[6.680s][info   ][gc,heap        ] GC(948) Archive regions: 2->2
[6.680s][info   ][gc,heap        ] GC(948) Humongous regions: 0->0
[6.680s][info   ][gc,metaspace   ] GC(948) Metaspace: 9524K(9792K)->9524K(9792K) NonClass: 8366K(8512K)->8366K(8512K) Class: 1157K(1280K)->1157K(1280K)
[6.680s][info   ][gc             ] GC(948) Pause Full (System.gc()) 4M->4M(28M) 5.911ms
[6.680s][info   ][gc,cpu         ] GC(948) User=0.00s Sys=0.01s Real=0.00s
[6.680s][info   ][gc,start       ] GC(949) Pause Full (System.gc())
[6.680s][info   ][gc,task        ] GC(949) Using 1 workers of 10 for full compaction
[6.680s][info   ][gc,phases,start] GC(949) Phase 1: Mark live objects
[6.684s][info   ][gc,phases      ] GC(949) Phase 1: Mark live objects 4.209ms
[6.685s][info   ][gc,phases,start] GC(949) Phase 2: Prepare for compaction
[6.685s][info   ][gc,phases      ] GC(949) Phase 2: Prepare for compaction 0.178ms
[6.685s][info   ][gc,phases,start] GC(949) Phase 3: Adjust pointers
[6.687s][info   ][gc,phases      ] GC(949) Phase 3: Adjust pointers 1.801ms
[6.687s][info   ][gc,phases,start] GC(949) Phase 4: Compact heap
[6.687s][info   ][gc,phases      ] GC(949) Phase 4: Compact heap 0.114ms
[6.687s][info   ][gc,heap        ] GC(949) Eden regions: 1->0(3)
[6.687s][info   ][gc,heap        ] GC(949) Survivor regions: 0->0(0)
[6.687s][info   ][gc,heap        ] GC(949) Old regions: 2->2
[6.687s][info   ][gc,heap        ] GC(949) Archive regions: 2->2
[6.687s][info   ][gc,heap        ] GC(949) Humongous regions: 0->0
[6.687s][info   ][gc,metaspace   ] GC(949) Metaspace: 9524K(9792K)->9524K(9792K) NonClass: 8366K(8512K)->8366K(8512K) Class: 1157K(1280K)->1157K(1280K)
[6.687s][info   ][gc             ] GC(949) Pause Full (System.gc()) 4M->4M(28M) 7.095ms
[6.687s][info   ][gc,cpu         ] GC(949) User=0.01s Sys=0.00s Real=0.01s
[6.688s][info   ][gc,start       ] GC(950) Pause Full (System.gc())
[6.688s][info   ][gc,task        ] GC(950) Using 1 workers of 10 for full compaction
[6.688s][info   ][gc,phases,start] GC(950) Phase 1: Mark live objects
[6.691s][info   ][gc,phases      ] GC(950) Phase 1: Mark live objects 3.423ms
[6.691s][info   ][gc,phases,start] GC(950) Phase 2: Prepare for compaction
[6.692s][info   ][gc,phases      ] GC(950) Phase 2: Prepare for compaction 0.177ms
[6.692s][info   ][gc,phases,start] GC(950) Phase 3: Adjust pointers
[6.694s][info   ][gc,phases      ] GC(950) Phase 3: Adjust pointers 2.191ms
[6.694s][info   ][gc,phases,start] GC(950) Phase 4: Compact heap
[6.694s][info   ][gc,phases      ] GC(950) Phase 4: Compact heap 0.126ms
[6.695s][info   ][gc,heap        ] GC(950) Eden regions: 1->0(3)
[6.695s][info   ][gc,heap        ] GC(950) Survivor regions: 0->0(0)
[6.695s][info   ][gc,heap        ] GC(950) Old regions: 2->2
[6.695s][info   ][gc,heap        ] GC(950) Archive regions: 2->2
[6.695s][info   ][gc,heap        ] GC(950) Humongous regions: 0->0
[6.695s][info   ][gc,metaspace   ] GC(950) Metaspace: 9524K(9792K)->9524K(9792K) NonClass: 8366K(8512K)->8366K(8512K) Class: 1157K(1280K)->1157K(1280K)
[6.695s][info   ][gc             ] GC(950) Pause Full (System.gc()) 4M->4M(28M) 6.826ms
[6.695s][info   ][gc,cpu         ] GC(950) User=0.00s Sys=0.00s Real=0.01s
[6.695s][info   ][gc,start       ] GC(951) Pause Full (System.gc())
[6.695s][info   ][gc,task        ] GC(951) Using 1 workers of 10 for full compaction
[6.695s][info   ][gc,phases,start] GC(951) Phase 1: Mark live objects
[6.699s][info   ][gc,phases      ] GC(951) Phase 1: Mark live objects 3.775ms
[6.699s][info   ][gc,phases,start] GC(951) Phase 2: Prepare for compaction
[6.699s][info   ][gc,phases      ] GC(951) Phase 2: Prepare for compaction 0.213ms
[6.699s][info   ][gc,phases,start] GC(951) Phase 3: Adjust pointers
[6.701s][info   ][gc,phases      ] GC(951) Phase 3: Adjust pointers 1.862ms
[6.701s][info   ][gc,phases,start] GC(951) Phase 4: Compact heap
[6.701s][info   ][gc,phases      ] GC(951) Phase 4: Compact heap 0.071ms
[6.702s][info   ][gc,heap        ] GC(951) Eden regions: 0->0(3)
[6.702s][info   ][gc,heap        ] GC(951) Survivor regions: 0->0(0)
[6.702s][info   ][gc,heap        ] GC(951) Old regions: 2->2
[6.702s][info   ][gc,heap        ] GC(951) Archive regions: 2->2
[6.702s][info   ][gc,heap        ] GC(951) Humongous regions: 0->0
[6.702s][info   ][gc,metaspace   ] GC(951) Metaspace: 9524K(9792K)->9524K(9792K) NonClass: 8366K(8512K)->8366K(8512K) Class: 1157K(1280K)->1157K(1280K)
[6.702s][info   ][gc             ] GC(951) Pause Full (System.gc()) 4M->4M(28M) 6.810ms
[6.702s][info   ][gc,cpu         ] GC(951) User=0.01s Sys=0.00s Real=0.00s
[6.702s][info   ][gc,start       ] GC(952) Pause Full (System.gc())
[6.702s][info   ][gc,task        ] GC(952) Using 1 workers of 10 for full compaction
[6.702s][info   ][gc,phases,start] GC(952) Phase 1: Mark live objects
[6.707s][info   ][gc,phases      ] GC(952) Phase 1: Mark live objects 4.561ms
[6.707s][info   ][gc,phases,start] GC(952) Phase 2: Prepare for compaction
[6.707s][info   ][gc,phases      ] GC(952) Phase 2: Prepare for compaction 0.140ms
[6.707s][info   ][gc,phases,start] GC(952) Phase 3: Adjust pointers
[6.709s][info   ][gc,phases      ] GC(952) Phase 3: Adjust pointers 2.037ms
[6.709s][info   ][gc,phases,start] GC(952) Phase 4: Compact heap
[6.709s][info   ][gc,phases      ] GC(952) Phase 4: Compact heap 0.142ms
[6.710s][info   ][gc,heap        ] GC(952) Eden regions: 0->0(3)
[6.710s][info   ][gc,heap        ] GC(952) Survivor regions: 0->0(0)
[6.710s][info   ][gc,heap        ] GC(952) Old regions: 2->2
[6.710s][info   ][gc,heap        ] GC(952) Archive regions: 2->2
[6.710s][info   ][gc,heap        ] GC(952) Humongous regions: 0->0
[6.710s][info   ][gc,metaspace   ] GC(952) Metaspace: 9524K(9792K)->9524K(9792K) NonClass: 8366K(8512K)->8366K(8512K) Class: 1157K(1280K)->1157K(1280K)
[6.710s][info   ][gc             ] GC(952) Pause Full (System.gc()) 4M->4M(28M) 7.658ms
[6.710s][info   ][gc,cpu         ] GC(952) User=0.01s Sys=0.00s Real=0.01s
[6.710s][info   ][gc,start       ] GC(953) Pause Full (System.gc())
[6.710s][info   ][gc,task        ] GC(953) Using 1 workers of 10 for full compaction
[6.710s][info   ][gc,phases,start] GC(953) Phase 1: Mark live objects
[6.713s][info   ][gc,phases      ] GC(953) Phase 1: Mark live objects 3.003ms
[6.713s][info   ][gc,phases,start] GC(953) Phase 2: Prepare for compaction
[6.713s][info   ][gc,phases      ] GC(953) Phase 2: Prepare for compaction 0.197ms
[6.713s][info   ][gc,phases,start] GC(953) Phase 3: Adjust pointers
[6.715s][info   ][gc,phases      ] GC(953) Phase 3: Adjust pointers 2.006ms
[6.715s][info   ][gc,phases,start] GC(953) Phase 4: Compact heap
[6.715s][info   ][gc,phases      ] GC(953) Phase 4: Compact heap 0.129ms
[6.716s][info   ][gc,heap        ] GC(953) Eden regions: 0->0(3)
[6.716s][info   ][gc,heap        ] GC(953) Survivor regions: 0->0(0)
[6.716s][info   ][gc,heap        ] GC(953) Old regions: 2->2
[6.716s][info   ][gc,heap        ] GC(953) Archive regions: 2->2
[6.716s][info   ][gc,heap        ] GC(953) Humongous regions: 0->0
[6.716s][info   ][gc,metaspace   ] GC(953) Metaspace: 9524K(9792K)->9524K(9792K) NonClass: 8366K(8512K)->8366K(8512K) Class: 1157K(1280K)->1157K(1280K)
[6.716s][info   ][gc             ] GC(953) Pause Full (System.gc()) 4M->4M(28M) 5.925ms
[6.716s][info   ][gc,cpu         ] GC(953) User=0.00s Sys=0.00s Real=0.01s
[6.716s][info   ][gc,start       ] GC(954) Pause Full (System.gc())
[6.716s][info   ][gc,task        ] GC(954) Using 1 workers of 10 for full compaction
[6.716s][info   ][gc,phases,start] GC(954) Phase 1: Mark live objects
[6.719s][info   ][gc,phases      ] GC(954) Phase 1: Mark live objects 2.840ms
[6.719s][info   ][gc,phases,start] GC(954) Phase 2: Prepare for compaction
[6.719s][info   ][gc,phases      ] GC(954) Phase 2: Prepare for compaction 0.170ms
[6.719s][info   ][gc,phases,start] GC(954) Phase 3: Adjust pointers
[6.721s][info   ][gc,phases      ] GC(954) Phase 3: Adjust pointers 1.885ms
[6.721s][info   ][gc,phases,start] GC(954) Phase 4: Compact heap
[6.721s][info   ][gc,phases      ] GC(954) Phase 4: Compact heap 0.192ms
[6.722s][info   ][gc,heap        ] GC(954) Eden regions: 0->0(3)
[6.722s][info   ][gc,heap        ] GC(954) Survivor regions: 0->0(0)
[6.722s][info   ][gc,heap        ] GC(954) Old regions: 2->2
[6.722s][info   ][gc,heap        ] GC(954) Archive regions: 2->2
[6.722s][info   ][gc,heap        ] GC(954) Humongous regions: 0->0
[6.722s][info   ][gc,metaspace   ] GC(954) Metaspace: 9524K(9792K)->9524K(9792K) NonClass: 8366K(8512K)->8366K(8512K) Class: 1157K(1280K)->1157K(1280K)
[6.722s][info   ][gc             ] GC(954) Pause Full (System.gc()) 4M->4M(28M) 5.946ms
[6.722s][info   ][gc,cpu         ] GC(954) User=0.01s Sys=0.00s Real=0.00s
[6.722s][info   ][gc,start       ] GC(955) Pause Full (System.gc())
[6.722s][info   ][gc,task        ] GC(955) Using 1 workers of 10 for full compaction
[6.722s][info   ][gc,phases,start] GC(955) Phase 1: Mark live objects
[6.726s][info   ][gc,phases      ] GC(955) Phase 1: Mark live objects 3.504ms
[6.726s][info   ][gc,phases,start] GC(955) Phase 2: Prepare for compaction
[6.726s][info   ][gc,phases      ] GC(955) Phase 2: Prepare for compaction 0.197ms
[6.726s][info   ][gc,phases,start] GC(955) Phase 3: Adjust pointers
[6.728s][info   ][gc,phases      ] GC(955) Phase 3: Adjust pointers 1.893ms
[6.728s][info   ][gc,phases,start] GC(955) Phase 4: Compact heap
[6.728s][info   ][gc,phases      ] GC(955) Phase 4: Compact heap 0.217ms
[6.729s][info   ][gc,heap        ] GC(955) Eden regions: 1->0(3)
[6.729s][info   ][gc,heap        ] GC(955) Survivor regions: 0->0(0)
[6.729s][info   ][gc,heap        ] GC(955) Old regions: 2->2
[6.729s][info   ][gc,heap        ] GC(955) Archive regions: 2->2
[6.729s][info   ][gc,heap        ] GC(955) Humongous regions: 0->0
[6.729s][info   ][gc,metaspace   ] GC(955) Metaspace: 9524K(9792K)->9524K(9792K) NonClass: 8366K(8512K)->8366K(8512K) Class: 1157K(1280K)->1157K(1280K)
[6.729s][info   ][gc             ] GC(955) Pause Full (System.gc()) 4M->4M(28M) 6.440ms
[6.729s][info   ][gc,cpu         ] GC(955) User=0.01s Sys=0.00s Real=0.01s
[6.729s][info   ][gc,start       ] GC(956) Pause Full (System.gc())
[6.729s][info   ][gc,task        ] GC(956) Using 1 workers of 10 for full compaction
[6.729s][info   ][gc,phases,start] GC(956) Phase 1: Mark live objects
[6.732s][info   ][gc,phases      ] GC(956) Phase 1: Mark live objects 3.229ms
[6.732s][info   ][gc,phases,start] GC(956) Phase 2: Prepare for compaction
[6.732s][info   ][gc,phases      ] GC(956) Phase 2: Prepare for compaction 0.108ms
[6.732s][info   ][gc,phases,start] GC(956) Phase 3: Adjust pointers
[6.734s][info   ][gc,phases      ] GC(956) Phase 3: Adjust pointers 1.689ms
[6.734s][info   ][gc,phases,start] GC(956) Phase 4: Compact heap
[6.734s][info   ][gc,phases      ] GC(956) Phase 4: Compact heap 0.189ms
[6.735s][info   ][gc,heap        ] GC(956) Eden regions: 0->0(3)
[6.735s][info   ][gc,heap        ] GC(956) Survivor regions: 0->0(0)
[6.735s][info   ][gc,heap        ] GC(956) Old regions: 2->2
[6.735s][info   ][gc,heap        ] GC(956) Archive regions: 2->2
[6.735s][info   ][gc,heap        ] GC(956) Humongous regions: 0->0
[6.735s][info   ][gc,metaspace   ] GC(956) Metaspace: 9524K(9792K)->9524K(9792K) NonClass: 8366K(8512K)->8366K(8512K) Class: 1157K(1280K)->1157K(1280K)
[6.735s][info   ][gc             ] GC(956) Pause Full (System.gc()) 4M->4M(28M) 5.860ms
[6.735s][info   ][gc,cpu         ] GC(956) User=0.00s Sys=0.00s Real=0.01s
[6.735s][info   ][gc,start       ] GC(957) Pause Full (System.gc())
[6.735s][info   ][gc,task        ] GC(957) Using 1 workers of 10 for full compaction
[6.735s][info   ][gc,phases,start] GC(957) Phase 1: Mark live objects
[6.739s][info   ][gc,phases      ] GC(957) Phase 1: Mark live objects 3.364ms
[6.739s][info   ][gc,phases,start] GC(957) Phase 2: Prepare for compaction
[6.739s][info   ][gc,phases      ] GC(957) Phase 2: Prepare for compaction 0.150ms
[6.739s][info   ][gc,phases,start] GC(957) Phase 3: Adjust pointers
[6.741s][info   ][gc,phases      ] GC(957) Phase 3: Adjust pointers 1.883ms
[6.741s][info   ][gc,phases,start] GC(957) Phase 4: Compact heap
[6.741s][info   ][gc,phases      ] GC(957) Phase 4: Compact heap 0.170ms
[6.742s][info   ][gc,heap        ] GC(957) Eden regions: 1->0(3)
[6.742s][info   ][gc,heap        ] GC(957) Survivor regions: 0->0(0)
[6.742s][info   ][gc,heap        ] GC(957) Old regions: 2->2
[6.742s][info   ][gc,heap        ] GC(957) Archive regions: 2->2
[6.742s][info   ][gc,heap        ] GC(957) Humongous regions: 0->0
[6.742s][info   ][gc,metaspace   ] GC(957) Metaspace: 9524K(9792K)->9524K(9792K) NonClass: 8366K(8512K)->8366K(8512K) Class: 1157K(1280K)->1157K(1280K)
[6.742s][info   ][gc             ] GC(957) Pause Full (System.gc()) 4M->4M(28M) 6.164ms
[6.742s][info   ][gc,cpu         ] GC(957) User=0.01s Sys=0.00s Real=0.00s
[6.742s][info   ][gc,start       ] GC(958) Pause Full (System.gc())
[6.742s][info   ][gc,task        ] GC(958) Using 1 workers of 10 for full compaction
[6.742s][info   ][gc,phases,start] GC(958) Phase 1: Mark live objects
[6.745s][info   ][gc,phases      ] GC(958) Phase 1: Mark live objects 3.198ms
[6.745s][info   ][gc,phases,start] GC(958) Phase 2: Prepare for compaction
[6.745s][info   ][gc,phases      ] GC(958) Phase 2: Prepare for compaction 0.080ms
[6.745s][info   ][gc,phases,start] GC(958) Phase 3: Adjust pointers
[6.747s][info   ][gc,phases      ] GC(958) Phase 3: Adjust pointers 1.315ms
[6.747s][info   ][gc,phases,start] GC(958) Phase 4: Compact heap
[6.747s][info   ][gc,phases      ] GC(958) Phase 4: Compact heap 0.125ms
[6.747s][info   ][gc,heap        ] GC(958) Eden regions: 1->0(3)
[6.747s][info   ][gc,heap        ] GC(958) Survivor regions: 0->0(0)
[6.747s][info   ][gc,heap        ] GC(958) Old regions: 2->2
[6.747s][info   ][gc,heap        ] GC(958) Archive regions: 2->2
[6.747s][info   ][gc,heap        ] GC(958) Humongous regions: 0->0
[6.747s][info   ][gc,metaspace   ] GC(958) Metaspace: 9524K(9792K)->9524K(9792K) NonClass: 8366K(8512K)->8366K(8512K) Class: 1157K(1280K)->1157K(1280K)
[6.747s][info   ][gc             ] GC(958) Pause Full (System.gc()) 4M->4M(28M) 5.391ms
[6.747s][info   ][gc,cpu         ] GC(958) User=0.00s Sys=0.00s Real=0.01s
[6.747s][info   ][gc,start       ] GC(959) Pause Full (System.gc())
[6.747s][info   ][gc,task        ] GC(959) Using 1 workers of 10 for full compaction
[6.747s][info   ][gc,phases,start] GC(959) Phase 1: Mark live objects
[6.750s][info   ][gc,phases      ] GC(959) Phase 1: Mark live objects 2.646ms
[6.750s][info   ][gc,phases,start] GC(959) Phase 2: Prepare for compaction
[6.750s][info   ][gc,phases      ] GC(959) Phase 2: Prepare for compaction 0.201ms
[6.750s][info   ][gc,phases,start] GC(959) Phase 3: Adjust pointers
[6.752s][info   ][gc,phases      ] GC(959) Phase 3: Adjust pointers 1.227ms
[6.752s][info   ][gc,phases,start] GC(959) Phase 4: Compact heap
[6.752s][info   ][gc,phases      ] GC(959) Phase 4: Compact heap 0.092ms
[6.752s][info   ][gc,heap        ] GC(959) Eden regions: 0->0(3)
[6.752s][info   ][gc,heap        ] GC(959) Survivor regions: 0->0(0)
[6.752s][info   ][gc,heap        ] GC(959) Old regions: 2->2
[6.752s][info   ][gc,heap        ] GC(959) Archive regions: 2->2
[6.752s][info   ][gc,heap        ] GC(959) Humongous regions: 0->0
[6.752s][info   ][gc,metaspace   ] GC(959) Metaspace: 9524K(9792K)->9524K(9792K) NonClass: 8366K(8512K)->8366K(8512K) Class: 1157K(1280K)->1157K(1280K)
[6.752s][info   ][gc             ] GC(959) Pause Full (System.gc()) 4M->4M(28M) 4.774ms
[6.752s][info   ][gc,cpu         ] GC(959) User=0.01s Sys=0.00s Real=0.00s
[6.752s][info   ][gc,start       ] GC(960) Pause Full (System.gc())
[6.753s][info   ][gc,task        ] GC(960) Using 1 workers of 10 for full compaction
[6.753s][info   ][gc,phases,start] GC(960) Phase 1: Mark live objects
[6.756s][info   ][gc,phases      ] GC(960) Phase 1: Mark live objects 3.382ms
[6.756s][info   ][gc,phases,start] GC(960) Phase 2: Prepare for compaction
[6.756s][info   ][gc,phases      ] GC(960) Phase 2: Prepare for compaction 0.203ms
[6.756s][info   ][gc,phases,start] GC(960) Phase 3: Adjust pointers
[6.758s][info   ][gc,phases      ] GC(960) Phase 3: Adjust pointers 2.166ms
[6.758s][info   ][gc,phases,start] GC(960) Phase 4: Compact heap
[6.759s][info   ][gc,phases      ] GC(960) Phase 4: Compact heap 0.224ms
[6.759s][info   ][gc,heap        ] GC(960) Eden regions: 1->0(3)
[6.759s][info   ][gc,heap        ] GC(960) Survivor regions: 0->0(0)
[6.759s][info   ][gc,heap        ] GC(960) Old regions: 2->2
[6.759s][info   ][gc,heap        ] GC(960) Archive regions: 2->2
[6.759s][info   ][gc,heap        ] GC(960) Humongous regions: 0->0
[6.759s][info   ][gc,metaspace   ] GC(960) Metaspace: 9524K(9792K)->9524K(9792K) NonClass: 8366K(8512K)->8366K(8512K) Class: 1157K(1280K)->1157K(1280K)
[6.759s][info   ][gc             ] GC(960) Pause Full (System.gc()) 4M->4M(28M) 6.690ms
[6.759s][info   ][gc,cpu         ] GC(960) User=0.00s Sys=0.00s Real=0.01s
[6.760s][info   ][gc,start       ] GC(961) Pause Full (System.gc())
[6.760s][info   ][gc,task        ] GC(961) Using 1 workers of 10 for full compaction
[6.760s][info   ][gc,phases,start] GC(961) Phase 1: Mark live objects
[6.762s][info   ][gc,phases      ] GC(961) Phase 1: Mark live objects 2.368ms
[6.762s][info   ][gc,phases,start] GC(961) Phase 2: Prepare for compaction
[6.762s][info   ][gc,phases      ] GC(961) Phase 2: Prepare for compaction 0.186ms
[6.762s][info   ][gc,phases,start] GC(961) Phase 3: Adjust pointers
[6.763s][info   ][gc,phases      ] GC(961) Phase 3: Adjust pointers 1.261ms
[6.763s][info   ][gc,phases,start] GC(961) Phase 4: Compact heap
[6.764s][info   ][gc,phases      ] GC(961) Phase 4: Compact heap 0.192ms
[6.764s][info   ][gc,heap        ] GC(961) Eden regions: 1->0(3)
[6.764s][info   ][gc,heap        ] GC(961) Survivor regions: 0->0(0)
[6.764s][info   ][gc,heap        ] GC(961) Old regions: 2->2
[6.764s][info   ][gc,heap        ] GC(961) Archive regions: 2->2
[6.764s][info   ][gc,heap        ] GC(961) Humongous regions: 0->0
[6.764s][info   ][gc,metaspace   ] GC(961) Metaspace: 9524K(9792K)->9524K(9792K) NonClass: 8366K(8512K)->8366K(8512K) Class: 1157K(1280K)->1157K(1280K)
[6.764s][info   ][gc             ] GC(961) Pause Full (System.gc()) 4M->4M(28M) 4.789ms
[6.764s][info   ][gc,cpu         ] GC(961) User=0.01s Sys=0.00s Real=0.01s
[6.765s][info   ][gc,start       ] GC(962) Pause Full (System.gc())
[6.765s][info   ][gc,task        ] GC(962) Using 1 workers of 10 for full compaction
[6.765s][info   ][gc,phases,start] GC(962) Phase 1: Mark live objects
[6.767s][info   ][gc,phases      ] GC(962) Phase 1: Mark live objects 2.658ms
[6.767s][info   ][gc,phases,start] GC(962) Phase 2: Prepare for compaction
[6.767s][info   ][gc,phases      ] GC(962) Phase 2: Prepare for compaction 0.237ms
[6.767s][info   ][gc,phases,start] GC(962) Phase 3: Adjust pointers
[6.769s][info   ][gc,phases      ] GC(962) Phase 3: Adjust pointers 1.917ms
[6.769s][info   ][gc,phases,start] GC(962) Phase 4: Compact heap
[6.770s][info   ][gc,phases      ] GC(962) Phase 4: Compact heap 0.336ms
[6.770s][info   ][gc,heap        ] GC(962) Eden regions: 0->0(3)
[6.771s][info   ][gc,heap        ] GC(962) Survivor regions: 0->0(0)
[6.771s][info   ][gc,heap        ] GC(962) Old regions: 2->2
[6.771s][info   ][gc,heap        ] GC(962) Archive regions: 2->2
[6.771s][info   ][gc,heap        ] GC(962) Humongous regions: 0->0
[6.771s][info   ][gc,metaspace   ] GC(962) Metaspace: 9524K(9792K)->9524K(9792K) NonClass: 8366K(8512K)->8366K(8512K) Class: 1157K(1280K)->1157K(1280K)
[6.771s][info   ][gc             ] GC(962) Pause Full (System.gc()) 4M->4M(28M) 6.007ms
[6.771s][info   ][gc,cpu         ] GC(962) User=0.00s Sys=0.00s Real=0.00s
[6.771s][info   ][gc,start       ] GC(963) Pause Full (System.gc())
[6.771s][info   ][gc,task        ] GC(963) Using 1 workers of 10 for full compaction
[6.771s][info   ][gc,phases,start] GC(963) Phase 1: Mark live objects
[6.776s][info   ][gc,phases      ] GC(963) Phase 1: Mark live objects 4.917ms
[6.776s][info   ][gc,phases,start] GC(963) Phase 2: Prepare for compaction
[6.776s][info   ][gc,phases      ] GC(963) Phase 2: Prepare for compaction 0.321ms
[6.776s][info   ][gc,phases,start] GC(963) Phase 3: Adjust pointers
[6.778s][info   ][gc,phases      ] GC(963) Phase 3: Adjust pointers 2.111ms
[6.778s][info   ][gc,phases,start] GC(963) Phase 4: Compact heap
[6.779s][info   ][gc,phases      ] GC(963) Phase 4: Compact heap 0.159ms
[6.779s][info   ][gc,heap        ] GC(963) Eden regions: 1->0(3)
[6.779s][info   ][gc,heap        ] GC(963) Survivor regions: 0->0(0)
[6.779s][info   ][gc,heap        ] GC(963) Old regions: 2->2
[6.779s][info   ][gc,heap        ] GC(963) Archive regions: 2->2
[6.779s][info   ][gc,heap        ] GC(963) Humongous regions: 0->0
[6.779s][info   ][gc,metaspace   ] GC(963) Metaspace: 9524K(9792K)->9524K(9792K) NonClass: 8366K(8512K)->8366K(8512K) Class: 1157K(1280K)->1157K(1280K)
[6.779s][info   ][gc             ] GC(963) Pause Full (System.gc()) 4M->4M(28M) 8.109ms
[6.779s][info   ][gc,cpu         ] GC(963) User=0.01s Sys=0.00s Real=0.01s
[6.779s][info   ][gc,start       ] GC(964) Pause Full (System.gc())
[6.779s][info   ][gc,task        ] GC(964) Using 1 workers of 10 for full compaction
[6.779s][info   ][gc,phases,start] GC(964) Phase 1: Mark live objects
[6.782s][info   ][gc,phases      ] GC(964) Phase 1: Mark live objects 3.093ms
[6.782s][info   ][gc,phases,start] GC(964) Phase 2: Prepare for compaction
[6.783s][info   ][gc,phases      ] GC(964) Phase 2: Prepare for compaction 0.161ms
[6.783s][info   ][gc,phases,start] GC(964) Phase 3: Adjust pointers
[6.785s][info   ][gc,phases      ] GC(964) Phase 3: Adjust pointers 2.008ms
[6.785s][info   ][gc,phases,start] GC(964) Phase 4: Compact heap
[6.785s][info   ][gc,phases      ] GC(964) Phase 4: Compact heap 0.179ms
[6.785s][info   ][gc,heap        ] GC(964) Eden regions: 0->0(3)
[6.785s][info   ][gc,heap        ] GC(964) Survivor regions: 0->0(0)
[6.785s][info   ][gc,heap        ] GC(964) Old regions: 2->2
[6.785s][info   ][gc,heap        ] GC(964) Archive regions: 2->2
[6.785s][info   ][gc,heap        ] GC(964) Humongous regions: 0->0
[6.785s][info   ][gc,metaspace   ] GC(964) Metaspace: 9524K(9792K)->9524K(9792K) NonClass: 8366K(8512K)->8366K(8512K) Class: 1157K(1280K)->1157K(1280K)
[6.785s][info   ][gc             ] GC(964) Pause Full (System.gc()) 4M->4M(28M) 6.162ms
[6.785s][info   ][gc,cpu         ] GC(964) User=0.01s Sys=0.00s Real=0.01s
[6.786s][info   ][gc,start       ] GC(965) Pause Full (System.gc())
[6.786s][info   ][gc,task        ] GC(965) Using 1 workers of 10 for full compaction
[6.786s][info   ][gc,phases,start] GC(965) Phase 1: Mark live objects
[6.790s][info   ][gc,phases      ] GC(965) Phase 1: Mark live objects 3.892ms
[6.790s][info   ][gc,phases,start] GC(965) Phase 2: Prepare for compaction
[6.790s][info   ][gc,phases      ] GC(965) Phase 2: Prepare for compaction 0.267ms
[6.790s][info   ][gc,phases,start] GC(965) Phase 3: Adjust pointers
[6.793s][info   ][gc,phases      ] GC(965) Phase 3: Adjust pointers 2.398ms
[6.793s][info   ][gc,phases,start] GC(965) Phase 4: Compact heap
[6.793s][info   ][gc,phases      ] GC(965) Phase 4: Compact heap 0.144ms
[6.793s][info   ][gc,heap        ] GC(965) Eden regions: 1->0(3)
[6.793s][info   ][gc,heap        ] GC(965) Survivor regions: 0->0(0)
[6.793s][info   ][gc,heap        ] GC(965) Old regions: 2->2
[6.793s][info   ][gc,heap        ] GC(965) Archive regions: 2->2
[6.793s][info   ][gc,heap        ] GC(965) Humongous regions: 0->0
[6.793s][info   ][gc,metaspace   ] GC(965) Metaspace: 9524K(9792K)->9524K(9792K) NonClass: 8366K(8512K)->8366K(8512K) Class: 1157K(1280K)->1157K(1280K)
[6.793s][info   ][gc             ] GC(965) Pause Full (System.gc()) 4M->4M(28M) 7.345ms
[6.793s][info   ][gc,cpu         ] GC(965) User=0.00s Sys=0.00s Real=0.00s
[6.794s][info   ][gc,start       ] GC(966) Pause Full (System.gc())
[6.794s][info   ][gc,task        ] GC(966) Using 1 workers of 10 for full compaction
[6.794s][info   ][gc,phases,start] GC(966) Phase 1: Mark live objects
[6.797s][info   ][gc,phases      ] GC(966) Phase 1: Mark live objects 3.520ms
[6.797s][info   ][gc,phases,start] GC(966) Phase 2: Prepare for compaction
[6.798s][info   ][gc,phases      ] GC(966) Phase 2: Prepare for compaction 0.412ms
[6.798s][info   ][gc,phases,start] GC(966) Phase 3: Adjust pointers
[6.800s][info   ][gc,phases      ] GC(966) Phase 3: Adjust pointers 1.971ms
[6.800s][info   ][gc,phases,start] GC(966) Phase 4: Compact heap
[6.800s][info   ][gc,phases      ] GC(966) Phase 4: Compact heap 0.199ms
[6.800s][info   ][gc,heap        ] GC(966) Eden regions: 1->0(3)
[6.800s][info   ][gc,heap        ] GC(966) Survivor regions: 0->0(0)
[6.800s][info   ][gc,heap        ] GC(966) Old regions: 2->2
[6.800s][info   ][gc,heap        ] GC(966) Archive regions: 2->2
[6.800s][info   ][gc,heap        ] GC(966) Humongous regions: 0->0
[6.800s][info   ][gc,metaspace   ] GC(966) Metaspace: 9524K(9792K)->9524K(9792K) NonClass: 8366K(8512K)->8366K(8512K) Class: 1157K(1280K)->1157K(1280K)
[6.800s][info   ][gc             ] GC(966) Pause Full (System.gc()) 4M->4M(28M) 6.754ms
[6.800s][info   ][gc,cpu         ] GC(966) User=0.01s Sys=0.00s Real=0.00s
[6.801s][info   ][gc,start       ] GC(967) Pause Full (System.gc())
[6.801s][info   ][gc,task        ] GC(967) Using 1 workers of 10 for full compaction
[6.801s][info   ][gc,phases,start] GC(967) Phase 1: Mark live objects
[6.804s][info   ][gc,phases      ] GC(967) Phase 1: Mark live objects 3.239ms
[6.804s][info   ][gc,phases,start] GC(967) Phase 2: Prepare for compaction
[6.804s][info   ][gc,phases      ] GC(967) Phase 2: Prepare for compaction 0.246ms
[6.804s][info   ][gc,phases,start] GC(967) Phase 3: Adjust pointers
[6.807s][info   ][gc,phases      ] GC(967) Phase 3: Adjust pointers 2.350ms
[6.807s][info   ][gc,phases,start] GC(967) Phase 4: Compact heap
[6.807s][info   ][gc,phases      ] GC(967) Phase 4: Compact heap 0.216ms
[6.808s][info   ][gc,heap        ] GC(967) Eden regions: 1->0(3)
[6.808s][info   ][gc,heap        ] GC(967) Survivor regions: 0->0(0)
[6.808s][info   ][gc,heap        ] GC(967) Old regions: 2->2
[6.808s][info   ][gc,heap        ] GC(967) Archive regions: 2->2
[6.808s][info   ][gc,heap        ] GC(967) Humongous regions: 0->0
[6.808s][info   ][gc,metaspace   ] GC(967) Metaspace: 9524K(9792K)->9524K(9792K) NonClass: 8366K(8512K)->8366K(8512K) Class: 1157K(1280K)->1157K(1280K)
[6.808s][info   ][gc             ] GC(967) Pause Full (System.gc()) 4M->4M(28M) 6.713ms
[6.808s][info   ][gc,cpu         ] GC(967) User=0.00s Sys=0.00s Real=0.01s
[6.808s][info   ][gc,start       ] GC(968) Pause Full (System.gc())
[6.808s][info   ][gc,task        ] GC(968) Using 1 workers of 10 for full compaction
[6.808s][info   ][gc,phases,start] GC(968) Phase 1: Mark live objects
[6.812s][info   ][gc,phases      ] GC(968) Phase 1: Mark live objects 3.513ms
[6.812s][info   ][gc,phases,start] GC(968) Phase 2: Prepare for compaction
[6.812s][info   ][gc,phases      ] GC(968) Phase 2: Prepare for compaction 0.140ms
[6.812s][info   ][gc,phases,start] GC(968) Phase 3: Adjust pointers
[6.814s][info   ][gc,phases      ] GC(968) Phase 3: Adjust pointers 1.669ms
[6.814s][info   ][gc,phases,start] GC(968) Phase 4: Compact heap
[6.814s][info   ][gc,phases      ] GC(968) Phase 4: Compact heap 0.187ms
[6.814s][info   ][gc,heap        ] GC(968) Eden regions: 1->0(3)
[6.814s][info   ][gc,heap        ] GC(968) Survivor regions: 0->0(0)
[6.814s][info   ][gc,heap        ] GC(968) Old regions: 2->2
[6.814s][info   ][gc,heap        ] GC(968) Archive regions: 2->2
[6.814s][info   ][gc,heap        ] GC(968) Humongous regions: 0->0
[6.814s][info   ][gc,metaspace   ] GC(968) Metaspace: 9524K(9792K)->9524K(9792K) NonClass: 8366K(8512K)->8366K(8512K) Class: 1157K(1280K)->1157K(1280K)
[6.814s][info   ][gc             ] GC(968) Pause Full (System.gc()) 4M->4M(28M) 6.247ms
[6.814s][info   ][gc,cpu         ] GC(968) User=0.01s Sys=0.00s Real=0.01s
[6.815s][info   ][gc,start       ] GC(969) Pause Full (System.gc())
[6.815s][info   ][gc,task        ] GC(969) Using 1 workers of 10 for full compaction
[6.815s][info   ][gc,phases,start] GC(969) Phase 1: Mark live objects
[6.818s][info   ][gc,phases      ] GC(969) Phase 1: Mark live objects 2.928ms
[6.818s][info   ][gc,phases,start] GC(969) Phase 2: Prepare for compaction
[6.818s][info   ][gc,phases      ] GC(969) Phase 2: Prepare for compaction 0.252ms
[6.818s][info   ][gc,phases,start] GC(969) Phase 3: Adjust pointers
[6.820s][info   ][gc,phases      ] GC(969) Phase 3: Adjust pointers 2.103ms
[6.820s][info   ][gc,phases,start] GC(969) Phase 4: Compact heap
[6.820s][info   ][gc,phases      ] GC(969) Phase 4: Compact heap 0.169ms
[6.820s][info   ][gc,heap        ] GC(969) Eden regions: 0->0(3)
[6.821s][info   ][gc,heap        ] GC(969) Survivor regions: 0->0(0)
[6.821s][info   ][gc,heap        ] GC(969) Old regions: 2->2
[6.821s][info   ][gc,heap        ] GC(969) Archive regions: 2->2
[6.821s][info   ][gc,heap        ] GC(969) Humongous regions: 0->0
[6.821s][info   ][gc,metaspace   ] GC(969) Metaspace: 9524K(9792K)->9524K(9792K) NonClass: 8366K(8512K)->8366K(8512K) Class: 1157K(1280K)->1157K(1280K)
[6.821s][info   ][gc             ] GC(969) Pause Full (System.gc()) 4M->4M(28M) 5.944ms
[6.821s][info   ][gc,cpu         ] GC(969) User=0.00s Sys=0.00s Real=0.00s
[6.821s][info   ][gc,start       ] GC(970) Pause Full (System.gc())
[6.821s][info   ][gc,task        ] GC(970) Using 1 workers of 10 for full compaction
[6.821s][info   ][gc,phases,start] GC(970) Phase 1: Mark live objects
[6.824s][info   ][gc,phases      ] GC(970) Phase 1: Mark live objects 3.540ms
[6.824s][info   ][gc,phases,start] GC(970) Phase 2: Prepare for compaction
[6.825s][info   ][gc,phases      ] GC(970) Phase 2: Prepare for compaction 0.229ms
[6.825s][info   ][gc,phases,start] GC(970) Phase 3: Adjust pointers
[6.826s][info   ][gc,phases      ] GC(970) Phase 3: Adjust pointers 1.427ms
[6.826s][info   ][gc,phases,start] GC(970) Phase 4: Compact heap
[6.826s][info   ][gc,phases      ] GC(970) Phase 4: Compact heap 0.166ms
[6.827s][info   ][gc,heap        ] GC(970) Eden regions: 1->0(3)
[6.827s][info   ][gc,heap        ] GC(970) Survivor regions: 0->0(0)
[6.827s][info   ][gc,heap        ] GC(970) Old regions: 2->2
[6.827s][info   ][gc,heap        ] GC(970) Archive regions: 2->2
[6.827s][info   ][gc,heap        ] GC(970) Humongous regions: 0->0
[6.827s][info   ][gc,metaspace   ] GC(970) Metaspace: 9524K(9792K)->9524K(9792K) NonClass: 8366K(8512K)->8366K(8512K) Class: 1157K(1280K)->1157K(1280K)
[6.827s][info   ][gc             ] GC(970) Pause Full (System.gc()) 4M->4M(28M) 5.952ms
[6.827s][info   ][gc,cpu         ] GC(970) User=0.01s Sys=0.00s Real=0.01s
[6.827s][info   ][gc,start       ] GC(971) Pause Full (System.gc())
[6.827s][info   ][gc,task        ] GC(971) Using 1 workers of 10 for full compaction
[6.827s][info   ][gc,phases,start] GC(971) Phase 1: Mark live objects
[6.830s][info   ][gc,phases      ] GC(971) Phase 1: Mark live objects 3.306ms
[6.830s][info   ][gc,phases,start] GC(971) Phase 2: Prepare for compaction
[6.831s][info   ][gc,phases      ] GC(971) Phase 2: Prepare for compaction 0.165ms
[6.831s][info   ][gc,phases,start] GC(971) Phase 3: Adjust pointers
[6.833s][info   ][gc,phases      ] GC(971) Phase 3: Adjust pointers 2.402ms
[6.833s][info   ][gc,phases,start] GC(971) Phase 4: Compact heap
[6.833s][info   ][gc,phases      ] GC(971) Phase 4: Compact heap 0.135ms
[6.834s][info   ][gc,heap        ] GC(971) Eden regions: 0->0(3)
[6.834s][info   ][gc,heap        ] GC(971) Survivor regions: 0->0(0)
[6.834s][info   ][gc,heap        ] GC(971) Old regions: 2->2
[6.834s][info   ][gc,heap        ] GC(971) Archive regions: 2->2
[6.834s][info   ][gc,heap        ] GC(971) Humongous regions: 0->0
[6.834s][info   ][gc,metaspace   ] GC(971) Metaspace: 9524K(9792K)->9524K(9792K) NonClass: 8366K(8512K)->8366K(8512K) Class: 1157K(1280K)->1157K(1280K)
[6.834s][info   ][gc             ] GC(971) Pause Full (System.gc()) 4M->4M(28M) 7.037ms
[6.834s][info   ][gc,cpu         ] GC(971) User=0.01s Sys=0.00s Real=0.01s
[6.835s][info   ][gc,start       ] GC(972) Pause Full (System.gc())
[6.835s][info   ][gc,task        ] GC(972) Using 1 workers of 10 for full compaction
[6.835s][info   ][gc,phases,start] GC(972) Phase 1: Mark live objects
[6.839s][info   ][gc,phases      ] GC(972) Phase 1: Mark live objects 4.260ms
[6.839s][info   ][gc,phases,start] GC(972) Phase 2: Prepare for compaction
[6.839s][info   ][gc,phases      ] GC(972) Phase 2: Prepare for compaction 0.307ms
[6.839s][info   ][gc,phases,start] GC(972) Phase 3: Adjust pointers
[6.842s][info   ][gc,phases      ] GC(972) Phase 3: Adjust pointers 3.156ms
[6.842s][info   ][gc,phases,start] GC(972) Phase 4: Compact heap
[6.843s][info   ][gc,phases      ] GC(972) Phase 4: Compact heap 0.224ms
[6.843s][info   ][gc,heap        ] GC(972) Eden regions: 1->0(3)
[6.843s][info   ][gc,heap        ] GC(972) Survivor regions: 0->0(0)
[6.843s][info   ][gc,heap        ] GC(972) Old regions: 2->2
[6.843s][info   ][gc,heap        ] GC(972) Archive regions: 2->2
[6.843s][info   ][gc,heap        ] GC(972) Humongous regions: 0->0
[6.843s][info   ][gc,metaspace   ] GC(972) Metaspace: 9524K(9792K)->9524K(9792K) NonClass: 8366K(8512K)->8366K(8512K) Class: 1157K(1280K)->1157K(1280K)
[6.843s][info   ][gc             ] GC(972) Pause Full (System.gc()) 4M->4M(28M) 8.855ms
[6.843s][info   ][gc,cpu         ] GC(972) User=0.00s Sys=0.00s Real=0.00s
[6.844s][info   ][gc,start       ] GC(973) Pause Full (System.gc())
[6.844s][info   ][gc,task        ] GC(973) Using 1 workers of 10 for full compaction
[6.844s][info   ][gc,phases,start] GC(973) Phase 1: Mark live objects
[6.849s][info   ][gc,phases      ] GC(973) Phase 1: Mark live objects 4.973ms
[6.849s][info   ][gc,phases,start] GC(973) Phase 2: Prepare for compaction
[6.849s][info   ][gc,phases      ] GC(973) Phase 2: Prepare for compaction 0.281ms
[6.849s][info   ][gc,phases,start] GC(973) Phase 3: Adjust pointers
[6.852s][info   ][gc,phases      ] GC(973) Phase 3: Adjust pointers 3.113ms
[6.852s][info   ][gc,phases,start] GC(973) Phase 4: Compact heap
[6.852s][info   ][gc,phases      ] GC(973) Phase 4: Compact heap 0.148ms
[6.853s][info   ][gc,heap        ] GC(973) Eden regions: 0->0(3)
[6.853s][info   ][gc,heap        ] GC(973) Survivor regions: 0->0(0)
[6.853s][info   ][gc,heap        ] GC(973) Old regions: 2->2
[6.853s][info   ][gc,heap        ] GC(973) Archive regions: 2->2
[6.853s][info   ][gc,heap        ] GC(973) Humongous regions: 0->0
[6.853s][info   ][gc,metaspace   ] GC(973) Metaspace: 9524K(9792K)->9524K(9792K) NonClass: 8366K(8512K)->8366K(8512K) Class: 1157K(1280K)->1157K(1280K)
[6.853s][info   ][gc             ] GC(973) Pause Full (System.gc()) 4M->4M(28M) 9.626ms
[6.853s][info   ][gc,cpu         ] GC(973) User=0.01s Sys=0.00s Real=0.00s
[6.854s][info   ][gc,start       ] GC(974) Pause Full (System.gc())
[6.854s][info   ][gc,task        ] GC(974) Using 1 workers of 10 for full compaction
[6.854s][info   ][gc,phases,start] GC(974) Phase 1: Mark live objects
[6.860s][info   ][gc,phases      ] GC(974) Phase 1: Mark live objects 5.708ms
[6.860s][info   ][gc,phases,start] GC(974) Phase 2: Prepare for compaction
[6.860s][info   ][gc,phases      ] GC(974) Phase 2: Prepare for compaction 0.410ms
[6.860s][info   ][gc,phases,start] GC(974) Phase 3: Adjust pointers
[6.864s][info   ][gc,phases      ] GC(974) Phase 3: Adjust pointers 3.445ms
[6.864s][info   ][gc,phases,start] GC(974) Phase 4: Compact heap
[6.864s][info   ][gc,phases      ] GC(974) Phase 4: Compact heap 0.189ms
[6.865s][info   ][gc,heap        ] GC(974) Eden regions: 1->0(3)
[6.865s][info   ][gc,heap        ] GC(974) Survivor regions: 0->0(0)
[6.865s][info   ][gc,heap        ] GC(974) Old regions: 2->2
[6.865s][info   ][gc,heap        ] GC(974) Archive regions: 2->2
[6.865s][info   ][gc,heap        ] GC(974) Humongous regions: 0->0
[6.865s][info   ][gc,metaspace   ] GC(974) Metaspace: 9524K(9792K)->9524K(9792K) NonClass: 8366K(8512K)->8366K(8512K) Class: 1157K(1280K)->1157K(1280K)
[6.865s][info   ][gc             ] GC(974) Pause Full (System.gc()) 4M->4M(28M) 11.057ms
[6.865s][info   ][gc,cpu         ] GC(974) User=0.01s Sys=0.01s Real=0.01s
[6.865s][info   ][gc,start       ] GC(975) Pause Full (System.gc())
[6.865s][info   ][gc,task        ] GC(975) Using 1 workers of 10 for full compaction
[6.865s][info   ][gc,phases,start] GC(975) Phase 1: Mark live objects
[6.871s][info   ][gc,phases      ] GC(975) Phase 1: Mark live objects 5.330ms
[6.871s][info   ][gc,phases,start] GC(975) Phase 2: Prepare for compaction
[6.871s][info   ][gc,phases      ] GC(975) Phase 2: Prepare for compaction 0.245ms
[6.871s][info   ][gc,phases,start] GC(975) Phase 3: Adjust pointers
[6.875s][info   ][gc,phases      ] GC(975) Phase 3: Adjust pointers 4.127ms
[6.875s][info   ][gc,phases,start] GC(975) Phase 4: Compact heap
[6.875s][info   ][gc,phases      ] GC(975) Phase 4: Compact heap 0.155ms
[6.876s][info   ][gc,heap        ] GC(975) Eden regions: 1->0(3)
[6.876s][info   ][gc,heap        ] GC(975) Survivor regions: 0->0(0)
[6.876s][info   ][gc,heap        ] GC(975) Old regions: 2->2
[6.876s][info   ][gc,heap        ] GC(975) Archive regions: 2->2
[6.876s][info   ][gc,heap        ] GC(975) Humongous regions: 0->0
[6.876s][info   ][gc,metaspace   ] GC(975) Metaspace: 9524K(9792K)->9524K(9792K) NonClass: 8366K(8512K)->8366K(8512K) Class: 1157K(1280K)->1157K(1280K)
[6.876s][info   ][gc             ] GC(975) Pause Full (System.gc()) 4M->4M(28M) 10.790ms
[6.876s][info   ][gc,cpu         ] GC(975) User=0.01s Sys=0.00s Real=0.01s
[6.877s][info   ][gc,start       ] GC(976) Pause Full (System.gc())
[6.877s][info   ][gc,task        ] GC(976) Using 1 workers of 10 for full compaction
[6.877s][info   ][gc,phases,start] GC(976) Phase 1: Mark live objects
[6.882s][info   ][gc,phases      ] GC(976) Phase 1: Mark live objects 5.911ms
[6.883s][info   ][gc,phases,start] GC(976) Phase 2: Prepare for compaction
[6.883s][info   ][gc,phases      ] GC(976) Phase 2: Prepare for compaction 0.256ms
[6.883s][info   ][gc,phases,start] GC(976) Phase 3: Adjust pointers
[6.885s][info   ][gc,phases      ] GC(976) Phase 3: Adjust pointers 2.303ms
[6.885s][info   ][gc,phases,start] GC(976) Phase 4: Compact heap
[6.885s][info   ][gc,phases      ] GC(976) Phase 4: Compact heap 0.192ms
[6.886s][info   ][gc,heap        ] GC(976) Eden regions: 0->0(3)
[6.886s][info   ][gc,heap        ] GC(976) Survivor regions: 0->0(0)
[6.886s][info   ][gc,heap        ] GC(976) Old regions: 2->2
[6.886s][info   ][gc,heap        ] GC(976) Archive regions: 2->2
[6.886s][info   ][gc,heap        ] GC(976) Humongous regions: 0->0
[6.886s][info   ][gc,metaspace   ] GC(976) Metaspace: 9524K(9792K)->9524K(9792K) NonClass: 8366K(8512K)->8366K(8512K) Class: 1157K(1280K)->1157K(1280K)
[6.886s][info   ][gc             ] GC(976) Pause Full (System.gc()) 4M->4M(28M) 9.568ms
[6.886s][info   ][gc,cpu         ] GC(976) User=0.01s Sys=0.00s Real=0.01s
[6.887s][info   ][gc,start       ] GC(977) Pause Full (System.gc())
[6.887s][info   ][gc,task        ] GC(977) Using 1 workers of 10 for full compaction
[6.887s][info   ][gc,phases,start] GC(977) Phase 1: Mark live objects
[6.891s][info   ][gc,phases      ] GC(977) Phase 1: Mark live objects 4.147ms
[6.891s][info   ][gc,phases,start] GC(977) Phase 2: Prepare for compaction
[6.891s][info   ][gc,phases      ] GC(977) Phase 2: Prepare for compaction 0.172ms
[6.891s][info   ][gc,phases,start] GC(977) Phase 3: Adjust pointers
[6.894s][info   ][gc,phases      ] GC(977) Phase 3: Adjust pointers 2.649ms
[6.894s][info   ][gc,phases,start] GC(977) Phase 4: Compact heap
[6.894s][info   ][gc,phases      ] GC(977) Phase 4: Compact heap 0.229ms
[6.895s][info   ][gc,heap        ] GC(977) Eden regions: 1->0(3)
[6.895s][info   ][gc,heap        ] GC(977) Survivor regions: 0->0(0)
[6.895s][info   ][gc,heap        ] GC(977) Old regions: 2->2
[6.895s][info   ][gc,heap        ] GC(977) Archive regions: 2->2
[6.895s][info   ][gc,heap        ] GC(977) Humongous regions: 0->0
[6.895s][info   ][gc,metaspace   ] GC(977) Metaspace: 9524K(9792K)->9524K(9792K) NonClass: 8366K(8512K)->8366K(8512K) Class: 1157K(1280K)->1157K(1280K)
[6.895s][info   ][gc             ] GC(977) Pause Full (System.gc()) 4M->4M(28M) 8.232ms
[6.895s][info   ][gc,cpu         ] GC(977) User=0.01s Sys=0.00s Real=0.01s
[6.895s][info   ][gc,start       ] GC(978) Pause Full (System.gc())
[6.895s][info   ][gc,task        ] GC(978) Using 1 workers of 10 for full compaction
[6.895s][info   ][gc,phases,start] GC(978) Phase 1: Mark live objects
[6.899s][info   ][gc,phases      ] GC(978) Phase 1: Mark live objects 3.853ms
[6.899s][info   ][gc,phases,start] GC(978) Phase 2: Prepare for compaction
[6.899s][info   ][gc,phases      ] GC(978) Phase 2: Prepare for compaction 0.091ms
[6.899s][info   ][gc,phases,start] GC(978) Phase 3: Adjust pointers
[6.901s][info   ][gc,phases      ] GC(978) Phase 3: Adjust pointers 1.413ms
[6.901s][info   ][gc,phases,start] GC(978) Phase 4: Compact heap
[6.901s][info   ][gc,phases      ] GC(978) Phase 4: Compact heap 0.182ms
[6.901s][info   ][gc,heap        ] GC(978) Eden regions: 1->0(3)
[6.901s][info   ][gc,heap        ] GC(978) Survivor regions: 0->0(0)
[6.901s][info   ][gc,heap        ] GC(978) Old regions: 2->2
[6.901s][info   ][gc,heap        ] GC(978) Archive regions: 2->2
[6.901s][info   ][gc,heap        ] GC(978) Humongous regions: 0->0
[6.901s][info   ][gc,metaspace   ] GC(978) Metaspace: 9524K(9792K)->9524K(9792K) NonClass: 8366K(8512K)->8366K(8512K) Class: 1157K(1280K)->1157K(1280K)
[6.901s][info   ][gc             ] GC(978) Pause Full (System.gc()) 4M->4M(28M) 5.918ms
[6.901s][info   ][gc,cpu         ] GC(978) User=0.00s Sys=0.00s Real=0.00s
[6.901s][info   ][gc,start       ] GC(979) Pause Full (System.gc())
[6.901s][info   ][gc,task        ] GC(979) Using 1 workers of 10 for full compaction
[6.901s][info   ][gc,phases,start] GC(979) Phase 1: Mark live objects
[6.904s][info   ][gc,phases      ] GC(979) Phase 1: Mark live objects 2.815ms
[6.904s][info   ][gc,phases,start] GC(979) Phase 2: Prepare for compaction
[6.905s][info   ][gc,phases      ] GC(979) Phase 2: Prepare for compaction 0.315ms
[6.905s][info   ][gc,phases,start] GC(979) Phase 3: Adjust pointers
[6.907s][info   ][gc,phases      ] GC(979) Phase 3: Adjust pointers 1.895ms
[6.907s][info   ][gc,phases,start] GC(979) Phase 4: Compact heap
[6.907s][info   ][gc,phases      ] GC(979) Phase 4: Compact heap 0.164ms
[6.907s][info   ][gc,heap        ] GC(979) Eden regions: 1->0(3)
[6.907s][info   ][gc,heap        ] GC(979) Survivor regions: 0->0(0)
[6.907s][info   ][gc,heap        ] GC(979) Old regions: 2->2
[6.907s][info   ][gc,heap        ] GC(979) Archive regions: 2->2
[6.907s][info   ][gc,heap        ] GC(979) Humongous regions: 0->0
[6.907s][info   ][gc,metaspace   ] GC(979) Metaspace: 9524K(9792K)->9524K(9792K) NonClass: 8366K(8512K)->8366K(8512K) Class: 1157K(1280K)->1157K(1280K)
[6.908s][info   ][gc             ] GC(979) Pause Full (System.gc()) 4M->4M(28M) 6.041ms
[6.908s][info   ][gc,cpu         ] GC(979) User=0.01s Sys=0.00s Real=0.01s
[6.908s][info   ][gc,start       ] GC(980) Pause Full (System.gc())
[6.908s][info   ][gc,task        ] GC(980) Using 1 workers of 10 for full compaction
[6.908s][info   ][gc,phases,start] GC(980) Phase 1: Mark live objects
[6.912s][info   ][gc,phases      ] GC(980) Phase 1: Mark live objects 4.091ms
[6.912s][info   ][gc,phases,start] GC(980) Phase 2: Prepare for compaction
[6.912s][info   ][gc,phases      ] GC(980) Phase 2: Prepare for compaction 0.189ms
[6.912s][info   ][gc,phases,start] GC(980) Phase 3: Adjust pointers
[6.915s][info   ][gc,phases      ] GC(980) Phase 3: Adjust pointers 2.120ms
[6.915s][info   ][gc,phases,start] GC(980) Phase 4: Compact heap
[6.915s][info   ][gc,phases      ] GC(980) Phase 4: Compact heap 0.140ms
[6.916s][info   ][gc,heap        ] GC(980) Eden regions: 1->0(3)
[6.916s][info   ][gc,heap        ] GC(980) Survivor regions: 0->0(0)
[6.916s][info   ][gc,heap        ] GC(980) Old regions: 2->2
[6.916s][info   ][gc,heap        ] GC(980) Archive regions: 2->2
[6.916s][info   ][gc,heap        ] GC(980) Humongous regions: 0->0
[6.916s][info   ][gc,metaspace   ] GC(980) Metaspace: 9524K(9792K)->9524K(9792K) NonClass: 8366K(8512K)->8366K(8512K) Class: 1157K(1280K)->1157K(1280K)
[6.916s][info   ][gc             ] GC(980) Pause Full (System.gc()) 4M->4M(28M) 7.463ms
[6.916s][info   ][gc,cpu         ] GC(980) User=0.01s Sys=0.00s Real=0.01s
[6.916s][info   ][gc,start       ] GC(981) Pause Full (System.gc())
[6.916s][info   ][gc,task        ] GC(981) Using 1 workers of 10 for full compaction
[6.916s][info   ][gc,phases,start] GC(981) Phase 1: Mark live objects
[6.919s][info   ][gc,phases      ] GC(981) Phase 1: Mark live objects 3.297ms
[6.919s][info   ][gc,phases,start] GC(981) Phase 2: Prepare for compaction
[6.919s][info   ][gc,phases      ] GC(981) Phase 2: Prepare for compaction 0.117ms
[6.919s][info   ][gc,phases,start] GC(981) Phase 3: Adjust pointers
[6.922s][info   ][gc,phases      ] GC(981) Phase 3: Adjust pointers 2.286ms
[6.922s][info   ][gc,phases,start] GC(981) Phase 4: Compact heap
[6.922s][info   ][gc,phases      ] GC(981) Phase 4: Compact heap 0.145ms
[6.922s][info   ][gc,heap        ] GC(981) Eden regions: 1->0(3)
[6.922s][info   ][gc,heap        ] GC(981) Survivor regions: 0->0(0)
[6.922s][info   ][gc,heap        ] GC(981) Old regions: 2->2
[6.922s][info   ][gc,heap        ] GC(981) Archive regions: 2->2
[6.922s][info   ][gc,heap        ] GC(981) Humongous regions: 0->0
[6.922s][info   ][gc,metaspace   ] GC(981) Metaspace: 9524K(9792K)->9524K(9792K) NonClass: 8366K(8512K)->8366K(8512K) Class: 1157K(1280K)->1157K(1280K)
[6.922s][info   ][gc             ] GC(981) Pause Full (System.gc()) 4M->4M(28M) 6.583ms
[6.922s][info   ][gc,cpu         ] GC(981) User=0.00s Sys=0.00s Real=0.00s
[6.923s][info   ][gc,start       ] GC(982) Pause Full (System.gc())
[6.923s][info   ][gc,task        ] GC(982) Using 1 workers of 10 for full compaction
[6.923s][info   ][gc,phases,start] GC(982) Phase 1: Mark live objects
[6.927s][info   ][gc,phases      ] GC(982) Phase 1: Mark live objects 3.945ms
[6.927s][info   ][gc,phases,start] GC(982) Phase 2: Prepare for compaction
[6.927s][info   ][gc,phases      ] GC(982) Phase 2: Prepare for compaction 0.270ms
[6.927s][info   ][gc,phases,start] GC(982) Phase 3: Adjust pointers
[6.930s][info   ][gc,phases      ] GC(982) Phase 3: Adjust pointers 2.709ms
[6.930s][info   ][gc,phases,start] GC(982) Phase 4: Compact heap
[6.930s][info   ][gc,phases      ] GC(982) Phase 4: Compact heap 0.206ms
[6.930s][info   ][gc,heap        ] GC(982) Eden regions: 0->0(3)
[6.930s][info   ][gc,heap        ] GC(982) Survivor regions: 0->0(0)
[6.930s][info   ][gc,heap        ] GC(982) Old regions: 2->2
[6.930s][info   ][gc,heap        ] GC(982) Archive regions: 2->2
[6.930s][info   ][gc,heap        ] GC(982) Humongous regions: 0->0
[6.930s][info   ][gc,metaspace   ] GC(982) Metaspace: 9524K(9792K)->9524K(9792K) NonClass: 8366K(8512K)->8366K(8512K) Class: 1157K(1280K)->1157K(1280K)
[6.930s][info   ][gc             ] GC(982) Pause Full (System.gc()) 4M->4M(28M) 7.905ms
[6.931s][info   ][gc,cpu         ] GC(982) User=0.01s Sys=0.00s Real=0.01s
[6.931s][info   ][gc,start       ] GC(983) Pause Full (System.gc())
[6.931s][info   ][gc,task        ] GC(983) Using 1 workers of 10 for full compaction
[6.931s][info   ][gc,phases,start] GC(983) Phase 1: Mark live objects
[6.934s][info   ][gc,phases      ] GC(983) Phase 1: Mark live objects 3.366ms
[6.934s][info   ][gc,phases,start] GC(983) Phase 2: Prepare for compaction
[6.935s][info   ][gc,phases      ] GC(983) Phase 2: Prepare for compaction 0.207ms
[6.935s][info   ][gc,phases,start] GC(983) Phase 3: Adjust pointers
[6.937s][info   ][gc,phases      ] GC(983) Phase 3: Adjust pointers 2.033ms
[6.937s][info   ][gc,phases,start] GC(983) Phase 4: Compact heap
[6.937s][info   ][gc,phases      ] GC(983) Phase 4: Compact heap 0.070ms
[6.937s][info   ][gc,heap        ] GC(983) Eden regions: 1->0(3)
[6.937s][info   ][gc,heap        ] GC(983) Survivor regions: 0->0(0)
[6.937s][info   ][gc,heap        ] GC(983) Old regions: 2->2
[6.937s][info   ][gc,heap        ] GC(983) Archive regions: 2->2
[6.937s][info   ][gc,heap        ] GC(983) Humongous regions: 0->0
[6.937s][info   ][gc,metaspace   ] GC(983) Metaspace: 9524K(9792K)->9524K(9792K) NonClass: 8366K(8512K)->8366K(8512K) Class: 1157K(1280K)->1157K(1280K)
[6.937s][info   ][gc             ] GC(983) Pause Full (System.gc()) 4M->4M(28M) 6.365ms
[6.937s][info   ][gc,cpu         ] GC(983) User=0.01s Sys=0.00s Real=0.01s
[6.938s][info   ][gc,start       ] GC(984) Pause Full (System.gc())
[6.938s][info   ][gc,task        ] GC(984) Using 1 workers of 10 for full compaction
[6.938s][info   ][gc,phases,start] GC(984) Phase 1: Mark live objects
[6.942s][info   ][gc,phases      ] GC(984) Phase 1: Mark live objects 4.281ms
[6.942s][info   ][gc,phases,start] GC(984) Phase 2: Prepare for compaction
[6.942s][info   ][gc,phases      ] GC(984) Phase 2: Prepare for compaction 0.265ms
[6.942s][info   ][gc,phases,start] GC(984) Phase 3: Adjust pointers
[6.945s][info   ][gc,phases      ] GC(984) Phase 3: Adjust pointers 2.216ms
[6.945s][info   ][gc,phases,start] GC(984) Phase 4: Compact heap
[6.945s][info   ][gc,phases      ] GC(984) Phase 4: Compact heap 0.252ms
[6.945s][info   ][gc,heap        ] GC(984) Eden regions: 0->0(3)
[6.945s][info   ][gc,heap        ] GC(984) Survivor regions: 0->0(0)
[6.945s][info   ][gc,heap        ] GC(984) Old regions: 2->2
[6.945s][info   ][gc,heap        ] GC(984) Archive regions: 2->2
[6.945s][info   ][gc,heap        ] GC(984) Humongous regions: 0->0
[6.945s][info   ][gc,metaspace   ] GC(984) Metaspace: 9524K(9792K)->9524K(9792K) NonClass: 8366K(8512K)->8366K(8512K) Class: 1157K(1280K)->1157K(1280K)
[6.945s][info   ][gc             ] GC(984) Pause Full (System.gc()) 4M->4M(28M) 7.689ms
[6.945s][info   ][gc,cpu         ] GC(984) User=0.00s Sys=0.00s Real=0.01s
[6.946s][info   ][gc,start       ] GC(985) Pause Full (System.gc())
[6.946s][info   ][gc,task        ] GC(985) Using 1 workers of 10 for full compaction
[6.946s][info   ][gc,phases,start] GC(985) Phase 1: Mark live objects
[6.950s][info   ][gc,phases      ] GC(985) Phase 1: Mark live objects 4.277ms
[6.950s][info   ][gc,phases,start] GC(985) Phase 2: Prepare for compaction
[6.951s][info   ][gc,phases      ] GC(985) Phase 2: Prepare for compaction 0.403ms
[6.951s][info   ][gc,phases,start] GC(985) Phase 3: Adjust pointers
[6.953s][info   ][gc,phases      ] GC(985) Phase 3: Adjust pointers 2.545ms
[6.953s][info   ][gc,phases,start] GC(985) Phase 4: Compact heap
[6.954s][info   ][gc,phases      ] GC(985) Phase 4: Compact heap 0.185ms
[6.954s][info   ][gc,heap        ] GC(985) Eden regions: 1->0(3)
[6.954s][info   ][gc,heap        ] GC(985) Survivor regions: 0->0(0)
[6.954s][info   ][gc,heap        ] GC(985) Old regions: 2->2
[6.954s][info   ][gc,heap        ] GC(985) Archive regions: 2->2
[6.954s][info   ][gc,heap        ] GC(985) Humongous regions: 0->0
[6.954s][info   ][gc,metaspace   ] GC(985) Metaspace: 9524K(9792K)->9524K(9792K) NonClass: 8366K(8512K)->8366K(8512K) Class: 1157K(1280K)->1157K(1280K)
[6.954s][info   ][gc             ] GC(985) Pause Full (System.gc()) 4M->4M(28M) 8.111ms
[6.954s][info   ][gc,cpu         ] GC(985) User=0.01s Sys=0.00s Real=0.01s
[6.954s][info   ][gc,start       ] GC(986) Pause Full (System.gc())
[6.954s][info   ][gc,task        ] GC(986) Using 1 workers of 10 for full compaction
[6.954s][info   ][gc,phases,start] GC(986) Phase 1: Mark live objects
[6.959s][info   ][gc,phases      ] GC(986) Phase 1: Mark live objects 4.405ms
[6.959s][info   ][gc,phases,start] GC(986) Phase 2: Prepare for compaction
[6.959s][info   ][gc,phases      ] GC(986) Phase 2: Prepare for compaction 0.392ms
[6.959s][info   ][gc,phases,start] GC(986) Phase 3: Adjust pointers
[6.961s][info   ][gc,phases      ] GC(986) Phase 3: Adjust pointers 2.212ms
[6.961s][info   ][gc,phases,start] GC(986) Phase 4: Compact heap
[6.962s][info   ][gc,phases      ] GC(986) Phase 4: Compact heap 0.214ms
[6.962s][info   ][gc,heap        ] GC(986) Eden regions: 0->0(3)
[6.962s][info   ][gc,heap        ] GC(986) Survivor regions: 0->0(0)
[6.962s][info   ][gc,heap        ] GC(986) Old regions: 2->2
[6.962s][info   ][gc,heap        ] GC(986) Archive regions: 2->2
[6.962s][info   ][gc,heap        ] GC(986) Humongous regions: 0->0
[6.962s][info   ][gc,metaspace   ] GC(986) Metaspace: 9524K(9792K)->9524K(9792K) NonClass: 8366K(8512K)->8366K(8512K) Class: 1157K(1280K)->1157K(1280K)
[6.962s][info   ][gc             ] GC(986) Pause Full (System.gc()) 4M->4M(28M) 7.864ms
[6.962s][info   ][gc,cpu         ] GC(986) User=0.01s Sys=0.00s Real=0.00s
[6.962s][info   ][gc,start       ] GC(987) Pause Full (System.gc())
[6.962s][info   ][gc,task        ] GC(987) Using 1 workers of 10 for full compaction
[6.962s][info   ][gc,phases,start] GC(987) Phase 1: Mark live objects
[6.966s][info   ][gc,phases      ] GC(987) Phase 1: Mark live objects 3.718ms
[6.966s][info   ][gc,phases,start] GC(987) Phase 2: Prepare for compaction
[6.966s][info   ][gc,phases      ] GC(987) Phase 2: Prepare for compaction 0.257ms
[6.966s][info   ][gc,phases,start] GC(987) Phase 3: Adjust pointers
[6.969s][info   ][gc,phases      ] GC(987) Phase 3: Adjust pointers 2.296ms
[6.969s][info   ][gc,phases,start] GC(987) Phase 4: Compact heap
[6.969s][info   ][gc,phases      ] GC(987) Phase 4: Compact heap 0.167ms
[6.970s][info   ][gc,heap        ] GC(987) Eden regions: 0->0(3)
[6.970s][info   ][gc,heap        ] GC(987) Survivor regions: 0->0(0)
[6.970s][info   ][gc,heap        ] GC(987) Old regions: 2->2
[6.970s][info   ][gc,heap        ] GC(987) Archive regions: 2->2
[6.970s][info   ][gc,heap        ] GC(987) Humongous regions: 0->0
[6.970s][info   ][gc,metaspace   ] GC(987) Metaspace: 9524K(9792K)->9524K(9792K) NonClass: 8366K(8512K)->8366K(8512K) Class: 1157K(1280K)->1157K(1280K)
[6.970s][info   ][gc             ] GC(987) Pause Full (System.gc()) 4M->4M(28M) 7.196ms
[6.970s][info   ][gc,cpu         ] GC(987) User=0.00s Sys=0.00s Real=0.01s
[6.970s][info   ][gc,start       ] GC(988) Pause Full (System.gc())
[6.970s][info   ][gc,task        ] GC(988) Using 1 workers of 10 for full compaction
[6.970s][info   ][gc,phases,start] GC(988) Phase 1: Mark live objects
[6.975s][info   ][gc,phases      ] GC(988) Phase 1: Mark live objects 4.872ms
[6.975s][info   ][gc,phases,start] GC(988) Phase 2: Prepare for compaction
[6.975s][info   ][gc,phases      ] GC(988) Phase 2: Prepare for compaction 0.275ms
[6.975s][info   ][gc,phases,start] GC(988) Phase 3: Adjust pointers
[6.977s][info   ][gc,phases      ] GC(988) Phase 3: Adjust pointers 2.197ms
[6.977s][info   ][gc,phases,start] GC(988) Phase 4: Compact heap
[6.977s][info   ][gc,phases      ] GC(988) Phase 4: Compact heap 0.222ms
[6.978s][info   ][gc,heap        ] GC(988) Eden regions: 0->0(3)
[6.978s][info   ][gc,heap        ] GC(988) Survivor regions: 0->0(0)
[6.978s][info   ][gc,heap        ] GC(988) Old regions: 2->2
[6.978s][info   ][gc,heap        ] GC(988) Archive regions: 2->2
[6.978s][info   ][gc,heap        ] GC(988) Humongous regions: 0->0
[6.978s][info   ][gc,metaspace   ] GC(988) Metaspace: 9524K(9792K)->9524K(9792K) NonClass: 8366K(8512K)->8366K(8512K) Class: 1157K(1280K)->1157K(1280K)
[6.978s][info   ][gc             ] GC(988) Pause Full (System.gc()) 4M->4M(28M) 8.364ms
[6.978s][info   ][gc,cpu         ] GC(988) User=0.01s Sys=0.00s Real=0.01s
[6.979s][info   ][gc,start       ] GC(989) Pause Full (System.gc())
[6.979s][info   ][gc,task        ] GC(989) Using 1 workers of 10 for full compaction
[6.979s][info   ][gc,phases,start] GC(989) Phase 1: Mark live objects
[6.983s][info   ][gc,phases      ] GC(989) Phase 1: Mark live objects 4.219ms
[6.983s][info   ][gc,phases,start] GC(989) Phase 2: Prepare for compaction
[6.983s][info   ][gc,phases      ] GC(989) Phase 2: Prepare for compaction 0.164ms
[6.983s][info   ][gc,phases,start] GC(989) Phase 3: Adjust pointers
[6.986s][info   ][gc,phases      ] GC(989) Phase 3: Adjust pointers 2.314ms
[6.986s][info   ][gc,phases,start] GC(989) Phase 4: Compact heap
[6.986s][info   ][gc,phases      ] GC(989) Phase 4: Compact heap 0.160ms
[6.986s][info   ][gc,heap        ] GC(989) Eden regions: 1->0(3)
[6.986s][info   ][gc,heap        ] GC(989) Survivor regions: 0->0(0)
[6.986s][info   ][gc,heap        ] GC(989) Old regions: 2->2
[6.986s][info   ][gc,heap        ] GC(989) Archive regions: 2->2
[6.986s][info   ][gc,heap        ] GC(989) Humongous regions: 0->0
[6.986s][info   ][gc,metaspace   ] GC(989) Metaspace: 9524K(9792K)->9524K(9792K) NonClass: 8366K(8512K)->8366K(8512K) Class: 1157K(1280K)->1157K(1280K)
[6.986s][info   ][gc             ] GC(989) Pause Full (System.gc()) 4M->4M(28M) 7.401ms
[6.986s][info   ][gc,cpu         ] GC(989) User=0.01s Sys=0.00s Real=0.01s
[6.986s][info   ][gc,start       ] GC(990) Pause Full (System.gc())
[6.986s][info   ][gc,task        ] GC(990) Using 1 workers of 10 for full compaction
[6.986s][info   ][gc,phases,start] GC(990) Phase 1: Mark live objects
[6.991s][info   ][gc,phases      ] GC(990) Phase 1: Mark live objects 4.517ms
[6.991s][info   ][gc,phases,start] GC(990) Phase 2: Prepare for compaction
[6.991s][info   ][gc,phases      ] GC(990) Phase 2: Prepare for compaction 0.187ms
[6.991s][info   ][gc,phases,start] GC(990) Phase 3: Adjust pointers
[6.993s][info   ][gc,phases      ] GC(990) Phase 3: Adjust pointers 1.951ms
[6.993s][info   ][gc,phases,start] GC(990) Phase 4: Compact heap
[6.993s][info   ][gc,phases      ] GC(990) Phase 4: Compact heap 0.155ms
[6.994s][info   ][gc,heap        ] GC(990) Eden regions: 0->0(3)
[6.994s][info   ][gc,heap        ] GC(990) Survivor regions: 0->0(0)
[6.994s][info   ][gc,heap        ] GC(990) Old regions: 2->2
[6.994s][info   ][gc,heap        ] GC(990) Archive regions: 2->2
[6.994s][info   ][gc,heap        ] GC(990) Humongous regions: 0->0
[6.994s][info   ][gc,metaspace   ] GC(990) Metaspace: 9524K(9792K)->9524K(9792K) NonClass: 8366K(8512K)->8366K(8512K) Class: 1157K(1280K)->1157K(1280K)
[6.994s][info   ][gc             ] GC(990) Pause Full (System.gc()) 4M->4M(28M) 7.427ms
[6.994s][info   ][gc,cpu         ] GC(990) User=0.00s Sys=0.00s Real=0.01s
[6.994s][info   ][gc,start       ] GC(991) Pause Full (System.gc())
[6.994s][info   ][gc,task        ] GC(991) Using 1 workers of 10 for full compaction
[6.994s][info   ][gc,phases,start] GC(991) Phase 1: Mark live objects
[6.998s][info   ][gc,phases      ] GC(991) Phase 1: Mark live objects 3.925ms
[6.998s][info   ][gc,phases,start] GC(991) Phase 2: Prepare for compaction
[6.999s][info   ][gc,phases      ] GC(991) Phase 2: Prepare for compaction 0.217ms
[6.999s][info   ][gc,phases,start] GC(991) Phase 3: Adjust pointers
[7.001s][info   ][gc,phases      ] GC(991) Phase 3: Adjust pointers 2.151ms
[7.001s][info   ][gc,phases,start] GC(991) Phase 4: Compact heap
[7.001s][info   ][gc,phases      ] GC(991) Phase 4: Compact heap 0.294ms
[7.002s][info   ][gc,heap        ] GC(991) Eden regions: 1->0(3)
[7.002s][info   ][gc,heap        ] GC(991) Survivor regions: 0->0(0)
[7.002s][info   ][gc,heap        ] GC(991) Old regions: 2->2
[7.002s][info   ][gc,heap        ] GC(991) Archive regions: 2->2
[7.002s][info   ][gc,heap        ] GC(991) Humongous regions: 0->0
[7.002s][info   ][gc,metaspace   ] GC(991) Metaspace: 9524K(9792K)->9524K(9792K) NonClass: 8366K(8512K)->8366K(8512K) Class: 1157K(1280K)->1157K(1280K)
[7.002s][info   ][gc             ] GC(991) Pause Full (System.gc()) 4M->4M(28M) 7.261ms
[7.002s][info   ][gc,cpu         ] GC(991) User=0.01s Sys=0.00s Real=0.00s
[7.002s][info   ][gc,start       ] GC(992) Pause Full (System.gc())
[7.002s][info   ][gc,task        ] GC(992) Using 1 workers of 10 for full compaction
[7.002s][info   ][gc,phases,start] GC(992) Phase 1: Mark live objects
[7.006s][info   ][gc,phases      ] GC(992) Phase 1: Mark live objects 3.762ms
[7.006s][info   ][gc,phases,start] GC(992) Phase 2: Prepare for compaction
[7.006s][info   ][gc,phases      ] GC(992) Phase 2: Prepare for compaction 0.236ms
[7.006s][info   ][gc,phases,start] GC(992) Phase 3: Adjust pointers
[7.008s][info   ][gc,phases      ] GC(992) Phase 3: Adjust pointers 2.358ms
[7.008s][info   ][gc,phases,start] GC(992) Phase 4: Compact heap
[7.008s][info   ][gc,phases      ] GC(992) Phase 4: Compact heap 0.224ms
[7.009s][info   ][gc,heap        ] GC(992) Eden regions: 0->0(3)
[7.009s][info   ][gc,heap        ] GC(992) Survivor regions: 0->0(0)
[7.009s][info   ][gc,heap        ] GC(992) Old regions: 2->2
[7.009s][info   ][gc,heap        ] GC(992) Archive regions: 2->2
[7.009s][info   ][gc,heap        ] GC(992) Humongous regions: 0->0
[7.009s][info   ][gc,metaspace   ] GC(992) Metaspace: 9524K(9792K)->9524K(9792K) NonClass: 8366K(8512K)->8366K(8512K) Class: 1157K(1280K)->1157K(1280K)
[7.009s][info   ][gc             ] GC(992) Pause Full (System.gc()) 4M->4M(28M) 7.253ms
[7.009s][info   ][gc,cpu         ] GC(992) User=0.01s Sys=0.00s Real=0.01s
[7.010s][info   ][gc,start       ] GC(993) Pause Full (System.gc())
[7.010s][info   ][gc,task        ] GC(993) Using 1 workers of 10 for full compaction
[7.010s][info   ][gc,phases,start] GC(993) Phase 1: Mark live objects
[7.015s][info   ][gc,phases      ] GC(993) Phase 1: Mark live objects 5.798ms
[7.015s][info   ][gc,phases,start] GC(993) Phase 2: Prepare for compaction
[7.016s][info   ][gc,phases      ] GC(993) Phase 2: Prepare for compaction 0.433ms
[7.016s][info   ][gc,phases,start] GC(993) Phase 3: Adjust pointers
[7.019s][info   ][gc,phases      ] GC(993) Phase 3: Adjust pointers 3.013ms
[7.019s][info   ][gc,phases,start] GC(993) Phase 4: Compact heap
[7.019s][info   ][gc,phases      ] GC(993) Phase 4: Compact heap 0.159ms
[7.020s][info   ][gc,heap        ] GC(993) Eden regions: 1->0(3)
[7.020s][info   ][gc,heap        ] GC(993) Survivor regions: 0->0(0)
[7.020s][info   ][gc,heap        ] GC(993) Old regions: 2->2
[7.020s][info   ][gc,heap        ] GC(993) Archive regions: 2->2
[7.020s][info   ][gc,heap        ] GC(993) Humongous regions: 0->0
[7.020s][info   ][gc,metaspace   ] GC(993) Metaspace: 9524K(9792K)->9524K(9792K) NonClass: 8366K(8512K)->8366K(8512K) Class: 1157K(1280K)->1157K(1280K)
[7.020s][info   ][gc             ] GC(993) Pause Full (System.gc()) 4M->4M(28M) 10.315ms
[7.020s][info   ][gc,cpu         ] GC(993) User=0.01s Sys=0.00s Real=0.01s
[7.020s][info   ][gc,start       ] GC(994) Pause Full (System.gc())
[7.020s][info   ][gc,task        ] GC(994) Using 1 workers of 10 for full compaction
[7.020s][info   ][gc,phases,start] GC(994) Phase 1: Mark live objects
[7.026s][info   ][gc,phases      ] GC(994) Phase 1: Mark live objects 5.454ms
[7.026s][info   ][gc,phases,start] GC(994) Phase 2: Prepare for compaction
[7.026s][info   ][gc,phases      ] GC(994) Phase 2: Prepare for compaction 0.264ms
[7.026s][info   ][gc,phases,start] GC(994) Phase 3: Adjust pointers
[7.029s][info   ][gc,phases      ] GC(994) Phase 3: Adjust pointers 2.895ms
[7.029s][info   ][gc,phases,start] GC(994) Phase 4: Compact heap
[7.029s][info   ][gc,phases      ] GC(994) Phase 4: Compact heap 0.138ms
[7.030s][info   ][gc,heap        ] GC(994) Eden regions: 0->0(3)
[7.030s][info   ][gc,heap        ] GC(994) Survivor regions: 0->0(0)
[7.030s][info   ][gc,heap        ] GC(994) Old regions: 2->2
[7.030s][info   ][gc,heap        ] GC(994) Archive regions: 2->2
[7.030s][info   ][gc,heap        ] GC(994) Humongous regions: 0->0
[7.030s][info   ][gc,metaspace   ] GC(994) Metaspace: 9524K(9792K)->9524K(9792K) NonClass: 8366K(8512K)->8366K(8512K) Class: 1157K(1280K)->1157K(1280K)
[7.030s][info   ][gc             ] GC(994) Pause Full (System.gc()) 4M->4M(28M) 9.702ms
[7.030s][info   ][gc,cpu         ] GC(994) User=0.01s Sys=0.00s Real=0.01s
[7.030s][info   ][gc,start       ] GC(995) Pause Full (System.gc())
[7.030s][info   ][gc,task        ] GC(995) Using 1 workers of 10 for full compaction
[7.030s][info   ][gc,phases,start] GC(995) Phase 1: Mark live objects
[7.034s][info   ][gc,phases      ] GC(995) Phase 1: Mark live objects 3.471ms
[7.034s][info   ][gc,phases,start] GC(995) Phase 2: Prepare for compaction
[7.034s][info   ][gc,phases      ] GC(995) Phase 2: Prepare for compaction 0.284ms
[7.034s][info   ][gc,phases,start] GC(995) Phase 3: Adjust pointers
[7.036s][info   ][gc,phases      ] GC(995) Phase 3: Adjust pointers 2.005ms
[7.036s][info   ][gc,phases,start] GC(995) Phase 4: Compact heap
[7.036s][info   ][gc,phases      ] GC(995) Phase 4: Compact heap 0.161ms
[7.037s][info   ][gc,heap        ] GC(995) Eden regions: 1->0(3)
[7.037s][info   ][gc,heap        ] GC(995) Survivor regions: 0->0(0)
[7.037s][info   ][gc,heap        ] GC(995) Old regions: 2->2
[7.037s][info   ][gc,heap        ] GC(995) Archive regions: 2->2
[7.037s][info   ][gc,heap        ] GC(995) Humongous regions: 0->0
[7.037s][info   ][gc,metaspace   ] GC(995) Metaspace: 9524K(9792K)->9524K(9792K) NonClass: 8366K(8512K)->8366K(8512K) Class: 1157K(1280K)->1157K(1280K)
[7.037s][info   ][gc             ] GC(995) Pause Full (System.gc()) 4M->4M(28M) 6.444ms
[7.037s][info   ][gc,cpu         ] GC(995) User=0.00s Sys=0.00s Real=0.01s
[7.037s][info   ][gc,start       ] GC(996) Pause Full (System.gc())
[7.037s][info   ][gc,task        ] GC(996) Using 1 workers of 10 for full compaction
[7.037s][info   ][gc,phases,start] GC(996) Phase 1: Mark live objects
[7.041s][info   ][gc,phases      ] GC(996) Phase 1: Mark live objects 3.460ms
[7.041s][info   ][gc,phases,start] GC(996) Phase 2: Prepare for compaction
[7.041s][info   ][gc,phases      ] GC(996) Phase 2: Prepare for compaction 0.165ms
[7.041s][info   ][gc,phases,start] GC(996) Phase 3: Adjust pointers
[7.042s][info   ][gc,phases      ] GC(996) Phase 3: Adjust pointers 1.637ms
[7.042s][info   ][gc,phases,start] GC(996) Phase 4: Compact heap
[7.043s][info   ][gc,phases      ] GC(996) Phase 4: Compact heap 0.151ms
[7.043s][info   ][gc,heap        ] GC(996) Eden regions: 1->0(3)
[7.043s][info   ][gc,heap        ] GC(996) Survivor regions: 0->0(0)
[7.043s][info   ][gc,heap        ] GC(996) Old regions: 2->2
[7.043s][info   ][gc,heap        ] GC(996) Archive regions: 2->2
[7.043s][info   ][gc,heap        ] GC(996) Humongous regions: 0->0
[7.043s][info   ][gc,metaspace   ] GC(996) Metaspace: 9524K(9792K)->9524K(9792K) NonClass: 8366K(8512K)->8366K(8512K) Class: 1157K(1280K)->1157K(1280K)
[7.043s][info   ][gc             ] GC(996) Pause Full (System.gc()) 4M->4M(28M) 6.101ms
[7.043s][info   ][gc,cpu         ] GC(996) User=0.01s Sys=0.00s Real=0.00s
[7.043s][info   ][gc,start       ] GC(997) Pause Full (System.gc())
[7.043s][info   ][gc,task        ] GC(997) Using 1 workers of 10 for full compaction
[7.043s][info   ][gc,phases,start] GC(997) Phase 1: Mark live objects
[7.046s][info   ][gc,phases      ] GC(997) Phase 1: Mark live objects 2.986ms
[7.046s][info   ][gc,phases,start] GC(997) Phase 2: Prepare for compaction
[7.047s][info   ][gc,phases      ] GC(997) Phase 2: Prepare for compaction 0.169ms
[7.047s][info   ][gc,phases,start] GC(997) Phase 3: Adjust pointers
[7.049s][info   ][gc,phases      ] GC(997) Phase 3: Adjust pointers 2.086ms
[7.049s][info   ][gc,phases,start] GC(997) Phase 4: Compact heap
[7.049s][info   ][gc,phases      ] GC(997) Phase 4: Compact heap 0.069ms
[7.049s][info   ][gc,heap        ] GC(997) Eden regions: 0->0(3)
[7.049s][info   ][gc,heap        ] GC(997) Survivor regions: 0->0(0)
[7.049s][info   ][gc,heap        ] GC(997) Old regions: 2->2
[7.049s][info   ][gc,heap        ] GC(997) Archive regions: 2->2
[7.049s][info   ][gc,heap        ] GC(997) Humongous regions: 0->0
[7.049s][info   ][gc,metaspace   ] GC(997) Metaspace: 9524K(9792K)->9524K(9792K) NonClass: 8366K(8512K)->8366K(8512K) Class: 1157K(1280K)->1157K(1280K)
[7.049s][info   ][gc             ] GC(997) Pause Full (System.gc()) 4M->4M(28M) 5.950ms
[7.049s][info   ][gc,cpu         ] GC(997) User=0.00s Sys=0.00s Real=0.01s
All threads created
[7.050s][info   ][gc,heap,exit   ] Heap
[7.050s][info   ][gc,heap,exit   ]  garbage-first heap   total 28672K, used 4516K [0x000000070b400000, 0x0000000800000000)
[7.050s][info   ][gc,heap,exit   ]   region size 2048K, 1 young (2048K), 0 survivors (0K)
[7.050s][info   ][gc,heap,exit   ]  Metaspace       used 9525K, committed 9792K, reserved 1114112K
[7.050s][info   ][gc,heap,exit   ]   class space    used 1157K, committed 1280K, reserved 1048576K
